HEAP DUMP BEGIN (3071 objects, 469056 bytes) Thu Nov 19 16:20:22 2015
ROOT 0 (kind=<thread>, id=200000, trace=300000)
ROOT 50000be3 (kind=<thread>, id=200004, trace=300001)
ROOT 50000be3 (kind=<thread block>, thread=200004)
ROOT 50000a91 (kind=<thread>, id=200003, trace=300458)
ROOT 50000a91 (kind=<thread block>, thread=200003)
ROOT 50000bc6 (kind=<Java stack>, thread=200003, frame=1)
ROOT 50000aa8 (kind=<Java stack>, thread=200003, frame=2)
ROOT 50000aa8 (kind=<Java stack>, thread=200003, frame=3)
ROOT 50000a90 (kind=<Java stack>, thread=200000, frame=4)
ROOT 50000a91 (kind=<Java stack>, thread=200003, frame=5)
ROOT 50000c00 (kind=<thread>, id=200005, trace=300000)
ROOT 50000c00 (kind=<thread block>, thread=200005)
ROOT 50000c01 (kind=<thread>, id=200006, trace=300000)
ROOT 50000c01 (kind=<thread block>, thread=200006)
ROOT 50000c02 (kind=<Java stack>, thread=200000, frame=1)
ROOT 50000c03 (kind=<Java stack>, thread=200000, frame=1)
ROOT 50000c02 (kind=<Java stack>, thread=200000, frame=2)
ROOT 50000c01 (kind=<Java stack>, thread=200000, frame=3)
ROOT 50000c04 (kind=<Java stack>, thread=200000, frame=3)
ROOT 50000c05 (kind=<thread>, id=200007, trace=300000)
ROOT 50000c05 (kind=<thread block>, thread=200007)
ROOT 50000c06 (kind=<Java stack>, thread=200000, frame=1)
ROOT 50000c05 (kind=<Java stack>, thread=200000, frame=2)
ROOT 50000c06 (kind=<Java stack>, thread=200000, frame=2)
ROOT 50000c07 (kind=<JNI global ref>, id=1, trace=300000)
ROOT 50000136 (kind=<JNI global ref>, id=2, trace=300000)
ROOT 50000001 (kind=<JNI global ref>, id=3, trace=300000)
ROOT 50000112 (kind=<JNI global ref>, id=4, trace=300000)
ROOT 50000002 (kind=<JNI global ref>, id=5, trace=300000)
ROOT 50000003 (kind=<JNI global ref>, id=6, trace=300000)
ROOT 50000004 (kind=<JNI global ref>, id=7, trace=300000)
ROOT 5000011c (kind=<JNI global ref>, id=8, trace=300000)
ROOT 50000005 (kind=<JNI global ref>, id=9, trace=300000)
ROOT 500000ea (kind=<JNI global ref>, id=a, trace=300000)
ROOT 50000006 (kind=<JNI global ref>, id=b, trace=300000)
ROOT 50000007 (kind=<JNI global ref>, id=c, trace=300000)
ROOT 50000008 (kind=<JNI global ref>, id=d, trace=300000)
ROOT 500000ae (kind=<JNI global ref>, id=e, trace=300000)
ROOT 50000009 (kind=<JNI global ref>, id=f, trace=300000)
ROOT 5000000a (kind=<JNI global ref>, id=10, trace=300000)
ROOT 5000000b (kind=<JNI global ref>, id=11, trace=300000)
ROOT 5000000c (kind=<JNI global ref>, id=12, trace=300000)
ROOT 5000000d (kind=<JNI global ref>, id=13, trace=300000)
ROOT 5000000e (kind=<JNI global ref>, id=14, trace=300000)
ROOT 5000000f (kind=<JNI global ref>, id=15, trace=300000)
ROOT 50000114 (kind=<JNI global ref>, id=16, trace=300000)
ROOT 50000010 (kind=<JNI global ref>, id=17, trace=300000)
ROOT 50000011 (kind=<JNI global ref>, id=18, trace=300000)
ROOT 50000012 (kind=<JNI global ref>, id=19, trace=300000)
ROOT 50000013 (kind=<JNI global ref>, id=1a, trace=300000)
ROOT 50000014 (kind=<JNI global ref>, id=1b, trace=300000)
ROOT 50000015 (kind=<JNI global ref>, id=1c, trace=300000)
ROOT 50000016 (kind=<JNI global ref>, id=1d, trace=300000)
ROOT 50000017 (kind=<JNI global ref>, id=1e, trace=300000)
ROOT 50000018 (kind=<JNI global ref>, id=1f, trace=300000)
ROOT 50000174 (kind=<JNI global ref>, id=20, trace=300000)
ROOT 50000019 (kind=<JNI global ref>, id=21, trace=300000)
ROOT 5000001a (kind=<JNI global ref>, id=22, trace=300000)
ROOT 5000001b (kind=<JNI global ref>, id=23, trace=300000)
ROOT 5000001c (kind=<JNI global ref>, id=24, trace=300000)
ROOT 5000001d (kind=<JNI global ref>, id=25, trace=300000)
ROOT 5000001e (kind=<JNI global ref>, id=26, trace=300000)
ROOT 5000001f (kind=<JNI global ref>, id=27, trace=300000)
ROOT 50000020 (kind=<JNI global ref>, id=28, trace=300000)
ROOT 50000021 (kind=<JNI global ref>, id=29, trace=300000)
ROOT 500000ec (kind=<JNI global ref>, id=2a, trace=300000)
ROOT 50000022 (kind=<JNI global ref>, id=2b, trace=300000)
ROOT 50000023 (kind=<JNI global ref>, id=2c, trace=300000)
ROOT 50000024 (kind=<JNI global ref>, id=2d, trace=300000)
ROOT 50000056 (kind=<JNI global ref>, id=2e, trace=300000)
ROOT 50000025 (kind=<JNI global ref>, id=2f, trace=300000)
ROOT 50000088 (kind=<JNI global ref>, id=30, trace=300000)
ROOT 50000026 (kind=<JNI global ref>, id=31, trace=300000)
ROOT 50000027 (kind=<JNI global ref>, id=32, trace=300000)
ROOT 50000028 (kind=<JNI global ref>, id=33, trace=300000)
ROOT 50000029 (kind=<JNI global ref>, id=34, trace=300000)
ROOT 5000002a (kind=<JNI global ref>, id=35, trace=300000)
ROOT 50000097 (kind=<JNI global ref>, id=36, trace=300000)
ROOT 5000002b (kind=<JNI global ref>, id=37, trace=300000)
ROOT 5000002c (kind=<JNI global ref>, id=38, trace=300000)
ROOT 5000002d (kind=<JNI global ref>, id=39, trace=300000)
ROOT 5000002e (kind=<JNI global ref>, id=3a, trace=300000)
ROOT 5000002f (kind=<JNI global ref>, id=3b, trace=300000)
ROOT 50000030 (kind=<JNI global ref>, id=3c, trace=300000)
ROOT 50000031 (kind=<JNI global ref>, id=3d, trace=300000)
ROOT 500000f1 (kind=<JNI global ref>, id=3e, trace=300000)
ROOT 50000032 (kind=<JNI global ref>, id=3f, trace=300000)
ROOT 50000071 (kind=<JNI global ref>, id=40, trace=300000)
ROOT 50000033 (kind=<JNI global ref>, id=41, trace=300000)
ROOT 50000138 (kind=<JNI global ref>, id=42, trace=300000)
ROOT 50000034 (kind=<JNI global ref>, id=43, trace=300000)
ROOT 50000035 (kind=<JNI global ref>, id=44, trace=300000)
ROOT 50000036 (kind=<JNI global ref>, id=45, trace=300000)
ROOT 50000037 (kind=<JNI global ref>, id=46, trace=300000)
ROOT 500000e5 (kind=<JNI global ref>, id=47, trace=300000)
ROOT 50000038 (kind=<JNI global ref>, id=48, trace=300000)
ROOT 50000039 (kind=<JNI global ref>, id=49, trace=300000)
ROOT 5000003a (kind=<JNI global ref>, id=4a, trace=300000)
ROOT 5000003b (kind=<JNI global ref>, id=4b, trace=300000)
ROOT 5000003c (kind=<JNI global ref>, id=4c, trace=300000)
ROOT 500000f9 (kind=<JNI global ref>, id=4d, trace=300000)
ROOT 5000003d (kind=<JNI global ref>, id=4e, trace=300000)
ROOT 5000003e (kind=<JNI global ref>, id=4f, trace=300000)
ROOT 5000003f (kind=<JNI global ref>, id=50, trace=300000)
ROOT 50000040 (kind=<JNI global ref>, id=51, trace=300000)
ROOT 50000041 (kind=<JNI global ref>, id=52, trace=300000)
ROOT 50000042 (kind=<JNI global ref>, id=53, trace=300000)
ROOT 50000043 (kind=<JNI global ref>, id=54, trace=300000)
ROOT 50000044 (kind=<JNI global ref>, id=55, trace=300000)
ROOT 50000045 (kind=<JNI global ref>, id=56, trace=300000)
ROOT 50000046 (kind=<JNI global ref>, id=57, trace=300000)
ROOT 50000047 (kind=<JNI global ref>, id=58, trace=300000)
ROOT 50000048 (kind=<JNI global ref>, id=59, trace=300000)
ROOT 50000049 (kind=<JNI global ref>, id=5a, trace=300000)
ROOT 5000004a (kind=<JNI global ref>, id=5b, trace=300000)
ROOT 5000004b (kind=<JNI global ref>, id=5c, trace=300000)
ROOT 5000004c (kind=<JNI global ref>, id=5d, trace=300000)
ROOT 5000004d (kind=<JNI global ref>, id=5e, trace=300000)
ROOT 5000004e (kind=<JNI global ref>, id=5f, trace=300000)
ROOT 5000004f (kind=<JNI global ref>, id=60, trace=300000)
ROOT 50000050 (kind=<JNI global ref>, id=61, trace=300000)
ROOT 50000051 (kind=<JNI global ref>, id=62, trace=300000)
ROOT 50000141 (kind=<JNI global ref>, id=63, trace=300000)
ROOT 50000052 (kind=<JNI global ref>, id=64, trace=300000)
ROOT 50000134 (kind=<JNI global ref>, id=65, trace=300000)
ROOT 50000053 (kind=<JNI global ref>, id=66, trace=300000)
ROOT 50000054 (kind=<JNI global ref>, id=67, trace=300000)
ROOT 50000055 (kind=<JNI global ref>, id=68, trace=300000)
ROOT 50000057 (kind=<JNI global ref>, id=69, trace=300000)
ROOT 50000058 (kind=<JNI global ref>, id=6a, trace=300000)
ROOT 50000059 (kind=<JNI global ref>, id=6b, trace=300000)
ROOT 5000005a (kind=<JNI global ref>, id=6c, trace=300000)
ROOT 5000005b (kind=<JNI global ref>, id=6d, trace=300000)
ROOT 5000005c (kind=<JNI global ref>, id=6e, trace=300000)
ROOT 5000005d (kind=<JNI global ref>, id=6f, trace=300000)
ROOT 5000005e (kind=<JNI global ref>, id=70, trace=300000)
ROOT 5000005f (kind=<JNI global ref>, id=71, trace=300000)
ROOT 50000060 (kind=<JNI global ref>, id=72, trace=300000)
ROOT 50000061 (kind=<JNI global ref>, id=73, trace=300000)
ROOT 50000062 (kind=<JNI global ref>, id=74, trace=300000)
ROOT 50000063 (kind=<JNI global ref>, id=75, trace=300000)
ROOT 50000064 (kind=<JNI global ref>, id=76, trace=300000)
ROOT 50000065 (kind=<JNI global ref>, id=77, trace=300000)
ROOT 50000066 (kind=<JNI global ref>, id=78, trace=300000)
ROOT 500000e2 (kind=<JNI global ref>, id=79, trace=300000)
ROOT 50000067 (kind=<JNI global ref>, id=7a, trace=300000)
ROOT 50000068 (kind=<JNI global ref>, id=7b, trace=300000)
ROOT 500000e8 (kind=<JNI global ref>, id=7c, trace=300000)
ROOT 50000069 (kind=<JNI global ref>, id=7d, trace=300000)
ROOT 5000006a (kind=<JNI global ref>, id=7e, trace=300000)
ROOT 5000006b (kind=<JNI global ref>, id=7f, trace=300000)
ROOT 5000006c (kind=<JNI global ref>, id=80, trace=300000)
ROOT 5000006d (kind=<JNI global ref>, id=81, trace=300000)
ROOT 5000006e (kind=<JNI global ref>, id=82, trace=300000)
ROOT 5000006f (kind=<JNI global ref>, id=83, trace=300000)
ROOT 50000100 (kind=<JNI global ref>, id=84, trace=300000)
ROOT 50000070 (kind=<JNI global ref>, id=85, trace=300000)
ROOT 5000014d (kind=<JNI global ref>, id=86, trace=300000)
ROOT 50000072 (kind=<JNI global ref>, id=87, trace=300000)
ROOT 50000073 (kind=<JNI global ref>, id=88, trace=300000)
ROOT 50000074 (kind=<JNI global ref>, id=89, trace=300000)
ROOT 50000075 (kind=<JNI global ref>, id=8a, trace=300000)
ROOT 5000014c (kind=<JNI global ref>, id=8b, trace=300000)
ROOT 50000076 (kind=<JNI global ref>, id=8c, trace=300000)
ROOT 50000077 (kind=<JNI global ref>, id=8d, trace=300000)
ROOT 50000078 (kind=<JNI global ref>, id=8e, trace=300000)
ROOT 50000079 (kind=<JNI global ref>, id=8f, trace=300000)
ROOT 50000155 (kind=<JNI global ref>, id=90, trace=300000)
ROOT 5000007a (kind=<JNI global ref>, id=91, trace=300000)
ROOT 5000007b (kind=<JNI global ref>, id=92, trace=300000)
ROOT 5000007c (kind=<JNI global ref>, id=93, trace=300000)
ROOT 5000013f (kind=<JNI global ref>, id=94, trace=300000)
ROOT 5000007d (kind=<JNI global ref>, id=95, trace=300000)
ROOT 5000007e (kind=<JNI global ref>, id=96, trace=300000)
ROOT 5000007f (kind=<JNI global ref>, id=97, trace=300000)
ROOT 50000080 (kind=<JNI global ref>, id=98, trace=300000)
ROOT 50000081 (kind=<JNI global ref>, id=99, trace=300000)
ROOT 50000082 (kind=<JNI global ref>, id=9a, trace=300000)
ROOT 50000083 (kind=<JNI global ref>, id=9b, trace=300000)
ROOT 50000084 (kind=<JNI global ref>, id=9c, trace=300000)
ROOT 50000085 (kind=<JNI global ref>, id=9d, trace=300000)
ROOT 50000086 (kind=<JNI global ref>, id=9e, trace=300000)
ROOT 50000087 (kind=<JNI global ref>, id=9f, trace=300000)
ROOT 50000089 (kind=<JNI global ref>, id=a0, trace=300000)
ROOT 5000008a (kind=<JNI global ref>, id=a1, trace=300000)
ROOT 5000008b (kind=<JNI global ref>, id=a2, trace=300000)
ROOT 50000109 (kind=<JNI global ref>, id=a3, trace=300000)
ROOT 5000008c (kind=<JNI global ref>, id=a4, trace=300000)
ROOT 5000008d (kind=<JNI global ref>, id=a5, trace=300000)
ROOT 5000008e (kind=<JNI global ref>, id=a6, trace=300000)
ROOT 5000008f (kind=<JNI global ref>, id=a7, trace=300000)
ROOT 50000090 (kind=<JNI global ref>, id=a8, trace=300000)
ROOT 50000091 (kind=<JNI global ref>, id=a9, trace=300000)
ROOT 50000092 (kind=<JNI global ref>, id=aa, trace=300000)
ROOT 50000093 (kind=<JNI global ref>, id=ab, trace=300000)
ROOT 500000de (kind=<JNI global ref>, id=ac, trace=300000)
ROOT 50000094 (kind=<JNI global ref>, id=ad, trace=300000)
ROOT 50000095 (kind=<JNI global ref>, id=ae, trace=300000)
ROOT 50000096 (kind=<JNI global ref>, id=af, trace=300000)
ROOT 50000098 (kind=<JNI global ref>, id=b0, trace=300000)
ROOT 50000099 (kind=<JNI global ref>, id=b1, trace=300000)
ROOT 5000009a (kind=<JNI global ref>, id=b2, trace=300000)
ROOT 5000009b (kind=<JNI global ref>, id=b3, trace=300000)
ROOT 5000009c (kind=<JNI global ref>, id=b4, trace=300000)
ROOT 5000009d (kind=<JNI global ref>, id=b5, trace=300000)
ROOT 500000d3 (kind=<JNI global ref>, id=b6, trace=300000)
ROOT 5000009e (kind=<JNI global ref>, id=b7, trace=300000)
ROOT 5000009f (kind=<JNI global ref>, id=b8, trace=300000)
ROOT 500000a0 (kind=<JNI global ref>, id=b9, trace=300000)
ROOT 500000a1 (kind=<JNI global ref>, id=ba, trace=300000)
ROOT 500000a2 (kind=<JNI global ref>, id=bb, trace=300000)
ROOT 500000a3 (kind=<JNI global ref>, id=bc, trace=300000)
ROOT 500000a4 (kind=<JNI global ref>, id=bd, trace=300000)
ROOT 500000a5 (kind=<JNI global ref>, id=be, trace=300000)
ROOT 500000a6 (kind=<JNI global ref>, id=bf, trace=300000)
ROOT 500000a7 (kind=<JNI global ref>, id=c0, trace=300000)
ROOT 500000a8 (kind=<JNI global ref>, id=c1, trace=300000)
ROOT 500000a9 (kind=<JNI global ref>, id=c2, trace=300000)
ROOT 500000aa (kind=<JNI global ref>, id=c3, trace=300000)
ROOT 500000ab (kind=<JNI global ref>, id=c4, trace=300000)
ROOT 500000ac (kind=<JNI global ref>, id=c5, trace=300000)
ROOT 500000ad (kind=<JNI global ref>, id=c6, trace=300000)
ROOT 500000ca (kind=<JNI global ref>, id=c7, trace=300000)
ROOT 500000af (kind=<JNI global ref>, id=c8, trace=300000)
ROOT 500000b0 (kind=<JNI global ref>, id=c9, trace=300000)
ROOT 50000172 (kind=<JNI global ref>, id=ca, trace=300000)
ROOT 500000b1 (kind=<JNI global ref>, id=cb, trace=300000)
ROOT 500000b2 (kind=<JNI global ref>, id=cc, trace=300000)
ROOT 500000b3 (kind=<JNI global ref>, id=cd, trace=300000)
ROOT 500000b4 (kind=<JNI global ref>, id=ce, trace=300000)
ROOT 500000b5 (kind=<JNI global ref>, id=cf, trace=300000)
ROOT 500000b6 (kind=<JNI global ref>, id=d0, trace=300000)
ROOT 500000b7 (kind=<JNI global ref>, id=d1, trace=300000)
ROOT 500000b8 (kind=<JNI global ref>, id=d2, trace=300000)
ROOT 500000b9 (kind=<JNI global ref>, id=d3, trace=300000)
ROOT 500000ba (kind=<JNI global ref>, id=d4, trace=300000)
ROOT 500000bb (kind=<JNI global ref>, id=d5, trace=300000)
ROOT 500000bc (kind=<JNI global ref>, id=d6, trace=300000)
ROOT 500000bd (kind=<JNI global ref>, id=d7, trace=300000)
ROOT 500000be (kind=<JNI global ref>, id=d8, trace=300000)
ROOT 500000bf (kind=<JNI global ref>, id=d9, trace=300000)
ROOT 500000c0 (kind=<JNI global ref>, id=da, trace=300000)
ROOT 5000012c (kind=<JNI global ref>, id=db, trace=300000)
ROOT 500000c1 (kind=<JNI global ref>, id=dc, trace=300000)
ROOT 500000c2 (kind=<JNI global ref>, id=dd, trace=300000)
ROOT 500000e6 (kind=<JNI global ref>, id=de, trace=300000)
ROOT 500000c3 (kind=<JNI global ref>, id=df, trace=300000)
ROOT 500000c4 (kind=<JNI global ref>, id=e0, trace=300000)
ROOT 500000c5 (kind=<JNI global ref>, id=e1, trace=300000)
ROOT 500000c6 (kind=<JNI global ref>, id=e2, trace=300000)
ROOT 500000c7 (kind=<JNI global ref>, id=e3, trace=300000)
ROOT 500000c8 (kind=<JNI global ref>, id=e4, trace=300000)
ROOT 500000c9 (kind=<JNI global ref>, id=e5, trace=300000)
ROOT 500000cb (kind=<JNI global ref>, id=e6, trace=300000)
ROOT 5000011e (kind=<JNI global ref>, id=e7, trace=300000)
ROOT 500000cc (kind=<JNI global ref>, id=e8, trace=300000)
ROOT 500000cd (kind=<JNI global ref>, id=e9, trace=300000)
ROOT 500000ce (kind=<JNI global ref>, id=ea, trace=300000)
ROOT 500000cf (kind=<JNI global ref>, id=eb, trace=300000)
ROOT 500000d0 (kind=<JNI global ref>, id=ec, trace=300000)
ROOT 500000d1 (kind=<JNI global ref>, id=ed, trace=300000)
ROOT 500000d2 (kind=<JNI global ref>, id=ee, trace=300000)
ROOT 500000d4 (kind=<JNI global ref>, id=ef, trace=300000)
ROOT 5000016f (kind=<JNI global ref>, id=f0, trace=300000)
ROOT 500000d5 (kind=<JNI global ref>, id=f1, trace=300000)
ROOT 500000d6 (kind=<JNI global ref>, id=f2, trace=300000)
ROOT 500000d7 (kind=<JNI global ref>, id=f3, trace=300000)
ROOT 500000d8 (kind=<JNI global ref>, id=f4, trace=300000)
ROOT 500000d9 (kind=<JNI global ref>, id=f5, trace=300000)
ROOT 500000da (kind=<JNI global ref>, id=f6, trace=300000)
ROOT 500000db (kind=<JNI global ref>, id=f7, trace=300000)
ROOT 500000dc (kind=<JNI global ref>, id=f8, trace=300000)
ROOT 500000dd (kind=<JNI global ref>, id=f9, trace=300000)
ROOT 500000e3 (kind=<JNI global ref>, id=fa, trace=300000)
ROOT 500000df (kind=<JNI global ref>, id=fb, trace=300000)
ROOT 500000e0 (kind=<JNI global ref>, id=fc, trace=300000)
ROOT 500000e1 (kind=<JNI global ref>, id=fd, trace=300000)
ROOT 500000e4 (kind=<JNI global ref>, id=fe, trace=300000)
ROOT 500000e7 (kind=<JNI global ref>, id=ff, trace=300000)
ROOT 500000e9 (kind=<JNI global ref>, id=100, trace=300000)
ROOT 500000eb (kind=<JNI global ref>, id=101, trace=300000)
ROOT 500000ed (kind=<JNI global ref>, id=102, trace=300000)
ROOT 500000ee (kind=<JNI global ref>, id=103, trace=300000)
ROOT 500000ef (kind=<JNI global ref>, id=104, trace=300000)
ROOT 500000f0 (kind=<JNI global ref>, id=105, trace=300000)
ROOT 500000f2 (kind=<JNI global ref>, id=106, trace=300000)
ROOT 500000f3 (kind=<JNI global ref>, id=107, trace=300000)
ROOT 500000f4 (kind=<JNI global ref>, id=108, trace=300000)
ROOT 500000f5 (kind=<JNI global ref>, id=109, trace=300000)
ROOT 500000f6 (kind=<JNI global ref>, id=10a, trace=300000)
ROOT 500000f7 (kind=<JNI global ref>, id=10b, trace=300000)
ROOT 500000f8 (kind=<JNI global ref>, id=10c, trace=300000)
ROOT 500000fa (kind=<JNI global ref>, id=10d, trace=300000)
ROOT 500000fb (kind=<JNI global ref>, id=10e, trace=300000)
ROOT 500000fc (kind=<JNI global ref>, id=10f, trace=300000)
ROOT 500000fd (kind=<JNI global ref>, id=110, trace=300000)
ROOT 500000fe (kind=<JNI global ref>, id=111, trace=300000)
ROOT 500000ff (kind=<JNI global ref>, id=112, trace=300000)
ROOT 5000013e (kind=<JNI global ref>, id=113, trace=300000)
ROOT 50000101 (kind=<JNI global ref>, id=114, trace=300000)
ROOT 50000102 (kind=<JNI global ref>, id=115, trace=300000)
ROOT 50000103 (kind=<JNI global ref>, id=116, trace=300000)
ROOT 50000104 (kind=<JNI global ref>, id=117, trace=300000)
ROOT 50000105 (kind=<JNI global ref>, id=118, trace=300000)
ROOT 50000106 (kind=<JNI global ref>, id=119, trace=300000)
ROOT 50000107 (kind=<JNI global ref>, id=11a, trace=300000)
ROOT 50000108 (kind=<JNI global ref>, id=11b, trace=300000)
ROOT 5000010a (kind=<JNI global ref>, id=11c, trace=300000)
ROOT 5000010b (kind=<JNI global ref>, id=11d, trace=300000)
ROOT 5000010c (kind=<JNI global ref>, id=11e, trace=300000)
ROOT 5000010d (kind=<JNI global ref>, id=11f, trace=300000)
ROOT 5000010e (kind=<JNI global ref>, id=120, trace=300000)
ROOT 5000010f (kind=<JNI global ref>, id=121, trace=300000)
ROOT 50000120 (kind=<JNI global ref>, id=122, trace=300000)
ROOT 50000110 (kind=<JNI global ref>, id=123, trace=300000)
ROOT 50000111 (kind=<JNI global ref>, id=124, trace=300000)
ROOT 50000113 (kind=<JNI global ref>, id=125, trace=300000)
ROOT 50000115 (kind=<JNI global ref>, id=126, trace=300000)
ROOT 50000116 (kind=<JNI global ref>, id=127, trace=300000)
ROOT 50000117 (kind=<JNI global ref>, id=128, trace=300000)
ROOT 50000118 (kind=<JNI global ref>, id=129, trace=300000)
ROOT 50000119 (kind=<JNI global ref>, id=12a, trace=300000)
ROOT 5000011a (kind=<JNI global ref>, id=12b, trace=300000)
ROOT 50000170 (kind=<JNI global ref>, id=12c, trace=300000)
ROOT 5000011b (kind=<JNI global ref>, id=12d, trace=300000)
ROOT 5000011d (kind=<JNI global ref>, id=12e, trace=300000)
ROOT 5000011f (kind=<JNI global ref>, id=12f, trace=300000)
ROOT 50000121 (kind=<JNI global ref>, id=130, trace=300000)
ROOT 50000122 (kind=<JNI global ref>, id=131, trace=300000)
ROOT 50000123 (kind=<JNI global ref>, id=132, trace=300000)
ROOT 50000124 (kind=<JNI global ref>, id=133, trace=300000)
ROOT 50000125 (kind=<JNI global ref>, id=134, trace=300000)
ROOT 50000126 (kind=<JNI global ref>, id=135, trace=300000)
ROOT 50000127 (kind=<JNI global ref>, id=136, trace=300000)
ROOT 50000128 (kind=<JNI global ref>, id=137, trace=300000)
ROOT 5000015a (kind=<JNI global ref>, id=138, trace=300000)
ROOT 50000129 (kind=<JNI global ref>, id=139, trace=300000)
ROOT 5000012a (kind=<JNI global ref>, id=13a, trace=300000)
ROOT 5000012b (kind=<JNI global ref>, id=13b, trace=300000)
ROOT 5000012d (kind=<JNI global ref>, id=13c, trace=300000)
ROOT 5000012e (kind=<JNI global ref>, id=13d, trace=300000)
ROOT 5000012f (kind=<JNI global ref>, id=13e, trace=300000)
ROOT 50000130 (kind=<JNI global ref>, id=13f, trace=300000)
ROOT 50000131 (kind=<JNI global ref>, id=140, trace=300000)
ROOT 50000132 (kind=<JNI global ref>, id=141, trace=300000)
ROOT 50000133 (kind=<JNI global ref>, id=142, trace=300000)
ROOT 50000135 (kind=<JNI global ref>, id=143, trace=300000)
ROOT 50000136 (kind=<JNI global ref>, id=144, trace=300000)
ROOT 50000137 (kind=<JNI global ref>, id=145, trace=300000)
ROOT 50000139 (kind=<JNI global ref>, id=146, trace=300000)
ROOT 5000013a (kind=<JNI global ref>, id=147, trace=300000)
ROOT 5000013b (kind=<JNI global ref>, id=148, trace=300000)
ROOT 5000013c (kind=<JNI global ref>, id=149, trace=300000)
ROOT 5000013d (kind=<JNI global ref>, id=14a, trace=300000)
ROOT 50000140 (kind=<JNI global ref>, id=14b, trace=300000)
ROOT 50000142 (kind=<JNI global ref>, id=14c, trace=300000)
ROOT 50000143 (kind=<JNI global ref>, id=14d, trace=300000)
ROOT 50000144 (kind=<JNI global ref>, id=14e, trace=300000)
ROOT 50000145 (kind=<JNI global ref>, id=14f, trace=300000)
ROOT 50000146 (kind=<JNI global ref>, id=150, trace=300000)
ROOT 50000147 (kind=<JNI global ref>, id=151, trace=300000)
ROOT 50000148 (kind=<JNI global ref>, id=152, trace=300000)
ROOT 50000149 (kind=<JNI global ref>, id=153, trace=300000)
ROOT 5000014a (kind=<JNI global ref>, id=154, trace=300000)
ROOT 5000014b (kind=<JNI global ref>, id=155, trace=300000)
ROOT 5000014e (kind=<JNI global ref>, id=156, trace=300000)
ROOT 5000014f (kind=<JNI global ref>, id=157, trace=300000)
ROOT 50000150 (kind=<JNI global ref>, id=158, trace=300000)
ROOT 50000151 (kind=<JNI global ref>, id=159, trace=300000)
ROOT 50000152 (kind=<JNI global ref>, id=15a, trace=300000)
ROOT 50000153 (kind=<JNI global ref>, id=15b, trace=300000)
ROOT 50000154 (kind=<JNI global ref>, id=15c, trace=300000)
ROOT 50000156 (kind=<JNI global ref>, id=15d, trace=300000)
ROOT 50000157 (kind=<JNI global ref>, id=15e, trace=300000)
ROOT 50000158 (kind=<JNI global ref>, id=15f, trace=300000)
ROOT 50000159 (kind=<JNI global ref>, id=160, trace=300000)
ROOT 5000015b (kind=<JNI global ref>, id=161, trace=300000)
ROOT 5000015c (kind=<JNI global ref>, id=162, trace=300000)
ROOT 5000015d (kind=<JNI global ref>, id=163, trace=300000)
ROOT 5000015e (kind=<JNI global ref>, id=164, trace=300000)
ROOT 5000015f (kind=<JNI global ref>, id=165, trace=300000)
ROOT 50000160 (kind=<JNI global ref>, id=166, trace=300000)
ROOT 50000161 (kind=<JNI global ref>, id=167, trace=300000)
ROOT 50000162 (kind=<JNI global ref>, id=168, trace=300000)
ROOT 50000163 (kind=<JNI global ref>, id=169, trace=300000)
ROOT 50000164 (kind=<JNI global ref>, id=16a, trace=300000)
ROOT 50000165 (kind=<JNI global ref>, id=16b, trace=300000)
ROOT 50000166 (kind=<JNI global ref>, id=16c, trace=300000)
ROOT 50000167 (kind=<JNI global ref>, id=16d, trace=300000)
ROOT 50000168 (kind=<JNI global ref>, id=16e, trace=300000)
ROOT 50000169 (kind=<JNI global ref>, id=16f, trace=300000)
ROOT 5000016a (kind=<JNI global ref>, id=170, trace=300000)
ROOT 5000016b (kind=<JNI global ref>, id=171, trace=300000)
ROOT 5000016c (kind=<JNI global ref>, id=172, trace=300000)
ROOT 5000016d (kind=<JNI global ref>, id=173, trace=300000)
ROOT 5000016e (kind=<JNI global ref>, id=174, trace=300000)
ROOT 50000171 (kind=<JNI global ref>, id=175, trace=300000)
ROOT 50000173 (kind=<JNI global ref>, id=176, trace=300000)
ROOT 50000175 (kind=<JNI global ref>, id=177, trace=300000)
ROOT 50000176 (kind=<JNI global ref>, id=178, trace=300000)
ROOT 50000177 (kind=<JNI global ref>, id=179, trace=300000)
ROOT 50000178 (kind=<JNI global ref>, id=17a, trace=300000)
ROOT 50000179 (kind=<JNI global ref>, id=17b, trace=300000)
ROOT 5000017a (kind=<JNI global ref>, id=17c, trace=300000)
ROOT 5000017b (kind=<JNI global ref>, id=17d, trace=300000)
ROOT 5000017c (kind=<JNI global ref>, id=17e, trace=300000)
ROOT 5000017d (kind=<JNI global ref>, id=17f, trace=300000)
ROOT 5000017e (kind=<JNI global ref>, id=180, trace=300000)
ROOT 50000c08 (kind=<JNI global ref>, id=181, trace=300000)
ROOT 50000c09 (kind=<JNI global ref>, id=182, trace=300000)
ROOT 50000112 (kind=<JNI global ref>, id=183, trace=300000)
ROOT 50000136 (kind=<JNI global ref>, id=184, trace=300000)
ROOT 5000009f (kind=<JNI global ref>, id=185, trace=300000)
ROOT 50000111 (kind=<JNI global ref>, id=186, trace=300000)
ROOT 50000086 (kind=<JNI global ref>, id=187, trace=300000)
ROOT 50000010 (kind=<JNI global ref>, id=188, trace=300000)
ROOT 50000043 (kind=<JNI global ref>, id=189, trace=300000)
ROOT 500000ea (kind=<JNI global ref>, id=18a, trace=300000)
ROOT 50000005 (kind=<JNI global ref>, id=18b, trace=300000)
ROOT 50000159 (kind=<JNI global ref>, id=18c, trace=300000)
ROOT 500000e5 (kind=<JNI global ref>, id=18d, trace=300000)
ROOT 50000037 (kind=<JNI global ref>, id=18e, trace=300000)
ROOT 5000006a (kind=<JNI global ref>, id=18f, trace=300000)
ROOT 5000005e (kind=<JNI global ref>, id=190, trace=300000)
ROOT 50000079 (kind=<JNI global ref>, id=191, trace=300000)
ROOT 50000155 (kind=<JNI global ref>, id=192, trace=300000)
ROOT 50000148 (kind=<JNI global ref>, id=193, trace=300000)
ROOT 50000141 (kind=<JNI global ref>, id=194, trace=300000)
ROOT 5000015d (kind=<JNI global ref>, id=195, trace=300000)
ROOT 500000a5 (kind=<JNI global ref>, id=196, trace=300000)
ROOT 50000114 (kind=<JNI global ref>, id=197, trace=300000)
ROOT 50000116 (kind=<JNI global ref>, id=198, trace=300000)
ROOT 5000000f (kind=<JNI global ref>, id=199, trace=300000)
ROOT 500000c5 (kind=<JNI global ref>, id=19a, trace=300000)
ROOT 5000000b (kind=<JNI global ref>, id=19b, trace=300000)
ROOT 500000de (kind=<JNI global ref>, id=19c, trace=300000)
ROOT 50000138 (kind=<JNI global ref>, id=19d, trace=300000)
ROOT 50000076 (kind=<JNI global ref>, id=19e, trace=300000)
ROOT 5000009e (kind=<JNI global ref>, id=19f, trace=300000)
ROOT 5000010e (kind=<JNI global ref>, id=1a0, trace=300000)
ROOT 50000089 (kind=<JNI global ref>, id=1a1, trace=300000)
ROOT 5000007a (kind=<JNI global ref>, id=1a2, trace=300000)
ROOT 50000099 (kind=<JNI global ref>, id=1a3, trace=300000)
ROOT 50000031 (kind=<JNI global ref>, id=1a4, trace=300000)
ROOT 500000f1 (kind=<JNI global ref>, id=1a5, trace=300000)
ROOT 5000005c (kind=<JNI global ref>, id=1a6, trace=300000)
ROOT 500000e8 (kind=<JNI global ref>, id=1a7, trace=300000)
ROOT 50000068 (kind=<JNI global ref>, id=1a8, trace=300000)
ROOT 50000142 (kind=<JNI global ref>, id=1a9, trace=300000)
ROOT 500000fc (kind=<JNI global ref>, id=1aa, trace=300000)
ROOT 50000088 (kind=<JNI global ref>, id=1ab, trace=300000)
ROOT 500000f0 (kind=<JNI global ref>, id=1ac, trace=300000)
ROOT 500000aa (kind=<JNI global ref>, id=1ad, trace=300000)
ROOT 50000140 (kind=<JNI global ref>, id=1ae, trace=300000)
ROOT 50000143 (kind=<JNI global ref>, id=1af, trace=300000)
ROOT 50000018 (kind=<JNI global ref>, id=1b0, trace=300000)
ROOT 50000174 (kind=<JNI global ref>, id=1b1, trace=300000)
ROOT 50000025 (kind=<JNI global ref>, id=1b2, trace=300000)
ROOT 5000002d (kind=<JNI global ref>, id=1b3, trace=300000)
ROOT 50000067 (kind=<JNI global ref>, id=1b4, trace=300000)
ROOT 50000015 (kind=<JNI global ref>, id=1b5, trace=300000)
ROOT 500000d8 (kind=<JNI global ref>, id=1b6, trace=300000)
ROOT 50000173 (kind=<JNI global ref>, id=1b7, trace=300000)
ROOT 50000049 (kind=<JNI global ref>, id=1b8, trace=300000)
ROOT 500000a6 (kind=<JNI global ref>, id=1b9, trace=300000)
ROOT 50000097 (kind=<JNI global ref>, id=1ba, trace=300000)
ROOT 5000002a (kind=<JNI global ref>, id=1bb, trace=300000)
ROOT 5000005f (kind=<JNI global ref>, id=1bc, trace=300000)
ROOT 5000014e (kind=<JNI global ref>, id=1bd, trace=300000)
ROOT 50000070 (kind=<JNI global ref>, id=1be, trace=300000)
ROOT 5000014d (kind=<JNI global ref>, id=1bf, trace=300000)
ROOT 5000016c (kind=<JNI global ref>, id=1c0, trace=300000)
ROOT 5000004b (kind=<JNI global ref>, id=1c1, trace=300000)
ROOT 50000026 (kind=<JNI global ref>, id=1c2, trace=300000)
ROOT 500000a3 (kind=<JNI global ref>, id=1c3, trace=300000)
ROOT 50000019 (kind=<JNI global ref>, id=1c4, trace=300000)
ROOT 50000047 (kind=<JNI global ref>, id=1c5, trace=300000)
ROOT 50000176 (kind=<JNI global ref>, id=1c6, trace=300000)
ROOT 50000035 (kind=<JNI global ref>, id=1c7, trace=300000)
ROOT 50000165 (kind=<JNI global ref>, id=1c8, trace=300000)
ROOT 50000074 (kind=<JNI global ref>, id=1c9, trace=300000)
ROOT 500000a7 (kind=<JNI global ref>, id=1ca, trace=300000)
ROOT 5000012e (kind=<JNI global ref>, id=1cb, trace=300000)
ROOT 500000a8 (kind=<JNI global ref>, id=1cc, trace=300000)
ROOT 50000177 (kind=<JNI global ref>, id=1cd, trace=300000)
ROOT 50000179 (kind=<JNI global ref>, id=1ce, trace=300000)
ROOT 5000017d (kind=<JNI global ref>, id=1cf, trace=300000)
ROOT 5000017e (kind=<JNI global ref>, id=1d0, trace=300000)
ROOT 50000178 (kind=<JNI global ref>, id=1d1, trace=300000)
ROOT 5000017b (kind=<JNI global ref>, id=1d2, trace=300000)
ROOT 5000017a (kind=<JNI global ref>, id=1d3, trace=300000)
ROOT 5000017c (kind=<JNI global ref>, id=1d4, trace=300000)
ROOT 50000195 (kind=<JNI global ref>, id=1d5, trace=300000)
ROOT 50000197 (kind=<JNI global ref>, id=1d6, trace=300015)
ROOT 500001a7 (kind=<JNI global ref>, id=1d7, trace=300026)
ROOT 500001ad (kind=<JNI global ref>, id=1d8, trace=300032)
ROOT 500001b3 (kind=<JNI global ref>, id=1d9, trace=300037)
ROOT 500001b5 (kind=<JNI global ref>, id=1da, trace=300039)
ROOT 500001b6 (kind=<JNI global ref>, id=1db, trace=300039)
ROOT 500001b7 (kind=<JNI global ref>, id=1dc, trace=300040)
ROOT 500001b8 (kind=<JNI global ref>, id=1dd, trace=300040)
ROOT 500001b9 (kind=<JNI global ref>, id=1de, trace=300041)
ROOT 500001ba (kind=<JNI global ref>, id=1df, trace=300041)
ROOT 5000025f (kind=<JNI global ref>, id=1e0, trace=300067)
ROOT 5000027a (kind=<JNI global ref>, id=1e1, trace=300070)
ROOT 5000027c (kind=<JNI global ref>, id=1e2, trace=300072)
ROOT 50000283 (kind=<JNI global ref>, id=1e3, trace=300075)
ROOT 50000284 (kind=<JNI global ref>, id=1e4, trace=300076)
ROOT 50000285 (kind=<JNI global ref>, id=1e5, trace=300076)
ROOT 5000028b (kind=<JNI global ref>, id=1e6, trace=300082)
ROOT 5000028f (kind=<JNI global ref>, id=1e7, trace=300086)
ROOT 5000029a (kind=<JNI global ref>, id=1e8, trace=300093)
ROOT 500002b0 (kind=<JNI global ref>, id=1e9, trace=300093)
ROOT 500002c2 (kind=<JNI global ref>, id=1ea, trace=300093)
ROOT 500002d4 (kind=<JNI global ref>, id=1eb, trace=300093)
ROOT 500002e4 (kind=<JNI global ref>, id=1ec, trace=300111)
ROOT 500002e5 (kind=<JNI global ref>, id=1ed, trace=300111)
ROOT 500002e6 (kind=<JNI global ref>, id=1ee, trace=300111)
ROOT 500002e9 (kind=<JNI global ref>, id=1ef, trace=300114)
ROOT 500002ef (kind=<JNI global ref>, id=1f0, trace=300118)
ROOT 500002f0 (kind=<JNI global ref>, id=1f1, trace=300119)
ROOT 500002f2 (kind=<JNI global ref>, id=1f2, trace=300121)
ROOT 500002f4 (kind=<JNI global ref>, id=1f3, trace=300123)
ROOT 500002f6 (kind=<JNI global ref>, id=1f4, trace=300125)
ROOT 500002f7 (kind=<JNI global ref>, id=1f5, trace=300125)
ROOT 500002f8 (kind=<JNI global ref>, id=1f6, trace=300125)
ROOT 50000026 (kind=<JNI global ref>, id=1f7, trace=300000)
ROOT 500002f6 (kind=<JNI global ref>, id=1f8, trace=300125)
ROOT 500002f8 (kind=<JNI global ref>, id=1f9, trace=300125)
ROOT 500002fb (kind=<JNI global ref>, id=1fa, trace=300128)
ROOT 500002fc (kind=<JNI global ref>, id=1fb, trace=300128)
ROOT 5000030d (kind=<JNI global ref>, id=1fc, trace=300135)
ROOT 50000313 (kind=<JNI global ref>, id=1fd, trace=300141)
ROOT 50000342 (kind=<JNI global ref>, id=1fe, trace=300184)
ROOT 50000344 (kind=<JNI global ref>, id=1ff, trace=300186)
ROOT 50000345 (kind=<JNI global ref>, id=200, trace=300186)
ROOT 5000034a (kind=<JNI global ref>, id=201, trace=300191)
ROOT 5000034e (kind=<JNI global ref>, id=202, trace=300194)
ROOT 5000038f (kind=<JNI global ref>, id=203, trace=300197)
ROOT 50000393 (kind=<JNI global ref>, id=204, trace=300200)
ROOT 50000395 (kind=<JNI global ref>, id=205, trace=300202)
ROOT 50000396 (kind=<JNI global ref>, id=206, trace=300202)
ROOT 5000065d (kind=<JNI global ref>, id=207, trace=300208)
ROOT 50000727 (kind=<JNI global ref>, id=208, trace=300256)
ROOT 50000728 (kind=<JNI global ref>, id=209, trace=300256)
ROOT 50000734 (kind=<JNI global ref>, id=20a, trace=300263)
ROOT 50000735 (kind=<JNI global ref>, id=20b, trace=300264)
ROOT 50000738 (kind=<JNI global ref>, id=20c, trace=300267)
ROOT 5000073c (kind=<JNI global ref>, id=20d, trace=300271)
ROOT 50000744 (kind=<JNI global ref>, id=20e, trace=300279)
ROOT 50000758 (kind=<JNI global ref>, id=20f, trace=300299)
ROOT 50000767 (kind=<JNI global ref>, id=210, trace=300301)
ROOT 5000076c (kind=<JNI global ref>, id=211, trace=300306)
ROOT 5000076d (kind=<JNI global ref>, id=212, trace=300307)
ROOT 5000076f (kind=<JNI global ref>, id=213, trace=300308)
ROOT 50000778 (kind=<JNI global ref>, id=214, trace=300317)
ROOT 5000077d (kind=<JNI global ref>, id=215, trace=300322)
ROOT 50000790 (kind=<JNI global ref>, id=216, trace=300336)
ROOT 5000079a (kind=<JNI global ref>, id=217, trace=300341)
ROOT 500007a0 (kind=<JNI global ref>, id=218, trace=300347)
ROOT 500007a1 (kind=<JNI global ref>, id=219, trace=300347)
ROOT 500007b4 (kind=<JNI global ref>, id=21a, trace=300359)
ROOT 500007ba (kind=<JNI global ref>, id=21b, trace=300363)
ROOT 500007bb (kind=<JNI global ref>, id=21c, trace=300363)
ROOT 500007db (kind=<JNI global ref>, id=21d, trace=300376)
ROOT 500007dc (kind=<JNI global ref>, id=21e, trace=300376)
ROOT 500007dd (kind=<JNI global ref>, id=21f, trace=300376)
ROOT 500007e2 (kind=<JNI global ref>, id=220, trace=300381)
ROOT 500007e6 (kind=<JNI global ref>, id=221, trace=300385)
ROOT 500007e8 (kind=<JNI global ref>, id=222, trace=300387)
ROOT 500007eb (kind=<JNI global ref>, id=223, trace=300390)
ROOT 500007ff (kind=<JNI global ref>, id=224, trace=300396)
ROOT 50000800 (kind=<JNI global ref>, id=225, trace=300397)
ROOT 50000802 (kind=<JNI global ref>, id=226, trace=300399)
ROOT 50000843 (kind=<JNI global ref>, id=227, trace=300416)
ROOT 50000865 (kind=<JNI global ref>, id=228, trace=300420)
ROOT 50000870 (kind=<JNI global ref>, id=229, trace=300420)
ROOT 50000885 (kind=<JNI global ref>, id=22a, trace=300420)
ROOT 5000088a (kind=<JNI global ref>, id=22b, trace=300420)
ROOT 50000892 (kind=<JNI global ref>, id=22c, trace=300422)
ROOT 500008d7 (kind=<JNI global ref>, id=22d, trace=300445)
ROOT 500008d8 (kind=<JNI global ref>, id=22e, trace=300446)
ROOT 50000a6a (kind=<JNI global ref>, id=22f, trace=300416)
ROOT 50000a7f (kind=<JNI global ref>, id=230, trace=300420)
ROOT 50000aa7 (kind=<JNI global ref>, id=231, trace=300420)
ROOT 50000aaa (kind=<JNI global ref>, id=232, trace=300464)
ROOT 50000aab (kind=<JNI global ref>, id=233, trace=300464)
ROOT 50000aac (kind=<JNI global ref>, id=234, trace=300464)
ROOT 50000aad (kind=<JNI global ref>, id=235, trace=300464)
ROOT 50000aae (kind=<JNI global ref>, id=236, trace=300464)
ROOT 50000aaf (kind=<JNI global ref>, id=237, trace=300464)
ROOT 50000ab0 (kind=<JNI global ref>, id=238, trace=300465)
ROOT 50000b36 (kind=<JNI global ref>, id=239, trace=300493)
ROOT 50000b38 (kind=<JNI global ref>, id=23a, trace=300493)
ROOT 50000b39 (kind=<JNI global ref>, id=23b, trace=300494)
ROOT 50000b8e (kind=<JNI global ref>, id=23c, trace=300416)
ROOT 50000ba7 (kind=<JNI global ref>, id=23d, trace=300515)
ROOT 50000ba9 (kind=<JNI global ref>, id=23e, trace=300517)
ROOT 50000bb1 (kind=<JNI global ref>, id=23f, trace=300517)
ROOT 50000bb8 (kind=<JNI global ref>, id=240, trace=300517)
ROOT 50000bc3 (kind=<JNI global ref>, id=241, trace=300521)
ROOT 50000bc4 (kind=<JNI global ref>, id=242, trace=300522)
ROOT 50000bc8 (kind=<JNI global ref>, id=243, trace=300526)
ROOT 50000bcb (kind=<JNI global ref>, id=244, trace=300529)
ROOT 50000ba7 (kind=<JNI global ref>, id=245, trace=300515)
ROOT 50000be2 (kind=<JNI global ref>, id=246, trace=300533)
ROOT 50000be2 (kind=<JNI global ref>, id=247, trace=300533)
ROOT 50000be6 (kind=<JNI global ref>, id=248, trace=300534)
ROOT 50000be7 (kind=<JNI global ref>, id=249, trace=300000)
ROOT 50000be8 (kind=<JNI global ref>, id=24a, trace=300535)
ROOT 50000bec (kind=<JNI global ref>, id=24b, trace=300539)
ROOT 50000bee (kind=<JNI global ref>, id=24c, trace=300540)
ROOT 50000bf8 (kind=<JNI global ref>, id=24d, trace=300000)
ROOT 50000bf9 (kind=<JNI global ref>, id=24e, trace=300000)
ROOT 50000bfa (kind=<JNI global ref>, id=24f, trace=300000)
ROOT 50000bfb (kind=<JNI global ref>, id=250, trace=300000)
ROOT 50000bfc (kind=<JNI global ref>, id=251, trace=300000)
ROOT 50000bfd (kind=<JNI global ref>, id=252, trace=300000)
ROOT 50000bfe (kind=<JNI global ref>, id=253, trace=300000)
ROOT 50000bff (kind=<JNI global ref>, id=254, trace=300000)
ROOT 50000c0a (kind=<unknown>)
ROOT 50000112 (kind=<system class>, name=java.lang.Object)
ROOT 50000136 (kind=<system class>, name=java.lang.String)
ROOT 5000009f (kind=<system class>, name=java.lang.Class)
ROOT 50000111 (kind=<system class>, name=java.lang.Cloneable)
ROOT 50000086 (kind=<system class>, name=java.lang.ClassLoader)
ROOT 50000010 (kind=<system class>, name=java.io.Serializable)
ROOT 50000043 (kind=<system class>, name=java.lang.System)
ROOT 500000ea (kind=<system class>, name=java.lang.Throwable)
ROOT 50000005 (kind=<system class>, name=java.lang.Error)
ROOT 50000159 (kind=<system class>, name=java.lang.ThreadDeath)
ROOT 500000e5 (kind=<system class>, name=java.lang.Exception)
ROOT 50000037 (kind=<system class>, name=java.lang.RuntimeException)
ROOT 5000006a (kind=<system class>, name=java.security.ProtectionDomain)
ROOT 5000005e (kind=<system class>, name=java.security.AccessControlContext)
ROOT 50000079 (kind=<system class>, name=java.lang.ClassNotFoundException)
ROOT 50000148 (kind=<system class>, name=java.lang.NoClassDefFoundError)
ROOT 50000141 (kind=<system class>, name=java.lang.LinkageError)
ROOT 5000015d (kind=<system class>, name=java.lang.ClassCastException)
ROOT 500000a5 (kind=<system class>, name=java.lang.ArrayStoreException)
ROOT 50000114 (kind=<system class>, name=java.lang.VirtualMachineError)
ROOT 50000116 (kind=<system class>, name=java.lang.OutOfMemoryError)
ROOT 5000000f (kind=<system class>, name=java.lang.StackOverflowError)
ROOT 500000c5 (kind=<system class>, name=java.lang.IllegalMonitorStateException)
ROOT 5000000b (kind=<system class>, name=java.lang.ref.Reference)
ROOT 500000de (kind=<system class>, name=java.lang.ref.SoftReference)
ROOT 50000138 (kind=<system class>, name=java.lang.ref.WeakReference)
ROOT 50000076 (kind=<system class>, name=java.lang.ref.FinalReference)
ROOT 5000009e (kind=<system class>, name=java.lang.ref.PhantomReference)
ROOT 5000010e (kind=<system class>, name=sun.misc.Cleaner)
ROOT 50000089 (kind=<system class>, name=java.lang.ref.Finalizer)
ROOT 5000007a (kind=<system class>, name=java.lang.Thread)
ROOT 50000099 (kind=<system class>, name=java.lang.ThreadGroup)
ROOT 50000031 (kind=<system class>, name=java.util.Properties)
ROOT 500000e8 (kind=<system class>, name=java.lang.reflect.AccessibleObject)
ROOT 50000068 (kind=<system class>, name=java.lang.reflect.Field)
ROOT 50000142 (kind=<system class>, name=java.lang.reflect.Method)
ROOT 500000fc (kind=<system class>, name=java.lang.reflect.Constructor)
ROOT 50000088 (kind=<system class>, name=sun.reflect.MagicAccessorImpl)
ROOT 500000f0 (kind=<system class>, name=sun.reflect.MethodAccessorImpl)
ROOT 500000aa (kind=<system class>, name=sun.reflect.ConstructorAccessorImpl)
ROOT 50000140 (kind=<system class>, name=sun.reflect.DelegatingClassLoader)
ROOT 50000143 (kind=<system class>, name=sun.reflect.ConstantPool)
ROOT 50000018 (kind=<system class>, name=sun.reflect.UnsafeStaticFieldAccessorImpl)
ROOT 5000002d (kind=<system class>, name=java.lang.invoke.MethodHandle)
ROOT 50000067 (kind=<system class>, name=java.lang.invoke.MemberName)
ROOT 50000015 (kind=<system class>, name=java.lang.invoke.MethodHandleNatives)
ROOT 500000d8 (kind=<system class>, name=java.lang.invoke.LambdaForm)
ROOT 50000173 (kind=<system class>, name=java.lang.invoke.DirectMethodHandle)
ROOT 50000049 (kind=<system class>, name=java.lang.invoke.MethodType)
ROOT 500000a6 (kind=<system class>, name=java.lang.BootstrapMethodError)
ROOT 50000097 (kind=<system class>, name=java.lang.invoke.CallSite)
ROOT 5000002a (kind=<system class>, name=java.lang.invoke.ConstantCallSite)
ROOT 5000005f (kind=<system class>, name=java.lang.invoke.MutableCallSite)
ROOT 5000014e (kind=<system class>, name=java.lang.invoke.VolatileCallSite)
ROOT 50000070 (kind=<system class>, name=java.lang.StringBuffer)
ROOT 5000016c (kind=<system class>, name=java.lang.StringBuilder)
ROOT 5000004b (kind=<system class>, name=java.lang.StackTraceElement)
ROOT 50000026 (kind=<system class>, name=java.nio.Buffer)
ROOT 500000a3 (kind=<system class>, name=sun.misc.PostVMInitHook)
ROOT 50000019 (kind=<system class>, name=java.lang.Boolean)
ROOT 50000047 (kind=<system class>, name=java.lang.Character)
ROOT 50000176 (kind=<system class>, name=java.lang.Float)
ROOT 50000165 (kind=<system class>, name=java.lang.Double)
ROOT 50000074 (kind=<system class>, name=java.lang.Byte)
ROOT 500000a7 (kind=<system class>, name=java.lang.Short)
ROOT 5000012e (kind=<system class>, name=java.lang.Integer)
ROOT 500000a8 (kind=<system class>, name=java.lang.Long)
ROOT 50000019 (kind=<system class>, name=java.lang.Boolean)
ROOT 50000047 (kind=<system class>, name=java.lang.Character)
ROOT 50000176 (kind=<system class>, name=java.lang.Float)
ROOT 50000165 (kind=<system class>, name=java.lang.Double)
ROOT 50000074 (kind=<system class>, name=java.lang.Byte)
ROOT 500000a7 (kind=<system class>, name=java.lang.Short)
ROOT 5000012e (kind=<system class>, name=java.lang.Integer)
ROOT 500000a8 (kind=<system class>, name=java.lang.Long)
ROOT 500000ea (kind=<system class>, name=java.lang.Throwable)
ROOT 50000143 (kind=<system class>, name=sun.reflect.ConstantPool)
ROOT 50000018 (kind=<system class>, name=sun.reflect.UnsafeStaticFieldAccessorImpl)
ROOT 50000001 (kind=<system class>, name=java.lang.ClassLoader$NativeLibrary)
ROOT 50000002 (kind=<system class>, name=java.lang.Enum)
ROOT 50000885 (kind=<system class>, name=java.lang.SecurityException)
ROOT 50000004 (kind=<system class>, name=java.io.InputStreamReader)
ROOT 50000005 (kind=<system class>, name=java.lang.Error)
ROOT 50000007 (kind=<system class>, name=java.lang.Readable)
ROOT 50000800 (kind=<system class>, name=java.security.UnresolvedPermission)
ROOT 50000008 (kind=<system class>, name=sun.nio.cs.UTF_8)
ROOT 50000009 (kind=<system class>, name=java.lang.reflect.Type)
ROOT 5000000b (kind=<system class>, name=java.lang.ref.Reference)
ROOT 500007dd (kind=<system class>, name=sun.net.www.protocol.file.FileURLConnection)
ROOT 5000000d (kind=<system class>, name=java.util.concurrent.ConcurrentHashMap)
ROOT 5000000e (kind=<system class>, name=java.util.AbstractMap)
ROOT 5000000f (kind=<system class>, name=java.lang.StackOverflowError)
ROOT 50000010 (kind=<system class>, name=java.io.Serializable)
ROOT 50000012 (kind=<system class>, name=java.util.RandomAccess)
ROOT 50000013 (kind=<system class>, name=java.io.OutputStream)
ROOT 50000014 (kind=<system class>, name=java.util.Set)
ROOT 50000015 (kind=<system class>, name=java.lang.invoke.MethodHandleNatives)
ROOT 50000016 (kind=<system class>, name=java.io.ExpiringCache$Entry)
ROOT 50000017 (kind=<system class>, name=java.util.Arrays)
ROOT 50000018 (kind=<system class>, name=sun.reflect.UnsafeStaticFieldAccessorImpl)
ROOT 50000019 (kind=<system class>, name=java.lang.Boolean)
ROOT 5000001a (kind=<system class>, name=sun.util.locale.BaseLocale)
ROOT 5000001b (kind=<system class>, name=sun.misc.URLClassPath)
ROOT 5000001c (kind=<system class>, name=java.nio.charset.CoderResult$Cache)
ROOT 500002e5 (kind=<system class>, name=java.util.Deque)
ROOT 5000001d (kind=<system class>, name=sun.util.locale.LocaleObjectCache)
ROOT 5000001e (kind=<system class>, name=java.security.Principal)
ROOT 500007a0 (kind=<system class>, name=sun.misc.CharacterDecoder)
ROOT 500002c2 (kind=<system class>, name=sun.nio.cs.UTF_16LE)
ROOT 50000020 (kind=<system class>, name=java.util.Objects)
ROOT 50000021 (kind=<system class>, name=java.nio.HeapByteBuffer)
ROOT 50000022 (kind=<system class>, name=sun.reflect.Reflection)
ROOT 50000023 (kind=<system class>, name=sun.security.util.Debug)
ROOT 50000024 (kind=<system class>, name=sun.reflect.generics.repository.GenericDeclRepository)
ROOT 50000025 (kind=<system class>, name=sun.reflect.FieldAccessorImpl)
ROOT 50000026 (kind=<system class>, name=java.nio.Buffer)
ROOT 50000027 (kind=<system class>, name=java.io.Writer)
ROOT 50000028 (kind=<system class>, name=java.lang.SystemClassLoaderAction)
ROOT 50000029 (kind=<system class>, name=java.util.Iterator)
ROOT 5000002a (kind=<system class>, name=java.lang.invoke.ConstantCallSite)
ROOT 5000002b (kind=<system class>, name=java.lang.Runtime)
ROOT 5000002c (kind=<system class>, name=java.net.Parts)
ROOT 5000002d (kind=<system class>, name=java.lang.invoke.MethodHandle)
ROOT 500008d7 (kind=<system class>, name=java.lang.Integer$IntegerCache)
ROOT 5000002e (kind=<system class>, name=sun.reflect.ReflectionFactory$GetReflectionFactoryAction)
ROOT 5000002f (kind=<system class>, name=java.security.PrivilegedAction)
ROOT 50000030 (kind=<system class>, name=java.lang.Math)
ROOT 50000031 (kind=<system class>, name=java.util.Properties)
ROOT 50000032 (kind=<system class>, name=java.util.AbstractSet)
ROOT 50000033 (kind=<system class>, name=java.lang.ThreadLocal$ThreadLocalMap$Entry)
ROOT 50000035 (kind=<system class>, name=java.lang.Number)
ROOT 50000036 (kind=<system class>, name=sun.nio.cs.StreamDecoder)
ROOT 50000037 (kind=<system class>, name=java.lang.RuntimeException)
ROOT 50000744 (kind=<system class>, name=java.util.jar.Attributes$Name)
ROOT 50000038 (kind=<system class>, name=java.util.Hashtable$Holder)
ROOT 50000039 (kind=<system class>, name=java.util.concurrent.atomic.AtomicInteger)
ROOT 50000be6 (kind=<system class>, name=java.net.InetAddress$Cache)
ROOT 5000003a (kind=<system class>, name=java.util.Map)
ROOT 500002f6 (kind=<system class>, name=sun.nio.ch.DirectBuffer)
ROOT 5000003b (kind=<system class>, name=sun.misc.JavaLangAccess)
ROOT 5000003c (kind=<system class>, name=java.io.BufferedInputStream)
ROOT 5000003d (kind=<system class>, name=java.util.Collections$SetFromMap)
ROOT 5000003e (kind=<system class>, name=java.util.WeakHashMap$Holder)
ROOT 50000aae (kind=<system class>, name=java.net.PlainSocketImpl)
ROOT 5000065d (kind=<system class>, name=sun.misc.URLClassPath$FileLoader)
ROOT 5000003f (kind=<system class>, name=java.util.Locale$LocaleKey)
ROOT 50000040 (kind=<system class>, name=java.util.BitSet)
ROOT 50000041 (kind=<system class>, name=java.lang.reflect.Array)
ROOT 50000042 (kind=<system class>, name=java.net.URL$1)
ROOT 50000043 (kind=<system class>, name=java.lang.System)
ROOT 50000044 (kind=<system class>, name=java.security.Permission)
ROOT 50000045 (kind=<system class>, name=java.nio.charset.CoderResult$1)
ROOT 50000bcb (kind=<system class>, name=sun.security.action.GetBooleanAction)
ROOT 50000046 (kind=<system class>, name=java.lang.reflect.InvocationHandler)
ROOT 5000034e (kind=<system class>, name=sun.misc.IOUtils)
ROOT 50000047 (kind=<system class>, name=java.lang.Character)
ROOT 50000048 (kind=<system class>, name=java.util.Comparator)
ROOT 50000049 (kind=<system class>, name=java.lang.invoke.MethodType)
ROOT 5000004a (kind=<system class>, name=java.lang.reflect.Modifier)
ROOT 5000004b (kind=<system class>, name=java.lang.StackTraceElement)
ROOT 5000004d (kind=<system class>, name=java.util.List)
ROOT 50000aaf (kind=<system class>, name=java.net.SocksSocketImpl)
ROOT 5000004e (kind=<system class>, name=sun.security.action.GetPropertyAction)
ROOT 500007db (kind=<system class>, name=java.net.URLConnection)
ROOT 5000004f (kind=<system class>, name=java.lang.ref.ReferenceQueue$Lock)
ROOT 50000050 (kind=<system class>, name=java.lang.IllegalArgumentException)
ROOT 50000051 (kind=<system class>, name=java.lang.IncompatibleClassChangeError)
ROOT 50000052 (kind=<system class>, name=java.util.Collections$SynchronizedSet)
ROOT 50000053 (kind=<system class>, name=sun.reflect.ConstructorAccessor)
ROOT 50000054 (kind=<system class>, name=java.io.FileSystem)
ROOT 50000055 (kind=<system class>, name=java.util.HashMap$EntrySet)
ROOT 50000056 (kind=<system class>, name=sun.reflect.generics.repository.AbstractRepository)
ROOT 50000057 (kind=<system class>, name=java.util.concurrent.locks.ReentrantLock)
ROOT 50000059 (kind=<system class>, name=java.lang.ref.Reference$Lock)
ROOT 5000005a (kind=<system class>, name=java.lang.CharSequence)
ROOT 5000005c (kind=<system class>, name=java.util.Dictionary)
ROOT 5000005d (kind=<system class>, name=java.lang.Class$3)
ROOT 5000027a (kind=<system class>, name=sun.misc.URLClassPath$JarLoader$1)
ROOT 50000870 (kind=<system class>, name=java.lang.NoSuchMethodException)
ROOT 5000005e (kind=<system class>, name=java.security.AccessControlContext)
ROOT 5000005f (kind=<system class>, name=java.lang.invoke.MutableCallSite)
ROOT 50000060 (kind=<system class>, name=java.lang.System$2)
ROOT 500007e8 (kind=<system class>, name=java.io.FilePermission$1)
ROOT 50000061 (kind=<system class>, name=java.lang.Class$1)
ROOT 50000ba9 (kind=<system class>, name=java.lang.IllegalAccessException)
ROOT 50000062 (kind=<system class>, name=java.lang.ClassLoader$ParallelLoaders)
ROOT 50000063 (kind=<system class>, name=java.security.BasicPermission)
ROOT 50000064 (kind=<system class>, name=java.util.Hashtable$EntrySet)
ROOT 500007dc (kind=<system class>, name=sun.net.www.URLConnection)
ROOT 50000065 (kind=<system class>, name=java.nio.charset.CharsetEncoder)
ROOT 50000066 (kind=<system class>, name=java.util.ArrayList)
ROOT 500001b7 (kind=<system class>, name=java.util.zip.ZipConstants)
ROOT 50000067 (kind=<system class>, name=java.lang.invoke.MemberName)
ROOT 50000068 (kind=<system class>, name=java.lang.reflect.Field)
ROOT 5000006a (kind=<system class>, name=java.security.ProtectionDomain)
ROOT 5000006b (kind=<system class>, name=java.util.WeakHashMap$Entry)
ROOT 5000006d (kind=<system class>, name=java.nio.charset.CoderResult$2)
ROOT 5000006e (kind=<system class>, name=java.lang.Compiler)
ROOT 5000006f (kind=<system class>, name=sun.misc.Launcher$ExtClassLoader)
ROOT 50000070 (kind=<system class>, name=java.lang.StringBuffer)
ROOT 50000071 (kind=<system class>, name=java.util.AbstractCollection)
ROOT 50000892 (kind=<system class>, name=java.lang.Void)
ROOT 5000029a (kind=<system class>, name=sun.nio.cs.ISO_8859_1)
ROOT 50000072 (kind=<system class>, name=java.util.Enumeration)
ROOT 50000ab0 (kind=<system class>, name=sun.security.action.LoadLibraryAction)
ROOT 50000073 (kind=<system class>, name=java.io.BufferedReader)
ROOT 500002f8 (kind=<system class>, name=java.nio.DirectByteBuffer)
ROOT 50000074 (kind=<system class>, name=java.lang.Byte)
ROOT 50000075 (kind=<system class>, name=java.util.Collections$UnmodifiableList)
ROOT 50000076 (kind=<system class>, name=java.lang.ref.FinalReference)
ROOT 50000077 (kind=<system class>, name=sun.misc.IoTrace)
ROOT 50000078 (kind=<system class>, name=sun.net.www.ParseUtil)
ROOT 50000079 (kind=<system class>, name=java.lang.ClassNotFoundException)
ROOT 5000076c (kind=<system class>, name=java.security.CodeSigner)
ROOT 5000007a (kind=<system class>, name=java.lang.Thread)
ROOT 5000007c (kind=<system class>, name=java.io.FileInputStream)
ROOT 5000007d (kind=<system class>, name=java.lang.StringCoding)
ROOT 5000007e (kind=<system class>, name=sun.nio.cs.ArrayDecoder)
ROOT 5000028f (kind=<system class>, name=sun.nio.cs.US_ASCII)
ROOT 5000007f (kind=<system class>, name=sun.nio.cs.StreamEncoder)
ROOT 50000080 (kind=<system class>, name=java.lang.reflect.AnnotatedElement)
ROOT 50000082 (kind=<system class>, name=java.util.HashSet)
ROOT 50000083 (kind=<system class>, name=java.net.URLStreamHandlerFactory)
ROOT 50000084 (kind=<system class>, name=java.util.concurrent.ConcurrentMap)
ROOT 50000085 (kind=<system class>, name=java.nio.Bits)
ROOT 50000086 (kind=<system class>, name=java.lang.ClassLoader)
ROOT 50000bb1 (kind=<system class>, name=java.lang.annotation.Annotation)
ROOT 50000728 (kind=<system class>, name=sun.misc.URLClassPath$JarLoader$2)
ROOT 50000087 (kind=<system class>, name=java.lang.reflect.ReflectAccess)
ROOT 50000088 (kind=<system class>, name=sun.reflect.MagicAccessorImpl)
ROOT 50000089 (kind=<system class>, name=java.lang.ref.Finalizer)
ROOT 5000008a (kind=<system class>, name=sun.misc.Launcher$AppClassLoader)
ROOT 5000008b (kind=<system class>, name=sun.net.www.protocol.file.Handler)
ROOT 5000008c (kind=<system class>, name=java.nio.CharBuffer)
ROOT 5000008d (kind=<system class>, name=java.security.AccessController)
ROOT 5000008e (kind=<system class>, name=java.lang.Runnable)
ROOT 50000090 (kind=<system class>, name=java.nio.HeapCharBuffer)
ROOT 50000091 (kind=<system class>, name=sun.reflect.annotation.AnnotationType)
ROOT 50000092 (kind=<system class>, name=java.lang.ref.Reference$ReferenceHandler)
ROOT 5000079a (kind=<system class>, name=sun.security.util.ManifestEntryVerifier)
ROOT 50000093 (kind=<system class>, name=sun.util.locale.LocaleObjectCache$CacheEntry)
ROOT 50000094 (kind=<system class>, name=java.util.HashMap)
ROOT 50000095 (kind=<system class>, name=java.util.HashMap$Holder)
ROOT 50000096 (kind=<system class>, name=java.io.OutputStreamWriter)
ROOT 500001ba (kind=<system class>, name=java.util.zip.ZipFile$2)
ROOT 50000758 (kind=<system class>, name=sun.misc.ASCIICaseInsensitiveComparator)
ROOT 50000738 (kind=<system class>, name=java.util.jar.Attributes)
ROOT 50000097 (kind=<system class>, name=java.lang.invoke.CallSite)
ROOT 50000098 (kind=<system class>, name=java.io.Flushable)
ROOT 50000099 (kind=<system class>, name=java.lang.ThreadGroup)
ROOT 5000009b (kind=<system class>, name=java.lang.Comparable)
ROOT 5000009d (kind=<system class>, name=java.io.BufferedOutputStream)
ROOT 5000009e (kind=<system class>, name=java.lang.ref.PhantomReference)
ROOT 5000009f (kind=<system class>, name=java.lang.Class)
ROOT 500000a1 (kind=<system class>, name=sun.misc.SharedSecrets)
ROOT 500000a2 (kind=<system class>, name=java.lang.ThreadLocal)
ROOT 500000a3 (kind=<system class>, name=sun.misc.PostVMInitHook)
ROOT 500000a4 (kind=<system class>, name=java.security.ProtectionDomain$3)
ROOT 50000735 (kind=<system class>, name=java.io.ByteArrayInputStream)
ROOT 500000a5 (kind=<system class>, name=java.lang.ArrayStoreException)
ROOT 500000a6 (kind=<system class>, name=java.lang.BootstrapMethodError)
ROOT 500000a7 (kind=<system class>, name=java.lang.Short)
ROOT 5000073c (kind=<system class>, name=java.util.jar.Manifest$FastInputStream)
ROOT 500000a8 (kind=<system class>, name=java.lang.Long)
ROOT 500001b3 (kind=<system class>, name=sun.misc.URLClassPath$3)
ROOT 500000a9 (kind=<system class>, name=java.lang.AutoCloseable)
ROOT 500000aa (kind=<system class>, name=sun.reflect.ConstructorAccessorImpl)
ROOT 5000076f (kind=<system class>, name=java.util.jar.JarVerifier$3)
ROOT 50000bc4 (kind=<system class>, name=sun.reflect.NativeMethodAccessorImpl)
ROOT 500000ab (kind=<system class>, name=sun.misc.MetaIndex)
ROOT 500000ac (kind=<system class>, name=java.util.concurrent.ConcurrentHashMap$HashEntry)
ROOT 500000ae (kind=<system class>, name=sun.nio.cs.Unicode)
ROOT 5000027c (kind=<system class>, name=sun.misc.FileURLMapper)
ROOT 500000af (kind=<system class>, name=java.lang.Appendable)
ROOT 500000b0 (kind=<system class>, name=sun.nio.cs.StandardCharsets)
ROOT 500000b1 (kind=<system class>, name=java.util.Collections$UnmodifiableRandomAccessList)
ROOT 500000b2 (kind=<system class>, name=java.lang.ThreadLocal$ThreadLocalMap)
ROOT 500007eb (kind=<system class>, name=java.io.FilePermissionCollection)
ROOT 500000b3 (kind=<system class>, name=java.security.ProtectionDomain$1)
ROOT 50000342 (kind=<system class>, name=java.util.zip.ZipEntry)
ROOT 500000b4 (kind=<system class>, name=java.io.FileReader)
ROOT 500000b5 (kind=<system class>, name=java.lang.Compiler$1)
ROOT 50000778 (kind=<system class>, name=java.io.ByteArrayOutputStream)
ROOT 500000b6 (kind=<system class>, name=java.io.UnixFileSystem)
ROOT 500000b7 (kind=<system class>, name=java.lang.NoSuchMethodError)
ROOT 50000be2 (kind=<system class>, name=java.net.InetAddress$InetAddressHolder)
ROOT 500000b8 (kind=<system class>, name=sun.reflect.FieldAccessor)
ROOT 500000b9 (kind=<system class>, name=java.net.URL)
ROOT 500000bb (kind=<system class>, name=sun.misc.Version)
ROOT 500000bc (kind=<system class>, name=java.lang.Iterable)
ROOT 500000bd (kind=<system class>, name=sun.reflect.LangReflectAccess)
ROOT 500000be (kind=<system class>, name=sun.reflect.ReflectionFactory)
ROOT 500000bf (kind=<system class>, name=java.lang.NullPointerException)
ROOT 500000c0 (kind=<system class>, name=java.lang.CharacterDataLatin1)
ROOT 500000c1 (kind=<system class>, name=java.lang.reflect.WeakCache)
ROOT 500000c2 (kind=<system class>, name=java.util.concurrent.atomic.AtomicReferenceFieldUpdater$AtomicReferenceFieldUpdaterImpl)
ROOT 500000c3 (kind=<system class>, name=java.util.Collections)
ROOT 500000c4 (kind=<system class>, name=java.nio.charset.CoderResult)
ROOT 500000c5 (kind=<system class>, name=java.lang.IllegalMonitorStateException)
ROOT 500000c6 (kind=<system class>, name=java.lang.Class$Atomic)
ROOT 500001a7 (kind=<system class>, name=java.net.URLClassLoader$1)
ROOT 500000c7 (kind=<system class>, name=sun.misc.JavaSecurityAccess)
ROOT 50000195 (kind=<system class>, name=sun.launcher.LauncherHelper)
ROOT 500002f2 (kind=<system class>, name=sun.misc.Perf)
ROOT 500002f4 (kind=<system class>, name=sun.misc.PerfCounter$CoreCounters)
ROOT 500000c8 (kind=<system class>, name=java.util.concurrent.ConcurrentHashMap$Holder)
ROOT 500000c9 (kind=<system class>, name=java.io.BufferedWriter)
ROOT 500000ca (kind=<system class>, name=java.nio.charset.Charset)
ROOT 5000038f (kind=<system class>, name=java.util.zip.Inflater)
ROOT 500007ff (kind=<system class>, name=java.security.AllPermission)
ROOT 500002b0 (kind=<system class>, name=sun.nio.cs.UTF_16BE)
ROOT 500007ba (kind=<system class>, name=java.security.PermissionCollection)
ROOT 500000cb (kind=<system class>, name=java.util.concurrent.ThreadLocalRandom)
ROOT 500000cc (kind=<system class>, name=sun.reflect.NativeConstructorAccessorImpl)
ROOT 500001b5 (kind=<system class>, name=sun.misc.URLClassPath$Loader)
ROOT 500007e2 (kind=<system class>, name=sun.net.www.MessageHeader)
ROOT 500000cd (kind=<system class>, name=java.io.File)
ROOT 50000727 (kind=<system class>, name=sun.misc.Resource)
ROOT 500000cf (kind=<system class>, name=java.util.Collections$EmptySet)
ROOT 500000d0 (kind=<system class>, name=java.security.PrivilegedExceptionAction)
ROOT 500000d1 (kind=<system class>, name=java.util.Collections$EmptyList)
ROOT 500000d2 (kind=<system class>, name=java.security.ProtectionDomain$Key)
ROOT 500000d3 (kind=<system class>, name=java.io.FilterOutputStream)
ROOT 50000b36 (kind=<system class>, name=java.net.SocketAddress)
ROOT 500000d4 (kind=<system class>, name=java.util.Stack)
ROOT 50000aac (kind=<system class>, name=java.net.SocketImpl)
ROOT 500000d5 (kind=<system class>, name=java.util.Locale)
ROOT 500000d6 (kind=<system class>, name=java.lang.StringCoding$StringEncoder)
ROOT 500000d7 (kind=<system class>, name=java.nio.ByteOrder)
ROOT 500000d8 (kind=<system class>, name=java.lang.invoke.LambdaForm)
ROOT 500000d9 (kind=<system class>, name=sun.misc.OSEnvironment)
ROOT 500000da (kind=<system class>, name=sun.util.locale.BaseLocale$Key)
ROOT 50000aad (kind=<system class>, name=java.net.AbstractPlainSocketImpl)
ROOT 500000db (kind=<system class>, name=sun.net.www.protocol.jar.Handler)
ROOT 500000dc (kind=<system class>, name=java.lang.Terminator)
ROOT 500000dd (kind=<system class>, name=java.util.LinkedHashMap$Entry)
ROOT 500000de (kind=<system class>, name=java.lang.ref.SoftReference)
ROOT 500007b4 (kind=<system class>, name=sun.nio.ByteBuffered)
ROOT 50000767 (kind=<system class>, name=java.util.jar.JarVerifier)
ROOT 500000df (kind=<system class>, name=sun.misc.JavaSecurityProtectionDomainAccess)
ROOT 500001b9 (kind=<system class>, name=sun.misc.JavaUtilZipFileAccess)
ROOT 500000e0 (kind=<system class>, name=java.lang.ref.ReferenceQueue)
ROOT 500000e1 (kind=<system class>, name=java.lang.ref.ReferenceQueue$Null)
ROOT 50000bc8 (kind=<system class>, name=sun.reflect.DelegatingMethodAccessorImpl)
ROOT 500000e2 (kind=<system class>, name=java.util.AbstractList)
ROOT 50000bee (kind=<system class>, name=java.lang.Shutdown$Lock)
ROOT 500000e3 (kind=<system class>, name=java.util.HashMap$Entry)
ROOT 500000e5 (kind=<system class>, name=java.lang.Exception)
ROOT 50000aab (kind=<system class>, name=java.net.SocketOptions)
ROOT 5000034a (kind=<system class>, name=java.util.zip.ZipFile$ZipFileInputStream)
ROOT 500002f7 (kind=<system class>, name=java.nio.MappedByteBuffer)
ROOT 500000e6 (kind=<system class>, name=java.util.concurrent.atomic.AtomicReferenceFieldUpdater)
ROOT 500000e7 (kind=<system class>, name=java.security.Guard)
ROOT 500000e8 (kind=<system class>, name=java.lang.reflect.AccessibleObject)
ROOT 500002fb (kind=<system class>, name=java.nio.LongBuffer)
ROOT 500000ea (kind=<system class>, name=java.lang.Throwable)
ROOT 500000ec (kind=<system class>, name=java.nio.ByteBuffer)
ROOT 500000ed (kind=<system class>, name=sun.misc.JavaIOFileDescriptorAccess)
ROOT 500000ee (kind=<system class>, name=java.lang.reflect.Proxy$ProxyClassFactory)
ROOT 500000ef (kind=<system class>, name=java.security.CodeSource)
ROOT 500000f0 (kind=<system class>, name=sun.reflect.MethodAccessorImpl)
ROOT 500000f1 (kind=<system class>, name=java.util.Hashtable)
ROOT 500000f2 (kind=<system class>, name=java.util.concurrent.ConcurrentHashMap$Segment)
ROOT 50000284 (kind=<system class>, name=sun.misc.JavaUtilJarAccess)
ROOT 500000f4 (kind=<system class>, name=java.io.FileDescriptor$1)
ROOT 500000f5 (kind=<system class>, name=java.util.WeakHashMap)
ROOT 50000344 (kind=<system class>, name=java.util.jar.JarEntry)
ROOT 500000f6 (kind=<system class>, name=sun.misc.NativeSignalHandler)
ROOT 500000f7 (kind=<system class>, name=java.util.concurrent.locks.AbstractOwnableSynchronizer)
ROOT 500000f8 (kind=<system class>, name=java.lang.reflect.Proxy$KeyFactory)
ROOT 50000790 (kind=<system class>, name=sun.security.util.SignatureFileVerifier)
ROOT 500000f9 (kind=<system class>, name=java.io.FilterInputStream)
ROOT 500000fa (kind=<system class>, name=java.util.Hashtable$Entry)
ROOT 500000fc (kind=<system class>, name=java.lang.reflect.Constructor)
ROOT 500000fe (kind=<system class>, name=java.util.Collection)
ROOT 5000028b (kind=<system class>, name=java.nio.charset.StandardCharsets)
ROOT 500000ff (kind=<system class>, name=java.nio.charset.CodingErrorAction)
ROOT 50000396 (kind=<system class>, name=java.util.zip.ZipFile$ZipFileInflaterInputStream)
ROOT 500002e6 (kind=<system class>, name=java.util.ArrayDeque)
ROOT 50000100 (kind=<system class>, name=java.net.URLClassLoader)
ROOT 50000101 (kind=<system class>, name=sun.reflect.misc.ReflectUtil)
ROOT 50000102 (kind=<system class>, name=java.io.Closeable)
ROOT 50000103 (kind=<system class>, name=java.util.Locale$Cache)
ROOT 50000104 (kind=<system class>, name=java.lang.Terminator$1)
ROOT 50000bb8 (kind=<system class>, name=java.lang.reflect.TypeVariable)
ROOT 50000105 (kind=<system class>, name=java.io.FileOutputStream)
ROOT 50000a7f (kind=<system class>, name=java.io.IOException)
ROOT 50000106 (kind=<system class>, name=java.util.Hashtable$Enumerator)
ROOT 50000107 (kind=<system class>, name=sun.misc.Launcher$ExtClassLoader$1)
ROOT 50000108 (kind=<system class>, name=sun.misc.Launcher$AppClassLoader$1)
ROOT 50000109 (kind=<system class>, name=java.net.URLStreamHandler)
ROOT 50000aa7 (kind=<system class>, name=java.net.ServerSocket)
ROOT 5000010a (kind=<system class>, name=com.sun.demo.jvmti.hprof.Tracker)
ROOT 500001b6 (kind=<system class>, name=sun.misc.URLClassPath$JarLoader)
ROOT 5000010b (kind=<system class>, name=java.util.HashMap$HashIterator)
ROOT 5000010c (kind=<system class>, name=sun.util.locale.BaseLocale$Cache)
ROOT 5000010d (kind=<system class>, name=java.util.concurrent.locks.AbstractQueuedSynchronizer$Node)
ROOT 5000030d (kind=<system class>, name=sun.misc.JarIndex)
ROOT 5000010e (kind=<system class>, name=sun.misc.Cleaner)
ROOT 5000077d (kind=<system class>, name=java.lang.Package)
ROOT 50000283 (kind=<system class>, name=java.util.jar.JarFile)
ROOT 5000010f (kind=<system class>, name=sun.nio.cs.StandardCharsets$Classes)
ROOT 50000bc3 (kind=<system class>, name=java.net.InetSocketAddress$InetSocketAddressHolder)
ROOT 50000110 (kind=<system class>, name=sun.misc.JavaNioAccess)
ROOT 50000111 (kind=<system class>, name=java.lang.Cloneable)
ROOT 50000112 (kind=<system class>, name=java.lang.Object)
ROOT 50000114 (kind=<system class>, name=java.lang.VirtualMachineError)
ROOT 50000116 (kind=<system class>, name=java.lang.OutOfMemoryError)
ROOT 50000118 (kind=<system class>, name=sun.misc.SignalHandler)
ROOT 50000119 (kind=<system class>, name=sun.util.locale.LocaleUtils)
ROOT 5000011a (kind=<system class>, name=java.util.concurrent.locks.ReentrantLock$NonfairSync)
ROOT 5000011b (kind=<system class>, name=java.nio.Bits$1)
ROOT 50000b38 (kind=<system class>, name=java.net.InetSocketAddress)
ROOT 50000aaa (kind=<system class>, name=java.net.SocksConsts)
ROOT 500001ad (kind=<system class>, name=sun.net.util.URLUtil)
ROOT 5000011c (kind=<system class>, name=java.io.Reader)
ROOT 50000313 (kind=<system class>, name=sun.misc.ExtensionDependency)
ROOT 500002e4 (kind=<system class>, name=java.util.Queue)
ROOT 5000011d (kind=<system class>, name=java.util.concurrent.ThreadLocalRandom$1)
ROOT 5000011e (kind=<system class>, name=java.util.Random)
ROOT 5000011f (kind=<system class>, name=java.lang.ref.Finalizer$FinalizerThread)
ROOT 50000120 (kind=<system class>, name=sun.util.PreHashedMap)
ROOT 50000121 (kind=<system class>, name=java.lang.Class$ReflectionData)
ROOT 50000122 (kind=<system class>, name=java.lang.ArithmeticException)
ROOT 50000123 (kind=<system class>, name=sun.nio.cs.StandardCharsets$Aliases)
ROOT 50000124 (kind=<system class>, name=sun.reflect.ReflectionFactory$1)
ROOT 50000125 (kind=<system class>, name=java.util.Map$Entry)
ROOT 50000127 (kind=<system class>, name=java.lang.reflect.WeakCache$BiFunction)
ROOT 50000128 (kind=<system class>, name=java.io.ExpiringCache$1)
ROOT 50000129 (kind=<system class>, name=java.util.HashMap$EntryIterator)
ROOT 5000012a (kind=<system class>, name=sun.misc.Signal)
ROOT 5000012b (kind=<system class>, name=sun.misc.Unsafe)
ROOT 50000734 (kind=<system class>, name=java.util.jar.Manifest)
ROOT 5000012c (kind=<system class>, name=java.lang.CharacterData)
ROOT 5000012d (kind=<system class>, name=sun.reflect.DelegatingConstructorAccessorImpl)
ROOT 5000012e (kind=<system class>, name=java.lang.Integer)
ROOT 50000865 (kind=<system class>, name=java.lang.reflect.InvocationTargetException)
ROOT 5000012f (kind=<system class>, name=sun.misc.Launcher)
ROOT 50000130 (kind=<system class>, name=sun.misc.VM)
ROOT 50000131 (kind=<system class>, name=java.nio.charset.CharsetDecoder)
ROOT 50000132 (kind=<system class>, name=sun.nio.cs.UTF_8$Decoder)
ROOT 50000133 (kind=<system class>, name=sun.nio.cs.UTF_8$Encoder)
ROOT 50000134 (kind=<system class>, name=java.util.Collections$SynchronizedCollection)
ROOT 50000135 (kind=<system class>, name=java.net.URLClassLoader$7)
ROOT 500007e6 (kind=<system class>, name=java.io.FilePermission)
ROOT 50000136 (kind=<system class>, name=java.lang.String)
ROOT 50000345 (kind=<system class>, name=java.util.jar.JarFile$JarFileEntry)
ROOT 500002ef (kind=<system class>, name=sun.misc.PerfCounter)
ROOT 50000138 (kind=<system class>, name=java.lang.ref.WeakReference)
ROOT 500002d4 (kind=<system class>, name=sun.nio.cs.UTF_16)
ROOT 5000013a (kind=<system class>, name=java.io.ExpiringCache)
ROOT 500002f0 (kind=<system class>, name=sun.misc.Perf$GetPerfAction)
ROOT 5000025f (kind=<system class>, name=java.security.PrivilegedActionException)
ROOT 5000013b (kind=<system class>, name=java.io.File$PathStatus)
ROOT 5000013d (kind=<system class>, name=sun.misc.Hashing)
ROOT 5000013e (kind=<system class>, name=java.security.SecureClassLoader)
ROOT 5000013f (kind=<system class>, name=java.io.InputStream)
ROOT 50000140 (kind=<system class>, name=sun.reflect.DelegatingClassLoader)
ROOT 50000141 (kind=<system class>, name=java.lang.LinkageError)
ROOT 50000142 (kind=<system class>, name=java.lang.reflect.Method)
ROOT 50000143 (kind=<system class>, name=sun.reflect.ConstantPool)
ROOT 50000144 (kind=<system class>, name=sun.misc.Launcher$Factory)
ROOT 50000145 (kind=<system class>, name=sun.nio.cs.StandardCharsets$Cache)
ROOT 50000146 (kind=<system class>, name=sun.reflect.generics.repository.ClassRepository)
ROOT 50000147 (kind=<system class>, name=java.lang.reflect.Proxy)
ROOT 50000148 (kind=<system class>, name=java.lang.NoClassDefFoundError)
ROOT 50000149 (kind=<system class>, name=java.io.FileDescriptor)
ROOT 5000014a (kind=<system class>, name=java.lang.ClassValue$ClassValueMap)
ROOT 50000ba7 (kind=<system class>, name=java.net.InetAddress)
ROOT 5000014b (kind=<system class>, name=sun.reflect.MethodAccessor)
ROOT 50000802 (kind=<system class>, name=java.security.BasicPermissionCollection)
ROOT 5000014c (kind=<system class>, name=java.util.Collections$UnmodifiableCollection)
ROOT 5000014d (kind=<system class>, name=java.lang.AbstractStringBuilder)
ROOT 5000014e (kind=<system class>, name=java.lang.invoke.VolatileCallSite)
ROOT 5000014f (kind=<system class>, name=java.lang.reflect.GenericDeclaration)
ROOT 50000151 (kind=<system class>, name=java.nio.charset.spi.CharsetProvider)
ROOT 50000152 (kind=<system class>, name=java.util.Collections$EmptyMap)
ROOT 50000153 (kind=<system class>, name=java.lang.ClassLoader$3)
ROOT 50000285 (kind=<system class>, name=java.util.jar.JavaUtilJarAccessImpl)
ROOT 500002e9 (kind=<system class>, name=java.util.zip.ZipCoder)
ROOT 50000154 (kind=<system class>, name=sun.nio.cs.ArrayEncoder)
ROOT 50000155 (kind=<system class>, name=java.lang.ReflectiveOperationException)
ROOT 50000156 (kind=<system class>, name=java.lang.RuntimePermission)
ROOT 50000157 (kind=<system class>, name=java.security.cert.Certificate)
ROOT 50000159 (kind=<system class>, name=java.lang.ThreadDeath)
ROOT 500001b8 (kind=<system class>, name=java.util.zip.ZipFile)
ROOT 5000015a (kind=<system class>, name=java.util.LinkedHashMap)
ROOT 50000395 (kind=<system class>, name=java.util.zip.InflaterInputStream)
ROOT 5000015b (kind=<system class>, name=sun.misc.JavaNetAccess)
ROOT 5000015c (kind=<system class>, name=java.util.WeakHashMap$KeySet)
ROOT 5000015d (kind=<system class>, name=java.lang.ClassCastException)
ROOT 500007a1 (kind=<system class>, name=sun.misc.BASE64Decoder)
ROOT 5000015e (kind=<system class>, name=sun.nio.cs.HistoricallyNamedCharset)
ROOT 5000015f (kind=<system class>, name=java.lang.Thread$UncaughtExceptionHandler)
ROOT 500002fc (kind=<system class>, name=java.nio.DirectLongBufferU)
ROOT 50000161 (kind=<system class>, name=java.io.PrintStream)
ROOT 50000162 (kind=<system class>, name=java.util.StringTokenizer)
ROOT 50000163 (kind=<system class>, name=java.util.concurrent.locks.AbstractQueuedSynchronizer)
ROOT 500007bb (kind=<system class>, name=java.security.Permissions)
ROOT 50000164 (kind=<system class>, name=java.util.concurrent.atomic.AtomicLong)
ROOT 50000165 (kind=<system class>, name=java.lang.Double)
ROOT 50000393 (kind=<system class>, name=java.util.zip.ZStreamRef)
ROOT 50000166 (kind=<system class>, name=java.lang.reflect.ReflectPermission)
ROOT 50000167 (kind=<system class>, name=java.lang.reflect.Member)
ROOT 50000169 (kind=<system class>, name=java.io.ObjectStreamField)
ROOT 5000016b (kind=<system class>, name=java.lang.String$CaseInsensitiveComparator)
ROOT 5000016c (kind=<system class>, name=java.lang.StringBuilder)
ROOT 5000088a (kind=<system class>, name=java.lang.UnsatisfiedLinkError)
ROOT 50000be8 (kind=<system class>, name=java.net.InetAddress$Cache$Type)
ROOT 5000016d (kind=<system class>, name=java.util.concurrent.locks.Lock)
ROOT 5000016f (kind=<system class>, name=java.util.Vector)
ROOT 50000170 (kind=<system class>, name=java.util.concurrent.locks.ReentrantLock$Sync)
ROOT 50000171 (kind=<system class>, name=java.lang.Class$SecurityManagerHelper)
ROOT 50000b39 (kind=<system class>, name=sun.misc.URLClassPath$FileLoader$1)
ROOT 50000172 (kind=<system class>, name=sun.nio.cs.FastCharsetProvider)
ROOT 50000173 (kind=<system class>, name=java.lang.invoke.DirectMethodHandle)
ROOT 50000be7 (kind=<system class>, name=java.lang.Shutdown)
ROOT 50000174 (kind=<system class>, name=sun.reflect.UnsafeFieldAccessorImpl)
ROOT 50000175 (kind=<system class>, name=java.lang.StringCoding$StringDecoder)
ROOT 50000176 (kind=<system class>, name=java.lang.Float)
ROOT 50000c06 (kind=<busy monitor>)
ROOT 50000c03 (kind=<busy monitor>)
ROOT 50000c0b (kind=<unknown>)
ROOT 50000c0c (kind=<unknown>)
ROOT 50000c0d (kind=<unknown>)
ROOT 50000c0e (kind=<unknown>)
ROOT 50000c0f (kind=<unknown>)
ROOT 50000c10 (kind=<unknown>)
ROOT 50000c11 (kind=<unknown>)
ROOT 50000c12 (kind=<unknown>)
ROOT 50000c13 (kind=<unknown>)
ROOT 50000c0f (kind=<unknown>)
ROOT 50000c10 (kind=<unknown>)
ROOT 50000c0c (kind=<unknown>)
ROOT 50000c0d (kind=<unknown>)
ROOT 50000c0e (kind=<unknown>)
ROOT 50000c12 (kind=<unknown>)
ROOT 50000c0b (kind=<unknown>)
ROOT 50000c11 (kind=<unknown>)
ROOT 50000c13 (kind=<unknown>)
ROOT 50000177 (kind=<unknown>)
ROOT 50000178 (kind=<unknown>)
ROOT 50000179 (kind=<unknown>)
ROOT 5000017a (kind=<unknown>)
ROOT 5000017b (kind=<unknown>)
ROOT 5000017c (kind=<unknown>)
ROOT 5000017d (kind=<unknown>)
ROOT 5000017e (kind=<unknown>)
ROOT 50000113 (kind=<unknown>)
ROOT 50000177 (kind=<unknown>)
ROOT 50000179 (kind=<unknown>)
ROOT 5000017d (kind=<unknown>)
ROOT 5000017e (kind=<unknown>)
ROOT 50000178 (kind=<unknown>)
ROOT 5000017b (kind=<unknown>)
ROOT 5000017a (kind=<unknown>)
ROOT 5000017c (kind=<unknown>)
ROOT 50000c14 (kind=<unknown>)
ROOT 50000c15 (kind=<unknown>)
ROOT 50000c16 (kind=<unknown>)
ROOT 50000c17 (kind=<unknown>)
ROOT 50000c18 (kind=<unknown>)
ROOT 50000c19 (kind=<unknown>)
ROOT 50000c1a (kind=<unknown>)
ROOT 50000089 (kind=<unknown>)
ROOT 50000086 (kind=<unknown>)
ROOT 5000006a (kind=<unknown>)
ROOT 50000142 (kind=<unknown>)
ROOT 50000c1b (kind=<unknown>)
ROOT 50000c1c (kind=<unknown>)
ROOT 50000c1d (kind=<unknown>)
ROOT 50000c1e (kind=<unknown>)
ROOT 50000c1f (kind=<unknown>)
ROOT 50000c08 (kind=<unknown>)
ROOT 50000c09 (kind=<unknown>)
ROOT 50000c20 (kind=<unknown>)
ROOT 50000c21 (kind=<unknown>)
ROOT 50000c22 (kind=<unknown>)
ROOT 50000c23 (kind=<unknown>)
OBJ 5000017f (sz=104, trace=300000, class=java.lang.Thread@5000007a)
OBJ 50000180 (sz=104, trace=300001, class=java.lang.Thread@5000007a)
OBJ 50000181 (sz=16, trace=300002, class=java.lang.Object@50000112)
ARR 50000182 (sz=56, trace=300003, nelems=0, elem type=char[])
OBJ 50000183 (sz=104, trace=300001, class=java.lang.Thread@5000007a)
OBJ 50000184 (sz=16, trace=300002, class=java.lang.Object@50000112)
ARR 50000185 (sz=56, trace=300003, nelems=0, elem type=char[])
OBJ 50000186 (sz=104, trace=300001, class=java.lang.Thread@5000007a)
OBJ 50000187 (sz=16, trace=300002, class=java.lang.Object@50000112)
ARR 50000188 (sz=48, trace=300003, nelems=0, elem type=char[])
OBJ 50000189 (sz=24, trace=300004, class=java.lang.StringBuilder@5000016c)
ARR 5000018a (sz=48, trace=300005, nelems=0, elem type=char[])
ARR 5000018b (sz=88, trace=300006, nelems=0, elem type=char[])
ARR 5000018c (sz=160, trace=300006, nelems=0, elem type=char[])
OBJ 5000018d (sz=24, trace=300007, class=java.lang.String@50000136)
ARR 5000018e (sz=160, trace=300008, nelems=0, elem type=char[])
OBJ 5000018f (sz=32, trace=300009, class=java.io.File@500000cd)
ARR 50000190 (sz=224, trace=300010, nelems=0, elem type=byte[])
ARR 50000191 (sz=88, trace=300011, nelems=0, elem type=byte[])
OBJ 50000192 (sz=24, trace=300012, class=java.lang.String@50000136)
ARR 50000193 (sz=64, trace=300013, nelems=0, elem type=char[])
OBJ 50000194 (sz=104, trace=300000, class=java.lang.Thread@5000007a)
OBJ 50000196 (sz=24, trace=300014, class=sun.launcher.LauncherHelper@50000195)
	name		5000178d
ARR 50000198 (sz=24, trace=300015, nelems=1, elem type=sun.launcher.LauncherHelper[]@50000197)
	[0]		50000196
OBJ 50000199 (sz=24, trace=300016, class=java.lang.StringBuilder@5000016c)
	value		5000019a
ARR 5000019a (sz=32, trace=300017, nelems=16, elem type=char[])
OBJ 5000019b (sz=24, trace=300018, class=java.lang.String@50000136)
	value		5000019c
ARR 5000019c (sz=90, trace=300019, nelems=45, elem type=char[])
OBJ 5000019d (sz=16, trace=300020, class=java.lang.Object@50000112)
ARR 5000019e (sz=24, trace=300021, nelems=0, elem type=java.util.concurrent.ConcurrentHashMap$HashEntry[]@500000ad)
OBJ 5000019f (sz=40, trace=300022, class=java.util.concurrent.ConcurrentHashMap$Segment@500000f2)
	sync		500001a0
	table		50000aa5
OBJ 500001a0 (sz=32, trace=300023, class=java.util.concurrent.locks.ReentrantLock$NonfairSync@5000011a)
OBJ 500001a1 (sz=32, trace=300024, class=java.util.concurrent.ConcurrentHashMap$HashEntry@500000ac)
	key		5000019b
	value		5000019d
OBJ 500001a2 (sz=16, trace=300025, class=java.lang.Object@50000112)
ARR 500001a3 (sz=24, trace=300021, nelems=0, elem type=java.util.concurrent.ConcurrentHashMap$HashEntry[]@500000ad)
OBJ 500001a4 (sz=40, trace=300022, class=java.util.concurrent.ConcurrentHashMap$Segment@500000f2)
	sync		500001a5
	table		50000acd
OBJ 500001a5 (sz=32, trace=300023, class=java.util.concurrent.locks.ReentrantLock$NonfairSync@5000011a)
OBJ 500001a6 (sz=32, trace=300024, class=java.util.concurrent.ConcurrentHashMap$HashEntry@500000ac)
	key		5000019b
	value		500001a2
OBJ 500001a8 (sz=24, trace=300027, class=java.net.URLClassLoader$1@500001a7)
ARR 500001a9 (sz=112, trace=300028, nelems=0, elem type=char[])
OBJ 500001aa (sz=24, trace=300029, class=java.lang.String@50000136)
ARR 500001ab (sz=120, trace=300030, nelems=0, elem type=char[])
OBJ 500001ac (sz=24, trace=300031, class=java.lang.String@50000136)
OBJ 500001ae (sz=24, trace=300033, class=java.lang.StringBuilder@5000016c)
ARR 500001af (sz=48, trace=300034, nelems=0, elem type=char[])
ARR 500001b0 (sz=136, trace=300006, nelems=0, elem type=char[])
OBJ 500001b1 (sz=24, trace=300035, class=java.lang.String@50000136)
	value		500001b2
ARR 500001b2 (sz=120, trace=300036, nelems=60, elem type=char[])
OBJ 500001b4 (sz=24, trace=300038, class=sun.misc.URLClassPath$3@500001b3)
OBJ 500001bb (sz=16, trace=300042, class=java.util.zip.ZipFile$2@500001ba)
OBJ 500001bc (sz=24, trace=300043, class=java.lang.StringBuilder@5000016c)
ARR 500001bd (sz=48, trace=300044, nelems=0, elem type=char[])
ARR 500001be (sz=32, trace=300045, nelems=3, elem type=java.io.ObjectStreamField[]@5000016a)
	[0]		500001bf
	[1]		500001c4
	[2]		500001c9
OBJ 500001bf (sz=40, trace=300046, class=java.io.ObjectStreamField@50000169)
	name		50000c9d
	signature	500001c2
	type		50000179
OBJ 500001c0 (sz=24, trace=300047, class=java.lang.StringBuilder@5000016c)
ARR 500001c1 (sz=48, trace=300048, nelems=0, elem type=char[])
OBJ 500001c2 (sz=24, trace=300049, class=java.lang.String@50000136)
	value		500001c3
ARR 500001c3 (sz=4, trace=300050, nelems=2, elem type=char[])
OBJ 500001c4 (sz=40, trace=300051, class=java.io.ObjectStreamField@50000169)
	name		50000f1f
	signature	50000f24
	type		50000c0b
OBJ 500001c5 (sz=24, trace=300047, class=java.lang.StringBuilder@5000016c)
ARR 500001c6 (sz=48, trace=300048, nelems=0, elem type=char[])
OBJ 500001c7 (sz=24, trace=300049, class=java.lang.String@50000136)
ARR 500001c8 (sz=24, trace=300050, nelems=0, elem type=char[])
OBJ 500001c9 (sz=40, trace=300052, class=java.io.ObjectStreamField@50000169)
	name		50000f20
	signature	50000f21
	type		50000c0f
OBJ 500001ca (sz=24, trace=300047, class=java.lang.StringBuilder@5000016c)
ARR 500001cb (sz=48, trace=300048, nelems=0, elem type=char[])
OBJ 500001cc (sz=24, trace=300049, class=java.lang.String@50000136)
ARR 500001cd (sz=24, trace=300050, nelems=0, elem type=char[])
OBJ 500001ce (sz=24, trace=300053, class=java.lang.StringBuffer@50000070)
ARR 500001cf (sz=136, trace=300054, nelems=0, elem type=char[])
OBJ 500001d0 (sz=24, trace=300055, class=java.lang.String@50000136)
ARR 500001d1 (sz=136, trace=300056, nelems=0, elem type=char[])
ARR 500001d2 (sz=136, trace=300006, nelems=0, elem type=char[])
ARR 500001d3 (sz=256, trace=300006, nelems=0, elem type=char[])
OBJ 500001d4 (sz=24, trace=300057, class=java.lang.String@50000136)
	value		500001d5
ARR 500001d5 (sz=120, trace=300058, nelems=60, elem type=char[])
OBJ 500001d6 (sz=64, trace=300059, class=java.net.URL@500000b9)
	protocol	50000f7f
	host		50000c3c
	file		500001d4
	authority	50000c3c
	path		500001d4
	handler		5000141e
OBJ 500001d7 (sz=24, trace=300060, class=java.net.Parts@5000002c)
OBJ 500001d8 (sz=48, trace=300061, class=sun.misc.URLClassPath$JarLoader@500001b6)
	base		500001d6
	csu		50001424
	metaIndex	5000146a
	handler		5000141e
	lmap		5000141f
OBJ 500001d9 (sz=32, trace=300062, class=java.io.File@500000cd)
ARR 500001da (sz=176, trace=300010, nelems=0, elem type=byte[])
ARR 500001db (sz=72, trace=300011, nelems=0, elem type=byte[])
OBJ 500001dc (sz=24, trace=300012, class=java.lang.String@50000136)
ARR 500001dd (sz=48, trace=300013, nelems=0, elem type=char[])
ARR 500001de (sz=56, trace=300063, nelems=6, elem type=java.lang.Object[]@50000113)
	[0]		500001d8
	[1]		500001f3
	[2]		5000020c
	[3]		50000225
	[4]		5000023e
	[5]		50000257
ARR 500001df (sz=80, trace=300064, nelems=13, elem type=java.util.HashMap$Entry[]@500000e4)
	[1]		5000022b
	[2]		5000025d
	[7]		500001f9
	[11]		50000244
	[12]		50000212
OBJ 500001e0 (sz=32, trace=300065, class=java.util.HashMap$Entry@500000e3)
	key		500001b1
	value		500001d8
OBJ 500001e1 (sz=24, trace=300033, class=java.lang.StringBuilder@5000016c)
ARR 500001e2 (sz=48, trace=300034, nelems=0, elem type=char[])
ARR 500001e3 (sz=152, trace=300006, nelems=0, elem type=char[])
OBJ 500001e4 (sz=24, trace=300035, class=java.lang.String@50000136)
	value		500001e5
ARR 500001e5 (sz=130, trace=300036, nelems=65, elem type=char[])
OBJ 500001e6 (sz=24, trace=300038, class=sun.misc.URLClassPath$3@500001b3)
OBJ 500001e7 (sz=24, trace=300043, class=java.lang.StringBuilder@5000016c)
ARR 500001e8 (sz=48, trace=300044, nelems=0, elem type=char[])
OBJ 500001e9 (sz=24, trace=300053, class=java.lang.StringBuffer@50000070)
ARR 500001ea (sz=144, trace=300054, nelems=0, elem type=char[])
OBJ 500001eb (sz=24, trace=300055, class=java.lang.String@50000136)
ARR 500001ec (sz=144, trace=300056, nelems=0, elem type=char[])
ARR 500001ed (sz=144, trace=300006, nelems=0, elem type=char[])
ARR 500001ee (sz=272, trace=300006, nelems=0, elem type=char[])
OBJ 500001ef (sz=24, trace=300057, class=java.lang.String@50000136)
	value		500001f0
ARR 500001f0 (sz=130, trace=300058, nelems=65, elem type=char[])
OBJ 500001f1 (sz=64, trace=300059, class=java.net.URL@500000b9)
	protocol	50000f7f
	host		50000c3c
	file		500001ef
	authority	50000c3c
	path		500001ef
	handler		5000141e
OBJ 500001f2 (sz=24, trace=300060, class=java.net.Parts@5000002c)
OBJ 500001f3 (sz=48, trace=300061, class=sun.misc.URLClassPath$JarLoader@500001b6)
	base		500001f1
	csu		50001425
	metaIndex	50001476
	handler		5000141e
	lmap		5000141f
OBJ 500001f4 (sz=32, trace=300062, class=java.io.File@500000cd)
ARR 500001f5 (sz=192, trace=300010, nelems=0, elem type=byte[])
ARR 500001f6 (sz=80, trace=300011, nelems=0, elem type=byte[])
OBJ 500001f7 (sz=24, trace=300012, class=java.lang.String@50000136)
ARR 500001f8 (sz=56, trace=300013, nelems=0, elem type=char[])
OBJ 500001f9 (sz=32, trace=300065, class=java.util.HashMap$Entry@500000e3)
	key		500001e4
	value		500001f3
OBJ 500001fa (sz=24, trace=300033, class=java.lang.StringBuilder@5000016c)
ARR 500001fb (sz=48, trace=300034, nelems=0, elem type=char[])
ARR 500001fc (sz=136, trace=300006, nelems=0, elem type=char[])
OBJ 500001fd (sz=24, trace=300035, class=java.lang.String@50000136)
	value		500001fe
ARR 500001fe (sz=118, trace=300036, nelems=59, elem type=char[])
OBJ 500001ff (sz=24, trace=300038, class=sun.misc.URLClassPath$3@500001b3)
OBJ 50000200 (sz=24, trace=300043, class=java.lang.StringBuilder@5000016c)
ARR 50000201 (sz=48, trace=300044, nelems=0, elem type=char[])
OBJ 50000202 (sz=24, trace=300053, class=java.lang.StringBuffer@50000070)
ARR 50000203 (sz=136, trace=300054, nelems=0, elem type=char[])
OBJ 50000204 (sz=24, trace=300055, class=java.lang.String@50000136)
ARR 50000205 (sz=136, trace=300056, nelems=0, elem type=char[])
ARR 50000206 (sz=136, trace=300006, nelems=0, elem type=char[])
ARR 50000207 (sz=248, trace=300006, nelems=0, elem type=char[])
OBJ 50000208 (sz=24, trace=300057, class=java.lang.String@50000136)
	value		50000209
ARR 50000209 (sz=118, trace=300058, nelems=59, elem type=char[])
OBJ 5000020a (sz=64, trace=300059, class=java.net.URL@500000b9)
	protocol	50000f7f
	host		50000c3c
	file		50000208
	authority	50000c3c
	path		50000208
	handler		5000141e
OBJ 5000020b (sz=24, trace=300060, class=java.net.Parts@5000002c)
OBJ 5000020c (sz=48, trace=300061, class=sun.misc.URLClassPath$JarLoader@500001b6)
	base		5000020a
	csu		50001426
	metaIndex	50001456
	handler		5000141e
	lmap		5000141f
OBJ 5000020d (sz=32, trace=300062, class=java.io.File@500000cd)
ARR 5000020e (sz=176, trace=300010, nelems=0, elem type=byte[])
ARR 5000020f (sz=72, trace=300011, nelems=0, elem type=byte[])
OBJ 50000210 (sz=24, trace=300012, class=java.lang.String@50000136)
ARR 50000211 (sz=48, trace=300013, nelems=0, elem type=char[])
OBJ 50000212 (sz=32, trace=300065, class=java.util.HashMap$Entry@500000e3)
	key		500001fd
	value		5000020c
OBJ 50000213 (sz=24, trace=300033, class=java.lang.StringBuilder@5000016c)
ARR 50000214 (sz=48, trace=300034, nelems=0, elem type=char[])
ARR 50000215 (sz=128, trace=300006, nelems=0, elem type=char[])
OBJ 50000216 (sz=24, trace=300035, class=java.lang.String@50000136)
	value		50000217
ARR 50000217 (sz=110, trace=300036, nelems=55, elem type=char[])
OBJ 50000218 (sz=24, trace=300038, class=sun.misc.URLClassPath$3@500001b3)
OBJ 50000219 (sz=24, trace=300043, class=java.lang.StringBuilder@5000016c)
ARR 5000021a (sz=48, trace=300044, nelems=0, elem type=char[])
OBJ 5000021b (sz=24, trace=300053, class=java.lang.StringBuffer@50000070)
ARR 5000021c (sz=128, trace=300054, nelems=0, elem type=char[])
OBJ 5000021d (sz=24, trace=300055, class=java.lang.String@50000136)
ARR 5000021e (sz=128, trace=300056, nelems=0, elem type=char[])
ARR 5000021f (sz=128, trace=300006, nelems=0, elem type=char[])
ARR 50000220 (sz=232, trace=300006, nelems=0, elem type=char[])
OBJ 50000221 (sz=24, trace=300057, class=java.lang.String@50000136)
	value		50000222
ARR 50000222 (sz=110, trace=300058, nelems=55, elem type=char[])
OBJ 50000223 (sz=64, trace=300059, class=java.net.URL@500000b9)
	protocol	50000f7f
	host		50000c3c
	file		50000221
	authority	50000c3c
	path		50000221
	handler		5000141e
OBJ 50000224 (sz=24, trace=300060, class=java.net.Parts@5000002c)
OBJ 50000225 (sz=48, trace=300061, class=sun.misc.URLClassPath$JarLoader@500001b6)
	base		50000223
	csu		50001427
	metaIndex	5000144d
	handler		5000141e
	lmap		5000141f
OBJ 50000226 (sz=32, trace=300062, class=java.io.File@500000cd)
ARR 50000227 (sz=160, trace=300010, nelems=0, elem type=byte[])
ARR 50000228 (sz=64, trace=300011, nelems=0, elem type=byte[])
OBJ 50000229 (sz=24, trace=300012, class=java.lang.String@50000136)
ARR 5000022a (sz=40, trace=300013, nelems=0, elem type=char[])
OBJ 5000022b (sz=32, trace=300065, class=java.util.HashMap$Entry@500000e3)
	key		50000216
	value		50000225
	next		500001e0
OBJ 5000022c (sz=24, trace=300033, class=java.lang.StringBuilder@5000016c)
ARR 5000022d (sz=48, trace=300034, nelems=0, elem type=char[])
ARR 5000022e (sz=128, trace=300006, nelems=0, elem type=char[])
OBJ 5000022f (sz=24, trace=300035, class=java.lang.String@50000136)
	value		50000230
ARR 50000230 (sz=110, trace=300036, nelems=55, elem type=char[])
OBJ 50000231 (sz=24, trace=300038, class=sun.misc.URLClassPath$3@500001b3)
OBJ 50000232 (sz=24, trace=300043, class=java.lang.StringBuilder@5000016c)
ARR 50000233 (sz=48, trace=300044, nelems=0, elem type=char[])
OBJ 50000234 (sz=24, trace=300053, class=java.lang.StringBuffer@50000070)
ARR 50000235 (sz=128, trace=300054, nelems=0, elem type=char[])
OBJ 50000236 (sz=24, trace=300055, class=java.lang.String@50000136)
ARR 50000237 (sz=128, trace=300056, nelems=0, elem type=char[])
ARR 50000238 (sz=128, trace=300006, nelems=0, elem type=char[])
ARR 50000239 (sz=232, trace=300006, nelems=0, elem type=char[])
OBJ 5000023a (sz=24, trace=300057, class=java.lang.String@50000136)
	value		5000023b
ARR 5000023b (sz=110, trace=300058, nelems=55, elem type=char[])
OBJ 5000023c (sz=64, trace=300059, class=java.net.URL@500000b9)
	protocol	50000f7f
	host		50000c3c
	file		5000023a
	authority	50000c3c
	path		5000023a
	handler		5000141e
OBJ 5000023d (sz=24, trace=300060, class=java.net.Parts@5000002c)
OBJ 5000023e (sz=48, trace=300061, class=sun.misc.URLClassPath$JarLoader@500001b6)
	base		5000023c
	csu		50001428
	metaIndex	50001461
	handler		5000141e
	lmap		5000141f
OBJ 5000023f (sz=32, trace=300062, class=java.io.File@500000cd)
ARR 50000240 (sz=160, trace=300010, nelems=0, elem type=byte[])
ARR 50000241 (sz=64, trace=300011, nelems=0, elem type=byte[])
OBJ 50000242 (sz=24, trace=300012, class=java.lang.String@50000136)
ARR 50000243 (sz=40, trace=300013, nelems=0, elem type=char[])
OBJ 50000244 (sz=32, trace=300065, class=java.util.HashMap$Entry@500000e3)
	key		5000022f
	value		5000023e
OBJ 50000245 (sz=24, trace=300033, class=java.lang.StringBuilder@5000016c)
ARR 50000246 (sz=48, trace=300034, nelems=0, elem type=char[])
ARR 50000247 (sz=128, trace=300006, nelems=0, elem type=char[])
OBJ 50000248 (sz=24, trace=300035, class=java.lang.String@50000136)
	value		50000249
ARR 50000249 (sz=110, trace=300036, nelems=55, elem type=char[])
OBJ 5000024a (sz=24, trace=300038, class=sun.misc.URLClassPath$3@500001b3)
OBJ 5000024b (sz=24, trace=300043, class=java.lang.StringBuilder@5000016c)
ARR 5000024c (sz=48, trace=300044, nelems=0, elem type=char[])
OBJ 5000024d (sz=24, trace=300053, class=java.lang.StringBuffer@50000070)
ARR 5000024e (sz=128, trace=300054, nelems=0, elem type=char[])
OBJ 5000024f (sz=24, trace=300055, class=java.lang.String@50000136)
ARR 50000250 (sz=128, trace=300056, nelems=0, elem type=char[])
ARR 50000251 (sz=128, trace=300006, nelems=0, elem type=char[])
ARR 50000252 (sz=232, trace=300006, nelems=0, elem type=char[])
OBJ 50000253 (sz=24, trace=300057, class=java.lang.String@50000136)
	value		50000254
ARR 50000254 (sz=110, trace=300058, nelems=55, elem type=char[])
OBJ 50000255 (sz=64, trace=300059, class=java.net.URL@500000b9)
	protocol	50000f7f
	host		50000c3c
	file		50000253
	authority	50000c3c
	path		50000253
	handler		5000141e
OBJ 50000256 (sz=24, trace=300060, class=java.net.Parts@5000002c)
OBJ 50000257 (sz=48, trace=300061, class=sun.misc.URLClassPath$JarLoader@500001b6)
	base		50000255
	csu		50001429
	metaIndex	50001437
	handler		5000141e
	lmap		5000141f
OBJ 50000258 (sz=32, trace=300062, class=java.io.File@500000cd)
ARR 50000259 (sz=160, trace=300010, nelems=0, elem type=byte[])
ARR 5000025a (sz=64, trace=300011, nelems=0, elem type=byte[])
OBJ 5000025b (sz=24, trace=300012, class=java.lang.String@50000136)
ARR 5000025c (sz=40, trace=300013, nelems=0, elem type=char[])
OBJ 5000025d (sz=32, trace=300065, class=java.util.HashMap$Entry@500000e3)
	key		50000248
	value		50000257
OBJ 5000025e (sz=40, trace=300066, class=java.lang.ClassNotFoundException@50000079)
OBJ 50000260 (sz=40, trace=300068, class=java.security.PrivilegedActionException@5000025f)
OBJ 50000261 (sz=24, trace=300069, class=java.net.URLClassLoader$1@500001a7)
ARR 50000262 (sz=112, trace=300028, nelems=0, elem type=char[])
OBJ 50000263 (sz=24, trace=300029, class=java.lang.String@50000136)
ARR 50000264 (sz=120, trace=300030, nelems=0, elem type=char[])
OBJ 50000265 (sz=24, trace=300031, class=java.lang.String@50000136)
OBJ 50000266 (sz=24, trace=300033, class=java.lang.StringBuilder@5000016c)
ARR 50000267 (sz=48, trace=300034, nelems=0, elem type=char[])
ARR 50000268 (sz=120, trace=300006, nelems=0, elem type=char[])
OBJ 50000269 (sz=24, trace=300035, class=java.lang.String@50000136)
	value		5000026a
ARR 5000026a (sz=98, trace=300036, nelems=49, elem type=char[])
OBJ 5000026b (sz=24, trace=300038, class=sun.misc.URLClassPath$3@500001b3)
OBJ 5000026c (sz=24, trace=300043, class=java.lang.StringBuilder@5000016c)
ARR 5000026d (sz=48, trace=300044, nelems=0, elem type=char[])
OBJ 5000026e (sz=24, trace=300053, class=java.lang.StringBuffer@50000070)
ARR 5000026f (sz=112, trace=300054, nelems=0, elem type=char[])
OBJ 50000270 (sz=24, trace=300055, class=java.lang.String@50000136)
ARR 50000271 (sz=112, trace=300056, nelems=0, elem type=char[])
ARR 50000272 (sz=112, trace=300006, nelems=0, elem type=char[])
ARR 50000273 (sz=208, trace=300006, nelems=0, elem type=char[])
OBJ 50000274 (sz=24, trace=300057, class=java.lang.String@50000136)
	value		50000275
ARR 50000275 (sz=98, trace=300058, nelems=49, elem type=char[])
OBJ 50000276 (sz=64, trace=300059, class=java.net.URL@500000b9)
	protocol	50000f7f
	host		50000c3c
	file		50000274
	authority	50000c3c
	path		50000274
	handler		500014f3
OBJ 50000277 (sz=24, trace=300060, class=java.net.Parts@5000002c)
OBJ 50000278 (sz=48, trace=300061, class=sun.misc.URLClassPath$JarLoader@500001b6)
	base		50000276
	jar		500002de
	csu		500014f9
	handler		500014f3
	lmap		500014f4
OBJ 50000279 (sz=32, trace=300062, class=java.io.File@500000cd)
OBJ 5000027b (sz=16, trace=300071, class=sun.misc.URLClassPath$JarLoader$1@5000027a)
OBJ 5000027d (sz=24, trace=300073, class=sun.misc.FileURLMapper@5000027c)
OBJ 5000027e (sz=32, trace=300074, class=java.io.File@500000cd)
ARR 5000027f (sz=144, trace=300010, nelems=0, elem type=byte[])
ARR 50000280 (sz=64, trace=300011, nelems=0, elem type=byte[])
OBJ 50000281 (sz=24, trace=300012, class=java.lang.String@50000136)
ARR 50000282 (sz=32, trace=300013, nelems=0, elem type=char[])
OBJ 50000286 (sz=16, trace=300077, class=java.util.jar.JavaUtilJarAccessImpl@50000285)
ARR 50000287 (sz=20, trace=300078, nelems=10, elem type=char[])
ARR 50000288 (sz=512, trace=300079, nelems=128, elem type=int[])
ARR 50000289 (sz=40, trace=300080, nelems=10, elem type=int[])
OBJ 5000028a (sz=32, trace=300081, class=java.io.File@500000cd)
ARR 5000028c (sz=32, trace=300083, nelems=0, elem type=char[])
OBJ 5000028d (sz=24, trace=300084, class=java.lang.String@50000136)
ARR 5000028e (sz=32, trace=300085, nelems=0, elem type=char[])
OBJ 50000290 (sz=24, trace=300087, class=sun.nio.cs.US_ASCII@5000028f)
	name		50000fa1
	aliases		50000fa7
ARR 50000291 (sz=24, trace=300088, nelems=0, elem type=java.lang.Object[]@50000113)
ARR 50000292 (sz=40, trace=300083, nelems=0, elem type=char[])
OBJ 50000293 (sz=24, trace=300084, class=java.lang.String@50000136)
ARR 50000294 (sz=40, trace=300085, nelems=0, elem type=char[])
OBJ 50000295 (sz=24, trace=300089, class=java.lang.StringBuilder@5000016c)
ARR 50000296 (sz=48, trace=300090, nelems=0, elem type=char[])
ARR 50000297 (sz=88, trace=300006, nelems=0, elem type=char[])
OBJ 50000298 (sz=24, trace=300091, class=java.lang.String@50000136)
ARR 50000299 (sz=64, trace=300092, nelems=0, elem type=char[])
ARR 5000029b (sz=16, trace=300094, nelems=0, elem type=java.lang.Class[]@500000a0)
OBJ 5000029c (sz=48, trace=300095, class=java.lang.Class$ReflectionData@50000121)
OBJ 5000029d (sz=40, trace=300096, class=java.lang.ref.SoftReference@500000de)
OBJ 5000029e (sz=72, trace=300097, class=java.lang.reflect.Constructor@500000fc)
OBJ 5000029f (sz=24, trace=300098, class=java.lang.Class$1@50000061)
OBJ 500002a0 (sz=24, trace=300099, class=sun.reflect.NativeConstructorAccessorImpl@500000cc)
OBJ 500002a1 (sz=16, trace=300100, class=sun.reflect.DelegatingConstructorAccessorImpl@5000012d)
OBJ 500002a2 (sz=24, trace=300101, class=sun.nio.cs.ISO_8859_1@5000029a)
	name		50000fa0
	aliases		500010a3
ARR 500002a3 (sz=24, trace=300088, nelems=0, elem type=java.lang.Object[]@50000113)
ARR 500002a4 (sz=32, trace=300083, nelems=0, elem type=char[])
OBJ 500002a5 (sz=24, trace=300084, class=java.lang.String@50000136)
ARR 500002a6 (sz=32, trace=300085, nelems=0, elem type=char[])
ARR 500002a7 (sz=24, trace=300088, nelems=0, elem type=java.lang.Object[]@50000113)
ARR 500002a8 (sz=32, trace=300083, nelems=0, elem type=char[])
OBJ 500002a9 (sz=24, trace=300084, class=java.lang.String@50000136)
ARR 500002aa (sz=32, trace=300085, nelems=0, elem type=char[])
OBJ 500002ab (sz=24, trace=300089, class=java.lang.StringBuilder@5000016c)
ARR 500002ac (sz=48, trace=300090, nelems=0, elem type=char[])
ARR 500002ad (sz=88, trace=300006, nelems=0, elem type=char[])
OBJ 500002ae (sz=24, trace=300091, class=java.lang.String@50000136)
ARR 500002af (sz=56, trace=300092, nelems=0, elem type=char[])
ARR 500002b1 (sz=16, trace=300094, nelems=0, elem type=java.lang.Class[]@500000a0)
OBJ 500002b2 (sz=48, trace=300095, class=java.lang.Class$ReflectionData@50000121)
OBJ 500002b3 (sz=40, trace=300096, class=java.lang.ref.SoftReference@500000de)
OBJ 500002b4 (sz=72, trace=300097, class=java.lang.reflect.Constructor@500000fc)
OBJ 500002b5 (sz=24, trace=300098, class=java.lang.Class$1@50000061)
OBJ 500002b6 (sz=24, trace=300099, class=sun.reflect.NativeConstructorAccessorImpl@500000cc)
OBJ 500002b7 (sz=16, trace=300100, class=sun.reflect.DelegatingConstructorAccessorImpl@5000012d)
OBJ 500002b8 (sz=24, trace=300102, class=sun.nio.cs.UTF_16BE@500002b0)
	name		50000fa3
	aliases		500010ab
ARR 500002b9 (sz=24, trace=300088, nelems=0, elem type=java.lang.Object[]@50000113)
ARR 500002ba (sz=32, trace=300083, nelems=0, elem type=char[])
OBJ 500002bb (sz=24, trace=300084, class=java.lang.String@50000136)
ARR 500002bc (sz=32, trace=300085, nelems=0, elem type=char[])
OBJ 500002bd (sz=24, trace=300089, class=java.lang.StringBuilder@5000016c)
ARR 500002be (sz=48, trace=300090, nelems=0, elem type=char[])
ARR 500002bf (sz=88, trace=300006, nelems=0, elem type=char[])
OBJ 500002c0 (sz=24, trace=300091, class=java.lang.String@50000136)
ARR 500002c1 (sz=56, trace=300092, nelems=0, elem type=char[])
ARR 500002c3 (sz=16, trace=300094, nelems=0, elem type=java.lang.Class[]@500000a0)
OBJ 500002c4 (sz=48, trace=300095, class=java.lang.Class$ReflectionData@50000121)
OBJ 500002c5 (sz=40, trace=300096, class=java.lang.ref.SoftReference@500000de)
OBJ 500002c6 (sz=72, trace=300097, class=java.lang.reflect.Constructor@500000fc)
OBJ 500002c7 (sz=24, trace=300098, class=java.lang.Class$1@50000061)
OBJ 500002c8 (sz=24, trace=300099, class=sun.reflect.NativeConstructorAccessorImpl@500000cc)
OBJ 500002c9 (sz=16, trace=300100, class=sun.reflect.DelegatingConstructorAccessorImpl@5000012d)
OBJ 500002ca (sz=24, trace=300103, class=sun.nio.cs.UTF_16LE@500002c2)
	name		50000fa4
	aliases		500010aa
ARR 500002cb (sz=24, trace=300088, nelems=0, elem type=java.lang.Object[]@50000113)
ARR 500002cc (sz=32, trace=300083, nelems=0, elem type=char[])
OBJ 500002cd (sz=24, trace=300084, class=java.lang.String@50000136)
ARR 500002ce (sz=32, trace=300085, nelems=0, elem type=char[])
OBJ 500002cf (sz=24, trace=300089, class=java.lang.StringBuilder@5000016c)
ARR 500002d0 (sz=48, trace=300090, nelems=0, elem type=char[])
ARR 500002d1 (sz=88, trace=300006, nelems=0, elem type=char[])
OBJ 500002d2 (sz=24, trace=300091, class=java.lang.String@50000136)
ARR 500002d3 (sz=56, trace=300092, nelems=0, elem type=char[])
ARR 500002d5 (sz=16, trace=300094, nelems=0, elem type=java.lang.Class[]@500000a0)
OBJ 500002d6 (sz=48, trace=300095, class=java.lang.Class$ReflectionData@50000121)
OBJ 500002d7 (sz=40, trace=300096, class=java.lang.ref.SoftReference@500000de)
OBJ 500002d8 (sz=72, trace=300097, class=java.lang.reflect.Constructor@500000fc)
OBJ 500002d9 (sz=24, trace=300098, class=java.lang.Class$1@50000061)
OBJ 500002da (sz=24, trace=300099, class=sun.reflect.NativeConstructorAccessorImpl@500000cc)
OBJ 500002db (sz=16, trace=300100, class=sun.reflect.DelegatingConstructorAccessorImpl@5000012d)
OBJ 500002dc (sz=24, trace=300104, class=sun.nio.cs.UTF_16@500002d4)
	name		50000fa2
	aliases		500010ac
ARR 500002dd (sz=24, trace=300088, nelems=2, elem type=java.lang.Object[]@50000113)
	[0]		50000fa2
	[1]		500002dc
OBJ 500002de (sz=64, trace=300105, class=java.util.jar.JarFile@50000283)
	name		5000152d
	zc		500002ea
	streams		500002e0
	inflaterCache	500002e7
	manEntry	50000346
OBJ 500002df (sz=40, trace=300106, class=java.lang.ref.Finalizer@50000089)
	referent	500002de
	queue		50000c02
	next		50001768
	prev		5000034c
OBJ 500002e0 (sz=56, trace=300107, class=java.util.WeakHashMap@500000f5)
	table		500002e3
	queue		500002e1
OBJ 500002e1 (sz=32, trace=300108, class=java.lang.ref.ReferenceQueue@500000e0)
	lock		500002e2
OBJ 500002e2 (sz=16, trace=300109, class=java.lang.ref.ReferenceQueue$Lock@5000004f)
ARR 500002e3 (sz=80, trace=300110, nelems=0, elem type=java.util.WeakHashMap$Entry[]@5000006c)
OBJ 500002e7 (sz=24, trace=300112, class=java.util.ArrayDeque@500002e6)
	elements	500002e8
ARR 500002e8 (sz=80, trace=300113, nelems=0, elem type=java.lang.Object[]@50000113)
OBJ 500002ea (sz=32, trace=300115, class=java.util.zip.ZipCoder@500002e9)
	cs		50000fa6
	enc		5000030f
ARR 500002eb (sz=144, trace=300116, nelems=0, elem type=byte[])
ARR 500002ec (sz=64, trace=300011, nelems=0, elem type=byte[])
ARR 500002ed (sz=144, trace=300117, nelems=0, elem type=byte[])
ARR 500002ee (sz=64, trace=300011, nelems=0, elem type=byte[])
OBJ 500002f1 (sz=16, trace=300120, class=sun.misc.Perf$GetPerfAction@500002f0)
OBJ 500002f3 (sz=16, trace=300122, class=sun.misc.Perf@500002f2)
OBJ 500002f5 (sz=24, trace=300124, class=sun.misc.PerfCounter@500002ef)
	name		50000f88
	lb		500002fd
OBJ 500002f9 (sz=24, trace=300126, class=sun.security.action.GetPropertyAction@5000004e)
OBJ 500002fa (sz=64, trace=300127, class=java.nio.DirectByteBuffer@500002f8)
OBJ 500002fd (sz=56, trace=300129, class=java.nio.DirectLongBufferU@500002fc)
	att		500002fa
OBJ 500002fe (sz=24, trace=300130, class=sun.misc.PerfCounter@500002ef)
	name		50000f87
	lb		50000300
OBJ 500002ff (sz=64, trace=300127, class=java.nio.DirectByteBuffer@500002f8)
OBJ 50000300 (sz=56, trace=300129, class=java.nio.DirectLongBufferU@500002fc)
	att		500002ff
OBJ 50000301 (sz=24, trace=300131, class=sun.misc.PerfCounter@500002ef)
	name		50000f86
	lb		50000303
OBJ 50000302 (sz=64, trace=300127, class=java.nio.DirectByteBuffer@500002f8)
OBJ 50000303 (sz=56, trace=300129, class=java.nio.DirectLongBufferU@500002fc)
	att		50000302
OBJ 50000304 (sz=24, trace=300132, class=sun.misc.PerfCounter@500002ef)
	name		50000f89
	lb		50000306
OBJ 50000305 (sz=64, trace=300127, class=java.nio.DirectByteBuffer@500002f8)
OBJ 50000306 (sz=56, trace=300129, class=java.nio.DirectLongBufferU@500002fc)
	att		50000305
OBJ 50000307 (sz=24, trace=300133, class=sun.misc.PerfCounter@500002ef)
	name		50000f8b
	lb		50000309
OBJ 50000308 (sz=64, trace=300127, class=java.nio.DirectByteBuffer@500002f8)
OBJ 50000309 (sz=56, trace=300129, class=java.nio.DirectLongBufferU@500002fc)
	att		50000308
OBJ 5000030a (sz=24, trace=300134, class=sun.misc.PerfCounter@500002ef)
	name		50000f8a
	lb		5000030c
OBJ 5000030b (sz=64, trace=300127, class=java.nio.DirectByteBuffer@500002f8)
OBJ 5000030c (sz=56, trace=300129, class=java.nio.DirectLongBufferU@500002fc)
	att		5000030b
ARR 5000030e (sz=1, trace=300136, nelems=1, elem type=byte[])
OBJ 5000030f (sz=48, trace=300137, class=sun.nio.cs.UTF_8$Encoder@50000133)
	charset		50000fa6
	replacement	5000030e
	malformedInputAction	500013b4
	unmappableCharacterAction	500013b4
ARR 50000310 (sz=56, trace=300138, nelems=0, elem type=char[])
ARR 50000311 (sz=80, trace=300139, nelems=0, elem type=byte[])
ARR 50000312 (sz=40, trace=300140, nelems=0, elem type=byte[])
OBJ 50000314 (sz=24, trace=300142, class=sun.security.action.GetPropertyAction@5000004e)
ARR 50000315 (sz=56, trace=300143, nelems=10, elem type=java.lang.String[]@50000137)
	[0]		50000318
	[1]		5000031c
	[2]		50000320
	[3]		50000324
	[4]		50000328
	[5]		5000032c
	[6]		50000330
	[7]		50000334
	[8]		50000339
	[9]		5000033d
OBJ 50000316 (sz=24, trace=300144, class=java.lang.StringBuilder@5000016c)
ARR 50000317 (sz=48, trace=300145, nelems=0, elem type=char[])
OBJ 50000318 (sz=24, trace=300146, class=java.lang.String@50000136)
	value		50000319
ARR 50000319 (sz=14, trace=300147, nelems=7, elem type=char[])
OBJ 5000031a (sz=24, trace=300148, class=java.lang.StringBuilder@5000016c)
ARR 5000031b (sz=48, trace=300149, nelems=0, elem type=char[])
OBJ 5000031c (sz=24, trace=300150, class=java.lang.String@50000136)
	value		5000031d
ARR 5000031d (sz=30, trace=300151, nelems=15, elem type=char[])
OBJ 5000031e (sz=24, trace=300152, class=java.lang.StringBuilder@5000016c)
ARR 5000031f (sz=48, trace=300153, nelems=0, elem type=char[])
OBJ 50000320 (sz=24, trace=300154, class=java.lang.String@50000136)
	value		50000321
ARR 50000321 (sz=18, trace=300155, nelems=9, elem type=char[])
OBJ 50000322 (sz=24, trace=300156, class=java.lang.StringBuilder@5000016c)
ARR 50000323 (sz=48, trace=300157, nelems=0, elem type=char[])
OBJ 50000324 (sz=24, trace=300158, class=java.lang.String@50000136)
	value		50000325
ARR 50000325 (sz=16, trace=300159, nelems=8, elem type=char[])
OBJ 50000326 (sz=24, trace=300160, class=java.lang.StringBuilder@5000016c)
ARR 50000327 (sz=48, trace=300161, nelems=0, elem type=char[])
OBJ 50000328 (sz=24, trace=300162, class=java.lang.String@50000136)
	value		50000329
ARR 50000329 (sz=26, trace=300163, nelems=13, elem type=char[])
OBJ 5000032a (sz=24, trace=300164, class=java.lang.StringBuilder@5000016c)
ARR 5000032b (sz=48, trace=300165, nelems=0, elem type=char[])
OBJ 5000032c (sz=24, trace=300166, class=java.lang.String@50000136)
	value		5000032d
ARR 5000032d (sz=20, trace=300167, nelems=10, elem type=char[])
OBJ 5000032e (sz=24, trace=300168, class=java.lang.StringBuilder@5000016c)
ARR 5000032f (sz=48, trace=300169, nelems=0, elem type=char[])
OBJ 50000330 (sz=24, trace=300170, class=java.lang.String@50000136)
	value		50000331
ARR 50000331 (sz=24, trace=300171, nelems=12, elem type=char[])
OBJ 50000332 (sz=24, trace=300172, class=java.lang.StringBuilder@5000016c)
ARR 50000333 (sz=48, trace=300173, nelems=0, elem type=char[])
OBJ 50000334 (sz=24, trace=300174, class=java.lang.String@50000136)
	value		50000335
ARR 50000335 (sz=30, trace=300175, nelems=15, elem type=char[])
OBJ 50000336 (sz=24, trace=300176, class=java.lang.StringBuilder@5000016c)
ARR 50000337 (sz=48, trace=300177, nelems=0, elem type=char[])
ARR 50000338 (sz=88, trace=300006, nelems=0, elem type=char[])
OBJ 50000339 (sz=24, trace=300178, class=java.lang.String@50000136)
	value		5000033a
ARR 5000033a (sz=40, trace=300179, nelems=20, elem type=char[])
OBJ 5000033b (sz=24, trace=300180, class=java.lang.StringBuilder@5000016c)
ARR 5000033c (sz=48, trace=300181, nelems=0, elem type=char[])
OBJ 5000033d (sz=24, trace=300182, class=java.lang.String@50000136)
	value		5000033e
ARR 5000033e (sz=28, trace=300183, nelems=14, elem type=char[])
ARR 5000033f (sz=56, trace=300138, nelems=0, elem type=char[])
ARR 50000340 (sz=80, trace=300139, nelems=0, elem type=byte[])
ARR 50000341 (sz=40, trace=300140, nelems=0, elem type=byte[])
OBJ 50000343 (sz=64, trace=300185, class=java.util.zip.ZipEntry@50000342)
OBJ 50000346 (sz=80, trace=300187, class=java.util.jar.JarFile$JarFileEntry@50000345)
	name		50000f6e
	this$0		500002de
ARR 50000347 (sz=56, trace=300188, nelems=0, elem type=char[])
ARR 50000348 (sz=80, trace=300189, nelems=0, elem type=byte[])
ARR 50000349 (sz=40, trace=300190, nelems=0, elem type=byte[])
OBJ 5000034b (sz=56, trace=300192, class=java.util.zip.ZipFile$ZipFileInputStream@5000034a)
	this$0		500002de
OBJ 5000034c (sz=40, trace=300106, class=java.lang.ref.Finalizer@50000089)
	referent	5000034b
	queue		50000c02
	next		500002df
	prev		50000374
OBJ 5000034d (sz=40, trace=300193, class=java.util.WeakHashMap$Entry@5000006b)
ARR 5000034f (sz=16, trace=300195, nelems=0, elem type=byte[])
ARR 50000350 (sz=336, trace=300196, nelems=0, elem type=byte[])
ARR 50000351 (sz=56, trace=300063, nelems=0, elem type=java.lang.Object[]@50000113)
ARR 50000352 (sz=80, trace=300064, nelems=0, elem type=java.util.HashMap$Entry[]@500000e4)
OBJ 50000353 (sz=32, trace=300065, class=java.util.HashMap$Entry@500000e3)
	key		50000269
	value		50000278
	next		50000573
ARR 50000354 (sz=120, trace=300138, nelems=0, elem type=char[])
ARR 50000355 (sz=176, trace=300139, nelems=0, elem type=byte[])
ARR 50000356 (sz=72, trace=300140, nelems=0, elem type=byte[])
OBJ 50000357 (sz=24, trace=300033, class=java.lang.StringBuilder@5000016c)
ARR 50000358 (sz=48, trace=300034, nelems=0, elem type=char[])
ARR 50000359 (sz=120, trace=300006, nelems=0, elem type=char[])
OBJ 5000035a (sz=24, trace=300035, class=java.lang.String@50000136)
	value		5000035b
ARR 5000035b (sz=104, trace=300036, nelems=52, elem type=char[])
OBJ 5000035c (sz=24, trace=300038, class=sun.misc.URLClassPath$3@500001b3)
OBJ 5000035d (sz=24, trace=300043, class=java.lang.StringBuilder@5000016c)
ARR 5000035e (sz=48, trace=300044, nelems=0, elem type=char[])
OBJ 5000035f (sz=24, trace=300053, class=java.lang.StringBuffer@50000070)
ARR 50000360 (sz=120, trace=300054, nelems=0, elem type=char[])
OBJ 50000361 (sz=24, trace=300055, class=java.lang.String@50000136)
ARR 50000362 (sz=120, trace=300056, nelems=0, elem type=char[])
ARR 50000363 (sz=120, trace=300006, nelems=0, elem type=char[])
ARR 50000364 (sz=224, trace=300006, nelems=0, elem type=char[])
OBJ 50000365 (sz=24, trace=300057, class=java.lang.String@50000136)
	value		50000366
ARR 50000366 (sz=104, trace=300058, nelems=52, elem type=char[])
OBJ 50000367 (sz=64, trace=300059, class=java.net.URL@500000b9)
	protocol	50000f7f
	host		50000c3c
	file		50000365
	authority	50000c3c
	path		50000365
	handler		500014f3
OBJ 50000368 (sz=24, trace=300060, class=java.net.Parts@5000002c)
OBJ 50000369 (sz=48, trace=300061, class=sun.misc.URLClassPath$JarLoader@500001b6)
	base		50000367
	jar		50000373
	csu		500014fa
	handler		500014f3
	lmap		500014f4
OBJ 5000036a (sz=32, trace=300062, class=java.io.File@500000cd)
OBJ 5000036b (sz=16, trace=300071, class=sun.misc.URLClassPath$JarLoader$1@5000027a)
OBJ 5000036c (sz=24, trace=300073, class=sun.misc.FileURLMapper@5000027c)
OBJ 5000036d (sz=32, trace=300074, class=java.io.File@500000cd)
ARR 5000036e (sz=152, trace=300010, nelems=0, elem type=byte[])
ARR 5000036f (sz=64, trace=300011, nelems=0, elem type=byte[])
OBJ 50000370 (sz=24, trace=300012, class=java.lang.String@50000136)
ARR 50000371 (sz=40, trace=300013, nelems=0, elem type=char[])
OBJ 50000372 (sz=32, trace=300081, class=java.io.File@500000cd)
OBJ 50000373 (sz=64, trace=300105, class=java.util.jar.JarFile@50000283)
	name		5000152b
	zc		5000037b
	streams		50000375
	inflaterCache	50000379
	manEntry	50000389
OBJ 50000374 (sz=40, trace=300106, class=java.lang.ref.Finalizer@50000089)
	referent	50000373
	queue		50000c02
	next		5000034c
	prev		5000038e
OBJ 50000375 (sz=56, trace=300107, class=java.util.WeakHashMap@500000f5)
	table		50000378
	queue		50000376
OBJ 50000376 (sz=32, trace=300108, class=java.lang.ref.ReferenceQueue@500000e0)
	lock		50000377
OBJ 50000377 (sz=16, trace=300109, class=java.lang.ref.ReferenceQueue$Lock@5000004f)
ARR 50000378 (sz=80, trace=300110, nelems=0, elem type=java.util.WeakHashMap$Entry[]@5000006c)
OBJ 50000379 (sz=24, trace=300112, class=java.util.ArrayDeque@500002e6)
	elements	5000037a
ARR 5000037a (sz=80, trace=300113, nelems=1, elem type=java.lang.Object[]@50000113)
	[0]		50000391
OBJ 5000037b (sz=32, trace=300115, class=java.util.zip.ZipCoder@500002e9)
	cs		50000fa6
	enc		50000381
ARR 5000037c (sz=152, trace=300116, nelems=0, elem type=byte[])
ARR 5000037d (sz=64, trace=300011, nelems=0, elem type=byte[])
ARR 5000037e (sz=152, trace=300117, nelems=0, elem type=byte[])
ARR 5000037f (sz=64, trace=300011, nelems=0, elem type=byte[])
ARR 50000380 (sz=1, trace=300136, nelems=1, elem type=byte[])
OBJ 50000381 (sz=48, trace=300137, class=sun.nio.cs.UTF_8$Encoder@50000133)
	charset		50000fa6
	replacement	50000380
	malformedInputAction	500013b4
	unmappableCharacterAction	500013b4
ARR 50000382 (sz=56, trace=300138, nelems=0, elem type=char[])
ARR 50000383 (sz=80, trace=300139, nelems=0, elem type=byte[])
ARR 50000384 (sz=40, trace=300140, nelems=0, elem type=byte[])
ARR 50000385 (sz=56, trace=300138, nelems=0, elem type=char[])
ARR 50000386 (sz=80, trace=300139, nelems=0, elem type=byte[])
ARR 50000387 (sz=40, trace=300140, nelems=0, elem type=byte[])
OBJ 50000388 (sz=64, trace=300185, class=java.util.zip.ZipEntry@50000342)
OBJ 50000389 (sz=80, trace=300187, class=java.util.jar.JarFile$JarFileEntry@50000345)
	name		50000f6e
	this$0		50000373
ARR 5000038a (sz=56, trace=300188, nelems=0, elem type=char[])
ARR 5000038b (sz=80, trace=300189, nelems=0, elem type=byte[])
ARR 5000038c (sz=40, trace=300190, nelems=0, elem type=byte[])
OBJ 5000038d (sz=56, trace=300192, class=java.util.zip.ZipFile$ZipFileInputStream@5000034a)
	this$0		50000373
OBJ 5000038e (sz=40, trace=300106, class=java.lang.ref.Finalizer@50000089)
	referent	5000038d
	queue		50000c02
	next		50000374
	prev		50000392
ARR 50000390 (sz=0, trace=300198, nelems=0, elem type=byte[])
OBJ 50000391 (sz=48, trace=300199, class=java.util.zip.Inflater@5000038f)
	zsRef		50000394
	buf		50000390
OBJ 50000392 (sz=40, trace=300106, class=java.lang.ref.Finalizer@50000089)
	referent	50000391
	queue		50000c02
	next		5000038e
	prev		50000398
OBJ 50000394 (sz=24, trace=300201, class=java.util.zip.ZStreamRef@50000393)
OBJ 50000397 (sz=56, trace=300203, class=java.util.zip.ZipFile$ZipFileInflaterInputStream@50000396)
	in		5000038d
	inf		50000391
	buf		5000039b
	singleByteBuf	50000399
	b		5000039a
	zfin		5000038d
	this$0		50000373
OBJ 50000398 (sz=40, trace=300106, class=java.lang.ref.Finalizer@50000089)
	referent	50000397
	queue		50000c02
	next		50000392
	prev		500003c0
ARR 50000399 (sz=1, trace=300204, nelems=1, elem type=byte[])
ARR 5000039a (sz=512, trace=300205, nelems=512, elem type=byte[])
ARR 5000039b (sz=102, trace=300206, nelems=102, elem type=byte[])
OBJ 5000039c (sz=40, trace=300193, class=java.util.WeakHashMap$Entry@5000006b)
ARR 5000039d (sz=16, trace=300195, nelems=0, elem type=byte[])
ARR 5000039e (sz=120, trace=300196, nelems=0, elem type=byte[])
OBJ 5000039f (sz=32, trace=300065, class=java.util.HashMap$Entry@500000e3)
	key		5000035a
	value		50000369
ARR 500003a0 (sz=120, trace=300138, nelems=0, elem type=char[])
ARR 500003a1 (sz=176, trace=300139, nelems=0, elem type=byte[])
ARR 500003a2 (sz=72, trace=300140, nelems=0, elem type=byte[])
OBJ 500003a3 (sz=24, trace=300033, class=java.lang.StringBuilder@5000016c)
ARR 500003a4 (sz=48, trace=300034, nelems=0, elem type=char[])
ARR 500003a5 (sz=128, trace=300006, nelems=0, elem type=char[])
OBJ 500003a6 (sz=24, trace=300035, class=java.lang.String@50000136)
	value		500003a7
ARR 500003a7 (sz=110, trace=300036, nelems=55, elem type=char[])
OBJ 500003a8 (sz=24, trace=300038, class=sun.misc.URLClassPath$3@500001b3)
OBJ 500003a9 (sz=24, trace=300043, class=java.lang.StringBuilder@5000016c)
ARR 500003aa (sz=48, trace=300044, nelems=0, elem type=char[])
OBJ 500003ab (sz=24, trace=300053, class=java.lang.StringBuffer@50000070)
ARR 500003ac (sz=128, trace=300054, nelems=0, elem type=char[])
OBJ 500003ad (sz=24, trace=300055, class=java.lang.String@50000136)
ARR 500003ae (sz=128, trace=300056, nelems=0, elem type=char[])
ARR 500003af (sz=128, trace=300006, nelems=0, elem type=char[])
ARR 500003b0 (sz=232, trace=300006, nelems=0, elem type=char[])
OBJ 500003b1 (sz=24, trace=300057, class=java.lang.String@50000136)
	value		500003b2
ARR 500003b2 (sz=110, trace=300058, nelems=55, elem type=char[])
OBJ 500003b3 (sz=64, trace=300059, class=java.net.URL@500000b9)
	protocol	50000f7f
	host		50000c3c
	file		500003b1
	authority	50000c3c
	path		500003b1
	handler		500014f3
OBJ 500003b4 (sz=24, trace=300060, class=java.net.Parts@5000002c)
OBJ 500003b5 (sz=48, trace=300061, class=sun.misc.URLClassPath$JarLoader@500001b6)
	base		500003b3
	jar		500003bf
	csu		500014fb
	handler		500014f3
	lmap		500014f4
OBJ 500003b6 (sz=32, trace=300062, class=java.io.File@500000cd)
OBJ 500003b7 (sz=16, trace=300071, class=sun.misc.URLClassPath$JarLoader$1@5000027a)
OBJ 500003b8 (sz=24, trace=300073, class=sun.misc.FileURLMapper@5000027c)
OBJ 500003b9 (sz=32, trace=300074, class=java.io.File@500000cd)
ARR 500003ba (sz=160, trace=300010, nelems=0, elem type=byte[])
ARR 500003bb (sz=64, trace=300011, nelems=0, elem type=byte[])
OBJ 500003bc (sz=24, trace=300012, class=java.lang.String@50000136)
ARR 500003bd (sz=48, trace=300013, nelems=0, elem type=char[])
OBJ 500003be (sz=32, trace=300081, class=java.io.File@500000cd)
OBJ 500003bf (sz=64, trace=300105, class=java.util.jar.JarFile@50000283)
	name		50001529
	zc		500003c7
	streams		500003c1
	inflaterCache	500003c5
	manEntry	500003d5
OBJ 500003c0 (sz=40, trace=300106, class=java.lang.ref.Finalizer@50000089)
	referent	500003bf
	queue		50000c02
	next		50000398
	prev		500003da
OBJ 500003c1 (sz=56, trace=300107, class=java.util.WeakHashMap@500000f5)
	table		500003c4
	queue		500003c2
OBJ 500003c2 (sz=32, trace=300108, class=java.lang.ref.ReferenceQueue@500000e0)
	lock		500003c3
OBJ 500003c3 (sz=16, trace=300109, class=java.lang.ref.ReferenceQueue$Lock@5000004f)
ARR 500003c4 (sz=80, trace=300110, nelems=0, elem type=java.util.WeakHashMap$Entry[]@5000006c)
OBJ 500003c5 (sz=24, trace=300112, class=java.util.ArrayDeque@500002e6)
	elements	500003c6
ARR 500003c6 (sz=80, trace=300113, nelems=0, elem type=java.lang.Object[]@50000113)
OBJ 500003c7 (sz=32, trace=300115, class=java.util.zip.ZipCoder@500002e9)
	cs		50000fa6
	enc		500003cd
ARR 500003c8 (sz=160, trace=300116, nelems=0, elem type=byte[])
ARR 500003c9 (sz=64, trace=300011, nelems=0, elem type=byte[])
ARR 500003ca (sz=160, trace=300117, nelems=0, elem type=byte[])
ARR 500003cb (sz=64, trace=300011, nelems=0, elem type=byte[])
ARR 500003cc (sz=1, trace=300136, nelems=1, elem type=byte[])
OBJ 500003cd (sz=48, trace=300137, class=sun.nio.cs.UTF_8$Encoder@50000133)
	charset		50000fa6
	replacement	500003cc
	malformedInputAction	500013b4
	unmappableCharacterAction	500013b4
ARR 500003ce (sz=56, trace=300138, nelems=0, elem type=char[])
ARR 500003cf (sz=80, trace=300139, nelems=0, elem type=byte[])
ARR 500003d0 (sz=40, trace=300140, nelems=0, elem type=byte[])
ARR 500003d1 (sz=56, trace=300138, nelems=0, elem type=char[])
ARR 500003d2 (sz=80, trace=300139, nelems=0, elem type=byte[])
ARR 500003d3 (sz=40, trace=300140, nelems=0, elem type=byte[])
OBJ 500003d4 (sz=64, trace=300185, class=java.util.zip.ZipEntry@50000342)
OBJ 500003d5 (sz=80, trace=300187, class=java.util.jar.JarFile$JarFileEntry@50000345)
	name		50000f6e
	this$0		500003bf
ARR 500003d6 (sz=56, trace=300188, nelems=0, elem type=char[])
ARR 500003d7 (sz=80, trace=300189, nelems=0, elem type=byte[])
ARR 500003d8 (sz=40, trace=300190, nelems=0, elem type=byte[])
OBJ 500003d9 (sz=56, trace=300192, class=java.util.zip.ZipFile$ZipFileInputStream@5000034a)
	this$0		500003bf
OBJ 500003da (sz=40, trace=300106, class=java.lang.ref.Finalizer@50000089)
	referent	500003d9
	queue		50000c02
	next		500003c0
	prev		500003ff
OBJ 500003db (sz=40, trace=300193, class=java.util.WeakHashMap$Entry@5000006b)
ARR 500003dc (sz=16, trace=300195, nelems=0, elem type=byte[])
ARR 500003dd (sz=336, trace=300196, nelems=0, elem type=byte[])
OBJ 500003de (sz=32, trace=300065, class=java.util.HashMap$Entry@500000e3)
	key		500003a6
	value		500003b5
ARR 500003df (sz=120, trace=300138, nelems=0, elem type=char[])
ARR 500003e0 (sz=176, trace=300139, nelems=0, elem type=byte[])
ARR 500003e1 (sz=72, trace=300140, nelems=0, elem type=byte[])
OBJ 500003e2 (sz=24, trace=300033, class=java.lang.StringBuilder@5000016c)
ARR 500003e3 (sz=48, trace=300034, nelems=0, elem type=char[])
ARR 500003e4 (sz=120, trace=300006, nelems=0, elem type=char[])
OBJ 500003e5 (sz=24, trace=300035, class=java.lang.String@50000136)
	value		500003e6
ARR 500003e6 (sz=104, trace=300036, nelems=52, elem type=char[])
OBJ 500003e7 (sz=24, trace=300038, class=sun.misc.URLClassPath$3@500001b3)
OBJ 500003e8 (sz=24, trace=300043, class=java.lang.StringBuilder@5000016c)
ARR 500003e9 (sz=48, trace=300044, nelems=0, elem type=char[])
OBJ 500003ea (sz=24, trace=300053, class=java.lang.StringBuffer@50000070)
ARR 500003eb (sz=120, trace=300054, nelems=0, elem type=char[])
OBJ 500003ec (sz=24, trace=300055, class=java.lang.String@50000136)
ARR 500003ed (sz=120, trace=300056, nelems=0, elem type=char[])
ARR 500003ee (sz=120, trace=300006, nelems=0, elem type=char[])
ARR 500003ef (sz=224, trace=300006, nelems=0, elem type=char[])
OBJ 500003f0 (sz=24, trace=300057, class=java.lang.String@50000136)
	value		500003f1
ARR 500003f1 (sz=104, trace=300058, nelems=52, elem type=char[])
OBJ 500003f2 (sz=64, trace=300059, class=java.net.URL@500000b9)
	protocol	50000f7f
	host		50000c3c
	file		500003f0
	authority	50000c3c
	path		500003f0
	handler		500014f3
OBJ 500003f3 (sz=24, trace=300060, class=java.net.Parts@5000002c)
OBJ 500003f4 (sz=48, trace=300061, class=sun.misc.URLClassPath$JarLoader@500001b6)
	base		500003f2
	jar		500003fe
	csu		500014fc
	handler		500014f3
	lmap		500014f4
OBJ 500003f5 (sz=32, trace=300062, class=java.io.File@500000cd)
OBJ 500003f6 (sz=16, trace=300071, class=sun.misc.URLClassPath$JarLoader$1@5000027a)
OBJ 500003f7 (sz=24, trace=300073, class=sun.misc.FileURLMapper@5000027c)
OBJ 500003f8 (sz=32, trace=300074, class=java.io.File@500000cd)
ARR 500003f9 (sz=152, trace=300010, nelems=0, elem type=byte[])
ARR 500003fa (sz=64, trace=300011, nelems=0, elem type=byte[])
OBJ 500003fb (sz=24, trace=300012, class=java.lang.String@50000136)
ARR 500003fc (sz=40, trace=300013, nelems=0, elem type=char[])
OBJ 500003fd (sz=32, trace=300081, class=java.io.File@500000cd)
OBJ 500003fe (sz=64, trace=300105, class=java.util.jar.JarFile@50000283)
	name		50001527
	zc		50000406
	streams		50000400
	inflaterCache	50000404
	manEntry	50000414
OBJ 500003ff (sz=40, trace=300106, class=java.lang.ref.Finalizer@50000089)
	referent	500003fe
	queue		50000c02
	next		500003da
	prev		50000419
OBJ 50000400 (sz=56, trace=300107, class=java.util.WeakHashMap@500000f5)
	table		50000403
	queue		50000401
OBJ 50000401 (sz=32, trace=300108, class=java.lang.ref.ReferenceQueue@500000e0)
	lock		50000402
OBJ 50000402 (sz=16, trace=300109, class=java.lang.ref.ReferenceQueue$Lock@5000004f)
ARR 50000403 (sz=80, trace=300110, nelems=0, elem type=java.util.WeakHashMap$Entry[]@5000006c)
OBJ 50000404 (sz=24, trace=300112, class=java.util.ArrayDeque@500002e6)
	elements	50000405
ARR 50000405 (sz=80, trace=300113, nelems=1, elem type=java.lang.Object[]@50000113)
	[0]		5000041a
OBJ 50000406 (sz=32, trace=300115, class=java.util.zip.ZipCoder@500002e9)
	cs		50000fa6
	enc		5000040c
ARR 50000407 (sz=152, trace=300116, nelems=0, elem type=byte[])
ARR 50000408 (sz=64, trace=300011, nelems=0, elem type=byte[])
ARR 50000409 (sz=152, trace=300117, nelems=0, elem type=byte[])
ARR 5000040a (sz=64, trace=300011, nelems=0, elem type=byte[])
ARR 5000040b (sz=1, trace=300136, nelems=1, elem type=byte[])
OBJ 5000040c (sz=48, trace=300137, class=sun.nio.cs.UTF_8$Encoder@50000133)
	charset		50000fa6
	replacement	5000040b
	malformedInputAction	500013b4
	unmappableCharacterAction	500013b4
ARR 5000040d (sz=56, trace=300138, nelems=0, elem type=char[])
ARR 5000040e (sz=80, trace=300139, nelems=0, elem type=byte[])
ARR 5000040f (sz=40, trace=300140, nelems=0, elem type=byte[])
ARR 50000410 (sz=56, trace=300138, nelems=0, elem type=char[])
ARR 50000411 (sz=80, trace=300139, nelems=0, elem type=byte[])
ARR 50000412 (sz=40, trace=300140, nelems=0, elem type=byte[])
OBJ 50000413 (sz=64, trace=300185, class=java.util.zip.ZipEntry@50000342)
OBJ 50000414 (sz=80, trace=300187, class=java.util.jar.JarFile$JarFileEntry@50000345)
	name		50000f6e
	this$0		500003fe
ARR 50000415 (sz=56, trace=300188, nelems=0, elem type=char[])
ARR 50000416 (sz=80, trace=300189, nelems=0, elem type=byte[])
ARR 50000417 (sz=40, trace=300190, nelems=0, elem type=byte[])
OBJ 50000418 (sz=56, trace=300192, class=java.util.zip.ZipFile$ZipFileInputStream@5000034a)
	this$0		500003fe
OBJ 50000419 (sz=40, trace=300106, class=java.lang.ref.Finalizer@50000089)
	referent	50000418
	queue		50000c02
	next		500003ff
	prev		5000041b
OBJ 5000041a (sz=48, trace=300199, class=java.util.zip.Inflater@5000038f)
	zsRef		5000041c
	buf		50000390
OBJ 5000041b (sz=40, trace=300106, class=java.lang.ref.Finalizer@50000089)
	referent	5000041a
	queue		50000c02
	next		50000419
	prev		5000041e
OBJ 5000041c (sz=24, trace=300201, class=java.util.zip.ZStreamRef@50000393)
OBJ 5000041d (sz=56, trace=300203, class=java.util.zip.ZipFile$ZipFileInflaterInputStream@50000396)
	in		50000418
	inf		5000041a
	buf		50000421
	singleByteBuf	5000041f
	b		50000420
	zfin		50000418
	this$0		500003fe
OBJ 5000041e (sz=40, trace=300106, class=java.lang.ref.Finalizer@50000089)
	referent	5000041d
	queue		50000c02
	next		5000041b
	prev		50000446
ARR 5000041f (sz=1, trace=300204, nelems=1, elem type=byte[])
ARR 50000420 (sz=512, trace=300205, nelems=512, elem type=byte[])
ARR 50000421 (sz=102, trace=300206, nelems=102, elem type=byte[])
OBJ 50000422 (sz=40, trace=300193, class=java.util.WeakHashMap$Entry@5000006b)
ARR 50000423 (sz=16, trace=300195, nelems=0, elem type=byte[])
ARR 50000424 (sz=120, trace=300196, nelems=0, elem type=byte[])
OBJ 50000425 (sz=32, trace=300065, class=java.util.HashMap$Entry@500000e3)
	key		500003e5
	value		500003f4
ARR 50000426 (sz=120, trace=300138, nelems=0, elem type=char[])
ARR 50000427 (sz=176, trace=300139, nelems=0, elem type=byte[])
ARR 50000428 (sz=72, trace=300140, nelems=0, elem type=byte[])
OBJ 50000429 (sz=24, trace=300033, class=java.lang.StringBuilder@5000016c)
ARR 5000042a (sz=48, trace=300034, nelems=0, elem type=char[])
ARR 5000042b (sz=128, trace=300006, nelems=0, elem type=char[])
OBJ 5000042c (sz=24, trace=300035, class=java.lang.String@50000136)
	value		5000042d
ARR 5000042d (sz=108, trace=300036, nelems=54, elem type=char[])
OBJ 5000042e (sz=24, trace=300038, class=sun.misc.URLClassPath$3@500001b3)
OBJ 5000042f (sz=24, trace=300043, class=java.lang.StringBuilder@5000016c)
ARR 50000430 (sz=48, trace=300044, nelems=0, elem type=char[])
OBJ 50000431 (sz=24, trace=300053, class=java.lang.StringBuffer@50000070)
ARR 50000432 (sz=120, trace=300054, nelems=0, elem type=char[])
OBJ 50000433 (sz=24, trace=300055, class=java.lang.String@50000136)
ARR 50000434 (sz=120, trace=300056, nelems=0, elem type=char[])
ARR 50000435 (sz=120, trace=300006, nelems=0, elem type=char[])
ARR 50000436 (sz=232, trace=300006, nelems=0, elem type=char[])
OBJ 50000437 (sz=24, trace=300057, class=java.lang.String@50000136)
	value		50000438
ARR 50000438 (sz=108, trace=300058, nelems=54, elem type=char[])
OBJ 50000439 (sz=64, trace=300059, class=java.net.URL@500000b9)
	protocol	50000f7f
	host		50000c3c
	file		50000437
	authority	50000c3c
	path		50000437
	handler		500014f3
OBJ 5000043a (sz=24, trace=300060, class=java.net.Parts@5000002c)
OBJ 5000043b (sz=48, trace=300061, class=sun.misc.URLClassPath$JarLoader@500001b6)
	base		50000439
	jar		50000445
	csu		500014fd
	handler		500014f3
	lmap		500014f4
OBJ 5000043c (sz=32, trace=300062, class=java.io.File@500000cd)
OBJ 5000043d (sz=16, trace=300071, class=sun.misc.URLClassPath$JarLoader$1@5000027a)
OBJ 5000043e (sz=24, trace=300073, class=sun.misc.FileURLMapper@5000027c)
OBJ 5000043f (sz=32, trace=300074, class=java.io.File@500000cd)
ARR 50000440 (sz=160, trace=300010, nelems=0, elem type=byte[])
ARR 50000441 (sz=64, trace=300011, nelems=0, elem type=byte[])
OBJ 50000442 (sz=24, trace=300012, class=java.lang.String@50000136)
ARR 50000443 (sz=40, trace=300013, nelems=0, elem type=char[])
OBJ 50000444 (sz=32, trace=300081, class=java.io.File@500000cd)
OBJ 50000445 (sz=64, trace=300105, class=java.util.jar.JarFile@50000283)
	name		50001525
	zc		5000044d
	streams		50000447
	inflaterCache	5000044b
OBJ 50000446 (sz=40, trace=300106, class=java.lang.ref.Finalizer@50000089)
	referent	50000445
	queue		50000c02
	next		5000041e
	prev		50000478
OBJ 50000447 (sz=56, trace=300107, class=java.util.WeakHashMap@500000f5)
	table		5000044a
	queue		50000448
OBJ 50000448 (sz=32, trace=300108, class=java.lang.ref.ReferenceQueue@500000e0)
	lock		50000449
OBJ 50000449 (sz=16, trace=300109, class=java.lang.ref.ReferenceQueue$Lock@5000004f)
ARR 5000044a (sz=80, trace=300110, nelems=0, elem type=java.util.WeakHashMap$Entry[]@5000006c)
OBJ 5000044b (sz=24, trace=300112, class=java.util.ArrayDeque@500002e6)
	elements	5000044c
ARR 5000044c (sz=80, trace=300113, nelems=0, elem type=java.lang.Object[]@50000113)
OBJ 5000044d (sz=32, trace=300115, class=java.util.zip.ZipCoder@500002e9)
	cs		50000fa6
	enc		50000453
ARR 5000044e (sz=160, trace=300116, nelems=0, elem type=byte[])
ARR 5000044f (sz=64, trace=300011, nelems=0, elem type=byte[])
ARR 50000450 (sz=160, trace=300117, nelems=0, elem type=byte[])
ARR 50000451 (sz=64, trace=300011, nelems=0, elem type=byte[])
ARR 50000452 (sz=1, trace=300136, nelems=1, elem type=byte[])
OBJ 50000453 (sz=48, trace=300137, class=sun.nio.cs.UTF_8$Encoder@50000133)
	charset		50000fa6
	replacement	50000452
	malformedInputAction	500013b4
	unmappableCharacterAction	500013b4
ARR 50000454 (sz=56, trace=300138, nelems=0, elem type=char[])
ARR 50000455 (sz=80, trace=300139, nelems=0, elem type=byte[])
ARR 50000456 (sz=40, trace=300140, nelems=0, elem type=byte[])
OBJ 50000457 (sz=32, trace=300065, class=java.util.HashMap$Entry@500000e3)
	key		5000042c
	value		5000043b
ARR 50000458 (sz=120, trace=300138, nelems=0, elem type=char[])
ARR 50000459 (sz=176, trace=300139, nelems=0, elem type=byte[])
ARR 5000045a (sz=72, trace=300140, nelems=0, elem type=byte[])
OBJ 5000045b (sz=24, trace=300033, class=java.lang.StringBuilder@5000016c)
ARR 5000045c (sz=48, trace=300034, nelems=0, elem type=char[])
ARR 5000045d (sz=120, trace=300006, nelems=0, elem type=char[])
OBJ 5000045e (sz=24, trace=300035, class=java.lang.String@50000136)
	value		5000045f
ARR 5000045f (sz=102, trace=300036, nelems=51, elem type=char[])
OBJ 50000460 (sz=24, trace=300038, class=sun.misc.URLClassPath$3@500001b3)
OBJ 50000461 (sz=24, trace=300043, class=java.lang.StringBuilder@5000016c)
ARR 50000462 (sz=48, trace=300044, nelems=0, elem type=char[])
OBJ 50000463 (sz=24, trace=300053, class=java.lang.StringBuffer@50000070)
ARR 50000464 (sz=120, trace=300054, nelems=0, elem type=char[])
OBJ 50000465 (sz=24, trace=300055, class=java.lang.String@50000136)
ARR 50000466 (sz=120, trace=300056, nelems=0, elem type=char[])
ARR 50000467 (sz=120, trace=300006, nelems=0, elem type=char[])
ARR 50000468 (sz=216, trace=300006, nelems=0, elem type=char[])
OBJ 50000469 (sz=24, trace=300057, class=java.lang.String@50000136)
	value		5000046a
ARR 5000046a (sz=102, trace=300058, nelems=51, elem type=char[])
OBJ 5000046b (sz=64, trace=300059, class=java.net.URL@500000b9)
	protocol	50000f7f
	host		50000c3c
	file		50000469
	authority	50000c3c
	path		50000469
	handler		500014f3
OBJ 5000046c (sz=24, trace=300060, class=java.net.Parts@5000002c)
OBJ 5000046d (sz=48, trace=300061, class=sun.misc.URLClassPath$JarLoader@500001b6)
	base		5000046b
	jar		50000477
	csu		500014fe
	handler		500014f3
	lmap		500014f4
OBJ 5000046e (sz=32, trace=300062, class=java.io.File@500000cd)
OBJ 5000046f (sz=16, trace=300071, class=sun.misc.URLClassPath$JarLoader$1@5000027a)
OBJ 50000470 (sz=24, trace=300073, class=sun.misc.FileURLMapper@5000027c)
OBJ 50000471 (sz=32, trace=300074, class=java.io.File@500000cd)
ARR 50000472 (sz=152, trace=300010, nelems=0, elem type=byte[])
ARR 50000473 (sz=64, trace=300011, nelems=0, elem type=byte[])
OBJ 50000474 (sz=24, trace=300012, class=java.lang.String@50000136)
ARR 50000475 (sz=40, trace=300013, nelems=0, elem type=char[])
OBJ 50000476 (sz=32, trace=300081, class=java.io.File@500000cd)
OBJ 50000477 (sz=64, trace=300105, class=java.util.jar.JarFile@50000283)
	name		50001523
	zc		5000047f
	streams		50000479
	inflaterCache	5000047d
	manEntry	5000048d
OBJ 50000478 (sz=40, trace=300106, class=java.lang.ref.Finalizer@50000089)
	referent	50000477
	queue		50000c02
	next		50000446
	prev		50000492
OBJ 50000479 (sz=56, trace=300107, class=java.util.WeakHashMap@500000f5)
	table		5000047c
	queue		5000047a
OBJ 5000047a (sz=32, trace=300108, class=java.lang.ref.ReferenceQueue@500000e0)
	lock		5000047b
OBJ 5000047b (sz=16, trace=300109, class=java.lang.ref.ReferenceQueue$Lock@5000004f)
ARR 5000047c (sz=80, trace=300110, nelems=0, elem type=java.util.WeakHashMap$Entry[]@5000006c)
OBJ 5000047d (sz=24, trace=300112, class=java.util.ArrayDeque@500002e6)
	elements	5000047e
ARR 5000047e (sz=80, trace=300113, nelems=0, elem type=java.lang.Object[]@50000113)
OBJ 5000047f (sz=32, trace=300115, class=java.util.zip.ZipCoder@500002e9)
	cs		50000fa6
	enc		50000485
ARR 50000480 (sz=152, trace=300116, nelems=0, elem type=byte[])
ARR 50000481 (sz=64, trace=300011, nelems=0, elem type=byte[])
ARR 50000482 (sz=152, trace=300117, nelems=0, elem type=byte[])
ARR 50000483 (sz=64, trace=300011, nelems=0, elem type=byte[])
ARR 50000484 (sz=1, trace=300136, nelems=1, elem type=byte[])
OBJ 50000485 (sz=48, trace=300137, class=sun.nio.cs.UTF_8$Encoder@50000133)
	charset		50000fa6
	replacement	50000484
	malformedInputAction	500013b4
	unmappableCharacterAction	500013b4
ARR 50000486 (sz=56, trace=300138, nelems=0, elem type=char[])
ARR 50000487 (sz=80, trace=300139, nelems=0, elem type=byte[])
ARR 50000488 (sz=40, trace=300140, nelems=0, elem type=byte[])
ARR 50000489 (sz=56, trace=300138, nelems=0, elem type=char[])
ARR 5000048a (sz=80, trace=300139, nelems=0, elem type=byte[])
ARR 5000048b (sz=40, trace=300140, nelems=0, elem type=byte[])
OBJ 5000048c (sz=64, trace=300185, class=java.util.zip.ZipEntry@50000342)
OBJ 5000048d (sz=80, trace=300187, class=java.util.jar.JarFile$JarFileEntry@50000345)
	name		50000f6e
	this$0		50000477
ARR 5000048e (sz=56, trace=300188, nelems=0, elem type=char[])
ARR 5000048f (sz=80, trace=300189, nelems=0, elem type=byte[])
ARR 50000490 (sz=40, trace=300190, nelems=0, elem type=byte[])
OBJ 50000491 (sz=56, trace=300192, class=java.util.zip.ZipFile$ZipFileInputStream@5000034a)
	this$0		50000477
OBJ 50000492 (sz=40, trace=300106, class=java.lang.ref.Finalizer@50000089)
	referent	50000491
	queue		50000c02
	next		50000478
	prev		500004b7
OBJ 50000493 (sz=40, trace=300193, class=java.util.WeakHashMap$Entry@5000006b)
ARR 50000494 (sz=16, trace=300195, nelems=0, elem type=byte[])
ARR 50000495 (sz=128, trace=300196, nelems=0, elem type=byte[])
OBJ 50000496 (sz=32, trace=300065, class=java.util.HashMap$Entry@500000e3)
	key		5000045e
	value		5000046d
ARR 50000497 (sz=120, trace=300138, nelems=0, elem type=char[])
ARR 50000498 (sz=176, trace=300139, nelems=0, elem type=byte[])
ARR 50000499 (sz=72, trace=300140, nelems=0, elem type=byte[])
OBJ 5000049a (sz=24, trace=300033, class=java.lang.StringBuilder@5000016c)
ARR 5000049b (sz=48, trace=300034, nelems=0, elem type=char[])
ARR 5000049c (sz=112, trace=300006, nelems=0, elem type=char[])
OBJ 5000049d (sz=24, trace=300035, class=java.lang.String@50000136)
	value		5000049e
ARR 5000049e (sz=96, trace=300036, nelems=48, elem type=char[])
OBJ 5000049f (sz=24, trace=300038, class=sun.misc.URLClassPath$3@500001b3)
OBJ 500004a0 (sz=24, trace=300043, class=java.lang.StringBuilder@5000016c)
ARR 500004a1 (sz=48, trace=300044, nelems=0, elem type=char[])
OBJ 500004a2 (sz=24, trace=300053, class=java.lang.StringBuffer@50000070)
ARR 500004a3 (sz=112, trace=300054, nelems=0, elem type=char[])
OBJ 500004a4 (sz=24, trace=300055, class=java.lang.String@50000136)
ARR 500004a5 (sz=112, trace=300056, nelems=0, elem type=char[])
ARR 500004a6 (sz=112, trace=300006, nelems=0, elem type=char[])
ARR 500004a7 (sz=208, trace=300006, nelems=0, elem type=char[])
OBJ 500004a8 (sz=24, trace=300057, class=java.lang.String@50000136)
	value		500004a9
ARR 500004a9 (sz=96, trace=300058, nelems=48, elem type=char[])
OBJ 500004aa (sz=64, trace=300059, class=java.net.URL@500000b9)
	protocol	50000f7f
	host		50000c3c
	file		500004a8
	authority	50000c3c
	path		500004a8
	handler		500014f3
OBJ 500004ab (sz=24, trace=300060, class=java.net.Parts@5000002c)
OBJ 500004ac (sz=48, trace=300061, class=sun.misc.URLClassPath$JarLoader@500001b6)
	base		500004aa
	jar		500004b6
	csu		500014ff
	handler		500014f3
	lmap		500014f4
OBJ 500004ad (sz=32, trace=300062, class=java.io.File@500000cd)
OBJ 500004ae (sz=16, trace=300071, class=sun.misc.URLClassPath$JarLoader$1@5000027a)
OBJ 500004af (sz=24, trace=300073, class=sun.misc.FileURLMapper@5000027c)
OBJ 500004b0 (sz=32, trace=300074, class=java.io.File@500000cd)
ARR 500004b1 (sz=144, trace=300010, nelems=0, elem type=byte[])
ARR 500004b2 (sz=64, trace=300011, nelems=0, elem type=byte[])
OBJ 500004b3 (sz=24, trace=300012, class=java.lang.String@50000136)
ARR 500004b4 (sz=32, trace=300013, nelems=0, elem type=char[])
OBJ 500004b5 (sz=32, trace=300081, class=java.io.File@500000cd)
OBJ 500004b6 (sz=64, trace=300105, class=java.util.jar.JarFile@50000283)
	name		50001521
	zc		500004be
	streams		500004b8
	inflaterCache	500004bc
OBJ 500004b7 (sz=40, trace=300106, class=java.lang.ref.Finalizer@50000089)
	referent	500004b6
	queue		50000c02
	next		50000492
	prev		500004e9
OBJ 500004b8 (sz=56, trace=300107, class=java.util.WeakHashMap@500000f5)
	table		500004bb
	queue		500004b9
OBJ 500004b9 (sz=32, trace=300108, class=java.lang.ref.ReferenceQueue@500000e0)
	lock		500004ba
OBJ 500004ba (sz=16, trace=300109, class=java.lang.ref.ReferenceQueue$Lock@5000004f)
ARR 500004bb (sz=80, trace=300110, nelems=0, elem type=java.util.WeakHashMap$Entry[]@5000006c)
OBJ 500004bc (sz=24, trace=300112, class=java.util.ArrayDeque@500002e6)
	elements	500004bd
ARR 500004bd (sz=80, trace=300113, nelems=0, elem type=java.lang.Object[]@50000113)
OBJ 500004be (sz=32, trace=300115, class=java.util.zip.ZipCoder@500002e9)
	cs		50000fa6
	enc		500004c4
ARR 500004bf (sz=144, trace=300116, nelems=0, elem type=byte[])
ARR 500004c0 (sz=64, trace=300011, nelems=0, elem type=byte[])
ARR 500004c1 (sz=144, trace=300117, nelems=0, elem type=byte[])
ARR 500004c2 (sz=64, trace=300011, nelems=0, elem type=byte[])
ARR 500004c3 (sz=1, trace=300136, nelems=1, elem type=byte[])
OBJ 500004c4 (sz=48, trace=300137, class=sun.nio.cs.UTF_8$Encoder@50000133)
	charset		50000fa6
	replacement	500004c3
	malformedInputAction	500013b4
	unmappableCharacterAction	500013b4
ARR 500004c5 (sz=56, trace=300138, nelems=0, elem type=char[])
ARR 500004c6 (sz=80, trace=300139, nelems=0, elem type=byte[])
ARR 500004c7 (sz=40, trace=300140, nelems=0, elem type=byte[])
OBJ 500004c8 (sz=32, trace=300065, class=java.util.HashMap$Entry@500000e3)
	key		5000049d
	value		500004ac
ARR 500004c9 (sz=120, trace=300138, nelems=0, elem type=char[])
ARR 500004ca (sz=176, trace=300139, nelems=0, elem type=byte[])
ARR 500004cb (sz=72, trace=300140, nelems=0, elem type=byte[])
OBJ 500004cc (sz=24, trace=300033, class=java.lang.StringBuilder@5000016c)
ARR 500004cd (sz=48, trace=300034, nelems=0, elem type=char[])
ARR 500004ce (sz=144, trace=300006, nelems=0, elem type=char[])
OBJ 500004cf (sz=24, trace=300035, class=java.lang.String@50000136)
	value		500004d0
ARR 500004d0 (sz=124, trace=300036, nelems=62, elem type=char[])
OBJ 500004d1 (sz=24, trace=300038, class=sun.misc.URLClassPath$3@500001b3)
OBJ 500004d2 (sz=24, trace=300043, class=java.lang.StringBuilder@5000016c)
ARR 500004d3 (sz=48, trace=300044, nelems=0, elem type=char[])
OBJ 500004d4 (sz=24, trace=300053, class=java.lang.StringBuffer@50000070)
ARR 500004d5 (sz=136, trace=300054, nelems=0, elem type=char[])
OBJ 500004d6 (sz=24, trace=300055, class=java.lang.String@50000136)
ARR 500004d7 (sz=136, trace=300056, nelems=0, elem type=char[])
ARR 500004d8 (sz=136, trace=300006, nelems=0, elem type=char[])
ARR 500004d9 (sz=264, trace=300006, nelems=0, elem type=char[])
OBJ 500004da (sz=24, trace=300057, class=java.lang.String@50000136)
	value		500004db
ARR 500004db (sz=124, trace=300058, nelems=62, elem type=char[])
OBJ 500004dc (sz=64, trace=300059, class=java.net.URL@500000b9)
	protocol	50000f7f
	host		50000c3c
	file		500004da
	authority	50000c3c
	path		500004da
	handler		500014f3
OBJ 500004dd (sz=24, trace=300060, class=java.net.Parts@5000002c)
OBJ 500004de (sz=48, trace=300061, class=sun.misc.URLClassPath$JarLoader@500001b6)
	base		500004dc
	jar		500004e8
	csu		50001500
	handler		500014f3
	lmap		500014f4
OBJ 500004df (sz=32, trace=300062, class=java.io.File@500000cd)
OBJ 500004e0 (sz=16, trace=300071, class=sun.misc.URLClassPath$JarLoader$1@5000027a)
OBJ 500004e1 (sz=24, trace=300073, class=sun.misc.FileURLMapper@5000027c)
OBJ 500004e2 (sz=32, trace=300074, class=java.io.File@500000cd)
ARR 500004e3 (sz=184, trace=300010, nelems=0, elem type=byte[])
ARR 500004e4 (sz=72, trace=300011, nelems=0, elem type=byte[])
OBJ 500004e5 (sz=24, trace=300012, class=java.lang.String@50000136)
ARR 500004e6 (sz=56, trace=300013, nelems=0, elem type=char[])
OBJ 500004e7 (sz=32, trace=300081, class=java.io.File@500000cd)
OBJ 500004e8 (sz=64, trace=300105, class=java.util.jar.JarFile@50000283)
	name		5000151f
	zc		500004f0
	streams		500004ea
	inflaterCache	500004ee
	manEntry	500004fe
OBJ 500004e9 (sz=40, trace=300106, class=java.lang.ref.Finalizer@50000089)
	referent	500004e8
	queue		50000c02
	next		500004b7
	prev		50000503
OBJ 500004ea (sz=56, trace=300107, class=java.util.WeakHashMap@500000f5)
	table		500004ed
	queue		500004eb
OBJ 500004eb (sz=32, trace=300108, class=java.lang.ref.ReferenceQueue@500000e0)
	lock		500004ec
OBJ 500004ec (sz=16, trace=300109, class=java.lang.ref.ReferenceQueue$Lock@5000004f)
ARR 500004ed (sz=80, trace=300110, nelems=0, elem type=java.util.WeakHashMap$Entry[]@5000006c)
OBJ 500004ee (sz=24, trace=300112, class=java.util.ArrayDeque@500002e6)
	elements	500004ef
ARR 500004ef (sz=80, trace=300113, nelems=1, elem type=java.lang.Object[]@50000113)
	[0]		50000504
OBJ 500004f0 (sz=32, trace=300115, class=java.util.zip.ZipCoder@500002e9)
	cs		50000fa6
	enc		500004f6
ARR 500004f1 (sz=184, trace=300116, nelems=0, elem type=byte[])
ARR 500004f2 (sz=72, trace=300011, nelems=0, elem type=byte[])
ARR 500004f3 (sz=184, trace=300117, nelems=0, elem type=byte[])
ARR 500004f4 (sz=72, trace=300011, nelems=0, elem type=byte[])
ARR 500004f5 (sz=1, trace=300136, nelems=1, elem type=byte[])
OBJ 500004f6 (sz=48, trace=300137, class=sun.nio.cs.UTF_8$Encoder@50000133)
	charset		50000fa6
	replacement	500004f5
	malformedInputAction	500013b4
	unmappableCharacterAction	500013b4
ARR 500004f7 (sz=56, trace=300138, nelems=0, elem type=char[])
ARR 500004f8 (sz=80, trace=300139, nelems=0, elem type=byte[])
ARR 500004f9 (sz=40, trace=300140, nelems=0, elem type=byte[])
ARR 500004fa (sz=56, trace=300138, nelems=0, elem type=char[])
ARR 500004fb (sz=80, trace=300139, nelems=0, elem type=byte[])
ARR 500004fc (sz=40, trace=300140, nelems=0, elem type=byte[])
OBJ 500004fd (sz=64, trace=300185, class=java.util.zip.ZipEntry@50000342)
OBJ 500004fe (sz=80, trace=300187, class=java.util.jar.JarFile$JarFileEntry@50000345)
	name		50000f6e
	this$0		500004e8
ARR 500004ff (sz=56, trace=300188, nelems=0, elem type=char[])
ARR 50000500 (sz=80, trace=300189, nelems=0, elem type=byte[])
ARR 50000501 (sz=40, trace=300190, nelems=0, elem type=byte[])
OBJ 50000502 (sz=56, trace=300192, class=java.util.zip.ZipFile$ZipFileInputStream@5000034a)
	this$0		500004e8
OBJ 50000503 (sz=40, trace=300106, class=java.lang.ref.Finalizer@50000089)
	referent	50000502
	queue		50000c02
	next		500004e9
	prev		50000505
OBJ 50000504 (sz=48, trace=300199, class=java.util.zip.Inflater@5000038f)
	zsRef		50000506
	buf		50000390
OBJ 50000505 (sz=40, trace=300106, class=java.lang.ref.Finalizer@50000089)
	referent	50000504
	queue		50000c02
	next		50000503
	prev		50000508
OBJ 50000506 (sz=24, trace=300201, class=java.util.zip.ZStreamRef@50000393)
OBJ 50000507 (sz=56, trace=300203, class=java.util.zip.ZipFile$ZipFileInflaterInputStream@50000396)
	in		50000502
	inf		50000504
	buf		5000050b
	singleByteBuf	50000509
	b		5000050a
	zfin		50000502
	this$0		500004e8
OBJ 50000508 (sz=40, trace=300106, class=java.lang.ref.Finalizer@50000089)
	referent	50000507
	queue		50000c02
	next		50000505
	prev		50000530
ARR 50000509 (sz=1, trace=300204, nelems=1, elem type=byte[])
ARR 5000050a (sz=512, trace=300205, nelems=512, elem type=byte[])
ARR 5000050b (sz=145, trace=300206, nelems=145, elem type=byte[])
OBJ 5000050c (sz=40, trace=300193, class=java.util.WeakHashMap$Entry@5000006b)
ARR 5000050d (sz=16, trace=300195, nelems=0, elem type=byte[])
ARR 5000050e (sz=160, trace=300196, nelems=0, elem type=byte[])
OBJ 5000050f (sz=32, trace=300065, class=java.util.HashMap$Entry@500000e3)
	key		500004cf
	value		500004de
	next		500005d7
ARR 50000510 (sz=120, trace=300138, nelems=0, elem type=char[])
ARR 50000511 (sz=176, trace=300139, nelems=0, elem type=byte[])
ARR 50000512 (sz=72, trace=300140, nelems=0, elem type=byte[])
OBJ 50000513 (sz=24, trace=300033, class=java.lang.StringBuilder@5000016c)
ARR 50000514 (sz=48, trace=300034, nelems=0, elem type=char[])
ARR 50000515 (sz=120, trace=300006, nelems=0, elem type=char[])
OBJ 50000516 (sz=24, trace=300035, class=java.lang.String@50000136)
	value		50000517
ARR 50000517 (sz=98, trace=300036, nelems=49, elem type=char[])
OBJ 50000518 (sz=24, trace=300038, class=sun.misc.URLClassPath$3@500001b3)
OBJ 50000519 (sz=24, trace=300043, class=java.lang.StringBuilder@5000016c)
ARR 5000051a (sz=48, trace=300044, nelems=0, elem type=char[])
OBJ 5000051b (sz=24, trace=300053, class=java.lang.StringBuffer@50000070)
ARR 5000051c (sz=112, trace=300054, nelems=0, elem type=char[])
OBJ 5000051d (sz=24, trace=300055, class=java.lang.String@50000136)
ARR 5000051e (sz=112, trace=300056, nelems=0, elem type=char[])
ARR 5000051f (sz=112, trace=300006, nelems=0, elem type=char[])
ARR 50000520 (sz=208, trace=300006, nelems=0, elem type=char[])
OBJ 50000521 (sz=24, trace=300057, class=java.lang.String@50000136)
	value		50000522
ARR 50000522 (sz=98, trace=300058, nelems=49, elem type=char[])
OBJ 50000523 (sz=64, trace=300059, class=java.net.URL@500000b9)
	protocol	50000f7f
	host		50000c3c
	file		50000521
	authority	50000c3c
	path		50000521
	handler		500014f3
OBJ 50000524 (sz=24, trace=300060, class=java.net.Parts@5000002c)
OBJ 50000525 (sz=48, trace=300061, class=sun.misc.URLClassPath$JarLoader@500001b6)
	base		50000523
	jar		5000052f
	csu		50001501
	handler		500014f3
	lmap		500014f4
OBJ 50000526 (sz=32, trace=300062, class=java.io.File@500000cd)
OBJ 50000527 (sz=16, trace=300071, class=sun.misc.URLClassPath$JarLoader$1@5000027a)
OBJ 50000528 (sz=24, trace=300073, class=sun.misc.FileURLMapper@5000027c)
OBJ 50000529 (sz=32, trace=300074, class=java.io.File@500000cd)
ARR 5000052a (sz=144, trace=300010, nelems=0, elem type=byte[])
ARR 5000052b (sz=64, trace=300011, nelems=0, elem type=byte[])
OBJ 5000052c (sz=24, trace=300012, class=java.lang.String@50000136)
ARR 5000052d (sz=32, trace=300013, nelems=0, elem type=char[])
OBJ 5000052e (sz=32, trace=300081, class=java.io.File@500000cd)
OBJ 5000052f (sz=64, trace=300105, class=java.util.jar.JarFile@50000283)
	name		5000151d
	zc		50000537
	streams		50000531
	inflaterCache	50000535
OBJ 50000530 (sz=40, trace=300106, class=java.lang.ref.Finalizer@50000089)
	referent	5000052f
	queue		50000c02
	next		50000508
	prev		50000562
OBJ 50000531 (sz=56, trace=300107, class=java.util.WeakHashMap@500000f5)
	table		50000534
	queue		50000532
OBJ 50000532 (sz=32, trace=300108, class=java.lang.ref.ReferenceQueue@500000e0)
	lock		50000533
OBJ 50000533 (sz=16, trace=300109, class=java.lang.ref.ReferenceQueue$Lock@5000004f)
ARR 50000534 (sz=80, trace=300110, nelems=0, elem type=java.util.WeakHashMap$Entry[]@5000006c)
OBJ 50000535 (sz=24, trace=300112, class=java.util.ArrayDeque@500002e6)
	elements	50000536
ARR 50000536 (sz=80, trace=300113, nelems=0, elem type=java.lang.Object[]@50000113)
OBJ 50000537 (sz=32, trace=300115, class=java.util.zip.ZipCoder@500002e9)
	cs		50000fa6
	enc		5000053d
ARR 50000538 (sz=144, trace=300116, nelems=0, elem type=byte[])
ARR 50000539 (sz=64, trace=300011, nelems=0, elem type=byte[])
ARR 5000053a (sz=144, trace=300117, nelems=0, elem type=byte[])
ARR 5000053b (sz=64, trace=300011, nelems=0, elem type=byte[])
ARR 5000053c (sz=1, trace=300136, nelems=1, elem type=byte[])
OBJ 5000053d (sz=48, trace=300137, class=sun.nio.cs.UTF_8$Encoder@50000133)
	charset		50000fa6
	replacement	5000053c
	malformedInputAction	500013b4
	unmappableCharacterAction	500013b4
ARR 5000053e (sz=56, trace=300138, nelems=0, elem type=char[])
ARR 5000053f (sz=80, trace=300139, nelems=0, elem type=byte[])
ARR 50000540 (sz=40, trace=300140, nelems=0, elem type=byte[])
OBJ 50000541 (sz=32, trace=300065, class=java.util.HashMap$Entry@500000e3)
	key		50000516
	value		50000525
ARR 50000542 (sz=120, trace=300138, nelems=0, elem type=char[])
ARR 50000543 (sz=176, trace=300139, nelems=0, elem type=byte[])
ARR 50000544 (sz=72, trace=300140, nelems=0, elem type=byte[])
OBJ 50000545 (sz=24, trace=300033, class=java.lang.StringBuilder@5000016c)
ARR 50000546 (sz=48, trace=300034, nelems=0, elem type=char[])
ARR 50000547 (sz=120, trace=300006, nelems=0, elem type=char[])
OBJ 50000548 (sz=24, trace=300035, class=java.lang.String@50000136)
	value		50000549
ARR 50000549 (sz=100, trace=300036, nelems=50, elem type=char[])
OBJ 5000054a (sz=24, trace=300038, class=sun.misc.URLClassPath$3@500001b3)
OBJ 5000054b (sz=24, trace=300043, class=java.lang.StringBuilder@5000016c)
ARR 5000054c (sz=48, trace=300044, nelems=0, elem type=char[])
OBJ 5000054d (sz=24, trace=300053, class=java.lang.StringBuffer@50000070)
ARR 5000054e (sz=112, trace=300054, nelems=0, elem type=char[])
OBJ 5000054f (sz=24, trace=300055, class=java.lang.String@50000136)
ARR 50000550 (sz=112, trace=300056, nelems=0, elem type=char[])
ARR 50000551 (sz=112, trace=300006, nelems=0, elem type=char[])
ARR 50000552 (sz=216, trace=300006, nelems=0, elem type=char[])
OBJ 50000553 (sz=24, trace=300057, class=java.lang.String@50000136)
	value		50000554
ARR 50000554 (sz=100, trace=300058, nelems=50, elem type=char[])
OBJ 50000555 (sz=64, trace=300059, class=java.net.URL@500000b9)
	protocol	50000f7f
	host		50000c3c
	file		50000553
	authority	50000c3c
	path		50000553
	handler		500014f3
OBJ 50000556 (sz=24, trace=300060, class=java.net.Parts@5000002c)
OBJ 50000557 (sz=48, trace=300061, class=sun.misc.URLClassPath$JarLoader@500001b6)
	base		50000555
	jar		50000561
	csu		50001502
	handler		500014f3
	lmap		500014f4
OBJ 50000558 (sz=32, trace=300062, class=java.io.File@500000cd)
OBJ 50000559 (sz=16, trace=300071, class=sun.misc.URLClassPath$JarLoader$1@5000027a)
OBJ 5000055a (sz=24, trace=300073, class=sun.misc.FileURLMapper@5000027c)
OBJ 5000055b (sz=32, trace=300074, class=java.io.File@500000cd)
ARR 5000055c (sz=152, trace=300010, nelems=0, elem type=byte[])
ARR 5000055d (sz=64, trace=300011, nelems=0, elem type=byte[])
OBJ 5000055e (sz=24, trace=300012, class=java.lang.String@50000136)
ARR 5000055f (sz=32, trace=300013, nelems=0, elem type=char[])
OBJ 50000560 (sz=32, trace=300081, class=java.io.File@500000cd)
OBJ 50000561 (sz=64, trace=300105, class=java.util.jar.JarFile@50000283)
	name		5000151b
	zc		50000569
	streams		50000563
	inflaterCache	50000567
OBJ 50000562 (sz=40, trace=300106, class=java.lang.ref.Finalizer@50000089)
	referent	50000561
	queue		50000c02
	next		50000530
	prev		50000594
OBJ 50000563 (sz=56, trace=300107, class=java.util.WeakHashMap@500000f5)
	table		50000566
	queue		50000564
OBJ 50000564 (sz=32, trace=300108, class=java.lang.ref.ReferenceQueue@500000e0)
	lock		50000565
OBJ 50000565 (sz=16, trace=300109, class=java.lang.ref.ReferenceQueue$Lock@5000004f)
ARR 50000566 (sz=80, trace=300110, nelems=0, elem type=java.util.WeakHashMap$Entry[]@5000006c)
OBJ 50000567 (sz=24, trace=300112, class=java.util.ArrayDeque@500002e6)
	elements	50000568
ARR 50000568 (sz=80, trace=300113, nelems=0, elem type=java.lang.Object[]@50000113)
OBJ 50000569 (sz=32, trace=300115, class=java.util.zip.ZipCoder@500002e9)
	cs		50000fa6
	enc		5000056f
ARR 5000056a (sz=152, trace=300116, nelems=0, elem type=byte[])
ARR 5000056b (sz=64, trace=300011, nelems=0, elem type=byte[])
ARR 5000056c (sz=152, trace=300117, nelems=0, elem type=byte[])
ARR 5000056d (sz=64, trace=300011, nelems=0, elem type=byte[])
ARR 5000056e (sz=1, trace=300136, nelems=1, elem type=byte[])
OBJ 5000056f (sz=48, trace=300137, class=sun.nio.cs.UTF_8$Encoder@50000133)
	charset		50000fa6
	replacement	5000056e
	malformedInputAction	500013b4
	unmappableCharacterAction	500013b4
ARR 50000570 (sz=56, trace=300138, nelems=0, elem type=char[])
ARR 50000571 (sz=80, trace=300139, nelems=0, elem type=byte[])
ARR 50000572 (sz=40, trace=300140, nelems=0, elem type=byte[])
OBJ 50000573 (sz=32, trace=300065, class=java.util.HashMap$Entry@500000e3)
	key		50000548
	value		50000557
	next		500005bb
ARR 50000574 (sz=120, trace=300138, nelems=0, elem type=char[])
ARR 50000575 (sz=176, trace=300139, nelems=0, elem type=byte[])
ARR 50000576 (sz=72, trace=300140, nelems=0, elem type=byte[])
OBJ 50000577 (sz=24, trace=300033, class=java.lang.StringBuilder@5000016c)
ARR 50000578 (sz=48, trace=300034, nelems=0, elem type=char[])
ARR 50000579 (sz=120, trace=300006, nelems=0, elem type=char[])
OBJ 5000057a (sz=24, trace=300035, class=java.lang.String@50000136)
	value		5000057b
ARR 5000057b (sz=104, trace=300036, nelems=52, elem type=char[])
OBJ 5000057c (sz=24, trace=300038, class=sun.misc.URLClassPath$3@500001b3)
OBJ 5000057d (sz=24, trace=300043, class=java.lang.StringBuilder@5000016c)
ARR 5000057e (sz=48, trace=300044, nelems=0, elem type=char[])
OBJ 5000057f (sz=24, trace=300053, class=java.lang.StringBuffer@50000070)
ARR 50000580 (sz=120, trace=300054, nelems=0, elem type=char[])
OBJ 50000581 (sz=24, trace=300055, class=java.lang.String@50000136)
ARR 50000582 (sz=120, trace=300056, nelems=0, elem type=char[])
ARR 50000583 (sz=120, trace=300006, nelems=0, elem type=char[])
ARR 50000584 (sz=224, trace=300006, nelems=0, elem type=char[])
OBJ 50000585 (sz=24, trace=300057, class=java.lang.String@50000136)
	value		50000586
ARR 50000586 (sz=104, trace=300058, nelems=52, elem type=char[])
OBJ 50000587 (sz=64, trace=300059, class=java.net.URL@500000b9)
	protocol	50000f7f
	host		50000c3c
	file		50000585
	authority	50000c3c
	path		50000585
	handler		500014f3
OBJ 50000588 (sz=24, trace=300060, class=java.net.Parts@5000002c)
OBJ 50000589 (sz=48, trace=300061, class=sun.misc.URLClassPath$JarLoader@500001b6)
	base		50000587
	jar		50000593
	csu		50001503
	handler		500014f3
	lmap		500014f4
OBJ 5000058a (sz=32, trace=300062, class=java.io.File@500000cd)
OBJ 5000058b (sz=16, trace=300071, class=sun.misc.URLClassPath$JarLoader$1@5000027a)
OBJ 5000058c (sz=24, trace=300073, class=sun.misc.FileURLMapper@5000027c)
OBJ 5000058d (sz=32, trace=300074, class=java.io.File@500000cd)
ARR 5000058e (sz=152, trace=300010, nelems=0, elem type=byte[])
ARR 5000058f (sz=64, trace=300011, nelems=0, elem type=byte[])
OBJ 50000590 (sz=24, trace=300012, class=java.lang.String@50000136)
ARR 50000591 (sz=40, trace=300013, nelems=0, elem type=char[])
OBJ 50000592 (sz=32, trace=300081, class=java.io.File@500000cd)
OBJ 50000593 (sz=64, trace=300105, class=java.util.jar.JarFile@50000283)
	name		50001519
	zc		5000059b
	streams		50000595
	inflaterCache	50000599
	manEntry	500005a9
OBJ 50000594 (sz=40, trace=300106, class=java.lang.ref.Finalizer@50000089)
	referent	50000593
	queue		50000c02
	next		50000562
	prev		500005ae
OBJ 50000595 (sz=56, trace=300107, class=java.util.WeakHashMap@500000f5)
	table		50000598
	queue		50000596
OBJ 50000596 (sz=32, trace=300108, class=java.lang.ref.ReferenceQueue@500000e0)
	lock		50000597
OBJ 50000597 (sz=16, trace=300109, class=java.lang.ref.ReferenceQueue$Lock@5000004f)
ARR 50000598 (sz=80, trace=300110, nelems=0, elem type=java.util.WeakHashMap$Entry[]@5000006c)
OBJ 50000599 (sz=24, trace=300112, class=java.util.ArrayDeque@500002e6)
	elements	5000059a
ARR 5000059a (sz=80, trace=300113, nelems=1, elem type=java.lang.Object[]@50000113)
	[0]		500005af
OBJ 5000059b (sz=32, trace=300115, class=java.util.zip.ZipCoder@500002e9)
	cs		50000fa6
	enc		500005a1
ARR 5000059c (sz=152, trace=300116, nelems=0, elem type=byte[])
ARR 5000059d (sz=64, trace=300011, nelems=0, elem type=byte[])
ARR 5000059e (sz=152, trace=300117, nelems=0, elem type=byte[])
ARR 5000059f (sz=64, trace=300011, nelems=0, elem type=byte[])
ARR 500005a0 (sz=1, trace=300136, nelems=1, elem type=byte[])
OBJ 500005a1 (sz=48, trace=300137, class=sun.nio.cs.UTF_8$Encoder@50000133)
	charset		50000fa6
	replacement	500005a0
	malformedInputAction	500013b4
	unmappableCharacterAction	500013b4
ARR 500005a2 (sz=56, trace=300138, nelems=0, elem type=char[])
ARR 500005a3 (sz=80, trace=300139, nelems=0, elem type=byte[])
ARR 500005a4 (sz=40, trace=300140, nelems=0, elem type=byte[])
ARR 500005a5 (sz=56, trace=300138, nelems=0, elem type=char[])
ARR 500005a6 (sz=80, trace=300139, nelems=0, elem type=byte[])
ARR 500005a7 (sz=40, trace=300140, nelems=0, elem type=byte[])
OBJ 500005a8 (sz=64, trace=300185, class=java.util.zip.ZipEntry@50000342)
OBJ 500005a9 (sz=80, trace=300187, class=java.util.jar.JarFile$JarFileEntry@50000345)
	name		50000f6e
	this$0		50000593
ARR 500005aa (sz=56, trace=300188, nelems=0, elem type=char[])
ARR 500005ab (sz=80, trace=300189, nelems=0, elem type=byte[])
ARR 500005ac (sz=40, trace=300190, nelems=0, elem type=byte[])
OBJ 500005ad (sz=56, trace=300192, class=java.util.zip.ZipFile$ZipFileInputStream@5000034a)
	this$0		50000593
OBJ 500005ae (sz=40, trace=300106, class=java.lang.ref.Finalizer@50000089)
	referent	500005ad
	queue		50000c02
	next		50000594
	prev		500005b0
OBJ 500005af (sz=48, trace=300199, class=java.util.zip.Inflater@5000038f)
	zsRef		500005b1
	buf		50000390
OBJ 500005b0 (sz=40, trace=300106, class=java.lang.ref.Finalizer@50000089)
	referent	500005af
	queue		50000c02
	next		500005ae
	prev		500005b3
OBJ 500005b1 (sz=24, trace=300201, class=java.util.zip.ZStreamRef@50000393)
OBJ 500005b2 (sz=56, trace=300203, class=java.util.zip.ZipFile$ZipFileInflaterInputStream@50000396)
	in		500005ad
	inf		500005af
	buf		500005b6
	singleByteBuf	500005b4
	b		500005b5
	zfin		500005ad
	this$0		50000593
OBJ 500005b3 (sz=40, trace=300106, class=java.lang.ref.Finalizer@50000089)
	referent	500005b2
	queue		50000c02
	next		500005b0
	prev		500006a4
ARR 500005b4 (sz=1, trace=300204, nelems=1, elem type=byte[])
ARR 500005b5 (sz=512, trace=300205, nelems=512, elem type=byte[])
ARR 500005b6 (sz=102, trace=300206, nelems=102, elem type=byte[])
OBJ 500005b7 (sz=40, trace=300193, class=java.util.WeakHashMap$Entry@5000006b)
ARR 500005b8 (sz=16, trace=300195, nelems=0, elem type=byte[])
ARR 500005b9 (sz=120, trace=300196, nelems=0, elem type=byte[])
ARR 500005ba (sz=80, trace=300063, nelems=0, elem type=java.lang.Object[]@50000113)
OBJ 500005bb (sz=32, trace=300065, class=java.util.HashMap$Entry@500000e3)
	key		5000057a
	value		50000589
ARR 500005bc (sz=120, trace=300138, nelems=0, elem type=char[])
ARR 500005bd (sz=176, trace=300139, nelems=0, elem type=byte[])
ARR 500005be (sz=72, trace=300140, nelems=0, elem type=byte[])
OBJ 500005bf (sz=24, trace=300033, class=java.lang.StringBuilder@5000016c)
ARR 500005c0 (sz=48, trace=300034, nelems=0, elem type=char[])
ARR 500005c1 (sz=136, trace=300006, nelems=0, elem type=char[])
OBJ 500005c2 (sz=24, trace=300035, class=java.lang.String@50000136)
	value		500005c3
ARR 500005c3 (sz=120, trace=300036, nelems=60, elem type=char[])
OBJ 500005c4 (sz=24, trace=300038, class=sun.misc.URLClassPath$3@500001b3)
OBJ 500005c5 (sz=24, trace=300043, class=java.lang.StringBuilder@5000016c)
ARR 500005c6 (sz=48, trace=300044, nelems=0, elem type=char[])
OBJ 500005c7 (sz=24, trace=300053, class=java.lang.StringBuffer@50000070)
ARR 500005c8 (sz=136, trace=300054, nelems=0, elem type=char[])
OBJ 500005c9 (sz=24, trace=300055, class=java.lang.String@50000136)
ARR 500005ca (sz=136, trace=300056, nelems=0, elem type=char[])
ARR 500005cb (sz=136, trace=300006, nelems=0, elem type=char[])
ARR 500005cc (sz=256, trace=300006, nelems=0, elem type=char[])
OBJ 500005cd (sz=24, trace=300057, class=java.lang.String@50000136)
	value		500005ce
ARR 500005ce (sz=120, trace=300058, nelems=60, elem type=char[])
OBJ 500005cf (sz=64, trace=300059, class=java.net.URL@500000b9)
	protocol	50000f7f
	host		50000c3c
	file		500005cd
	authority	50000c3c
	path		500005cd
	handler		500014f3
OBJ 500005d0 (sz=24, trace=300060, class=java.net.Parts@5000002c)
OBJ 500005d1 (sz=48, trace=300061, class=sun.misc.URLClassPath$JarLoader@500001b6)
	base		500005cf
	csu		50001504
	metaIndex	5000146a
	handler		500014f3
	lmap		500014f4
OBJ 500005d2 (sz=32, trace=300062, class=java.io.File@500000cd)
ARR 500005d3 (sz=176, trace=300010, nelems=0, elem type=byte[])
ARR 500005d4 (sz=72, trace=300011, nelems=0, elem type=byte[])
OBJ 500005d5 (sz=24, trace=300012, class=java.lang.String@50000136)
ARR 500005d6 (sz=48, trace=300013, nelems=0, elem type=char[])
OBJ 500005d7 (sz=32, trace=300065, class=java.util.HashMap$Entry@500000e3)
	key		500005c2
	value		500005d1
OBJ 500005d8 (sz=24, trace=300033, class=java.lang.StringBuilder@5000016c)
ARR 500005d9 (sz=48, trace=300034, nelems=0, elem type=char[])
ARR 500005da (sz=152, trace=300006, nelems=0, elem type=char[])
OBJ 500005db (sz=24, trace=300035, class=java.lang.String@50000136)
	value		500005dc
ARR 500005dc (sz=130, trace=300036, nelems=65, elem type=char[])
OBJ 500005dd (sz=24, trace=300038, class=sun.misc.URLClassPath$3@500001b3)
OBJ 500005de (sz=24, trace=300043, class=java.lang.StringBuilder@5000016c)
ARR 500005df (sz=48, trace=300044, nelems=0, elem type=char[])
OBJ 500005e0 (sz=24, trace=300053, class=java.lang.StringBuffer@50000070)
ARR 500005e1 (sz=144, trace=300054, nelems=0, elem type=char[])
OBJ 500005e2 (sz=24, trace=300055, class=java.lang.String@50000136)
ARR 500005e3 (sz=144, trace=300056, nelems=0, elem type=char[])
ARR 500005e4 (sz=144, trace=300006, nelems=0, elem type=char[])
ARR 500005e5 (sz=272, trace=300006, nelems=0, elem type=char[])
OBJ 500005e6 (sz=24, trace=300057, class=java.lang.String@50000136)
	value		500005e7
ARR 500005e7 (sz=130, trace=300058, nelems=65, elem type=char[])
OBJ 500005e8 (sz=64, trace=300059, class=java.net.URL@500000b9)
	protocol	50000f7f
	host		50000c3c
	file		500005e6
	authority	50000c3c
	path		500005e6
	handler		500014f3
OBJ 500005e9 (sz=24, trace=300060, class=java.net.Parts@5000002c)
OBJ 500005ea (sz=48, trace=300061, class=sun.misc.URLClassPath$JarLoader@500001b6)
	base		500005e8
	csu		50001505
	metaIndex	50001476
	handler		500014f3
	lmap		500014f4
OBJ 500005eb (sz=32, trace=300062, class=java.io.File@500000cd)
ARR 500005ec (sz=192, trace=300010, nelems=0, elem type=byte[])
ARR 500005ed (sz=80, trace=300011, nelems=0, elem type=byte[])
OBJ 500005ee (sz=24, trace=300012, class=java.lang.String@50000136)
ARR 500005ef (sz=56, trace=300013, nelems=0, elem type=char[])
OBJ 500005f0 (sz=32, trace=300065, class=java.util.HashMap$Entry@500000e3)
	key		500005db
	value		500005ea
OBJ 500005f1 (sz=24, trace=300033, class=java.lang.StringBuilder@5000016c)
ARR 500005f2 (sz=48, trace=300034, nelems=0, elem type=char[])
ARR 500005f3 (sz=136, trace=300006, nelems=0, elem type=char[])
OBJ 500005f4 (sz=24, trace=300035, class=java.lang.String@50000136)
	value		500005f5
ARR 500005f5 (sz=118, trace=300036, nelems=59, elem type=char[])
OBJ 500005f6 (sz=24, trace=300038, class=sun.misc.URLClassPath$3@500001b3)
OBJ 500005f7 (sz=24, trace=300043, class=java.lang.StringBuilder@5000016c)
ARR 500005f8 (sz=48, trace=300044, nelems=0, elem type=char[])
OBJ 500005f9 (sz=24, trace=300053, class=java.lang.StringBuffer@50000070)
ARR 500005fa (sz=136, trace=300054, nelems=0, elem type=char[])
OBJ 500005fb (sz=24, trace=300055, class=java.lang.String@50000136)
ARR 500005fc (sz=136, trace=300056, nelems=0, elem type=char[])
ARR 500005fd (sz=136, trace=300006, nelems=0, elem type=char[])
ARR 500005fe (sz=248, trace=300006, nelems=0, elem type=char[])
OBJ 500005ff (sz=24, trace=300057, class=java.lang.String@50000136)
	value		50000600
ARR 50000600 (sz=118, trace=300058, nelems=59, elem type=char[])
OBJ 50000601 (sz=64, trace=300059, class=java.net.URL@500000b9)
	protocol	50000f7f
	host		50000c3c
	file		500005ff
	authority	50000c3c
	path		500005ff
	handler		500014f3
OBJ 50000602 (sz=24, trace=300060, class=java.net.Parts@5000002c)
OBJ 50000603 (sz=48, trace=300061, class=sun.misc.URLClassPath$JarLoader@500001b6)
	base		50000601
	csu		50001506
	metaIndex	50001456
	handler		500014f3
	lmap		500014f4
OBJ 50000604 (sz=32, trace=300062, class=java.io.File@500000cd)
ARR 50000605 (sz=176, trace=300010, nelems=0, elem type=byte[])
ARR 50000606 (sz=72, trace=300011, nelems=0, elem type=byte[])
OBJ 50000607 (sz=24, trace=300012, class=java.lang.String@50000136)
ARR 50000608 (sz=48, trace=300013, nelems=0, elem type=char[])
ARR 50000609 (sz=144, trace=300207, nelems=32, elem type=java.util.HashMap$Entry[]@500000e4)
	[1]		500004c8
	[2]		50000656
	[5]		50000425
	[7]		500005f0
	[8]		50000667
	[9]		50000496
	[12]		50000541
	[17]		50000623
	[19]		500006ca
	[20]		5000039f
	[25]		50000709
	[27]		5000063d
	[28]		5000060a
	[29]		50000353
	[31]		50000457
OBJ 5000060a (sz=32, trace=300065, class=java.util.HashMap$Entry@500000e3)
	key		500005f4
	value		50000603
OBJ 5000060b (sz=24, trace=300033, class=java.lang.StringBuilder@5000016c)
ARR 5000060c (sz=48, trace=300034, nelems=0, elem type=char[])
ARR 5000060d (sz=128, trace=300006, nelems=0, elem type=char[])
OBJ 5000060e (sz=24, trace=300035, class=java.lang.String@50000136)
	value		5000060f
ARR 5000060f (sz=110, trace=300036, nelems=55, elem type=char[])
OBJ 50000610 (sz=24, trace=300038, class=sun.misc.URLClassPath$3@500001b3)
OBJ 50000611 (sz=24, trace=300043, class=java.lang.StringBuilder@5000016c)
ARR 50000612 (sz=48, trace=300044, nelems=0, elem type=char[])
OBJ 50000613 (sz=24, trace=300053, class=java.lang.StringBuffer@50000070)
ARR 50000614 (sz=128, trace=300054, nelems=0, elem type=char[])
OBJ 50000615 (sz=24, trace=300055, class=java.lang.String@50000136)
ARR 50000616 (sz=128, trace=300056, nelems=0, elem type=char[])
ARR 50000617 (sz=128, trace=300006, nelems=0, elem type=char[])
ARR 50000618 (sz=232, trace=300006, nelems=0, elem type=char[])
OBJ 50000619 (sz=24, trace=300057, class=java.lang.String@50000136)
	value		5000061a
ARR 5000061a (sz=110, trace=300058, nelems=55, elem type=char[])
OBJ 5000061b (sz=64, trace=300059, class=java.net.URL@500000b9)
	protocol	50000f7f
	host		50000c3c
	file		50000619
	authority	50000c3c
	path		50000619
	handler		500014f3
OBJ 5000061c (sz=24, trace=300060, class=java.net.Parts@5000002c)
OBJ 5000061d (sz=48, trace=300061, class=sun.misc.URLClassPath$JarLoader@500001b6)
	base		5000061b
	csu		50001507
	metaIndex	5000144d
	handler		500014f3
	lmap		500014f4
OBJ 5000061e (sz=32, trace=300062, class=java.io.File@500000cd)
ARR 5000061f (sz=160, trace=300010, nelems=0, elem type=byte[])
ARR 50000620 (sz=64, trace=300011, nelems=0, elem type=byte[])
OBJ 50000621 (sz=24, trace=300012, class=java.lang.String@50000136)
ARR 50000622 (sz=40, trace=300013, nelems=0, elem type=char[])
OBJ 50000623 (sz=32, trace=300065, class=java.util.HashMap$Entry@500000e3)
	key		5000060e
	value		5000061d
	next		5000050f
OBJ 50000624 (sz=24, trace=300033, class=java.lang.StringBuilder@5000016c)
ARR 50000625 (sz=48, trace=300034, nelems=0, elem type=char[])
ARR 50000626 (sz=128, trace=300006, nelems=0, elem type=char[])
OBJ 50000627 (sz=24, trace=300035, class=java.lang.String@50000136)
	value		50000628
ARR 50000628 (sz=110, trace=300036, nelems=55, elem type=char[])
OBJ 50000629 (sz=24, trace=300038, class=sun.misc.URLClassPath$3@500001b3)
OBJ 5000062a (sz=24, trace=300043, class=java.lang.StringBuilder@5000016c)
ARR 5000062b (sz=48, trace=300044, nelems=0, elem type=char[])
OBJ 5000062c (sz=24, trace=300053, class=java.lang.StringBuffer@50000070)
ARR 5000062d (sz=128, trace=300054, nelems=0, elem type=char[])
OBJ 5000062e (sz=24, trace=300055, class=java.lang.String@50000136)
ARR 5000062f (sz=128, trace=300056, nelems=0, elem type=char[])
ARR 50000630 (sz=128, trace=300006, nelems=0, elem type=char[])
ARR 50000631 (sz=232, trace=300006, nelems=0, elem type=char[])
OBJ 50000632 (sz=24, trace=300057, class=java.lang.String@50000136)
	value		50000633
ARR 50000633 (sz=110, trace=300058, nelems=55, elem type=char[])
OBJ 50000634 (sz=64, trace=300059, class=java.net.URL@500000b9)
	protocol	50000f7f
	host		50000c3c
	file		50000632
	authority	50000c3c
	path		50000632
	handler		500014f3
OBJ 50000635 (sz=24, trace=300060, class=java.net.Parts@5000002c)
OBJ 50000636 (sz=48, trace=300061, class=sun.misc.URLClassPath$JarLoader@500001b6)
	base		50000634
	csu		50001508
	metaIndex	50001461
	handler		500014f3
	lmap		500014f4
OBJ 50000637 (sz=32, trace=300062, class=java.io.File@500000cd)
ARR 50000638 (sz=160, trace=300010, nelems=0, elem type=byte[])
ARR 50000639 (sz=64, trace=300011, nelems=0, elem type=byte[])
OBJ 5000063a (sz=24, trace=300012, class=java.lang.String@50000136)
ARR 5000063b (sz=40, trace=300013, nelems=0, elem type=char[])
ARR 5000063c (sz=104, trace=300063, nelems=20, elem type=java.lang.Object[]@50000113)
	[0]		50000278
	[1]		50000369
	[2]		500003b5
	[3]		500003f4
	[4]		5000043b
	[5]		5000046d
	[6]		500004ac
	[7]		500004de
	[8]		50000525
	[9]		50000557
	[10]		50000589
	[11]		500005d1
	[12]		500005ea
	[13]		50000603
	[14]		5000061d
	[15]		50000636
	[16]		50000650
	[17]		5000065e
	[18]		50000699
	[19]		500006e0
OBJ 5000063d (sz=32, trace=300065, class=java.util.HashMap$Entry@500000e3)
	key		50000627
	value		50000636
OBJ 5000063e (sz=24, trace=300033, class=java.lang.StringBuilder@5000016c)
ARR 5000063f (sz=48, trace=300034, nelems=0, elem type=char[])
ARR 50000640 (sz=128, trace=300006, nelems=0, elem type=char[])
OBJ 50000641 (sz=24, trace=300035, class=java.lang.String@50000136)
	value		50000642
ARR 50000642 (sz=110, trace=300036, nelems=55, elem type=char[])
OBJ 50000643 (sz=24, trace=300038, class=sun.misc.URLClassPath$3@500001b3)
OBJ 50000644 (sz=24, trace=300043, class=java.lang.StringBuilder@5000016c)
ARR 50000645 (sz=48, trace=300044, nelems=0, elem type=char[])
OBJ 50000646 (sz=24, trace=300053, class=java.lang.StringBuffer@50000070)
ARR 50000647 (sz=128, trace=300054, nelems=0, elem type=char[])
OBJ 50000648 (sz=24, trace=300055, class=java.lang.String@50000136)
ARR 50000649 (sz=128, trace=300056, nelems=0, elem type=char[])
ARR 5000064a (sz=128, trace=300006, nelems=0, elem type=char[])
ARR 5000064b (sz=232, trace=300006, nelems=0, elem type=char[])
OBJ 5000064c (sz=24, trace=300057, class=java.lang.String@50000136)
	value		5000064d
ARR 5000064d (sz=110, trace=300058, nelems=55, elem type=char[])
OBJ 5000064e (sz=64, trace=300059, class=java.net.URL@500000b9)
	protocol	50000f7f
	host		50000c3c
	file		5000064c
	authority	50000c3c
	path		5000064c
	handler		500014f3
OBJ 5000064f (sz=24, trace=300060, class=java.net.Parts@5000002c)
OBJ 50000650 (sz=48, trace=300061, class=sun.misc.URLClassPath$JarLoader@500001b6)
	base		5000064e
	csu		50001509
	metaIndex	50001437
	handler		500014f3
	lmap		500014f4
OBJ 50000651 (sz=32, trace=300062, class=java.io.File@500000cd)
ARR 50000652 (sz=160, trace=300010, nelems=0, elem type=byte[])
ARR 50000653 (sz=64, trace=300011, nelems=0, elem type=byte[])
OBJ 50000654 (sz=24, trace=300012, class=java.lang.String@50000136)
ARR 50000655 (sz=40, trace=300013, nelems=0, elem type=char[])
OBJ 50000656 (sz=32, trace=300065, class=java.util.HashMap$Entry@500000e3)
	key		50000641
	value		50000650
OBJ 50000657 (sz=24, trace=300033, class=java.lang.StringBuilder@5000016c)
ARR 50000658 (sz=48, trace=300034, nelems=0, elem type=char[])
ARR 50000659 (sz=168, trace=300006, nelems=0, elem type=char[])
OBJ 5000065a (sz=24, trace=300035, class=java.lang.String@50000136)
	value		5000065b
ARR 5000065b (sz=148, trace=300036, nelems=74, elem type=char[])
OBJ 5000065c (sz=24, trace=300038, class=sun.misc.URLClassPath$3@500001b3)
OBJ 5000065e (sz=24, trace=300209, class=sun.misc.URLClassPath$FileLoader@5000065d)
	base		500014ba
	dir		50000666
OBJ 5000065f (sz=32, trace=300210, class=java.io.File@500000cd)
OBJ 50000660 (sz=24, trace=300211, class=java.lang.StringBuffer@50000070)
ARR 50000661 (sz=152, trace=300212, nelems=0, elem type=char[])
OBJ 50000662 (sz=24, trace=300213, class=java.lang.String@50000136)
ARR 50000663 (sz=152, trace=300214, nelems=0, elem type=char[])
OBJ 50000664 (sz=24, trace=300215, class=java.lang.String@50000136)
ARR 50000665 (sz=152, trace=300216, nelems=0, elem type=char[])
OBJ 50000666 (sz=32, trace=300217, class=java.io.File@500000cd)
	path		50000ed2
OBJ 50000667 (sz=32, trace=300065, class=java.util.HashMap$Entry@500000e3)
	key		5000065a
	value		5000065e
OBJ 50000668 (sz=64, trace=300218, class=java.net.URL@500000b9)
OBJ 50000669 (sz=24, trace=300219, class=java.lang.StringBuilder@5000016c)
ARR 5000066a (sz=48, trace=300220, nelems=0, elem type=char[])
ARR 5000066b (sz=152, trace=300006, nelems=0, elem type=char[])
ARR 5000066c (sz=288, trace=300006, nelems=0, elem type=char[])
OBJ 5000066d (sz=24, trace=300221, class=java.lang.String@50000136)
ARR 5000066e (sz=152, trace=300222, nelems=0, elem type=char[])
OBJ 5000066f (sz=24, trace=300223, class=java.lang.String@50000136)
ARR 50000670 (sz=152, trace=300224, nelems=0, elem type=char[])
ARR 50000671 (sz=256, trace=300225, nelems=0, elem type=char[])
ARR 50000672 (sz=120, trace=300226, nelems=0, elem type=char[])
OBJ 50000673 (sz=24, trace=300227, class=java.lang.String@50000136)
ARR 50000674 (sz=120, trace=300228, nelems=0, elem type=char[])
OBJ 50000675 (sz=64, trace=300229, class=java.net.URL@500000b9)
OBJ 50000676 (sz=24, trace=300219, class=java.lang.StringBuilder@5000016c)
ARR 50000677 (sz=48, trace=300220, nelems=0, elem type=char[])
ARR 50000678 (sz=152, trace=300006, nelems=0, elem type=char[])
ARR 50000679 (sz=288, trace=300006, nelems=0, elem type=char[])
OBJ 5000067a (sz=24, trace=300221, class=java.lang.String@50000136)
ARR 5000067b (sz=256, trace=300222, nelems=0, elem type=char[])
OBJ 5000067c (sz=32, trace=300230, class=java.io.File@500000cd)
OBJ 5000067d (sz=24, trace=300231, class=java.lang.StringBuilder@5000016c)
ARR 5000067e (sz=48, trace=300232, nelems=0, elem type=char[])
ARR 5000067f (sz=152, trace=300006, nelems=0, elem type=char[])
ARR 50000680 (sz=288, trace=300233, nelems=0, elem type=char[])
OBJ 50000681 (sz=24, trace=300234, class=java.lang.String@50000136)
ARR 50000682 (sz=256, trace=300235, nelems=0, elem type=char[])
ARR 50000683 (sz=376, trace=300010, nelems=0, elem type=byte[])
ARR 50000684 (sz=136, trace=300011, nelems=0, elem type=byte[])
OBJ 50000685 (sz=24, trace=300012, class=java.lang.String@50000136)
ARR 50000686 (sz=48, trace=300013, nelems=0, elem type=char[])
OBJ 50000687 (sz=24, trace=300033, class=java.lang.StringBuilder@5000016c)
ARR 50000688 (sz=48, trace=300034, nelems=0, elem type=char[])
ARR 50000689 (sz=104, trace=300006, nelems=0, elem type=char[])
OBJ 5000068a (sz=24, trace=300035, class=java.lang.String@50000136)
	value		5000068b
ARR 5000068b (sz=88, trace=300036, nelems=44, elem type=char[])
OBJ 5000068c (sz=24, trace=300038, class=sun.misc.URLClassPath$3@500001b3)
OBJ 5000068d (sz=24, trace=300043, class=java.lang.StringBuilder@5000016c)
ARR 5000068e (sz=48, trace=300044, nelems=0, elem type=char[])
OBJ 5000068f (sz=24, trace=300053, class=java.lang.StringBuffer@50000070)
ARR 50000690 (sz=104, trace=300054, nelems=0, elem type=char[])
OBJ 50000691 (sz=24, trace=300055, class=java.lang.String@50000136)
ARR 50000692 (sz=104, trace=300056, nelems=0, elem type=char[])
ARR 50000693 (sz=104, trace=300006, nelems=0, elem type=char[])
ARR 50000694 (sz=192, trace=300006, nelems=0, elem type=char[])
OBJ 50000695 (sz=24, trace=300057, class=java.lang.String@50000136)
	value		50000696
ARR 50000696 (sz=88, trace=300058, nelems=44, elem type=char[])
OBJ 50000697 (sz=64, trace=300059, class=java.net.URL@500000b9)
	protocol	50000f7f
	host		50000c3c
	file		50000695
	authority	50000c3c
	path		50000695
	handler		500014f3
OBJ 50000698 (sz=24, trace=300060, class=java.net.Parts@5000002c)
OBJ 50000699 (sz=48, trace=300061, class=sun.misc.URLClassPath$JarLoader@500001b6)
	base		50000697
	jar		500006a3
	csu		5000150a
	handler		500014f3
	lmap		500014f4
OBJ 5000069a (sz=32, trace=300062, class=java.io.File@500000cd)
OBJ 5000069b (sz=16, trace=300071, class=sun.misc.URLClassPath$JarLoader$1@5000027a)
OBJ 5000069c (sz=24, trace=300073, class=sun.misc.FileURLMapper@5000027c)
OBJ 5000069d (sz=32, trace=300074, class=java.io.File@500000cd)
ARR 5000069e (sz=128, trace=300010, nelems=0, elem type=byte[])
ARR 5000069f (sz=56, trace=300011, nelems=0, elem type=byte[])
OBJ 500006a0 (sz=24, trace=300012, class=java.lang.String@50000136)
ARR 500006a1 (sz=48, trace=300013, nelems=0, elem type=char[])
OBJ 500006a2 (sz=32, trace=300081, class=java.io.File@500000cd)
OBJ 500006a3 (sz=64, trace=300105, class=java.util.jar.JarFile@50000283)
	name		5000150b
	zc		500006ab
	streams		500006a5
	inflaterCache	500006a9
	manEntry	500006b9
OBJ 500006a4 (sz=40, trace=300106, class=java.lang.ref.Finalizer@50000089)
	referent	500006a3
	queue		50000c02
	next		500005b3
	prev		500006be
OBJ 500006a5 (sz=56, trace=300107, class=java.util.WeakHashMap@500000f5)
	table		500006a8
	queue		500006a6
OBJ 500006a6 (sz=32, trace=300108, class=java.lang.ref.ReferenceQueue@500000e0)
	lock		500006a7
OBJ 500006a7 (sz=16, trace=300109, class=java.lang.ref.ReferenceQueue$Lock@5000004f)
ARR 500006a8 (sz=80, trace=300110, nelems=0, elem type=java.util.WeakHashMap$Entry[]@5000006c)
OBJ 500006a9 (sz=24, trace=300112, class=java.util.ArrayDeque@500002e6)
	elements	500006aa
ARR 500006aa (sz=80, trace=300113, nelems=1, elem type=java.lang.Object[]@50000113)
	[0]		500006bf
OBJ 500006ab (sz=32, trace=300115, class=java.util.zip.ZipCoder@500002e9)
	cs		50000fa6
	enc		500006b1
ARR 500006ac (sz=128, trace=300116, nelems=0, elem type=byte[])
ARR 500006ad (sz=56, trace=300011, nelems=0, elem type=byte[])
ARR 500006ae (sz=128, trace=300117, nelems=0, elem type=byte[])
ARR 500006af (sz=56, trace=300011, nelems=0, elem type=byte[])
ARR 500006b0 (sz=1, trace=300136, nelems=1, elem type=byte[])
OBJ 500006b1 (sz=48, trace=300137, class=sun.nio.cs.UTF_8$Encoder@50000133)
	charset		50000fa6
	replacement	500006b0
	malformedInputAction	500013b4
	unmappableCharacterAction	500013b4
ARR 500006b2 (sz=56, trace=300138, nelems=0, elem type=char[])
ARR 500006b3 (sz=80, trace=300139, nelems=0, elem type=byte[])
ARR 500006b4 (sz=40, trace=300140, nelems=0, elem type=byte[])
ARR 500006b5 (sz=56, trace=300138, nelems=0, elem type=char[])
ARR 500006b6 (sz=80, trace=300139, nelems=0, elem type=byte[])
ARR 500006b7 (sz=40, trace=300140, nelems=0, elem type=byte[])
OBJ 500006b8 (sz=64, trace=300185, class=java.util.zip.ZipEntry@50000342)
OBJ 500006b9 (sz=80, trace=300187, class=java.util.jar.JarFile$JarFileEntry@50000345)
	name		50000f6e
	this$0		500006a3
ARR 500006ba (sz=56, trace=300188, nelems=0, elem type=char[])
ARR 500006bb (sz=80, trace=300189, nelems=0, elem type=byte[])
ARR 500006bc (sz=40, trace=300190, nelems=0, elem type=byte[])
OBJ 500006bd (sz=56, trace=300192, class=java.util.zip.ZipFile$ZipFileInputStream@5000034a)
	this$0		500006a3
OBJ 500006be (sz=40, trace=300106, class=java.lang.ref.Finalizer@50000089)
	referent	500006bd
	queue		50000c02
	next		500006a4
	prev		500006c0
OBJ 500006bf (sz=48, trace=300199, class=java.util.zip.Inflater@5000038f)
	zsRef		500006c1
	buf		50000390
OBJ 500006c0 (sz=40, trace=300106, class=java.lang.ref.Finalizer@50000089)
	referent	500006bf
	queue		50000c02
	next		500006be
	prev		500006c3
OBJ 500006c1 (sz=24, trace=300201, class=java.util.zip.ZStreamRef@50000393)
OBJ 500006c2 (sz=56, trace=300203, class=java.util.zip.ZipFile$ZipFileInflaterInputStream@50000396)
	in		500006bd
	inf		500006bf
	buf		500006c6
	singleByteBuf	500006c4
	b		500006c5
	zfin		500006bd
	this$0		500006a3
OBJ 500006c3 (sz=40, trace=300106, class=java.lang.ref.Finalizer@50000089)
	referent	500006c2
	queue		50000c02
	next		500006c0
	prev		500006eb
ARR 500006c4 (sz=1, trace=300204, nelems=1, elem type=byte[])
ARR 500006c5 (sz=512, trace=300205, nelems=512, elem type=byte[])
ARR 500006c6 (sz=109, trace=300206, nelems=109, elem type=byte[])
OBJ 500006c7 (sz=40, trace=300193, class=java.util.WeakHashMap$Entry@5000006b)
ARR 500006c8 (sz=16, trace=300195, nelems=0, elem type=byte[])
ARR 500006c9 (sz=128, trace=300196, nelems=0, elem type=byte[])
OBJ 500006ca (sz=32, trace=300065, class=java.util.HashMap$Entry@500000e3)
	key		5000068a
	value		50000699
	next		500003de
ARR 500006cb (sz=120, trace=300138, nelems=0, elem type=char[])
ARR 500006cc (sz=176, trace=300139, nelems=0, elem type=byte[])
ARR 500006cd (sz=72, trace=300140, nelems=0, elem type=byte[])
OBJ 500006ce (sz=24, trace=300033, class=java.lang.StringBuilder@5000016c)
ARR 500006cf (sz=48, trace=300034, nelems=0, elem type=char[])
ARR 500006d0 (sz=144, trace=300006, nelems=0, elem type=char[])
OBJ 500006d1 (sz=24, trace=300035, class=java.lang.String@50000136)
	value		500006d2
ARR 500006d2 (sz=128, trace=300036, nelems=64, elem type=char[])
OBJ 500006d3 (sz=24, trace=300038, class=sun.misc.URLClassPath$3@500001b3)
OBJ 500006d4 (sz=24, trace=300043, class=java.lang.StringBuilder@5000016c)
ARR 500006d5 (sz=48, trace=300044, nelems=0, elem type=char[])
OBJ 500006d6 (sz=24, trace=300053, class=java.lang.StringBuffer@50000070)
ARR 500006d7 (sz=144, trace=300054, nelems=0, elem type=char[])
OBJ 500006d8 (sz=24, trace=300055, class=java.lang.String@50000136)
ARR 500006d9 (sz=144, trace=300056, nelems=0, elem type=char[])
ARR 500006da (sz=144, trace=300006, nelems=0, elem type=char[])
ARR 500006db (sz=272, trace=300006, nelems=0, elem type=char[])
OBJ 500006dc (sz=24, trace=300057, class=java.lang.String@50000136)
	value		500006dd
ARR 500006dd (sz=128, trace=300058, nelems=64, elem type=char[])
OBJ 500006de (sz=64, trace=300059, class=java.net.URL@500000b9)
	protocol	50000f7f
	host		50000c3c
	file		500006dc
	authority	50000c3c
	path		500006dc
	handler		500014f3
OBJ 500006df (sz=24, trace=300060, class=java.net.Parts@5000002c)
OBJ 500006e0 (sz=48, trace=300061, class=sun.misc.URLClassPath$JarLoader@500001b6)
	base		500006de
	jar		500006ea
	csu		500014d1
	handler		500014f3
	lmap		500014f4
OBJ 500006e1 (sz=32, trace=300062, class=java.io.File@500000cd)
OBJ 500006e2 (sz=16, trace=300071, class=sun.misc.URLClassPath$JarLoader$1@5000027a)
OBJ 500006e3 (sz=24, trace=300073, class=sun.misc.FileURLMapper@5000027c)
OBJ 500006e4 (sz=32, trace=300074, class=java.io.File@500000cd)
ARR 500006e5 (sz=192, trace=300010, nelems=0, elem type=byte[])
ARR 500006e6 (sz=80, trace=300011, nelems=0, elem type=byte[])
OBJ 500006e7 (sz=24, trace=300012, class=java.lang.String@50000136)
ARR 500006e8 (sz=40, trace=300013, nelems=0, elem type=char[])
OBJ 500006e9 (sz=32, trace=300081, class=java.io.File@500000cd)
OBJ 500006ea (sz=64, trace=300105, class=java.util.jar.JarFile@50000283)
	name		500014d2
	zc		500006f2
	streams		500006ec
	inflaterCache	500006f0
	manRef		5000077c
	manEntry	50000700
OBJ 500006eb (sz=40, trace=300106, class=java.lang.ref.Finalizer@50000089)
	referent	500006ea
	queue		50000c02
	next		500006c3
	prev		50000705
OBJ 500006ec (sz=56, trace=300107, class=java.util.WeakHashMap@500000f5)
	table		500006ef
	queue		500006ed
OBJ 500006ed (sz=32, trace=300108, class=java.lang.ref.ReferenceQueue@500000e0)
	lock		500006ee
OBJ 500006ee (sz=16, trace=300109, class=java.lang.ref.ReferenceQueue$Lock@5000004f)
ARR 500006ef (sz=80, trace=300110, nelems=0, elem type=java.util.WeakHashMap$Entry[]@5000006c)
OBJ 500006f0 (sz=24, trace=300112, class=java.util.ArrayDeque@500002e6)
	elements	500006f1
ARR 500006f1 (sz=80, trace=300113, nelems=0, elem type=java.lang.Object[]@50000113)
OBJ 500006f2 (sz=32, trace=300115, class=java.util.zip.ZipCoder@500002e9)
	cs		50000fa6
	enc		500006f8
ARR 500006f3 (sz=192, trace=300116, nelems=0, elem type=byte[])
ARR 500006f4 (sz=80, trace=300011, nelems=0, elem type=byte[])
ARR 500006f5 (sz=192, trace=300117, nelems=0, elem type=byte[])
ARR 500006f6 (sz=80, trace=300011, nelems=0, elem type=byte[])
ARR 500006f7 (sz=1, trace=300136, nelems=1, elem type=byte[])
OBJ 500006f8 (sz=48, trace=300137, class=sun.nio.cs.UTF_8$Encoder@50000133)
	charset		50000fa6
	replacement	500006f7
	malformedInputAction	500013b4
	unmappableCharacterAction	500013b4
ARR 500006f9 (sz=56, trace=300138, nelems=0, elem type=char[])
ARR 500006fa (sz=80, trace=300139, nelems=0, elem type=byte[])
ARR 500006fb (sz=40, trace=300140, nelems=0, elem type=byte[])
ARR 500006fc (sz=56, trace=300138, nelems=0, elem type=char[])
ARR 500006fd (sz=80, trace=300139, nelems=0, elem type=byte[])
ARR 500006fe (sz=40, trace=300140, nelems=0, elem type=byte[])
OBJ 500006ff (sz=64, trace=300185, class=java.util.zip.ZipEntry@50000342)
OBJ 50000700 (sz=80, trace=300187, class=java.util.jar.JarFile$JarFileEntry@50000345)
	name		50000f6e
	this$0		500006ea
ARR 50000701 (sz=56, trace=300188, nelems=0, elem type=char[])
ARR 50000702 (sz=80, trace=300189, nelems=0, elem type=byte[])
ARR 50000703 (sz=40, trace=300190, nelems=0, elem type=byte[])
OBJ 50000704 (sz=56, trace=300192, class=java.util.zip.ZipFile$ZipFileInputStream@5000034a)
	this$0		500006ea
OBJ 50000705 (sz=40, trace=300106, class=java.lang.ref.Finalizer@50000089)
	referent	50000704
	queue		50000c02
	next		500006eb
	prev		50000730
OBJ 50000706 (sz=40, trace=300193, class=java.util.WeakHashMap$Entry@5000006b)
ARR 50000707 (sz=16, trace=300195, nelems=0, elem type=byte[])
ARR 50000708 (sz=128, trace=300196, nelems=0, elem type=byte[])
OBJ 50000709 (sz=32, trace=300065, class=java.util.HashMap$Entry@500000e3)
	key		500006d1
	value		500006e0
ARR 5000070a (sz=120, trace=300138, nelems=0, elem type=char[])
ARR 5000070b (sz=176, trace=300139, nelems=0, elem type=byte[])
ARR 5000070c (sz=72, trace=300140, nelems=0, elem type=byte[])
OBJ 5000070d (sz=64, trace=300185, class=java.util.zip.ZipEntry@50000342)
OBJ 5000070e (sz=80, trace=300187, class=java.util.jar.JarFile$JarFileEntry@50000345)
ARR 5000070f (sz=256, trace=300236, nelems=0, elem type=char[])
ARR 50000710 (sz=120, trace=300237, nelems=0, elem type=char[])
OBJ 50000711 (sz=24, trace=300238, class=java.lang.String@50000136)
ARR 50000712 (sz=120, trace=300239, nelems=0, elem type=char[])
OBJ 50000713 (sz=64, trace=300240, class=java.net.URL@500000b9)
OBJ 50000714 (sz=24, trace=300241, class=java.lang.String@50000136)
ARR 50000715 (sz=24, trace=300242, nelems=0, elem type=char[])
OBJ 50000716 (sz=24, trace=300243, class=java.lang.StringBuilder@5000016c)
ARR 50000717 (sz=48, trace=300244, nelems=0, elem type=char[])
ARR 50000718 (sz=144, trace=300006, nelems=0, elem type=char[])
ARR 50000719 (sz=280, trace=300006, nelems=0, elem type=char[])
OBJ 5000071a (sz=24, trace=300245, class=java.lang.String@50000136)
ARR 5000071b (sz=248, trace=300246, nelems=0, elem type=char[])
OBJ 5000071c (sz=24, trace=300247, class=java.lang.String@50000136)
ARR 5000071d (sz=144, trace=300248, nelems=0, elem type=char[])
OBJ 5000071e (sz=24, trace=300249, class=java.lang.String@50000136)
ARR 5000071f (sz=120, trace=300250, nelems=0, elem type=char[])
OBJ 50000720 (sz=16, trace=300251, class=sun.net.www.ParseUtil@50000078)
OBJ 50000721 (sz=24, trace=300252, class=java.lang.StringBuilder@5000016c)
ARR 50000722 (sz=48, trace=300253, nelems=0, elem type=char[])
ARR 50000723 (sz=144, trace=300006, nelems=0, elem type=char[])
ARR 50000724 (sz=272, trace=300006, nelems=0, elem type=char[])
OBJ 50000725 (sz=24, trace=300254, class=java.lang.String@50000136)
ARR 50000726 (sz=248, trace=300255, nelems=0, elem type=char[])
OBJ 50000729 (sz=32, trace=300257, class=sun.misc.URLClassPath$JarLoader$2@50000728)
OBJ 5000072a (sz=24, trace=300258, class=java.lang.String@50000136)
	value		5000072b
ARR 5000072b (sz=74, trace=300259, nelems=37, elem type=char[])
ARR 5000072c (sz=56, trace=300188, nelems=0, elem type=char[])
ARR 5000072d (sz=80, trace=300260, nelems=0, elem type=byte[])
ARR 5000072e (sz=40, trace=300190, nelems=0, elem type=byte[])
OBJ 5000072f (sz=56, trace=300192, class=java.util.zip.ZipFile$ZipFileInputStream@5000034a)
	this$0		500006ea
OBJ 50000730 (sz=40, trace=300106, class=java.lang.ref.Finalizer@50000089)
	referent	5000072f
	queue		50000c02
	next		50000705
	prev		500007aa
OBJ 50000731 (sz=40, trace=300193, class=java.util.WeakHashMap$Entry@5000006b)
ARR 50000732 (sz=16, trace=300261, nelems=0, elem type=byte[])
ARR 50000733 (sz=128, trace=300262, nelems=0, elem type=byte[])
OBJ 50000736 (sz=32, trace=300265, class=java.io.ByteArrayInputStream@50000735)
OBJ 50000737 (sz=24, trace=300266, class=java.util.jar.Manifest@50000734)
	attr		50000739
	entries		5000073b
OBJ 50000739 (sz=16, trace=300268, class=java.util.jar.Attributes@50000738)
	map		5000073a
OBJ 5000073a (sz=48, trace=300269, class=java.util.HashMap@50000094)
	table		50000757
OBJ 5000073b (sz=48, trace=300270, class=java.util.HashMap@50000094)
	table		50000e63
OBJ 5000073d (sz=32, trace=300272, class=java.util.jar.Manifest$FastInputStream@5000073c)
ARR 5000073e (sz=8208, trace=300273, nelems=0, elem type=byte[])
ARR 5000073f (sz=528, trace=300274, nelems=0, elem type=byte[])
OBJ 50000740 (sz=24, trace=300275, class=java.lang.String@50000136)
ARR 50000741 (sz=48, trace=300276, nelems=0, elem type=char[])
OBJ 50000742 (sz=24, trace=300277, class=java.lang.String@50000136)
	value		50000743
ARR 50000743 (sz=6, trace=300278, nelems=3, elem type=char[])
OBJ 50000745 (sz=24, trace=300280, class=java.util.jar.Attributes$Name@50000744)
	name		500013f2
OBJ 50000746 (sz=24, trace=300281, class=java.util.jar.Attributes$Name@50000744)
	name		500013f4
OBJ 50000747 (sz=24, trace=300282, class=java.util.jar.Attributes$Name@50000744)
	name		500013e8
OBJ 50000748 (sz=24, trace=300283, class=java.util.jar.Attributes$Name@50000744)
	name		500013e7
OBJ 50000749 (sz=24, trace=300284, class=java.util.jar.Attributes$Name@50000744)
	name		500013f1
OBJ 5000074a (sz=24, trace=300285, class=java.util.jar.Attributes$Name@50000744)
	name		500013f3
OBJ 5000074b (sz=24, trace=300286, class=java.util.jar.Attributes$Name@50000744)
	name		500013ea
OBJ 5000074c (sz=24, trace=300287, class=java.util.jar.Attributes$Name@50000744)
	name		500013eb
OBJ 5000074d (sz=24, trace=300288, class=java.util.jar.Attributes$Name@50000744)
	name		500013e9
OBJ 5000074e (sz=24, trace=300289, class=java.util.jar.Attributes$Name@50000744)
	name		500013ec
OBJ 5000074f (sz=24, trace=300290, class=java.util.jar.Attributes$Name@50000744)
	name		500013f0
OBJ 50000750 (sz=24, trace=300291, class=java.util.jar.Attributes$Name@50000744)
	name		500013ee
OBJ 50000751 (sz=24, trace=300292, class=java.util.jar.Attributes$Name@50000744)
	name		500013ef
OBJ 50000752 (sz=24, trace=300293, class=java.util.jar.Attributes$Name@50000744)
	name		500013ed
OBJ 50000753 (sz=24, trace=300294, class=java.util.jar.Attributes$Name@50000744)
	name		500013f5
OBJ 50000754 (sz=24, trace=300295, class=java.util.jar.Attributes$Name@50000744)
	name		500013f7
OBJ 50000755 (sz=24, trace=300296, class=java.util.jar.Attributes$Name@50000744)
	name		500013f6
OBJ 50000756 (sz=24, trace=300297, class=java.util.jar.Attributes$Name@50000744)
	name		500013f2
ARR 50000757 (sz=80, trace=300298, nelems=11, elem type=java.util.HashMap$Entry[]@500000e4)
	[1]		50000760
	[6]		5000075a
	[10]		50000766
OBJ 50000759 (sz=16, trace=300300, class=sun.misc.ASCIICaseInsensitiveComparator@50000758)
OBJ 5000075a (sz=32, trace=300065, class=java.util.HashMap$Entry@500000e3)
	key		50000756
	value		50000742
OBJ 5000075b (sz=24, trace=300275, class=java.lang.String@50000136)
	value		5000075c
ARR 5000075c (sz=22, trace=300276, nelems=11, elem type=char[])
OBJ 5000075d (sz=24, trace=300277, class=java.lang.String@50000136)
	value		5000075e
ARR 5000075e (sz=32, trace=300278, nelems=16, elem type=char[])
OBJ 5000075f (sz=24, trace=300297, class=java.util.jar.Attributes$Name@50000744)
	name		5000075b
OBJ 50000760 (sz=32, trace=300065, class=java.util.HashMap$Entry@500000e3)
	key		5000075f
	value		5000075d
OBJ 50000761 (sz=24, trace=300275, class=java.lang.String@50000136)
	value		50000762
ARR 50000762 (sz=20, trace=300276, nelems=10, elem type=char[])
OBJ 50000763 (sz=24, trace=300277, class=java.lang.String@50000136)
	value		50000764
ARR 50000764 (sz=72, trace=300278, nelems=36, elem type=char[])
OBJ 50000765 (sz=24, trace=300297, class=java.util.jar.Attributes$Name@50000744)
	name		50000761
OBJ 50000766 (sz=32, trace=300065, class=java.util.HashMap$Entry@500000e3)
	key		50000765
	value		50000763
OBJ 50000768 (sz=88, trace=300302, class=java.util.jar.JarVerifier@50000767)
OBJ 50000769 (sz=16, trace=300303, class=java.lang.Object@50000112)
OBJ 5000076a (sz=48, trace=300304, class=java.util.HashMap@50000094)
OBJ 5000076b (sz=48, trace=300305, class=java.util.HashMap@50000094)
ARR 5000076e (sz=16, trace=300307, nelems=0, elem type=java.security.CodeSigner[]@5000076d)
OBJ 50000770 (sz=16, trace=300309, class=java.util.jar.JarVerifier$3@5000076f)
OBJ 50000771 (sz=48, trace=300310, class=java.util.Hashtable@500000f1)
ARR 50000772 (sz=64, trace=300311, nelems=0, elem type=java.util.Hashtable$Entry[]@500000fb)
OBJ 50000773 (sz=48, trace=300312, class=java.util.Hashtable@500000f1)
ARR 50000774 (sz=64, trace=300313, nelems=0, elem type=java.util.Hashtable$Entry[]@500000fb)
OBJ 50000775 (sz=48, trace=300314, class=java.util.Hashtable@500000f1)
ARR 50000776 (sz=64, trace=300315, nelems=0, elem type=java.util.Hashtable$Entry[]@500000fb)
OBJ 50000777 (sz=24, trace=300316, class=java.util.ArrayList@50000066)
OBJ 50000779 (sz=24, trace=300318, class=java.io.ByteArrayOutputStream@50000778)
ARR 5000077a (sz=48, trace=300319, nelems=0, elem type=byte[])
OBJ 5000077b (sz=24, trace=300320, class=java.util.ArrayList@50000066)
OBJ 5000077c (sz=40, trace=300321, class=java.lang.ref.SoftReference@500000de)
	referent	50000737
	queue		500013cd
OBJ 5000077e (sz=48, trace=300323, class=java.util.HashMap@50000094)
	table		50000e63
OBJ 5000077f (sz=48, trace=300324, class=java.util.HashMap@50000094)
	table		50000e63
OBJ 50000780 (sz=48, trace=300325, class=java.util.HashMap@50000094)
	table		50000e63
ARR 50000781 (sz=96, trace=300326, nelems=0, elem type=char[])
OBJ 50000782 (sz=24, trace=300327, class=java.lang.String@50000136)
ARR 50000783 (sz=96, trace=300328, nelems=0, elem type=char[])
OBJ 50000784 (sz=24, trace=300329, class=java.lang.String@50000136)
ARR 50000785 (sz=96, trace=300330, nelems=0, elem type=char[])
OBJ 50000786 (sz=24, trace=300331, class=java.lang.String@50000136)
ARR 50000787 (sz=96, trace=300332, nelems=0, elem type=char[])
OBJ 50000788 (sz=24, trace=300333, class=java.lang.String@50000136)
ARR 50000789 (sz=96, trace=300326, nelems=0, elem type=char[])
OBJ 5000078a (sz=24, trace=300327, class=java.lang.String@50000136)
ARR 5000078b (sz=96, trace=300328, nelems=0, elem type=char[])
OBJ 5000078c (sz=24, trace=300329, class=java.lang.String@50000136)
OBJ 5000078d (sz=56, trace=300334, class=java.lang.Package@5000077d)
	pkgName		5000072a
	loader		50000c0a
ARR 5000078e (sz=80, trace=300335, nelems=14, elem type=java.util.HashMap$Entry[]@500000e4)
	[13]		5000078f
OBJ 5000078f (sz=32, trace=300065, class=java.util.HashMap$Entry@500000e3)
	key		5000072a
	value		5000078d
ARR 50000791 (sz=80, trace=300337, nelems=0, elem type=char[])
OBJ 50000792 (sz=24, trace=300338, class=java.lang.String@50000136)
	value		50000793
ARR 50000793 (sz=64, trace=300339, nelems=32, elem type=char[])
ARR 50000794 (sz=32, trace=300340, nelems=16, elem type=char[])
ARR 50000795 (sz=56, trace=300138, nelems=0, elem type=char[])
ARR 50000796 (sz=80, trace=300139, nelems=0, elem type=byte[])
ARR 50000797 (sz=40, trace=300140, nelems=0, elem type=byte[])
OBJ 50000798 (sz=64, trace=300185, class=java.util.zip.ZipEntry@50000342)
OBJ 50000799 (sz=80, trace=300187, class=java.util.jar.JarFile$JarFileEntry@50000345)
ARR 5000079b (sz=32, trace=300342, nelems=16, elem type=char[])
OBJ 5000079c (sz=48, trace=300343, class=sun.security.util.ManifestEntryVerifier@5000079a)
OBJ 5000079d (sz=48, trace=300344, class=java.util.HashMap@50000094)
OBJ 5000079e (sz=24, trace=300345, class=java.util.ArrayList@50000066)
OBJ 5000079f (sz=24, trace=300346, class=java.util.ArrayList@50000066)
ARR 500007a2 (sz=128, trace=300348, nelems=64, elem type=char[])
ARR 500007a3 (sz=256, trace=300349, nelems=256, elem type=byte[])
OBJ 500007a4 (sz=16, trace=300350, class=sun.misc.BASE64Decoder@500007a1)
ARR 500007a5 (sz=24, trace=300351, nelems=0, elem type=byte[])
ARR 500007a6 (sz=56, trace=300188, nelems=0, elem type=char[])
ARR 500007a7 (sz=80, trace=300352, nelems=0, elem type=byte[])
ARR 500007a8 (sz=40, trace=300190, nelems=0, elem type=byte[])
OBJ 500007a9 (sz=56, trace=300192, class=java.util.zip.ZipFile$ZipFileInputStream@5000034a)
	this$0		500006ea
OBJ 500007aa (sz=40, trace=300106, class=java.lang.ref.Finalizer@50000089)
	referent	500007a9
	queue		50000c02
	next		50000730
	prev		500007b2
OBJ 500007ab (sz=40, trace=300193, class=java.util.WeakHashMap$Entry@5000006b)
ARR 500007ac (sz=16, trace=300353, nelems=0, elem type=byte[])
ARR 500007ad (sz=128, trace=300354, nelems=0, elem type=byte[])
ARR 500007ae (sz=120, trace=300355, nelems=0, elem type=char[])
ARR 500007af (sz=176, trace=300356, nelems=0, elem type=byte[])
ARR 500007b0 (sz=72, trace=300357, nelems=0, elem type=byte[])
OBJ 500007b1 (sz=56, trace=300358, class=java.util.zip.ZipFile$ZipFileInputStream@5000034a)
	this$0		500006ea
OBJ 500007b2 (sz=40, trace=300106, class=java.lang.ref.Finalizer@50000089)
	referent	500007b1
	queue		50000c02
	next		500007aa
	prev		500008cc
OBJ 500007b3 (sz=40, trace=300193, class=java.util.WeakHashMap$Entry@5000006b)
ARR 500007b5 (sz=16, trace=300360, nelems=0, elem type=byte[])
ARR 500007b6 (sz=1040, trace=300361, nelems=0, elem type=byte[])
ARR 500007b7 (sz=3088, trace=300361, nelems=0, elem type=byte[])
ARR 500007b8 (sz=4824, trace=300361, nelems=0, elem type=byte[])
OBJ 500007b9 (sz=32, trace=300362, class=java.security.CodeSource@500000ef)
	location	500014d1
ARR 500007bc (sz=24, trace=300364, nelems=2, elem type=java.io.ObjectStreamField[]@5000016a)
	[0]		500007bd
	[1]		500007ca
OBJ 500007bd (sz=40, trace=300365, class=java.io.ObjectStreamField@50000169)
	name		50001416
	signature	500007c8
	type		500000f1
OBJ 500007be (sz=24, trace=300047, class=java.lang.StringBuilder@5000016c)
ARR 500007bf (sz=48, trace=300048, nelems=0, elem type=char[])
OBJ 500007c0 (sz=24, trace=300366, class=java.lang.StringBuilder@5000016c)
ARR 500007c1 (sz=48, trace=300367, nelems=0, elem type=char[])
ARR 500007c2 (sz=56, trace=300368, nelems=0, elem type=char[])
OBJ 500007c3 (sz=24, trace=300369, class=java.lang.String@50000136)
ARR 500007c4 (sz=88, trace=300006, nelems=0, elem type=char[])
OBJ 500007c5 (sz=24, trace=300370, class=java.lang.String@50000136)
ARR 500007c6 (sz=64, trace=300371, nelems=0, elem type=char[])
ARR 500007c7 (sz=88, trace=300006, nelems=0, elem type=char[])
OBJ 500007c8 (sz=24, trace=300049, class=java.lang.String@50000136)
	value		500007c9
ARR 500007c9 (sz=42, trace=300050, nelems=21, elem type=char[])
OBJ 500007ca (sz=40, trace=300372, class=java.io.ObjectStreamField@50000169)
	name		50001415
	signature	500007d6
	type		500007ba
OBJ 500007cb (sz=24, trace=300047, class=java.lang.StringBuilder@5000016c)
ARR 500007cc (sz=48, trace=300048, nelems=0, elem type=char[])
OBJ 500007cd (sz=24, trace=300366, class=java.lang.StringBuilder@5000016c)
ARR 500007ce (sz=48, trace=300367, nelems=0, elem type=char[])
ARR 500007cf (sz=88, trace=300368, nelems=0, elem type=char[])
OBJ 500007d0 (sz=24, trace=300369, class=java.lang.String@50000136)
ARR 500007d1 (sz=88, trace=300006, nelems=0, elem type=char[])
ARR 500007d2 (sz=160, trace=300233, nelems=0, elem type=char[])
OBJ 500007d3 (sz=24, trace=300370, class=java.lang.String@50000136)
ARR 500007d4 (sz=88, trace=300371, nelems=0, elem type=char[])
ARR 500007d5 (sz=88, trace=300006, nelems=0, elem type=char[])
OBJ 500007d6 (sz=24, trace=300049, class=java.lang.String@50000136)
	value		500007d7
ARR 500007d7 (sz=72, trace=300050, nelems=36, elem type=char[])
OBJ 500007d8 (sz=32, trace=300373, class=java.security.Permissions@500007bb)
	permsMap	500007d9
OBJ 500007d9 (sz=48, trace=300374, class=java.util.HashMap@50000094)
	table		500007fc
OBJ 500007da (sz=32, trace=300375, class=java.io.File@500000cd)
OBJ 500007de (sz=48, trace=300377, class=java.util.Hashtable@500000f1)
	table		500007df
ARR 500007df (sz=64, trace=300378, nelems=0, elem type=java.util.Hashtable$Entry[]@500000fb)
OBJ 500007e0 (sz=48, trace=300379, class=java.util.HashMap@50000094)
	table		50000e63
OBJ 500007e1 (sz=104, trace=300380, class=sun.net.www.protocol.file.FileURLConnection@500007dd)
OBJ 500007e3 (sz=24, trace=300382, class=sun.net.www.MessageHeader@500007e2)
ARR 500007e4 (sz=32, trace=300383, nelems=0, elem type=java.lang.String[]@50000137)
ARR 500007e5 (sz=32, trace=300384, nelems=0, elem type=java.lang.String[]@50000137)
OBJ 500007e7 (sz=32, trace=300386, class=java.io.FilePermission@500007e6)
	name		500014d2
	cpath		50000f05
OBJ 500007e9 (sz=16, trace=300388, class=java.io.FilePermission$1@500007e8)
OBJ 500007ea (sz=32, trace=300389, class=java.io.File@500000cd)
ARR 500007ec (sz=24, trace=300391, nelems=1, elem type=java.io.ObjectStreamField[]@5000016a)
	[0]		500007ed
OBJ 500007ed (sz=40, trace=300392, class=java.io.ObjectStreamField@50000169)
	name		50000caa
	signature	500007f8
	type		5000016f
OBJ 500007ee (sz=24, trace=300047, class=java.lang.StringBuilder@5000016c)
ARR 500007ef (sz=48, trace=300048, nelems=0, elem type=char[])
OBJ 500007f0 (sz=24, trace=300366, class=java.lang.StringBuilder@5000016c)
ARR 500007f1 (sz=48, trace=300367, nelems=0, elem type=char[])
ARR 500007f2 (sz=48, trace=300368, nelems=0, elem type=char[])
OBJ 500007f3 (sz=24, trace=300369, class=java.lang.String@50000136)
ARR 500007f4 (sz=88, trace=300006, nelems=0, elem type=char[])
OBJ 500007f5 (sz=24, trace=300370, class=java.lang.String@50000136)
ARR 500007f6 (sz=56, trace=300371, nelems=0, elem type=char[])
ARR 500007f7 (sz=88, trace=300006, nelems=0, elem type=char[])
OBJ 500007f8 (sz=24, trace=300049, class=java.lang.String@50000136)
	value		500007f9
ARR 500007f9 (sz=36, trace=300050, nelems=18, elem type=char[])
OBJ 500007fa (sz=24, trace=300393, class=java.io.FilePermissionCollection@500007eb)
	perms		500007fb
OBJ 500007fb (sz=24, trace=300394, class=java.util.ArrayList@50000066)
	elementData	500007fe
ARR 500007fc (sz=80, trace=300395, nelems=4, elem type=java.util.HashMap$Entry[]@500000e4)
	[0]		500007fd
	[3]		50000825
OBJ 500007fd (sz=32, trace=300065, class=java.util.HashMap$Entry@500000e3)
	key		500007e6
	value		500007fa
ARR 500007fe (sz=56, trace=300063, nelems=1, elem type=java.lang.Object[]@50000113)
	[0]		500007e7
OBJ 50000801 (sz=24, trace=300398, class=java.lang.RuntimePermission@50000156)
	name		50000ca4
	path		50000ca5
ARR 50000803 (sz=32, trace=300400, nelems=3, elem type=java.io.ObjectStreamField[]@5000016a)
	[0]		50000804
	[1]		50000811
	[2]		50000816
OBJ 50000804 (sz=40, trace=300401, class=java.io.ObjectStreamField@50000169)
	name		50000caa
	signature	500007c8
	type		500000f1
OBJ 50000805 (sz=24, trace=300047, class=java.lang.StringBuilder@5000016c)
ARR 50000806 (sz=48, trace=300048, nelems=0, elem type=char[])
OBJ 50000807 (sz=24, trace=300366, class=java.lang.StringBuilder@5000016c)
ARR 50000808 (sz=48, trace=300367, nelems=0, elem type=char[])
ARR 50000809 (sz=56, trace=300368, nelems=0, elem type=char[])
OBJ 5000080a (sz=24, trace=300369, class=java.lang.String@50000136)
ARR 5000080b (sz=88, trace=300006, nelems=0, elem type=char[])
OBJ 5000080c (sz=24, trace=300370, class=java.lang.String@50000136)
ARR 5000080d (sz=64, trace=300371, nelems=0, elem type=char[])
ARR 5000080e (sz=88, trace=300006, nelems=0, elem type=char[])
OBJ 5000080f (sz=24, trace=300049, class=java.lang.String@50000136)
ARR 50000810 (sz=64, trace=300050, nelems=0, elem type=char[])
OBJ 50000811 (sz=40, trace=300402, class=java.io.ObjectStreamField@50000169)
	name		50000ca8
	signature	50000f21
	type		50000c0f
OBJ 50000812 (sz=24, trace=300047, class=java.lang.StringBuilder@5000016c)
ARR 50000813 (sz=48, trace=300048, nelems=0, elem type=char[])
OBJ 50000814 (sz=24, trace=300049, class=java.lang.String@50000136)
ARR 50000815 (sz=24, trace=300050, nelems=0, elem type=char[])
OBJ 50000816 (sz=40, trace=300403, class=java.io.ObjectStreamField@50000169)
	name		50000ca9
	signature	50000821
	type		5000009f
OBJ 50000817 (sz=24, trace=300047, class=java.lang.StringBuilder@5000016c)
ARR 50000818 (sz=48, trace=300048, nelems=0, elem type=char[])
OBJ 50000819 (sz=24, trace=300366, class=java.lang.StringBuilder@5000016c)
ARR 5000081a (sz=48, trace=300367, nelems=0, elem type=char[])
ARR 5000081b (sz=48, trace=300368, nelems=0, elem type=char[])
OBJ 5000081c (sz=24, trace=300369, class=java.lang.String@50000136)
ARR 5000081d (sz=88, trace=300233, nelems=0, elem type=char[])
OBJ 5000081e (sz=24, trace=300370, class=java.lang.String@50000136)
ARR 5000081f (sz=56, trace=300371, nelems=0, elem type=char[])
ARR 50000820 (sz=88, trace=300006, nelems=0, elem type=char[])
OBJ 50000821 (sz=24, trace=300049, class=java.lang.String@50000136)
	value		50000822
ARR 50000822 (sz=34, trace=300050, nelems=17, elem type=char[])
OBJ 50000823 (sz=32, trace=300404, class=java.security.BasicPermissionCollection@50000802)
	perms		50000824
	permClass	50000156
OBJ 50000824 (sz=48, trace=300405, class=java.util.HashMap@50000094)
	table		50000826
OBJ 50000825 (sz=32, trace=300065, class=java.util.HashMap$Entry@500000e3)
	key		50000156
	value		50000823
ARR 50000826 (sz=80, trace=300406, nelems=14, elem type=java.util.HashMap$Entry[]@500000e4)
	[13]		50000827
OBJ 50000827 (sz=32, trace=300065, class=java.util.HashMap$Entry@500000e3)
	key		50000ca6
	value		50000801
OBJ 50000828 (sz=40, trace=300407, class=java.security.ProtectionDomain@5000006a)
	codesource	500007b9
	classloader	50000c0a
	principals	5000082a
	permissions	500007d8
	key		50000829
OBJ 50000829 (sz=16, trace=300408, class=java.security.ProtectionDomain$Key@500000d2)
	this$0		50000828
ARR 5000082a (sz=16, trace=300409, nelems=0, elem type=java.security.Principal[]@5000001f)
ARR 5000082b (sz=80, trace=300410, nelems=12, elem type=java.util.HashMap$Entry[]@500000e4)
	[6]		50000b84
	[11]		5000082c
OBJ 5000082c (sz=32, trace=300065, class=java.util.HashMap$Entry@500000e3)
	key		500007b9
	value		50000828
OBJ 5000082d (sz=24, trace=300411, class=java.lang.String@50000136)
	value		5000082e
ARR 5000082e (sz=74, trace=300412, nelems=37, elem type=char[])
ARR 5000082f (sz=24, trace=300413, nelems=1, elem type=java.util.concurrent.ConcurrentHashMap$HashEntry[]@500000ad)
	[0]		50000832
OBJ 50000830 (sz=40, trace=300022, class=java.util.concurrent.ConcurrentHashMap$Segment@500000f2)
	sync		50000831
	table		5000082f
OBJ 50000831 (sz=32, trace=300023, class=java.util.concurrent.locks.ReentrantLock$NonfairSync@5000011a)
OBJ 50000832 (sz=32, trace=300414, class=java.util.concurrent.ConcurrentHashMap$HashEntry@500000ac)
	key		5000082d
	value		50000de4
OBJ 50000833 (sz=24, trace=300053, class=java.lang.StringBuffer@50000070)
ARR 50000834 (sz=144, trace=300054, nelems=0, elem type=char[])
OBJ 50000835 (sz=24, trace=300055, class=java.lang.String@50000136)
ARR 50000836 (sz=144, trace=300056, nelems=0, elem type=char[])
OBJ 50000837 (sz=16, trace=300020, class=java.lang.Object@50000112)
ARR 50000838 (sz=24, trace=300021, nelems=0, elem type=java.util.concurrent.ConcurrentHashMap$HashEntry[]@500000ad)
OBJ 50000839 (sz=40, trace=300022, class=java.util.concurrent.ConcurrentHashMap$Segment@500000f2)
	sync		5000083a
	table		500008d3
OBJ 5000083a (sz=32, trace=300023, class=java.util.concurrent.locks.ReentrantLock$NonfairSync@5000011a)
OBJ 5000083b (sz=32, trace=300024, class=java.util.concurrent.ConcurrentHashMap$HashEntry@500000ac)
	key		50000e35
	value		50000837
OBJ 5000083c (sz=16, trace=300025, class=java.lang.Object@50000112)
ARR 5000083d (sz=24, trace=300021, nelems=0, elem type=java.util.concurrent.ConcurrentHashMap$HashEntry[]@500000ad)
OBJ 5000083e (sz=40, trace=300022, class=java.util.concurrent.ConcurrentHashMap$Segment@500000f2)
	sync		5000083f
	table		500008d6
OBJ 5000083f (sz=32, trace=300023, class=java.util.concurrent.locks.ReentrantLock$NonfairSync@5000011a)
OBJ 50000840 (sz=32, trace=300024, class=java.util.concurrent.ConcurrentHashMap$HashEntry@500000ac)
	key		50000e35
	value		5000083c
ARR 50000841 (sz=80, trace=300415, nelems=16, elem type=java.util.HashMap$Entry[]@500000e4)
	[5]		50000842
	[15]		50000b8d
OBJ 50000842 (sz=32, trace=300065, class=java.util.HashMap$Entry@500000e3)
	key		50000828
	value		5000141c
ARR 50000844 (sz=24, trace=300417, nelems=0, elem type=java.lang.Class[]@500000a0)
OBJ 50000845 (sz=48, trace=300418, class=java.lang.Class$ReflectionData@50000121)
OBJ 50000846 (sz=40, trace=300096, class=java.lang.ref.SoftReference@500000de)
OBJ 50000847 (sz=16, trace=300020, class=java.lang.Object@50000112)
ARR 50000848 (sz=24, trace=300021, nelems=0, elem type=java.util.concurrent.ConcurrentHashMap$HashEntry[]@500000ad)
OBJ 50000849 (sz=40, trace=300022, class=java.util.concurrent.ConcurrentHashMap$Segment@500000f2)
	sync		5000084a
	table		500009dd
OBJ 5000084a (sz=32, trace=300023, class=java.util.concurrent.locks.ReentrantLock$NonfairSync@5000011a)
OBJ 5000084b (sz=32, trace=300024, class=java.util.concurrent.ConcurrentHashMap$HashEntry@500000ac)
	key		50000e13
	value		50000847
OBJ 5000084c (sz=16, trace=300025, class=java.lang.Object@50000112)
ARR 5000084d (sz=24, trace=300021, nelems=0, elem type=java.util.concurrent.ConcurrentHashMap$HashEntry[]@500000ad)
OBJ 5000084e (sz=40, trace=300022, class=java.util.concurrent.ConcurrentHashMap$Segment@500000f2)
	sync		5000084f
	table		500009e0
OBJ 5000084f (sz=32, trace=300023, class=java.util.concurrent.locks.ReentrantLock$NonfairSync@5000011a)
OBJ 50000850 (sz=32, trace=300024, class=java.util.concurrent.ConcurrentHashMap$HashEntry@500000ac)
	key		50000e13
	value		5000084c
OBJ 50000851 (sz=16, trace=300020, class=java.lang.Object@50000112)
OBJ 50000852 (sz=32, trace=300024, class=java.util.concurrent.ConcurrentHashMap$HashEntry@500000ac)
	key		50000e3e
	value		50000851
OBJ 50000853 (sz=16, trace=300025, class=java.lang.Object@50000112)
OBJ 50000854 (sz=32, trace=300024, class=java.util.concurrent.ConcurrentHashMap$HashEntry@500000ac)
	key		50000e3e
	value		50000853
OBJ 50000855 (sz=16, trace=300020, class=java.lang.Object@50000112)
ARR 50000856 (sz=24, trace=300021, nelems=2, elem type=java.util.concurrent.ConcurrentHashMap$HashEntry[]@500000ad)
	[1]		50000859
OBJ 50000857 (sz=40, trace=300022, class=java.util.concurrent.ConcurrentHashMap$Segment@500000f2)
	sync		50000858
	table		50000856
OBJ 50000858 (sz=32, trace=300023, class=java.util.concurrent.locks.ReentrantLock$NonfairSync@5000011a)
OBJ 50000859 (sz=32, trace=300024, class=java.util.concurrent.ConcurrentHashMap$HashEntry@500000ac)
	key		50000e15
	value		50000855
OBJ 5000085a (sz=16, trace=300025, class=java.lang.Object@50000112)
ARR 5000085b (sz=24, trace=300021, nelems=2, elem type=java.util.concurrent.ConcurrentHashMap$HashEntry[]@500000ad)
	[1]		5000085e
OBJ 5000085c (sz=40, trace=300022, class=java.util.concurrent.ConcurrentHashMap$Segment@500000f2)
	sync		5000085d
	table		5000085b
OBJ 5000085d (sz=32, trace=300023, class=java.util.concurrent.locks.ReentrantLock$NonfairSync@5000011a)
OBJ 5000085e (sz=32, trace=300024, class=java.util.concurrent.ConcurrentHashMap$HashEntry@500000ac)
	key		50000e15
	value		5000085a
OBJ 5000085f (sz=16, trace=300020, class=java.lang.Object@50000112)
OBJ 50000860 (sz=32, trace=300024, class=java.util.concurrent.ConcurrentHashMap$HashEntry@500000ac)
	key		50000e2f
	value		5000085f
ARR 50000861 (sz=32, trace=300419, nelems=0, elem type=java.util.concurrent.ConcurrentHashMap$HashEntry[]@500000ad)
OBJ 50000862 (sz=16, trace=300025, class=java.lang.Object@50000112)
OBJ 50000863 (sz=32, trace=300024, class=java.util.concurrent.ConcurrentHashMap$HashEntry@500000ac)
	key		50000e2f
	value		50000862
ARR 50000864 (sz=32, trace=300419, nelems=0, elem type=java.util.concurrent.ConcurrentHashMap$HashEntry[]@500000ad)
OBJ 50000866 (sz=16, trace=300020, class=java.lang.Object@50000112)
ARR 50000867 (sz=24, trace=300021, nelems=0, elem type=java.util.concurrent.ConcurrentHashMap$HashEntry[]@500000ad)
OBJ 50000868 (sz=40, trace=300022, class=java.util.concurrent.ConcurrentHashMap$Segment@500000f2)
	sync		50000869
	table		5000088d
OBJ 50000869 (sz=32, trace=300023, class=java.util.concurrent.locks.ReentrantLock$NonfairSync@5000011a)
OBJ 5000086a (sz=32, trace=300024, class=java.util.concurrent.ConcurrentHashMap$HashEntry@500000ac)
	key		50000e0d
	value		50000866
OBJ 5000086b (sz=16, trace=300025, class=java.lang.Object@50000112)
ARR 5000086c (sz=24, trace=300021, nelems=0, elem type=java.util.concurrent.ConcurrentHashMap$HashEntry[]@500000ad)
OBJ 5000086d (sz=40, trace=300022, class=java.util.concurrent.ConcurrentHashMap$Segment@500000f2)
	sync		5000086e
	table		50000890
OBJ 5000086e (sz=32, trace=300023, class=java.util.concurrent.locks.ReentrantLock$NonfairSync@5000011a)
OBJ 5000086f (sz=32, trace=300024, class=java.util.concurrent.ConcurrentHashMap$HashEntry@500000ac)
	key		50000e0d
	value		5000086b
OBJ 50000871 (sz=16, trace=300020, class=java.lang.Object@50000112)
ARR 50000872 (sz=24, trace=300021, nelems=0, elem type=java.util.concurrent.ConcurrentHashMap$HashEntry[]@500000ad)
OBJ 50000873 (sz=40, trace=300022, class=java.util.concurrent.ConcurrentHashMap$Segment@500000f2)
	sync		50000874
	table		500008a1
OBJ 50000874 (sz=32, trace=300023, class=java.util.concurrent.locks.ReentrantLock$NonfairSync@5000011a)
OBJ 50000875 (sz=32, trace=300024, class=java.util.concurrent.ConcurrentHashMap$HashEntry@500000ac)
	key		50000e2b
	value		50000871
OBJ 50000876 (sz=16, trace=300025, class=java.lang.Object@50000112)
ARR 50000877 (sz=24, trace=300021, nelems=0, elem type=java.util.concurrent.ConcurrentHashMap$HashEntry[]@500000ad)
OBJ 50000878 (sz=40, trace=300022, class=java.util.concurrent.ConcurrentHashMap$Segment@500000f2)
	sync		50000879
	table		500008a4
OBJ 50000879 (sz=32, trace=300023, class=java.util.concurrent.locks.ReentrantLock$NonfairSync@5000011a)
OBJ 5000087a (sz=32, trace=300024, class=java.util.concurrent.ConcurrentHashMap$HashEntry@500000ac)
	key		50000e2b
	value		50000876
OBJ 5000087b (sz=16, trace=300020, class=java.lang.Object@50000112)
ARR 5000087c (sz=24, trace=300021, nelems=2, elem type=java.util.concurrent.ConcurrentHashMap$HashEntry[]@500000ad)
	[1]		5000087f
OBJ 5000087d (sz=40, trace=300022, class=java.util.concurrent.ConcurrentHashMap$Segment@500000f2)
	sync		5000087e
	table		5000087c
OBJ 5000087e (sz=32, trace=300023, class=java.util.concurrent.locks.ReentrantLock$NonfairSync@5000011a)
OBJ 5000087f (sz=32, trace=300024, class=java.util.concurrent.ConcurrentHashMap$HashEntry@500000ac)
	key		50000e17
	value		5000087b
OBJ 50000880 (sz=16, trace=300025, class=java.lang.Object@50000112)
ARR 50000881 (sz=24, trace=300021, nelems=2, elem type=java.util.concurrent.ConcurrentHashMap$HashEntry[]@500000ad)
	[1]		50000884
OBJ 50000882 (sz=40, trace=300022, class=java.util.concurrent.ConcurrentHashMap$Segment@500000f2)
	sync		50000883
	table		50000881
OBJ 50000883 (sz=32, trace=300023, class=java.util.concurrent.locks.ReentrantLock$NonfairSync@5000011a)
OBJ 50000884 (sz=32, trace=300024, class=java.util.concurrent.ConcurrentHashMap$HashEntry@500000ac)
	key		50000e17
	value		50000880
OBJ 50000886 (sz=16, trace=300020, class=java.lang.Object@50000112)
OBJ 50000887 (sz=32, trace=300024, class=java.util.concurrent.ConcurrentHashMap$HashEntry@500000ac)
	key		50000e31
	value		50000886
OBJ 50000888 (sz=16, trace=300025, class=java.lang.Object@50000112)
OBJ 50000889 (sz=32, trace=300024, class=java.util.concurrent.ConcurrentHashMap$HashEntry@500000ac)
	key		50000e31
	value		50000888
OBJ 5000088b (sz=16, trace=300020, class=java.lang.Object@50000112)
OBJ 5000088c (sz=32, trace=300024, class=java.util.concurrent.ConcurrentHashMap$HashEntry@500000ac)
	key		50000e0f
	value		5000088b
ARR 5000088d (sz=32, trace=300419, nelems=4, elem type=java.util.concurrent.ConcurrentHashMap$HashEntry[]@500000ad)
	[2]		5000088c
	[3]		5000086a
OBJ 5000088e (sz=16, trace=300025, class=java.lang.Object@50000112)
OBJ 5000088f (sz=32, trace=300024, class=java.util.concurrent.ConcurrentHashMap$HashEntry@500000ac)
	key		50000e0f
	value		5000088e
ARR 50000890 (sz=32, trace=300419, nelems=4, elem type=java.util.concurrent.ConcurrentHashMap$HashEntry[]@500000ad)
	[2]		5000088f
	[3]		5000086f
OBJ 50000891 (sz=80, trace=300421, class=java.lang.reflect.Method@50000142)
OBJ 50000893 (sz=16, trace=300020, class=java.lang.Object@50000112)
ARR 50000894 (sz=24, trace=300021, nelems=0, elem type=java.util.concurrent.ConcurrentHashMap$HashEntry[]@500000ad)
OBJ 50000895 (sz=40, trace=300022, class=java.util.concurrent.ConcurrentHashMap$Segment@500000f2)
	sync		50000896
	table		50000b9c
OBJ 50000896 (sz=32, trace=300023, class=java.util.concurrent.locks.ReentrantLock$NonfairSync@5000011a)
OBJ 50000897 (sz=32, trace=300024, class=java.util.concurrent.ConcurrentHashMap$HashEntry@500000ac)
	key		50000e23
	value		50000893
OBJ 50000898 (sz=16, trace=300025, class=java.lang.Object@50000112)
ARR 50000899 (sz=24, trace=300021, nelems=0, elem type=java.util.concurrent.ConcurrentHashMap$HashEntry[]@500000ad)
OBJ 5000089a (sz=40, trace=300022, class=java.util.concurrent.ConcurrentHashMap$Segment@500000f2)
	sync		5000089b
	table		50000b9f
OBJ 5000089b (sz=32, trace=300023, class=java.util.concurrent.locks.ReentrantLock$NonfairSync@5000011a)
OBJ 5000089c (sz=32, trace=300024, class=java.util.concurrent.ConcurrentHashMap$HashEntry@500000ac)
	key		50000e23
	value		50000898
OBJ 5000089d (sz=24, trace=300423, class=java.lang.StringBuffer@50000070)
ARR 5000089e (sz=48, trace=300424, nelems=0, elem type=char[])
OBJ 5000089f (sz=16, trace=300020, class=java.lang.Object@50000112)
OBJ 500008a0 (sz=32, trace=300024, class=java.util.concurrent.ConcurrentHashMap$HashEntry@500000ac)
	key		50000e29
	value		5000089f
	next		50000875
ARR 500008a1 (sz=32, trace=300419, nelems=1, elem type=java.util.concurrent.ConcurrentHashMap$HashEntry[]@500000ad)
	[0]		500008a0
OBJ 500008a2 (sz=16, trace=300025, class=java.lang.Object@50000112)
OBJ 500008a3 (sz=32, trace=300024, class=java.util.concurrent.ConcurrentHashMap$HashEntry@500000ac)
	key		50000e29
	value		500008a2
	next		5000087a
ARR 500008a4 (sz=32, trace=300419, nelems=1, elem type=java.util.concurrent.ConcurrentHashMap$HashEntry[]@500000ad)
	[0]		500008a3
ARR 500008a5 (sz=112, trace=300006, nelems=0, elem type=char[])
OBJ 500008a6 (sz=16, trace=300020, class=java.lang.Object@50000112)
ARR 500008a7 (sz=24, trace=300021, nelems=0, elem type=java.util.concurrent.ConcurrentHashMap$HashEntry[]@500000ad)
OBJ 500008a8 (sz=40, trace=300022, class=java.util.concurrent.ConcurrentHashMap$Segment@500000f2)
	sync		500008a9
	table		50000a8c
OBJ 500008a9 (sz=32, trace=300023, class=java.util.concurrent.locks.ReentrantLock$NonfairSync@5000011a)
OBJ 500008aa (sz=32, trace=300024, class=java.util.concurrent.ConcurrentHashMap$HashEntry@500000ac)
	key		50000e03
	value		500008a6
OBJ 500008ab (sz=16, trace=300025, class=java.lang.Object@50000112)
ARR 500008ac (sz=24, trace=300021, nelems=0, elem type=java.util.concurrent.ConcurrentHashMap$HashEntry[]@500000ad)
OBJ 500008ad (sz=40, trace=300022, class=java.util.concurrent.ConcurrentHashMap$Segment@500000f2)
	sync		500008ae
	table		50000a8f
OBJ 500008ae (sz=32, trace=300023, class=java.util.concurrent.locks.ReentrantLock$NonfairSync@5000011a)
OBJ 500008af (sz=32, trace=300024, class=java.util.concurrent.ConcurrentHashMap$HashEntry@500000ac)
	key		50000e03
	value		500008ab
ARR 500008b0 (sz=200, trace=300006, nelems=0, elem type=char[])
OBJ 500008b1 (sz=24, trace=300425, class=java.lang.String@50000136)
ARR 500008b2 (sz=112, trace=300426, nelems=0, elem type=char[])
ARR 500008b3 (sz=32, trace=300427, nelems=0, elem type=char[])
OBJ 500008b4 (sz=24, trace=300428, class=java.lang.String@50000136)
ARR 500008b5 (sz=32, trace=300429, nelems=0, elem type=char[])
OBJ 500008b6 (sz=24, trace=300430, class=java.lang.StringBuffer@50000070)
ARR 500008b7 (sz=48, trace=300431, nelems=0, elem type=char[])
ARR 500008b8 (sz=112, trace=300006, nelems=0, elem type=char[])
ARR 500008b9 (sz=208, trace=300006, nelems=0, elem type=char[])
OBJ 500008ba (sz=24, trace=300432, class=java.lang.String@50000136)
	value		500008bb
ARR 500008bb (sz=124, trace=300433, nelems=62, elem type=char[])
OBJ 500008bc (sz=32, trace=300434, class=java.io.File@500000cd)
OBJ 500008bd (sz=32, trace=300435, class=java.io.File@500000cd)
OBJ 500008be (sz=16, trace=300436, class=java.lang.ClassLoader$3@50000153)
ARR 500008bf (sz=208, trace=300010, nelems=0, elem type=byte[])
ARR 500008c0 (sz=80, trace=300011, nelems=0, elem type=byte[])
OBJ 500008c1 (sz=24, trace=300012, class=java.lang.String@50000136)
ARR 500008c2 (sz=48, trace=300013, nelems=0, elem type=char[])
OBJ 500008c3 (sz=24, trace=300437, class=java.lang.String@50000136)
ARR 500008c4 (sz=112, trace=300438, nelems=0, elem type=char[])
ARR 500008c5 (sz=208, trace=300439, nelems=0, elem type=byte[])
ARR 500008c6 (sz=80, trace=300011, nelems=0, elem type=byte[])
OBJ 500008c7 (sz=24, trace=300440, class=java.lang.String@50000136)
	value		500008c8
ARR 500008c8 (sz=124, trace=300019, nelems=62, elem type=char[])
OBJ 500008c9 (sz=24, trace=300441, class=java.io.ExpiringCache$Entry@50000016)
	val		500008c7
OBJ 500008ca (sz=40, trace=300442, class=java.util.LinkedHashMap$Entry@500000dd)
	key		500008ba
	value		500008c9
	before		50000e89
	after		50000ae5
OBJ 500008cb (sz=32, trace=300443, class=java.lang.ClassLoader$NativeLibrary@50000001)
	fromClass	50000843
	name		500008c7
OBJ 500008cc (sz=40, trace=300106, class=java.lang.ref.Finalizer@50000089)
	referent	500008cb
	queue		50000c02
	next		500007b2
	prev		50000a5e
ARR 500008cd (sz=208, trace=300444, nelems=0, elem type=byte[])
ARR 500008ce (sz=80, trace=300011, nelems=0, elem type=byte[])
OBJ 500008cf (sz=24, trace=300018, class=java.lang.String@50000136)
ARR 500008d0 (sz=24, trace=300019, nelems=0, elem type=char[])
OBJ 500008d1 (sz=16, trace=300020, class=java.lang.Object@50000112)
OBJ 500008d2 (sz=32, trace=300024, class=java.util.concurrent.ConcurrentHashMap$HashEntry@500000ac)
	key		50000e33
	value		500008d1
	next		5000083b
ARR 500008d3 (sz=32, trace=300419, nelems=3, elem type=java.util.concurrent.ConcurrentHashMap$HashEntry[]@500000ad)
	[0]		50000a9e
	[2]		500008d2
OBJ 500008d4 (sz=16, trace=300025, class=java.lang.Object@50000112)
OBJ 500008d5 (sz=32, trace=300024, class=java.util.concurrent.ConcurrentHashMap$HashEntry@500000ac)
	key		50000e33
	value		500008d4
	next		50000840
ARR 500008d6 (sz=32, trace=300419, nelems=3, elem type=java.util.concurrent.ConcurrentHashMap$HashEntry[]@500000ad)
	[0]		50000aa1
	[2]		500008d5
ARR 500008d9 (sz=1040, trace=300446, nelems=256, elem type=java.lang.Integer[]@500008d8)
	[0]		500008da
	[1]		500008db
	[2]		500008dc
	[3]		500008dd
	[4]		500008de
	[5]		500008df
	[6]		500008e0
	[7]		500008e1
	[8]		500008e2
	[9]		500008e3
	[10]		500008e4
	[11]		500008e5
	[12]		500008e6
	[13]		500008e7
	[14]		500008e8
	[15]		500008e9
	[16]		500008ea
	[17]		500008eb
	[18]		500008ec
	[19]		500008ed
	[20]		500008ee
	[21]		500008ef
	[22]		500008f0
	[23]		500008f1
	[24]		500008f2
	[25]		500008f3
	[26]		500008f4
	[27]		500008f5
	[28]		500008f6
	[29]		500008f7
	[30]		500008f8
	[31]		500008f9
	[32]		500008fa
	[33]		500008fb
	[34]		500008fc
	[35]		500008fd
	[36]		500008fe
	[37]		500008ff
	[38]		50000900
	[39]		50000901
	[40]		50000902
	[41]		50000903
	[42]		50000904
	[43]		50000905
	[44]		50000906
	[45]		50000907
	[46]		50000908
	[47]		50000909
	[48]		5000090a
	[49]		5000090b
	[50]		5000090c
	[51]		5000090d
	[52]		5000090e
	[53]		5000090f
	[54]		50000910
	[55]		50000911
	[56]		50000912
	[57]		50000913
	[58]		50000914
	[59]		50000915
	[60]		50000916
	[61]		50000917
	[62]		50000918
	[63]		50000919
	[64]		5000091a
	[65]		5000091b
	[66]		5000091c
	[67]		5000091d
	[68]		5000091e
	[69]		5000091f
	[70]		50000920
	[71]		50000921
	[72]		50000922
	[73]		50000923
	[74]		50000924
	[75]		50000925
	[76]		50000926
	[77]		50000927
	[78]		50000928
	[79]		50000929
	[80]		5000092a
	[81]		5000092b
	[82]		5000092c
	[83]		5000092d
	[84]		5000092e
	[85]		5000092f
	[86]		50000930
	[87]		50000931
	[88]		50000932
	[89]		50000933
	[90]		50000934
	[91]		50000935
	[92]		50000936
	[93]		50000937
	[94]		50000938
	[95]		50000939
	[96]		5000093a
	[97]		5000093b
	[98]		5000093c
	[99]		5000093d
	[100]		5000093e
	[101]		5000093f
	[102]		50000940
	[103]		50000941
	[104]		50000942
	[105]		50000943
	[106]		50000944
	[107]		50000945
	[108]		50000946
	[109]		50000947
	[110]		50000948
	[111]		50000949
	[112]		5000094a
	[113]		5000094b
	[114]		5000094c
	[115]		5000094d
	[116]		5000094e
	[117]		5000094f
	[118]		50000950
	[119]		50000951
	[120]		50000952
	[121]		50000953
	[122]		50000954
	[123]		50000955
	[124]		50000956
	[125]		50000957
	[126]		50000958
	[127]		50000959
	[128]		5000095a
	[129]		5000095b
	[130]		5000095c
	[131]		5000095d
	[132]		5000095e
	[133]		5000095f
	[134]		50000960
	[135]		50000961
	[136]		50000962
	[137]		50000963
	[138]		50000964
	[139]		50000965
	[140]		50000966
	[141]		50000967
	[142]		50000968
	[143]		50000969
	[144]		5000096a
	[145]		5000096b
	[146]		5000096c
	[147]		5000096d
	[148]		5000096e
	[149]		5000096f
	[150]		50000970
	[151]		50000971
	[152]		50000972
	[153]		50000973
	[154]		50000974
	[155]		50000975
	[156]		50000976
	[157]		50000977
	[158]		50000978
	[159]		50000979
	[160]		5000097a
	[161]		5000097b
	[162]		5000097c
	[163]		5000097d
	[164]		5000097e
	[165]		5000097f
	[166]		50000980
	[167]		50000981
	[168]		50000982
	[169]		50000983
	[170]		50000984
	[171]		50000985
	[172]		50000986
	[173]		50000987
	[174]		50000988
	[175]		50000989
	[176]		5000098a
	[177]		5000098b
	[178]		5000098c
	[179]		5000098d
	[180]		5000098e
	[181]		5000098f
	[182]		50000990
	[183]		50000991
	[184]		50000992
	[185]		50000993
	[186]		50000994
	[187]		50000995
	[188]		50000996
	[189]		50000997
	[190]		50000998
	[191]		50000999
	[192]		5000099a
	[193]		5000099b
	[194]		5000099c
	[195]		5000099d
	[196]		5000099e
	[197]		5000099f
	[198]		500009a0
	[199]		500009a1
	[200]		500009a2
	[201]		500009a3
	[202]		500009a4
	[203]		500009a5
	[204]		500009a6
	[205]		500009a7
	[206]		500009a8
	[207]		500009a9
	[208]		500009aa
	[209]		500009ab
	[210]		500009ac
	[211]		500009ad
	[212]		500009ae
	[213]		500009af
	[214]		500009b0
	[215]		500009b1
	[216]		500009b2
	[217]		500009b3
	[218]		500009b4
	[219]		500009b5
	[220]		500009b6
	[221]		500009b7
	[222]		500009b8
	[223]		500009b9
	[224]		500009ba
	[225]		500009bb
	[226]		500009bc
	[227]		500009bd
	[228]		500009be
	[229]		500009bf
	[230]		500009c0
	[231]		500009c1
	[232]		500009c2
	[233]		500009c3
	[234]		500009c4
	[235]		500009c5
	[236]		500009c6
	[237]		500009c7
	[238]		500009c8
	[239]		500009c9
	[240]		500009ca
	[241]		500009cb
	[242]		500009cc
	[243]		500009cd
	[244]		500009ce
	[245]		500009cf
	[246]		500009d0
	[247]		500009d1
	[248]		500009d2
	[249]		500009d3
	[250]		500009d4
	[251]		500009d5
	[252]		500009d6
	[253]		500009d7
	[254]		500009d8
	[255]		500009d9
OBJ 500008da (sz=16, trace=300447, class=java.lang.Integer@5000012e)
OBJ 500008db (sz=16, trace=300447, class=java.lang.Integer@5000012e)
OBJ 500008dc (sz=16, trace=300447, class=java.lang.Integer@5000012e)
OBJ 500008dd (sz=16, trace=300447, class=java.lang.Integer@5000012e)
OBJ 500008de (sz=16, trace=300447, class=java.lang.Integer@5000012e)
OBJ 500008df (sz=16, trace=300447, class=java.lang.Integer@5000012e)
OBJ 500008e0 (sz=16, trace=300447, class=java.lang.Integer@5000012e)
OBJ 500008e1 (sz=16, trace=300447, class=java.lang.Integer@5000012e)
OBJ 500008e2 (sz=16, trace=300447, class=java.lang.Integer@5000012e)
OBJ 500008e3 (sz=16, trace=300447, class=java.lang.Integer@5000012e)
OBJ 500008e4 (sz=16, trace=300447, class=java.lang.Integer@5000012e)
OBJ 500008e5 (sz=16, trace=300447, class=java.lang.Integer@5000012e)
OBJ 500008e6 (sz=16, trace=300447, class=java.lang.Integer@5000012e)
OBJ 500008e7 (sz=16, trace=300447, class=java.lang.Integer@5000012e)
OBJ 500008e8 (sz=16, trace=300447, class=java.lang.Integer@5000012e)
OBJ 500008e9 (sz=16, trace=300447, class=java.lang.Integer@5000012e)
OBJ 500008ea (sz=16, trace=300447, class=java.lang.Integer@5000012e)
OBJ 500008eb (sz=16, trace=300447, class=java.lang.Integer@5000012e)
OBJ 500008ec (sz=16, trace=300447, class=java.lang.Integer@5000012e)
OBJ 500008ed (sz=16, trace=300447, class=java.lang.Integer@5000012e)
OBJ 500008ee (sz=16, trace=300447, class=java.lang.Integer@5000012e)
OBJ 500008ef (sz=16, trace=300447, class=java.lang.Integer@5000012e)
OBJ 500008f0 (sz=16, trace=300447, class=java.lang.Integer@5000012e)
OBJ 500008f1 (sz=16, trace=300447, class=java.lang.Integer@5000012e)
OBJ 500008f2 (sz=16, trace=300447, class=java.lang.Integer@5000012e)
OBJ 500008f3 (sz=16, trace=300447, class=java.lang.Integer@5000012e)
OBJ 500008f4 (sz=16, trace=300447, class=java.lang.Integer@5000012e)
OBJ 500008f5 (sz=16, trace=300447, class=java.lang.Integer@5000012e)
OBJ 500008f6 (sz=16, trace=300447, class=java.lang.Integer@5000012e)
OBJ 500008f7 (sz=16, trace=300447, class=java.lang.Integer@5000012e)
OBJ 500008f8 (sz=16, trace=300447, class=java.lang.Integer@5000012e)
OBJ 500008f9 (sz=16, trace=300447, class=java.lang.Integer@5000012e)
OBJ 500008fa (sz=16, trace=300447, class=java.lang.Integer@5000012e)
OBJ 500008fb (sz=16, trace=300447, class=java.lang.Integer@5000012e)
OBJ 500008fc (sz=16, trace=300447, class=java.lang.Integer@5000012e)
OBJ 500008fd (sz=16, trace=300447, class=java.lang.Integer@5000012e)
OBJ 500008fe (sz=16, trace=300447, class=java.lang.Integer@5000012e)
OBJ 500008ff (sz=16, trace=300447, class=java.lang.Integer@5000012e)
OBJ 50000900 (sz=16, trace=300447, class=java.lang.Integer@5000012e)
OBJ 50000901 (sz=16, trace=300447, class=java.lang.Integer@5000012e)
OBJ 50000902 (sz=16, trace=300447, class=java.lang.Integer@5000012e)
OBJ 50000903 (sz=16, trace=300447, class=java.lang.Integer@5000012e)
OBJ 50000904 (sz=16, trace=300447, class=java.lang.Integer@5000012e)
OBJ 50000905 (sz=16, trace=300447, class=java.lang.Integer@5000012e)
OBJ 50000906 (sz=16, trace=300447, class=java.lang.Integer@5000012e)
OBJ 50000907 (sz=16, trace=300447, class=java.lang.Integer@5000012e)
OBJ 50000908 (sz=16, trace=300447, class=java.lang.Integer@5000012e)
OBJ 50000909 (sz=16, trace=300447, class=java.lang.Integer@5000012e)
OBJ 5000090a (sz=16, trace=300447, class=java.lang.Integer@5000012e)
OBJ 5000090b (sz=16, trace=300447, class=java.lang.Integer@5000012e)
OBJ 5000090c (sz=16, trace=300447, class=java.lang.Integer@5000012e)
OBJ 5000090d (sz=16, trace=300447, class=java.lang.Integer@5000012e)
OBJ 5000090e (sz=16, trace=300447, class=java.lang.Integer@5000012e)
OBJ 5000090f (sz=16, trace=300447, class=java.lang.Integer@5000012e)
OBJ 50000910 (sz=16, trace=300447, class=java.lang.Integer@5000012e)
OBJ 50000911 (sz=16, trace=300447, class=java.lang.Integer@5000012e)
OBJ 50000912 (sz=16, trace=300447, class=java.lang.Integer@5000012e)
OBJ 50000913 (sz=16, trace=300447, class=java.lang.Integer@5000012e)
OBJ 50000914 (sz=16, trace=300447, class=java.lang.Integer@5000012e)
OBJ 50000915 (sz=16, trace=300447, class=java.lang.Integer@5000012e)
OBJ 50000916 (sz=16, trace=300447, class=java.lang.Integer@5000012e)
OBJ 50000917 (sz=16, trace=300447, class=java.lang.Integer@5000012e)
OBJ 50000918 (sz=16, trace=300447, class=java.lang.Integer@5000012e)
OBJ 50000919 (sz=16, trace=300447, class=java.lang.Integer@5000012e)
OBJ 5000091a (sz=16, trace=300447, class=java.lang.Integer@5000012e)
OBJ 5000091b (sz=16, trace=300447, class=java.lang.Integer@5000012e)
OBJ 5000091c (sz=16, trace=300447, class=java.lang.Integer@5000012e)
OBJ 5000091d (sz=16, trace=300447, class=java.lang.Integer@5000012e)
OBJ 5000091e (sz=16, trace=300447, class=java.lang.Integer@5000012e)
OBJ 5000091f (sz=16, trace=300447, class=java.lang.Integer@5000012e)
OBJ 50000920 (sz=16, trace=300447, class=java.lang.Integer@5000012e)
OBJ 50000921 (sz=16, trace=300447, class=java.lang.Integer@5000012e)
OBJ 50000922 (sz=16, trace=300447, class=java.lang.Integer@5000012e)
OBJ 50000923 (sz=16, trace=300447, class=java.lang.Integer@5000012e)
OBJ 50000924 (sz=16, trace=300447, class=java.lang.Integer@5000012e)
OBJ 50000925 (sz=16, trace=300447, class=java.lang.Integer@5000012e)
OBJ 50000926 (sz=16, trace=300447, class=java.lang.Integer@5000012e)
OBJ 50000927 (sz=16, trace=300447, class=java.lang.Integer@5000012e)
OBJ 50000928 (sz=16, trace=300447, class=java.lang.Integer@5000012e)
OBJ 50000929 (sz=16, trace=300447, class=java.lang.Integer@5000012e)
OBJ 5000092a (sz=16, trace=300447, class=java.lang.Integer@5000012e)
OBJ 5000092b (sz=16, trace=300447, class=java.lang.Integer@5000012e)
OBJ 5000092c (sz=16, trace=300447, class=java.lang.Integer@5000012e)
OBJ 5000092d (sz=16, trace=300447, class=java.lang.Integer@5000012e)
OBJ 5000092e (sz=16, trace=300447, class=java.lang.Integer@5000012e)
OBJ 5000092f (sz=16, trace=300447, class=java.lang.Integer@5000012e)
OBJ 50000930 (sz=16, trace=300447, class=java.lang.Integer@5000012e)
OBJ 50000931 (sz=16, trace=300447, class=java.lang.Integer@5000012e)
OBJ 50000932 (sz=16, trace=300447, class=java.lang.Integer@5000012e)
OBJ 50000933 (sz=16, trace=300447, class=java.lang.Integer@5000012e)
OBJ 50000934 (sz=16, trace=300447, class=java.lang.Integer@5000012e)
OBJ 50000935 (sz=16, trace=300447, class=java.lang.Integer@5000012e)
OBJ 50000936 (sz=16, trace=300447, class=java.lang.Integer@5000012e)
OBJ 50000937 (sz=16, trace=300447, class=java.lang.Integer@5000012e)
OBJ 50000938 (sz=16, trace=300447, class=java.lang.Integer@5000012e)
OBJ 50000939 (sz=16, trace=300447, class=java.lang.Integer@5000012e)
OBJ 5000093a (sz=16, trace=300447, class=java.lang.Integer@5000012e)
OBJ 5000093b (sz=16, trace=300447, class=java.lang.Integer@5000012e)
OBJ 5000093c (sz=16, trace=300447, class=java.lang.Integer@5000012e)
OBJ 5000093d (sz=16, trace=300447, class=java.lang.Integer@5000012e)
OBJ 5000093e (sz=16, trace=300447, class=java.lang.Integer@5000012e)
OBJ 5000093f (sz=16, trace=300447, class=java.lang.Integer@5000012e)
OBJ 50000940 (sz=16, trace=300447, class=java.lang.Integer@5000012e)
OBJ 50000941 (sz=16, trace=300447, class=java.lang.Integer@5000012e)
OBJ 50000942 (sz=16, trace=300447, class=java.lang.Integer@5000012e)
OBJ 50000943 (sz=16, trace=300447, class=java.lang.Integer@5000012e)
OBJ 50000944 (sz=16, trace=300447, class=java.lang.Integer@5000012e)
OBJ 50000945 (sz=16, trace=300447, class=java.lang.Integer@5000012e)
OBJ 50000946 (sz=16, trace=300447, class=java.lang.Integer@5000012e)
OBJ 50000947 (sz=16, trace=300447, class=java.lang.Integer@5000012e)
OBJ 50000948 (sz=16, trace=300447, class=java.lang.Integer@5000012e)
OBJ 50000949 (sz=16, trace=300447, class=java.lang.Integer@5000012e)
OBJ 5000094a (sz=16, trace=300447, class=java.lang.Integer@5000012e)
OBJ 5000094b (sz=16, trace=300447, class=java.lang.Integer@5000012e)
OBJ 5000094c (sz=16, trace=300447, class=java.lang.Integer@5000012e)
OBJ 5000094d (sz=16, trace=300447, class=java.lang.Integer@5000012e)
OBJ 5000094e (sz=16, trace=300447, class=java.lang.Integer@5000012e)
OBJ 5000094f (sz=16, trace=300447, class=java.lang.Integer@5000012e)
OBJ 50000950 (sz=16, trace=300447, class=java.lang.Integer@5000012e)
OBJ 50000951 (sz=16, trace=300447, class=java.lang.Integer@5000012e)
OBJ 50000952 (sz=16, trace=300447, class=java.lang.Integer@5000012e)
OBJ 50000953 (sz=16, trace=300447, class=java.lang.Integer@5000012e)
OBJ 50000954 (sz=16, trace=300447, class=java.lang.Integer@5000012e)
OBJ 50000955 (sz=16, trace=300447, class=java.lang.Integer@5000012e)
OBJ 50000956 (sz=16, trace=300447, class=java.lang.Integer@5000012e)
OBJ 50000957 (sz=16, trace=300447, class=java.lang.Integer@5000012e)
OBJ 50000958 (sz=16, trace=300447, class=java.lang.Integer@5000012e)
OBJ 50000959 (sz=16, trace=300447, class=java.lang.Integer@5000012e)
OBJ 5000095a (sz=16, trace=300447, class=java.lang.Integer@5000012e)
OBJ 5000095b (sz=16, trace=300447, class=java.lang.Integer@5000012e)
OBJ 5000095c (sz=16, trace=300447, class=java.lang.Integer@5000012e)
OBJ 5000095d (sz=16, trace=300447, class=java.lang.Integer@5000012e)
OBJ 5000095e (sz=16, trace=300447, class=java.lang.Integer@5000012e)
OBJ 5000095f (sz=16, trace=300447, class=java.lang.Integer@5000012e)
OBJ 50000960 (sz=16, trace=300447, class=java.lang.Integer@5000012e)
OBJ 50000961 (sz=16, trace=300447, class=java.lang.Integer@5000012e)
OBJ 50000962 (sz=16, trace=300447, class=java.lang.Integer@5000012e)
OBJ 50000963 (sz=16, trace=300447, class=java.lang.Integer@5000012e)
OBJ 50000964 (sz=16, trace=300447, class=java.lang.Integer@5000012e)
OBJ 50000965 (sz=16, trace=300447, class=java.lang.Integer@5000012e)
OBJ 50000966 (sz=16, trace=300447, class=java.lang.Integer@5000012e)
OBJ 50000967 (sz=16, trace=300447, class=java.lang.Integer@5000012e)
OBJ 50000968 (sz=16, trace=300447, class=java.lang.Integer@5000012e)
OBJ 50000969 (sz=16, trace=300447, class=java.lang.Integer@5000012e)
OBJ 5000096a (sz=16, trace=300447, class=java.lang.Integer@5000012e)
OBJ 5000096b (sz=16, trace=300447, class=java.lang.Integer@5000012e)
OBJ 5000096c (sz=16, trace=300447, class=java.lang.Integer@5000012e)
OBJ 5000096d (sz=16, trace=300447, class=java.lang.Integer@5000012e)
OBJ 5000096e (sz=16, trace=300447, class=java.lang.Integer@5000012e)
OBJ 5000096f (sz=16, trace=300447, class=java.lang.Integer@5000012e)
OBJ 50000970 (sz=16, trace=300447, class=java.lang.Integer@5000012e)
OBJ 50000971 (sz=16, trace=300447, class=java.lang.Integer@5000012e)
OBJ 50000972 (sz=16, trace=300447, class=java.lang.Integer@5000012e)
OBJ 50000973 (sz=16, trace=300447, class=java.lang.Integer@5000012e)
OBJ 50000974 (sz=16, trace=300447, class=java.lang.Integer@5000012e)
OBJ 50000975 (sz=16, trace=300447, class=java.lang.Integer@5000012e)
OBJ 50000976 (sz=16, trace=300447, class=java.lang.Integer@5000012e)
OBJ 50000977 (sz=16, trace=300447, class=java.lang.Integer@5000012e)
OBJ 50000978 (sz=16, trace=300447, class=java.lang.Integer@5000012e)
OBJ 50000979 (sz=16, trace=300447, class=java.lang.Integer@5000012e)
OBJ 5000097a (sz=16, trace=300447, class=java.lang.Integer@5000012e)
OBJ 5000097b (sz=16, trace=300447, class=java.lang.Integer@5000012e)
OBJ 5000097c (sz=16, trace=300447, class=java.lang.Integer@5000012e)
OBJ 5000097d (sz=16, trace=300447, class=java.lang.Integer@5000012e)
OBJ 5000097e (sz=16, trace=300447, class=java.lang.Integer@5000012e)
OBJ 5000097f (sz=16, trace=300447, class=java.lang.Integer@5000012e)
OBJ 50000980 (sz=16, trace=300447, class=java.lang.Integer@5000012e)
OBJ 50000981 (sz=16, trace=300447, class=java.lang.Integer@5000012e)
OBJ 50000982 (sz=16, trace=300447, class=java.lang.Integer@5000012e)
OBJ 50000983 (sz=16, trace=300447, class=java.lang.Integer@5000012e)
OBJ 50000984 (sz=16, trace=300447, class=java.lang.Integer@5000012e)
OBJ 50000985 (sz=16, trace=300447, class=java.lang.Integer@5000012e)
OBJ 50000986 (sz=16, trace=300447, class=java.lang.Integer@5000012e)
OBJ 50000987 (sz=16, trace=300447, class=java.lang.Integer@5000012e)
OBJ 50000988 (sz=16, trace=300447, class=java.lang.Integer@5000012e)
OBJ 50000989 (sz=16, trace=300447, class=java.lang.Integer@5000012e)
OBJ 5000098a (sz=16, trace=300447, class=java.lang.Integer@5000012e)
OBJ 5000098b (sz=16, trace=300447, class=java.lang.Integer@5000012e)
OBJ 5000098c (sz=16, trace=300447, class=java.lang.Integer@5000012e)
OBJ 5000098d (sz=16, trace=300447, class=java.lang.Integer@5000012e)
OBJ 5000098e (sz=16, trace=300447, class=java.lang.Integer@5000012e)
OBJ 5000098f (sz=16, trace=300447, class=java.lang.Integer@5000012e)
OBJ 50000990 (sz=16, trace=300447, class=java.lang.Integer@5000012e)
OBJ 50000991 (sz=16, trace=300447, class=java.lang.Integer@5000012e)
OBJ 50000992 (sz=16, trace=300447, class=java.lang.Integer@5000012e)
OBJ 50000993 (sz=16, trace=300447, class=java.lang.Integer@5000012e)
OBJ 50000994 (sz=16, trace=300447, class=java.lang.Integer@5000012e)
OBJ 50000995 (sz=16, trace=300447, class=java.lang.Integer@5000012e)
OBJ 50000996 (sz=16, trace=300447, class=java.lang.Integer@5000012e)
OBJ 50000997 (sz=16, trace=300447, class=java.lang.Integer@5000012e)
OBJ 50000998 (sz=16, trace=300447, class=java.lang.Integer@5000012e)
OBJ 50000999 (sz=16, trace=300447, class=java.lang.Integer@5000012e)
OBJ 5000099a (sz=16, trace=300447, class=java.lang.Integer@5000012e)
OBJ 5000099b (sz=16, trace=300447, class=java.lang.Integer@5000012e)
OBJ 5000099c (sz=16, trace=300447, class=java.lang.Integer@5000012e)
OBJ 5000099d (sz=16, trace=300447, class=java.lang.Integer@5000012e)
OBJ 5000099e (sz=16, trace=300447, class=java.lang.Integer@5000012e)
OBJ 5000099f (sz=16, trace=300447, class=java.lang.Integer@5000012e)
OBJ 500009a0 (sz=16, trace=300447, class=java.lang.Integer@5000012e)
OBJ 500009a1 (sz=16, trace=300447, class=java.lang.Integer@5000012e)
OBJ 500009a2 (sz=16, trace=300447, class=java.lang.Integer@5000012e)
OBJ 500009a3 (sz=16, trace=300447, class=java.lang.Integer@5000012e)
OBJ 500009a4 (sz=16, trace=300447, class=java.lang.Integer@5000012e)
OBJ 500009a5 (sz=16, trace=300447, class=java.lang.Integer@5000012e)
OBJ 500009a6 (sz=16, trace=300447, class=java.lang.Integer@5000012e)
OBJ 500009a7 (sz=16, trace=300447, class=java.lang.Integer@5000012e)
OBJ 500009a8 (sz=16, trace=300447, class=java.lang.Integer@5000012e)
OBJ 500009a9 (sz=16, trace=300447, class=java.lang.Integer@5000012e)
OBJ 500009aa (sz=16, trace=300447, class=java.lang.Integer@5000012e)
OBJ 500009ab (sz=16, trace=300447, class=java.lang.Integer@5000012e)
OBJ 500009ac (sz=16, trace=300447, class=java.lang.Integer@5000012e)
OBJ 500009ad (sz=16, trace=300447, class=java.lang.Integer@5000012e)
OBJ 500009ae (sz=16, trace=300447, class=java.lang.Integer@5000012e)
OBJ 500009af (sz=16, trace=300447, class=java.lang.Integer@5000012e)
OBJ 500009b0 (sz=16, trace=300447, class=java.lang.Integer@5000012e)
OBJ 500009b1 (sz=16, trace=300447, class=java.lang.Integer@5000012e)
OBJ 500009b2 (sz=16, trace=300447, class=java.lang.Integer@5000012e)
OBJ 500009b3 (sz=16, trace=300447, class=java.lang.Integer@5000012e)
OBJ 500009b4 (sz=16, trace=300447, class=java.lang.Integer@5000012e)
OBJ 500009b5 (sz=16, trace=300447, class=java.lang.Integer@5000012e)
OBJ 500009b6 (sz=16, trace=300447, class=java.lang.Integer@5000012e)
OBJ 500009b7 (sz=16, trace=300447, class=java.lang.Integer@5000012e)
OBJ 500009b8 (sz=16, trace=300447, class=java.lang.Integer@5000012e)
OBJ 500009b9 (sz=16, trace=300447, class=java.lang.Integer@5000012e)
OBJ 500009ba (sz=16, trace=300447, class=java.lang.Integer@5000012e)
OBJ 500009bb (sz=16, trace=300447, class=java.lang.Integer@5000012e)
OBJ 500009bc (sz=16, trace=300447, class=java.lang.Integer@5000012e)
OBJ 500009bd (sz=16, trace=300447, class=java.lang.Integer@5000012e)
OBJ 500009be (sz=16, trace=300447, class=java.lang.Integer@5000012e)
OBJ 500009bf (sz=16, trace=300447, class=java.lang.Integer@5000012e)
OBJ 500009c0 (sz=16, trace=300447, class=java.lang.Integer@5000012e)
OBJ 500009c1 (sz=16, trace=300447, class=java.lang.Integer@5000012e)
OBJ 500009c2 (sz=16, trace=300447, class=java.lang.Integer@5000012e)
OBJ 500009c3 (sz=16, trace=300447, class=java.lang.Integer@5000012e)
OBJ 500009c4 (sz=16, trace=300447, class=java.lang.Integer@5000012e)
OBJ 500009c5 (sz=16, trace=300447, class=java.lang.Integer@5000012e)
OBJ 500009c6 (sz=16, trace=300447, class=java.lang.Integer@5000012e)
OBJ 500009c7 (sz=16, trace=300447, class=java.lang.Integer@5000012e)
OBJ 500009c8 (sz=16, trace=300447, class=java.lang.Integer@5000012e)
OBJ 500009c9 (sz=16, trace=300447, class=java.lang.Integer@5000012e)
OBJ 500009ca (sz=16, trace=300447, class=java.lang.Integer@5000012e)
OBJ 500009cb (sz=16, trace=300447, class=java.lang.Integer@5000012e)
OBJ 500009cc (sz=16, trace=300447, class=java.lang.Integer@5000012e)
OBJ 500009cd (sz=16, trace=300447, class=java.lang.Integer@5000012e)
OBJ 500009ce (sz=16, trace=300447, class=java.lang.Integer@5000012e)
OBJ 500009cf (sz=16, trace=300447, class=java.lang.Integer@5000012e)
OBJ 500009d0 (sz=16, trace=300447, class=java.lang.Integer@5000012e)
OBJ 500009d1 (sz=16, trace=300447, class=java.lang.Integer@5000012e)
OBJ 500009d2 (sz=16, trace=300447, class=java.lang.Integer@5000012e)
OBJ 500009d3 (sz=16, trace=300447, class=java.lang.Integer@5000012e)
OBJ 500009d4 (sz=16, trace=300447, class=java.lang.Integer@5000012e)
OBJ 500009d5 (sz=16, trace=300447, class=java.lang.Integer@5000012e)
OBJ 500009d6 (sz=16, trace=300447, class=java.lang.Integer@5000012e)
OBJ 500009d7 (sz=16, trace=300447, class=java.lang.Integer@5000012e)
OBJ 500009d8 (sz=16, trace=300447, class=java.lang.Integer@5000012e)
OBJ 500009d9 (sz=16, trace=300447, class=java.lang.Integer@5000012e)
OBJ 500009da (sz=16, trace=300448, class=java.lang.Integer@5000012e)
OBJ 500009db (sz=16, trace=300020, class=java.lang.Object@50000112)
OBJ 500009dc (sz=32, trace=300024, class=java.util.concurrent.ConcurrentHashMap$HashEntry@500000ac)
	key		50000e11
	value		500009db
ARR 500009dd (sz=32, trace=300419, nelems=2, elem type=java.util.concurrent.ConcurrentHashMap$HashEntry[]@500000ad)
	[0]		5000084b
	[1]		500009dc
OBJ 500009de (sz=16, trace=300025, class=java.lang.Object@50000112)
OBJ 500009df (sz=32, trace=300024, class=java.util.concurrent.ConcurrentHashMap$HashEntry@500000ac)
	key		50000e11
	value		500009de
ARR 500009e0 (sz=32, trace=300419, nelems=2, elem type=java.util.concurrent.ConcurrentHashMap$HashEntry[]@500000ad)
	[0]		50000850
	[1]		500009df
OBJ 500009e1 (sz=16, trace=300020, class=java.lang.Object@50000112)
OBJ 500009e2 (sz=32, trace=300024, class=java.util.concurrent.ConcurrentHashMap$HashEntry@500000ac)
	key		50000e3c
	value		500009e1
ARR 500009e3 (sz=32, trace=300419, nelems=4, elem type=java.util.concurrent.ConcurrentHashMap$HashEntry[]@500000ad)
	[1]		50000852
	[3]		500009e2
OBJ 500009e4 (sz=16, trace=300025, class=java.lang.Object@50000112)
OBJ 500009e5 (sz=32, trace=300024, class=java.util.concurrent.ConcurrentHashMap$HashEntry@500000ac)
	key		50000e3c
	value		500009e4
ARR 500009e6 (sz=32, trace=300419, nelems=4, elem type=java.util.concurrent.ConcurrentHashMap$HashEntry[]@500000ad)
	[1]		50000854
	[3]		500009e5
OBJ 500009e7 (sz=24, trace=300027, class=java.net.URLClassLoader$1@500001a7)
ARR 500009e8 (sz=112, trace=300028, nelems=0, elem type=char[])
OBJ 500009e9 (sz=24, trace=300029, class=java.lang.String@50000136)
ARR 500009ea (sz=128, trace=300030, nelems=0, elem type=char[])
OBJ 500009eb (sz=24, trace=300031, class=java.lang.String@50000136)
OBJ 500009ec (sz=40, trace=300066, class=java.lang.ClassNotFoundException@50000079)
OBJ 500009ed (sz=40, trace=300068, class=java.security.PrivilegedActionException@5000025f)
OBJ 500009ee (sz=24, trace=300069, class=java.net.URLClassLoader$1@500001a7)
ARR 500009ef (sz=112, trace=300028, nelems=0, elem type=char[])
OBJ 500009f0 (sz=24, trace=300029, class=java.lang.String@50000136)
ARR 500009f1 (sz=128, trace=300030, nelems=0, elem type=char[])
OBJ 500009f2 (sz=24, trace=300031, class=java.lang.String@50000136)
ARR 500009f3 (sz=128, trace=300138, nelems=0, elem type=char[])
ARR 500009f4 (sz=176, trace=300139, nelems=0, elem type=byte[])
ARR 500009f5 (sz=72, trace=300140, nelems=0, elem type=byte[])
ARR 500009f6 (sz=128, trace=300138, nelems=0, elem type=char[])
ARR 500009f7 (sz=176, trace=300139, nelems=0, elem type=byte[])
ARR 500009f8 (sz=72, trace=300140, nelems=0, elem type=byte[])
ARR 500009f9 (sz=128, trace=300138, nelems=0, elem type=char[])
ARR 500009fa (sz=176, trace=300139, nelems=0, elem type=byte[])
ARR 500009fb (sz=72, trace=300140, nelems=0, elem type=byte[])
ARR 500009fc (sz=128, trace=300138, nelems=0, elem type=char[])
ARR 500009fd (sz=176, trace=300139, nelems=0, elem type=byte[])
ARR 500009fe (sz=72, trace=300140, nelems=0, elem type=byte[])
ARR 500009ff (sz=128, trace=300138, nelems=0, elem type=char[])
ARR 50000a00 (sz=176, trace=300139, nelems=0, elem type=byte[])
ARR 50000a01 (sz=72, trace=300140, nelems=0, elem type=byte[])
ARR 50000a02 (sz=128, trace=300138, nelems=0, elem type=char[])
ARR 50000a03 (sz=176, trace=300139, nelems=0, elem type=byte[])
ARR 50000a04 (sz=72, trace=300140, nelems=0, elem type=byte[])
ARR 50000a05 (sz=128, trace=300138, nelems=0, elem type=char[])
ARR 50000a06 (sz=176, trace=300139, nelems=0, elem type=byte[])
ARR 50000a07 (sz=72, trace=300140, nelems=0, elem type=byte[])
ARR 50000a08 (sz=128, trace=300138, nelems=0, elem type=char[])
ARR 50000a09 (sz=176, trace=300139, nelems=0, elem type=byte[])
ARR 50000a0a (sz=72, trace=300140, nelems=0, elem type=byte[])
ARR 50000a0b (sz=128, trace=300138, nelems=0, elem type=char[])
ARR 50000a0c (sz=176, trace=300139, nelems=0, elem type=byte[])
ARR 50000a0d (sz=72, trace=300140, nelems=0, elem type=byte[])
ARR 50000a0e (sz=128, trace=300138, nelems=0, elem type=char[])
ARR 50000a0f (sz=176, trace=300139, nelems=0, elem type=byte[])
ARR 50000a10 (sz=72, trace=300140, nelems=0, elem type=byte[])
ARR 50000a11 (sz=128, trace=300138, nelems=0, elem type=char[])
ARR 50000a12 (sz=176, trace=300139, nelems=0, elem type=byte[])
ARR 50000a13 (sz=72, trace=300140, nelems=0, elem type=byte[])
OBJ 50000a14 (sz=64, trace=300218, class=java.net.URL@500000b9)
OBJ 50000a15 (sz=24, trace=300219, class=java.lang.StringBuilder@5000016c)
ARR 50000a16 (sz=48, trace=300220, nelems=0, elem type=char[])
ARR 50000a17 (sz=152, trace=300006, nelems=0, elem type=char[])
ARR 50000a18 (sz=288, trace=300006, nelems=0, elem type=char[])
OBJ 50000a19 (sz=24, trace=300221, class=java.lang.String@50000136)
ARR 50000a1a (sz=152, trace=300222, nelems=0, elem type=char[])
OBJ 50000a1b (sz=24, trace=300223, class=java.lang.String@50000136)
ARR 50000a1c (sz=152, trace=300224, nelems=0, elem type=char[])
ARR 50000a1d (sz=264, trace=300225, nelems=0, elem type=char[])
ARR 50000a1e (sz=128, trace=300226, nelems=0, elem type=char[])
OBJ 50000a1f (sz=24, trace=300227, class=java.lang.String@50000136)
ARR 50000a20 (sz=128, trace=300228, nelems=0, elem type=char[])
OBJ 50000a21 (sz=64, trace=300229, class=java.net.URL@500000b9)
OBJ 50000a22 (sz=24, trace=300219, class=java.lang.StringBuilder@5000016c)
ARR 50000a23 (sz=48, trace=300220, nelems=0, elem type=char[])
ARR 50000a24 (sz=152, trace=300006, nelems=0, elem type=char[])
ARR 50000a25 (sz=288, trace=300006, nelems=0, elem type=char[])
OBJ 50000a26 (sz=24, trace=300221, class=java.lang.String@50000136)
ARR 50000a27 (sz=256, trace=300222, nelems=0, elem type=char[])
OBJ 50000a28 (sz=32, trace=300230, class=java.io.File@500000cd)
OBJ 50000a29 (sz=24, trace=300231, class=java.lang.StringBuilder@5000016c)
ARR 50000a2a (sz=48, trace=300232, nelems=0, elem type=char[])
ARR 50000a2b (sz=152, trace=300006, nelems=0, elem type=char[])
ARR 50000a2c (sz=288, trace=300233, nelems=0, elem type=char[])
OBJ 50000a2d (sz=24, trace=300234, class=java.lang.String@50000136)
ARR 50000a2e (sz=256, trace=300235, nelems=0, elem type=char[])
ARR 50000a2f (sz=376, trace=300010, nelems=0, elem type=byte[])
ARR 50000a30 (sz=136, trace=300011, nelems=0, elem type=byte[])
OBJ 50000a31 (sz=24, trace=300012, class=java.lang.String@50000136)
ARR 50000a32 (sz=48, trace=300013, nelems=0, elem type=char[])
ARR 50000a33 (sz=128, trace=300138, nelems=0, elem type=char[])
ARR 50000a34 (sz=176, trace=300139, nelems=0, elem type=byte[])
ARR 50000a35 (sz=72, trace=300140, nelems=0, elem type=byte[])
ARR 50000a36 (sz=128, trace=300138, nelems=0, elem type=char[])
ARR 50000a37 (sz=176, trace=300139, nelems=0, elem type=byte[])
ARR 50000a38 (sz=72, trace=300140, nelems=0, elem type=byte[])
OBJ 50000a39 (sz=64, trace=300185, class=java.util.zip.ZipEntry@50000342)
OBJ 50000a3a (sz=80, trace=300187, class=java.util.jar.JarFile$JarFileEntry@50000345)
ARR 50000a3b (sz=264, trace=300236, nelems=0, elem type=char[])
ARR 50000a3c (sz=128, trace=300237, nelems=0, elem type=char[])
OBJ 50000a3d (sz=24, trace=300238, class=java.lang.String@50000136)
ARR 50000a3e (sz=128, trace=300239, nelems=0, elem type=char[])
OBJ 50000a3f (sz=64, trace=300240, class=java.net.URL@500000b9)
OBJ 50000a40 (sz=24, trace=300241, class=java.lang.String@50000136)
ARR 50000a41 (sz=24, trace=300242, nelems=0, elem type=char[])
OBJ 50000a42 (sz=24, trace=300243, class=java.lang.StringBuilder@5000016c)
ARR 50000a43 (sz=48, trace=300244, nelems=0, elem type=char[])
ARR 50000a44 (sz=144, trace=300006, nelems=0, elem type=char[])
ARR 50000a45 (sz=280, trace=300006, nelems=0, elem type=char[])
OBJ 50000a46 (sz=24, trace=300245, class=java.lang.String@50000136)
ARR 50000a47 (sz=256, trace=300246, nelems=0, elem type=char[])
OBJ 50000a48 (sz=24, trace=300247, class=java.lang.String@50000136)
ARR 50000a49 (sz=144, trace=300248, nelems=0, elem type=char[])
OBJ 50000a4a (sz=24, trace=300249, class=java.lang.String@50000136)
ARR 50000a4b (sz=128, trace=300250, nelems=0, elem type=char[])
OBJ 50000a4c (sz=16, trace=300251, class=sun.net.www.ParseUtil@50000078)
OBJ 50000a4d (sz=24, trace=300252, class=java.lang.StringBuilder@5000016c)
ARR 50000a4e (sz=48, trace=300253, nelems=0, elem type=char[])
ARR 50000a4f (sz=144, trace=300006, nelems=0, elem type=char[])
ARR 50000a50 (sz=272, trace=300006, nelems=0, elem type=char[])
OBJ 50000a51 (sz=24, trace=300254, class=java.lang.String@50000136)
ARR 50000a52 (sz=256, trace=300255, nelems=0, elem type=char[])
OBJ 50000a53 (sz=32, trace=300257, class=sun.misc.URLClassPath$JarLoader$2@50000728)
OBJ 50000a54 (sz=24, trace=300258, class=java.lang.String@50000136)
ARR 50000a55 (sz=96, trace=300259, nelems=0, elem type=char[])
ARR 50000a56 (sz=96, trace=300449, nelems=0, elem type=char[])
OBJ 50000a57 (sz=24, trace=300450, class=java.lang.String@50000136)
ARR 50000a58 (sz=96, trace=300451, nelems=0, elem type=char[])
OBJ 50000a59 (sz=24, trace=300452, class=java.lang.String@50000136)
ARR 50000a5a (sz=128, trace=300453, nelems=0, elem type=char[])
ARR 50000a5b (sz=176, trace=300454, nelems=0, elem type=byte[])
ARR 50000a5c (sz=72, trace=300455, nelems=0, elem type=byte[])
OBJ 50000a5d (sz=56, trace=300456, class=java.util.zip.ZipFile$ZipFileInputStream@5000034a)
	this$0		500006ea
OBJ 50000a5e (sz=40, trace=300106, class=java.lang.ref.Finalizer@50000089)
	referent	50000a5d
	queue		50000c02
	next		500008cc
	prev		50000ae9
OBJ 50000a5f (sz=40, trace=300193, class=java.util.WeakHashMap$Entry@5000006b)
ARR 50000a60 (sz=16, trace=300360, nelems=0, elem type=byte[])
ARR 50000a61 (sz=1040, trace=300361, nelems=0, elem type=byte[])
ARR 50000a62 (sz=1680, trace=300361, nelems=0, elem type=byte[])
OBJ 50000a63 (sz=32, trace=300362, class=java.security.CodeSource@500000ef)
OBJ 50000a64 (sz=24, trace=300411, class=java.lang.String@50000136)
ARR 50000a65 (sz=96, trace=300412, nelems=0, elem type=char[])
OBJ 50000a66 (sz=24, trace=300053, class=java.lang.StringBuffer@50000070)
ARR 50000a67 (sz=144, trace=300054, nelems=0, elem type=char[])
OBJ 50000a68 (sz=24, trace=300055, class=java.lang.String@50000136)
ARR 50000a69 (sz=144, trace=300056, nelems=0, elem type=char[])
OBJ 50000a6b (sz=16, trace=300020, class=java.lang.Object@50000112)
ARR 50000a6c (sz=32, trace=300021, nelems=4, elem type=java.util.concurrent.ConcurrentHashMap$HashEntry[]@500000ad)
	[3]		50000a6f
OBJ 50000a6d (sz=40, trace=300022, class=java.util.concurrent.ConcurrentHashMap$Segment@500000f2)
	sync		50000a6e
	table		50000a6c
OBJ 50000a6e (sz=32, trace=300023, class=java.util.concurrent.locks.ReentrantLock$NonfairSync@5000011a)
OBJ 50000a6f (sz=32, trace=300024, class=java.util.concurrent.ConcurrentHashMap$HashEntry@500000ac)
	key		50000e1b
	value		50000a6b
OBJ 50000a70 (sz=16, trace=300025, class=java.lang.Object@50000112)
ARR 50000a71 (sz=32, trace=300021, nelems=4, elem type=java.util.concurrent.ConcurrentHashMap$HashEntry[]@500000ad)
	[3]		50000a74
OBJ 50000a72 (sz=40, trace=300022, class=java.util.concurrent.ConcurrentHashMap$Segment@500000f2)
	sync		50000a73
	table		50000a71
OBJ 50000a73 (sz=32, trace=300023, class=java.util.concurrent.locks.ReentrantLock$NonfairSync@5000011a)
OBJ 50000a74 (sz=32, trace=300024, class=java.util.concurrent.ConcurrentHashMap$HashEntry@500000ac)
	key		50000e1b
	value		50000a70
OBJ 50000a75 (sz=16, trace=300020, class=java.lang.Object@50000112)
ARR 50000a76 (sz=32, trace=300021, nelems=4, elem type=java.util.concurrent.ConcurrentHashMap$HashEntry[]@500000ad)
	[3]		50000a79
OBJ 50000a77 (sz=40, trace=300022, class=java.util.concurrent.ConcurrentHashMap$Segment@500000f2)
	sync		50000a78
	table		50000a76
OBJ 50000a78 (sz=32, trace=300023, class=java.util.concurrent.locks.ReentrantLock$NonfairSync@5000011a)
OBJ 50000a79 (sz=32, trace=300024, class=java.util.concurrent.ConcurrentHashMap$HashEntry@500000ac)
	key		50000e19
	value		50000a75
OBJ 50000a7a (sz=16, trace=300025, class=java.lang.Object@50000112)
ARR 50000a7b (sz=32, trace=300021, nelems=4, elem type=java.util.concurrent.ConcurrentHashMap$HashEntry[]@500000ad)
	[3]		50000a7e
OBJ 50000a7c (sz=40, trace=300022, class=java.util.concurrent.ConcurrentHashMap$Segment@500000f2)
	sync		50000a7d
	table		50000a7b
OBJ 50000a7d (sz=32, trace=300023, class=java.util.concurrent.locks.ReentrantLock$NonfairSync@5000011a)
OBJ 50000a7e (sz=32, trace=300024, class=java.util.concurrent.ConcurrentHashMap$HashEntry@500000ac)
	key		50000e19
	value		50000a7a
OBJ 50000a80 (sz=16, trace=300020, class=java.lang.Object@50000112)
ARR 50000a81 (sz=32, trace=300021, nelems=2, elem type=java.util.concurrent.ConcurrentHashMap$HashEntry[]@500000ad)
	[1]		50000bd0
OBJ 50000a82 (sz=40, trace=300022, class=java.util.concurrent.ConcurrentHashMap$Segment@500000f2)
	sync		50000a83
	table		50000a81
OBJ 50000a83 (sz=32, trace=300023, class=java.util.concurrent.locks.ReentrantLock$NonfairSync@5000011a)
OBJ 50000a84 (sz=32, trace=300024, class=java.util.concurrent.ConcurrentHashMap$HashEntry@500000ac)
	key		50000e27
	value		50000a80
OBJ 50000a85 (sz=16, trace=300025, class=java.lang.Object@50000112)
ARR 50000a86 (sz=32, trace=300021, nelems=2, elem type=java.util.concurrent.ConcurrentHashMap$HashEntry[]@500000ad)
	[1]		50000bd4
OBJ 50000a87 (sz=40, trace=300022, class=java.util.concurrent.ConcurrentHashMap$Segment@500000f2)
	sync		50000a88
	table		50000a86
OBJ 50000a88 (sz=32, trace=300023, class=java.util.concurrent.locks.ReentrantLock$NonfairSync@5000011a)
OBJ 50000a89 (sz=32, trace=300024, class=java.util.concurrent.ConcurrentHashMap$HashEntry@500000ac)
	key		50000e27
	value		50000a85
OBJ 50000a8a (sz=16, trace=300020, class=java.lang.Object@50000112)
OBJ 50000a8b (sz=32, trace=300024, class=java.util.concurrent.ConcurrentHashMap$HashEntry@500000ac)
	key		50000e00
	value		50000a8a
ARR 50000a8c (sz=32, trace=300419, nelems=3, elem type=java.util.concurrent.ConcurrentHashMap$HashEntry[]@500000ad)
	[1]		500008aa
	[2]		50000a8b
OBJ 50000a8d (sz=16, trace=300025, class=java.lang.Object@50000112)
OBJ 50000a8e (sz=32, trace=300024, class=java.util.concurrent.ConcurrentHashMap$HashEntry@500000ac)
	key		50000e00
	value		50000a8d
ARR 50000a8f (sz=32, trace=300419, nelems=3, elem type=java.util.concurrent.ConcurrentHashMap$HashEntry[]@500000ad)
	[1]		500008af
	[2]		50000a8e
OBJ 50000a90 (sz=16, trace=300457, class=com.intellij.rt.execution.application.AppMain$1@50000a6a)
OBJ 50000a91 (sz=104, trace=300458, class=java.lang.Thread@5000007a)
	name		50000a93
	target		50000a90
	group		50000c21
	contextClassLoader	50000c0a
	inheritedAccessControlContext	5000177b
	threadLocals	50000aba
	blockerLock	50000a92
OBJ 50000a92 (sz=16, trace=300459, class=java.lang.Object@50000112)
ARR 50000a93 (sz=36, trace=300460, nelems=18, elem type=char[])
OBJ 50000a94 (sz=16, trace=300020, class=java.lang.Object@50000112)
ARR 50000a95 (sz=32, trace=300021, nelems=4, elem type=java.util.concurrent.ConcurrentHashMap$HashEntry[]@500000ad)
	[3]		50000a98
OBJ 50000a96 (sz=40, trace=300022, class=java.util.concurrent.ConcurrentHashMap$Segment@500000f2)
	sync		50000a97
	table		50000a95
OBJ 50000a97 (sz=32, trace=300023, class=java.util.concurrent.locks.ReentrantLock$NonfairSync@5000011a)
OBJ 50000a98 (sz=32, trace=300024, class=java.util.concurrent.ConcurrentHashMap$HashEntry@500000ac)
	key		50000e39
	value		50000a94
OBJ 50000a99 (sz=16, trace=300025, class=java.lang.Object@50000112)
ARR 50000a9a (sz=32, trace=300021, nelems=4, elem type=java.util.concurrent.ConcurrentHashMap$HashEntry[]@500000ad)
	[3]		50000a9f
OBJ 50000a9b (sz=16, trace=300020, class=java.lang.Object@50000112)
OBJ 50000a9c (sz=40, trace=300022, class=java.util.concurrent.ConcurrentHashMap$Segment@500000f2)
	sync		50000a9d
	table		50000a9a
OBJ 50000a9d (sz=32, trace=300023, class=java.util.concurrent.locks.ReentrantLock$NonfairSync@5000011a)
OBJ 50000a9e (sz=32, trace=300024, class=java.util.concurrent.ConcurrentHashMap$HashEntry@500000ac)
	key		50000e37
	value		50000a9b
OBJ 50000a9f (sz=32, trace=300024, class=java.util.concurrent.ConcurrentHashMap$HashEntry@500000ac)
	key		50000e39
	value		50000a99
OBJ 50000aa0 (sz=16, trace=300025, class=java.lang.Object@50000112)
OBJ 50000aa1 (sz=32, trace=300024, class=java.util.concurrent.ConcurrentHashMap$HashEntry@500000ac)
	key		50000e37
	value		50000aa0
ARR 50000aa2 (sz=16, trace=300461, nelems=0, elem type=java.lang.String[]@50000137)
OBJ 50000aa3 (sz=16, trace=300020, class=java.lang.Object@50000112)
OBJ 50000aa4 (sz=32, trace=300024, class=java.util.concurrent.ConcurrentHashMap$HashEntry@500000ac)
	key		50000e2d
	value		50000aa3
ARR 50000aa5 (sz=48, trace=300419, nelems=8, elem type=java.util.concurrent.ConcurrentHashMap$HashEntry[]@500000ad)
	[1]		50000887
	[4]		500001a1
	[6]		50000860
	[7]		50000aa4
OBJ 50000aa6 (sz=16, trace=300025, class=java.lang.Object@50000112)
OBJ 50000aa8 (sz=24, trace=300462, class=java.net.ServerSocket@50000aa7)
	closeLock	50000aa9
	impl		50000b18
OBJ 50000aa9 (sz=16, trace=300463, class=java.lang.Object@50000112)
OBJ 50000ab1 (sz=16, trace=300466, class=sun.security.action.LoadLibraryAction@50000ab0)
OBJ 50000ab2 (sz=32, trace=300467, class=java.io.File@500000cd)
OBJ 50000ab3 (sz=24, trace=300468, class=java.lang.StringBuilder@5000016c)
ARR 50000ab4 (sz=48, trace=300469, nelems=0, elem type=char[])
ARR 50000ab5 (sz=96, trace=300006, nelems=0, elem type=char[])
ARR 50000ab6 (sz=184, trace=300233, nelems=0, elem type=char[])
OBJ 50000ab7 (sz=24, trace=300470, class=java.lang.String@50000136)
ARR 50000ab8 (sz=120, trace=300235, nelems=0, elem type=char[])
OBJ 50000ab9 (sz=16, trace=300471, class=java.lang.ClassLoader$3@50000153)
OBJ 50000aba (sz=24, trace=300472, class=java.lang.ThreadLocal$ThreadLocalMap@500000b2)
	table		50000abb
ARR 50000abb (sz=80, trace=300473, nelems=15, elem type=java.lang.ThreadLocal$ThreadLocalMap$Entry[]@50000034)
	[14]		50000abc
OBJ 50000abc (sz=32, trace=300474, class=java.lang.ThreadLocal$ThreadLocalMap$Entry@50000033)
	referent	50001750
	queue		500013cd
	value		50000ac4
ARR 50000abd (sz=32, trace=300083, nelems=0, elem type=char[])
OBJ 50000abe (sz=24, trace=300084, class=java.lang.String@50000136)
ARR 50000abf (sz=32, trace=300085, nelems=0, elem type=char[])
ARR 50000ac0 (sz=24, trace=300475, nelems=2, elem type=java.lang.Object[]@50000113)
	[0]		50000c07
	[1]		50000fa6
OBJ 50000ac1 (sz=32, trace=300476, class=java.lang.StringCoding$StringEncoder@500000d6)
	cs		50000fa6
	ce		50000ac3
	requestedCharsetName	50000c07
ARR 50000ac2 (sz=1, trace=300136, nelems=1, elem type=byte[])
OBJ 50000ac3 (sz=48, trace=300137, class=sun.nio.cs.UTF_8$Encoder@50000133)
	charset		50000fa6
	replacement	50000ac2
	malformedInputAction	500013b5
	unmappableCharacterAction	500013b5
OBJ 50000ac4 (sz=40, trace=300477, class=java.lang.ref.SoftReference@500000de)
	referent	50000ac1
	queue		500013cd
ARR 50000ac5 (sz=168, trace=300010, nelems=0, elem type=byte[])
ARR 50000ac6 (sz=72, trace=300011, nelems=0, elem type=byte[])
OBJ 50000ac7 (sz=24, trace=300012, class=java.lang.String@50000136)
ARR 50000ac8 (sz=40, trace=300013, nelems=0, elem type=char[])
OBJ 50000ac9 (sz=24, trace=300437, class=java.lang.String@50000136)
ARR 50000aca (sz=96, trace=300438, nelems=0, elem type=char[])
OBJ 50000acb (sz=32, trace=300024, class=java.util.concurrent.ConcurrentHashMap$HashEntry@500000ac)
	key		50000e2d
	value		50000aa6
OBJ 50000acc (sz=24, trace=300478, class=java.lang.String@50000136)
ARR 50000acd (sz=48, trace=300419, nelems=8, elem type=java.util.concurrent.ConcurrentHashMap$HashEntry[]@500000ad)
	[1]		50000889
	[4]		500001a6
	[6]		50000863
	[7]		50000acb
ARR 50000ace (sz=40, trace=300479, nelems=0, elem type=char[])
OBJ 50000acf (sz=24, trace=300480, class=java.lang.StringBuilder@5000016c)
ARR 50000ad0 (sz=48, trace=300481, nelems=0, elem type=char[])
ARR 50000ad1 (sz=96, trace=300006, nelems=0, elem type=char[])
ARR 50000ad2 (sz=184, trace=300233, nelems=0, elem type=char[])
OBJ 50000ad3 (sz=24, trace=300482, class=java.lang.String@50000136)
	value		50000ad5
OBJ 50000ad4 (sz=16, trace=300020, class=java.lang.Object@50000112)
ARR 50000ad5 (sz=100, trace=300483, nelems=50, elem type=char[])
ARR 50000ad6 (sz=32, trace=300021, nelems=1, elem type=java.util.concurrent.ConcurrentHashMap$HashEntry[]@500000ad)
	[0]		50000ba2
OBJ 50000ad7 (sz=24, trace=300484, class=java.lang.StringBuilder@5000016c)
OBJ 50000ad8 (sz=40, trace=300022, class=java.util.concurrent.ConcurrentHashMap$Segment@500000f2)
	sync		50000ada
	table		50000ad6
ARR 50000ad9 (sz=48, trace=300485, nelems=0, elem type=char[])
OBJ 50000ada (sz=32, trace=300023, class=java.util.concurrent.locks.ReentrantLock$NonfairSync@5000011a)
ARR 50000adb (sz=96, trace=300006, nelems=0, elem type=char[])
ARR 50000adc (sz=184, trace=300233, nelems=0, elem type=char[])
OBJ 50000add (sz=32, trace=300024, class=java.util.concurrent.ConcurrentHashMap$HashEntry@500000ac)
	key		50000e1f
	value		50000ad4
OBJ 50000ade (sz=24, trace=300486, class=java.lang.String@50000136)
	value		50000ae0
OBJ 50000adf (sz=16, trace=300025, class=java.lang.Object@50000112)
ARR 50000ae0 (sz=100, trace=300487, nelems=50, elem type=char[])
ARR 50000ae1 (sz=32, trace=300021, nelems=1, elem type=java.util.concurrent.ConcurrentHashMap$HashEntry[]@500000ad)
	[0]		50000ba4
OBJ 50000ae2 (sz=24, trace=300488, class=java.io.ExpiringCache$Entry@50000016)
	val		50000ad3
OBJ 50000ae3 (sz=40, trace=300022, class=java.util.concurrent.ConcurrentHashMap$Segment@500000f2)
	sync		50000ae4
	table		50000ae1
OBJ 50000ae4 (sz=32, trace=300023, class=java.util.concurrent.locks.ReentrantLock$NonfairSync@5000011a)
OBJ 50000ae5 (sz=40, trace=300442, class=java.util.LinkedHashMap$Entry@500000dd)
	key		50000ade
	value		50000ae2
	next		50000ec8
	before		500008ca
	after		50000b73
OBJ 50000ae6 (sz=32, trace=300024, class=java.util.concurrent.ConcurrentHashMap$HashEntry@500000ac)
	key		50000e1f
	value		50000adf
OBJ 50000ae7 (sz=32, trace=300489, class=java.lang.ClassLoader$NativeLibrary@50000001)
	fromClass	50000ab0
	name		50000ad3
OBJ 50000ae8 (sz=24, trace=300027, class=java.net.URLClassLoader$1@500001a7)
OBJ 50000ae9 (sz=40, trace=300106, class=java.lang.ref.Finalizer@50000089)
	referent	50000ae7
	queue		50000c02
	next		50000a5e
	prev		50000b1b
ARR 50000aea (sz=40, trace=300030, nelems=0, elem type=char[])
OBJ 50000aeb (sz=24, trace=300031, class=java.lang.String@50000136)
ARR 50000aec (sz=168, trace=300444, nelems=0, elem type=byte[])
ARR 50000aed (sz=72, trace=300011, nelems=0, elem type=byte[])
OBJ 50000aee (sz=40, trace=300066, class=java.lang.ClassNotFoundException@50000079)
OBJ 50000aef (sz=40, trace=300068, class=java.security.PrivilegedActionException@5000025f)
OBJ 50000af0 (sz=24, trace=300069, class=java.net.URLClassLoader$1@500001a7)
ARR 50000af1 (sz=40, trace=300030, nelems=0, elem type=char[])
OBJ 50000af2 (sz=24, trace=300031, class=java.lang.String@50000136)
ARR 50000af3 (sz=40, trace=300138, nelems=0, elem type=char[])
ARR 50000af4 (sz=48, trace=300139, nelems=0, elem type=byte[])
ARR 50000af5 (sz=32, trace=300140, nelems=0, elem type=byte[])
ARR 50000af6 (sz=40, trace=300138, nelems=0, elem type=char[])
ARR 50000af7 (sz=48, trace=300139, nelems=0, elem type=byte[])
ARR 50000af8 (sz=32, trace=300140, nelems=0, elem type=byte[])
ARR 50000af9 (sz=40, trace=300138, nelems=0, elem type=char[])
ARR 50000afa (sz=48, trace=300139, nelems=0, elem type=byte[])
ARR 50000afb (sz=32, trace=300140, nelems=0, elem type=byte[])
ARR 50000afc (sz=40, trace=300138, nelems=0, elem type=char[])
ARR 50000afd (sz=48, trace=300139, nelems=0, elem type=byte[])
ARR 50000afe (sz=32, trace=300140, nelems=0, elem type=byte[])
ARR 50000aff (sz=40, trace=300138, nelems=0, elem type=char[])
ARR 50000b00 (sz=48, trace=300139, nelems=0, elem type=byte[])
ARR 50000b01 (sz=32, trace=300140, nelems=0, elem type=byte[])
ARR 50000b02 (sz=40, trace=300138, nelems=0, elem type=char[])
ARR 50000b03 (sz=48, trace=300139, nelems=0, elem type=byte[])
ARR 50000b04 (sz=32, trace=300140, nelems=0, elem type=byte[])
ARR 50000b05 (sz=40, trace=300138, nelems=0, elem type=char[])
ARR 50000b06 (sz=48, trace=300139, nelems=0, elem type=byte[])
ARR 50000b07 (sz=32, trace=300140, nelems=0, elem type=byte[])
ARR 50000b08 (sz=40, trace=300138, nelems=0, elem type=char[])
ARR 50000b09 (sz=48, trace=300139, nelems=0, elem type=byte[])
ARR 50000b0a (sz=32, trace=300140, nelems=0, elem type=byte[])
ARR 50000b0b (sz=40, trace=300138, nelems=0, elem type=char[])
ARR 50000b0c (sz=48, trace=300139, nelems=0, elem type=byte[])
ARR 50000b0d (sz=32, trace=300140, nelems=0, elem type=byte[])
ARR 50000b0e (sz=40, trace=300138, nelems=0, elem type=char[])
ARR 50000b0f (sz=48, trace=300139, nelems=0, elem type=byte[])
ARR 50000b10 (sz=32, trace=300140, nelems=0, elem type=byte[])
ARR 50000b11 (sz=40, trace=300138, nelems=0, elem type=char[])
ARR 50000b12 (sz=48, trace=300139, nelems=0, elem type=byte[])
ARR 50000b13 (sz=32, trace=300140, nelems=0, elem type=byte[])
OBJ 50000b14 (sz=64, trace=300218, class=java.net.URL@500000b9)
OBJ 50000b15 (sz=24, trace=300219, class=java.lang.StringBuilder@5000016c)
ARR 50000b16 (sz=48, trace=300220, nelems=0, elem type=char[])
ARR 50000b17 (sz=152, trace=300006, nelems=0, elem type=char[])
OBJ 50000b18 (sz=112, trace=300490, class=java.net.SocksSocketImpl@50000aaf)
	serverSocket	50000aa8
	fdLock		50000b1d
	resetLock	50000b20
ARR 50000b19 (sz=288, trace=300006, nelems=0, elem type=char[])
OBJ 50000b1a (sz=24, trace=300221, class=java.lang.String@50000136)
OBJ 50000b1b (sz=40, trace=300106, class=java.lang.ref.Finalizer@50000089)
	referent	50000b18
	queue		50000c02
	next		50000ae9
	prev		50000b40
ARR 50000b1c (sz=152, trace=300222, nelems=0, elem type=char[])
OBJ 50000b1d (sz=16, trace=300491, class=java.lang.Object@50000112)
OBJ 50000b1e (sz=24, trace=300223, class=java.lang.String@50000136)
ARR 50000b1f (sz=152, trace=300224, nelems=0, elem type=char[])
OBJ 50000b20 (sz=16, trace=300492, class=java.lang.Object@50000112)
ARR 50000b21 (sz=88, trace=300225, nelems=0, elem type=char[])
ARR 50000b22 (sz=40, trace=300226, nelems=0, elem type=char[])
OBJ 50000b23 (sz=24, trace=300227, class=java.lang.String@50000136)
ARR 50000b24 (sz=40, trace=300228, nelems=0, elem type=char[])
OBJ 50000b25 (sz=64, trace=300229, class=java.net.URL@500000b9)
OBJ 50000b26 (sz=24, trace=300219, class=java.lang.StringBuilder@5000016c)
ARR 50000b27 (sz=48, trace=300220, nelems=0, elem type=char[])
ARR 50000b28 (sz=152, trace=300006, nelems=0, elem type=char[])
ARR 50000b29 (sz=288, trace=300006, nelems=0, elem type=char[])
OBJ 50000b2a (sz=24, trace=300221, class=java.lang.String@50000136)
ARR 50000b2b (sz=176, trace=300222, nelems=0, elem type=char[])
OBJ 50000b2c (sz=32, trace=300230, class=java.io.File@500000cd)
OBJ 50000b2d (sz=24, trace=300231, class=java.lang.StringBuilder@5000016c)
ARR 50000b2e (sz=48, trace=300232, nelems=0, elem type=char[])
ARR 50000b2f (sz=152, trace=300006, nelems=0, elem type=char[])
ARR 50000b30 (sz=288, trace=300233, nelems=0, elem type=char[])
OBJ 50000b31 (sz=24, trace=300234, class=java.lang.String@50000136)
	value		50000b32
ARR 50000b32 (sz=154, trace=300235, nelems=77, elem type=char[])
ARR 50000b33 (sz=248, trace=300010, nelems=0, elem type=byte[])
ARR 50000b34 (sz=96, trace=300011, nelems=0, elem type=byte[])
OBJ 50000b35 (sz=24, trace=300012, class=java.lang.String@50000136)
ARR 50000b37 (sz=40, trace=300013, nelems=0, elem type=char[])
ARR 50000b3a (sz=32, trace=300495, nelems=3, elem type=java.io.ObjectStreamField[]@5000016a)
	[0]		50000b3c
	[1]		50000ba8
	[2]		50000bb7
OBJ 50000b3b (sz=32, trace=300496, class=sun.misc.URLClassPath$FileLoader$1@50000b39)
OBJ 50000b3c (sz=40, trace=300497, class=java.io.ObjectStreamField@50000169)
	name		500014c3
	signature	500014cd
	type		50000136
OBJ 50000b3d (sz=24, trace=300047, class=java.lang.StringBuilder@5000016c)
OBJ 50000b3e (sz=32, trace=300498, class=java.io.FileInputStream@5000007c)
	fd		50000b44
	path		50000b31
	closeLock	50000b42
ARR 50000b3f (sz=48, trace=300048, nelems=0, elem type=char[])
OBJ 50000b40 (sz=40, trace=300106, class=java.lang.ref.Finalizer@50000089)
	referent	50000b3e
	queue		50000c02
	next		50000b1b
OBJ 50000b41 (sz=24, trace=300366, class=java.lang.StringBuilder@5000016c)
OBJ 50000b42 (sz=16, trace=300499, class=java.lang.Object@50000112)
ARR 50000b43 (sz=48, trace=300367, nelems=0, elem type=char[])
OBJ 50000b44 (sz=24, trace=300500, class=java.io.FileDescriptor@50000149)
	useCount	50000b46
ARR 50000b45 (sz=48, trace=300368, nelems=0, elem type=char[])
OBJ 50000b46 (sz=16, trace=300501, class=java.util.concurrent.atomic.AtomicInteger@50000039)
ARR 50000b47 (sz=248, trace=300502, nelems=0, elem type=byte[])
ARR 50000b48 (sz=96, trace=300011, nelems=0, elem type=byte[])
ARR 50000b49 (sz=248, trace=300503, nelems=0, elem type=byte[])
ARR 50000b4a (sz=96, trace=300011, nelems=0, elem type=byte[])
ARR 50000b4b (sz=16, trace=300360, nelems=0, elem type=byte[])
ARR 50000b4c (sz=560, trace=300361, nelems=0, elem type=byte[])
OBJ 50000b4d (sz=32, trace=300362, class=java.security.CodeSource@500000ef)
	location	500014ba
OBJ 50000b4e (sz=32, trace=300373, class=java.security.Permissions@500007bb)
	permsMap	50000b4f
OBJ 50000b4f (sz=48, trace=300374, class=java.util.HashMap@50000094)
	table		50000b78
OBJ 50000b50 (sz=32, trace=300375, class=java.io.File@500000cd)
OBJ 50000b51 (sz=24, trace=300211, class=java.lang.StringBuffer@50000070)
ARR 50000b52 (sz=152, trace=300212, nelems=0, elem type=char[])
OBJ 50000b53 (sz=24, trace=300213, class=java.lang.String@50000136)
ARR 50000b54 (sz=152, trace=300214, nelems=0, elem type=char[])
OBJ 50000b55 (sz=24, trace=300215, class=java.lang.String@50000136)
ARR 50000b56 (sz=152, trace=300216, nelems=0, elem type=char[])
OBJ 50000b57 (sz=104, trace=300380, class=sun.net.www.protocol.file.FileURLConnection@500007dd)
OBJ 50000b58 (sz=24, trace=300382, class=sun.net.www.MessageHeader@500007e2)
ARR 50000b59 (sz=32, trace=300383, nelems=0, elem type=java.lang.String[]@50000137)
ARR 50000b5a (sz=32, trace=300384, nelems=0, elem type=java.lang.String[]@50000137)
OBJ 50000b5b (sz=32, trace=300386, class=java.io.FilePermission@500007e6)
OBJ 50000b5c (sz=16, trace=300388, class=java.io.FilePermission$1@500007e8)
OBJ 50000b5d (sz=32, trace=300389, class=java.io.File@500000cd)
OBJ 50000b5e (sz=24, trace=300211, class=java.lang.StringBuffer@50000070)
ARR 50000b5f (sz=152, trace=300212, nelems=0, elem type=char[])
OBJ 50000b60 (sz=24, trace=300213, class=java.lang.String@50000136)
ARR 50000b61 (sz=152, trace=300214, nelems=0, elem type=char[])
OBJ 50000b62 (sz=24, trace=300215, class=java.lang.String@50000136)
ARR 50000b63 (sz=152, trace=300216, nelems=0, elem type=char[])
OBJ 50000b64 (sz=24, trace=300504, class=java.lang.StringBuilder@5000016c)
ARR 50000b65 (sz=48, trace=300505, nelems=0, elem type=char[])
ARR 50000b66 (sz=152, trace=300006, nelems=0, elem type=char[])
ARR 50000b67 (sz=288, trace=300006, nelems=0, elem type=char[])
OBJ 50000b68 (sz=24, trace=300506, class=java.lang.String@50000136)
	value		50000b69
ARR 50000b69 (sz=136, trace=300507, nelems=68, elem type=char[])
OBJ 50000b6a (sz=32, trace=300508, class=java.io.FilePermission@500007e6)
	name		50000b68
	cpath		50000b74
OBJ 50000b6b (sz=16, trace=300509, class=java.io.FilePermission$1@500007e8)
OBJ 50000b6c (sz=32, trace=300389, class=java.io.File@500000cd)
ARR 50000b6d (sz=224, trace=300439, nelems=0, elem type=byte[])
ARR 50000b6e (sz=88, trace=300011, nelems=0, elem type=byte[])
OBJ 50000b6f (sz=24, trace=300440, class=java.lang.String@50000136)
	value		50000b70
ARR 50000b70 (sz=136, trace=300019, nelems=68, elem type=char[])
OBJ 50000b71 (sz=24, trace=300441, class=java.io.ExpiringCache$Entry@50000016)
	val		50000b6f
ARR 50000b72 (sz=272, trace=300510, nelems=62, elem type=java.util.HashMap$Entry[]@500000e4)
	[2]		50000e83
	[4]		50000b73
	[10]		50000e84
	[11]		50000e85
	[13]		50000e86
	[16]		50000e87
	[17]		500008ca
	[25]		50000e88
	[29]		50000e89
	[30]		50000e8a
	[35]		50000e8b
	[40]		50000e8c
	[42]		50000e8d
	[46]		50000e8e
	[48]		50000e8f
	[50]		50000e90
	[55]		50000ae5
	[60]		50000e91
	[61]		50000e92
OBJ 50000b73 (sz=40, trace=300442, class=java.util.LinkedHashMap$Entry@500000dd)
	key		50000b68
	value		50000b71
	next		50000eb3
	before		50000ae5
	after		50000e82
OBJ 50000b74 (sz=24, trace=300511, class=java.lang.String@50000136)
	value		50000b75
ARR 50000b75 (sz=134, trace=300512, nelems=67, elem type=char[])
OBJ 50000b76 (sz=24, trace=300393, class=java.io.FilePermissionCollection@500007eb)
	perms		50000b77
OBJ 50000b77 (sz=24, trace=300394, class=java.util.ArrayList@50000066)
	elementData	50000b7a
ARR 50000b78 (sz=80, trace=300395, nelems=4, elem type=java.util.HashMap$Entry[]@500000e4)
	[0]		50000b79
	[3]		50000b7e
OBJ 50000b79 (sz=32, trace=300065, class=java.util.HashMap$Entry@500000e3)
	key		500007e6
	value		50000b76
ARR 50000b7a (sz=56, trace=300063, nelems=1, elem type=java.lang.Object[]@50000113)
	[0]		50000b6a
OBJ 50000b7b (sz=24, trace=300398, class=java.lang.RuntimePermission@50000156)
	name		50000ca4
	path		50000ca5
OBJ 50000b7c (sz=32, trace=300404, class=java.security.BasicPermissionCollection@50000802)
	perms		50000b7d
	permClass	50000156
OBJ 50000b7d (sz=48, trace=300405, class=java.util.HashMap@50000094)
	table		50000b7f
OBJ 50000b7e (sz=32, trace=300065, class=java.util.HashMap$Entry@500000e3)
	key		50000156
	value		50000b7c
ARR 50000b7f (sz=80, trace=300406, nelems=14, elem type=java.util.HashMap$Entry[]@500000e4)
	[13]		50000b80
OBJ 50000b80 (sz=32, trace=300065, class=java.util.HashMap$Entry@500000e3)
	key		50000ca6
	value		50000b7b
OBJ 50000b81 (sz=40, trace=300407, class=java.security.ProtectionDomain@5000006a)
	codesource	50000b4d
	classloader	50000c0a
	principals	50000b83
	permissions	50000b4e
	key		50000b82
OBJ 50000b82 (sz=16, trace=300408, class=java.security.ProtectionDomain$Key@500000d2)
	this$0		50000b81
ARR 50000b83 (sz=16, trace=300409, nelems=0, elem type=java.security.Principal[]@5000001f)
OBJ 50000b84 (sz=32, trace=300065, class=java.util.HashMap$Entry@500000e3)
	key		50000b4d
	value		50000b81
ARR 50000b85 (sz=24, trace=300413, nelems=1, elem type=java.util.concurrent.ConcurrentHashMap$HashEntry[]@500000ad)
	[0]		50000b88
OBJ 50000b86 (sz=40, trace=300022, class=java.util.concurrent.ConcurrentHashMap$Segment@500000f2)
	sync		50000b87
	table		50000b85
OBJ 50000b87 (sz=32, trace=300023, class=java.util.concurrent.locks.ReentrantLock$NonfairSync@5000011a)
OBJ 50000b88 (sz=32, trace=300414, class=java.util.concurrent.ConcurrentHashMap$HashEntry@500000ac)
	key		50000c3c
	value		50000de4
OBJ 50000b89 (sz=24, trace=300053, class=java.lang.StringBuffer@50000070)
ARR 50000b8a (sz=160, trace=300054, nelems=0, elem type=char[])
OBJ 50000b8b (sz=24, trace=300055, class=java.lang.String@50000136)
ARR 50000b8c (sz=160, trace=300056, nelems=0, elem type=char[])
OBJ 50000b8d (sz=32, trace=300065, class=java.util.HashMap$Entry@500000e3)
	key		50000b81
	value		5000141c
ARR 50000b8f (sz=24, trace=300513, nelems=0, elem type=java.lang.Class[]@500000a0)
OBJ 50000b90 (sz=48, trace=300418, class=java.lang.Class$ReflectionData@50000121)
OBJ 50000b91 (sz=40, trace=300096, class=java.lang.ref.SoftReference@500000de)
OBJ 50000b92 (sz=24, trace=300369, class=java.lang.String@50000136)
ARR 50000b93 (sz=88, trace=300006, nelems=0, elem type=char[])
OBJ 50000b94 (sz=80, trace=300421, class=java.lang.reflect.Method@50000142)
OBJ 50000b95 (sz=24, trace=300370, class=java.lang.String@50000136)
ARR 50000b96 (sz=56, trace=300371, nelems=0, elem type=char[])
OBJ 50000b97 (sz=16, trace=300020, class=java.lang.Object@50000112)
ARR 50000b98 (sz=88, trace=300006, nelems=0, elem type=char[])
OBJ 50000b99 (sz=24, trace=300049, class=java.lang.String@50000136)
OBJ 50000b9a (sz=32, trace=300024, class=java.util.concurrent.ConcurrentHashMap$HashEntry@500000ac)
	key		50000e21
	value		50000b97
	next		50000897
ARR 50000b9b (sz=56, trace=300050, nelems=0, elem type=char[])
ARR 50000b9c (sz=32, trace=300419, nelems=4, elem type=java.util.concurrent.ConcurrentHashMap$HashEntry[]@500000ad)
	[3]		50000b9a
OBJ 50000b9d (sz=16, trace=300025, class=java.lang.Object@50000112)
OBJ 50000b9e (sz=32, trace=300024, class=java.util.concurrent.ConcurrentHashMap$HashEntry@500000ac)
	key		50000e21
	value		50000b9d
	next		5000089c
ARR 50000b9f (sz=32, trace=300419, nelems=4, elem type=java.util.concurrent.ConcurrentHashMap$HashEntry[]@500000ad)
	[3]		50000b9e
ARR 50000ba0 (sz=24, trace=300514, nelems=0, elem type=java.lang.Class[]@500000a0)
OBJ 50000ba1 (sz=16, trace=300020, class=java.lang.Object@50000112)
OBJ 50000ba2 (sz=32, trace=300024, class=java.util.concurrent.ConcurrentHashMap$HashEntry@500000ac)
	key		50000e1d
	value		50000ba1
	next		50000add
OBJ 50000ba3 (sz=16, trace=300025, class=java.lang.Object@50000112)
OBJ 50000ba4 (sz=32, trace=300024, class=java.util.concurrent.ConcurrentHashMap$HashEntry@500000ac)
	key		50000e1d
	value		50000ba3
	next		50000ae6
OBJ 50000ba5 (sz=48, trace=300418, class=java.lang.Class$ReflectionData@50000121)
OBJ 50000ba6 (sz=40, trace=300096, class=java.lang.ref.SoftReference@500000de)
OBJ 50000ba8 (sz=40, trace=300516, class=java.io.ObjectStreamField@50000169)
	name		500014c1
	signature	50000bb5
	type		50000ba7
OBJ 50000baa (sz=24, trace=300047, class=java.lang.StringBuilder@5000016c)
ARR 50000bab (sz=48, trace=300048, nelems=0, elem type=char[])
OBJ 50000bac (sz=24, trace=300366, class=java.lang.StringBuilder@5000016c)
ARR 50000bad (sz=48, trace=300367, nelems=0, elem type=char[])
ARR 50000bae (sz=56, trace=300368, nelems=0, elem type=char[])
OBJ 50000baf (sz=24, trace=300369, class=java.lang.String@50000136)
ARR 50000bb0 (sz=88, trace=300006, nelems=0, elem type=char[])
OBJ 50000bb2 (sz=24, trace=300370, class=java.lang.String@50000136)
ARR 50000bb3 (sz=64, trace=300371, nelems=0, elem type=char[])
ARR 50000bb4 (sz=88, trace=300006, nelems=0, elem type=char[])
OBJ 50000bb5 (sz=24, trace=300049, class=java.lang.String@50000136)
	value		50000bb6
ARR 50000bb6 (sz=44, trace=300050, nelems=22, elem type=char[])
OBJ 50000bb7 (sz=40, trace=300518, class=java.io.ObjectStreamField@50000169)
	name		500014c4
	signature	50000f24
	type		50000c0b
OBJ 50000bb9 (sz=24, trace=300047, class=java.lang.StringBuilder@5000016c)
ARR 50000bba (sz=48, trace=300048, nelems=0, elem type=char[])
OBJ 50000bbb (sz=24, trace=300049, class=java.lang.String@50000136)
ARR 50000bbc (sz=24, trace=300050, nelems=0, elem type=char[])
OBJ 50000bbd (sz=48, trace=300519, class=java.lang.Class$ReflectionData@50000121)
OBJ 50000bbe (sz=48, trace=300418, class=java.lang.Class$ReflectionData@50000121)
OBJ 50000bbf (sz=40, trace=300096, class=java.lang.ref.SoftReference@500000de)
OBJ 50000bc0 (sz=40, trace=300096, class=java.lang.ref.SoftReference@500000de)
OBJ 50000bc1 (sz=80, trace=300421, class=java.lang.reflect.Method@50000142)
ARR 50000bc2 (sz=24, trace=300520, nelems=0, elem type=java.lang.Object[]@50000113)
OBJ 50000bc5 (sz=72, trace=300523, class=java.lang.reflect.Field@50000068)
OBJ 50000bc6 (sz=16, trace=300524, class=java.net.InetSocketAddress@50000b38)
OBJ 50000bc7 (sz=24, trace=300525, class=sun.reflect.NativeMethodAccessorImpl@50000bc4)
OBJ 50000bc9 (sz=16, trace=300527, class=sun.reflect.DelegatingMethodAccessorImpl@50000bc8)
ARR 50000bca (sz=24, trace=300528, nelems=0, elem type=java.lang.Object[]@50000113)
OBJ 50000bcc (sz=24, trace=300525, class=sun.reflect.NativeMethodAccessorImpl@50000bc4)
OBJ 50000bcd (sz=16, trace=300527, class=sun.reflect.DelegatingMethodAccessorImpl@50000bc8)
OBJ 50000bce (sz=16, trace=300530, class=sun.security.action.GetBooleanAction@50000bcb)
OBJ 50000bcf (sz=16, trace=300020, class=java.lang.Object@50000112)
OBJ 50000bd0 (sz=32, trace=300024, class=java.util.concurrent.ConcurrentHashMap$HashEntry@500000ac)
	key		50000e25
	value		50000bcf
	next		50000a84
OBJ 50000bd1 (sz=16, trace=300531, class=sun.security.action.LoadLibraryAction@50000ab0)
OBJ 50000bd2 (sz=16, trace=300025, class=java.lang.Object@50000112)
OBJ 50000bd3 (sz=32, trace=300467, class=java.io.File@500000cd)
OBJ 50000bd4 (sz=32, trace=300024, class=java.util.concurrent.ConcurrentHashMap$HashEntry@500000ac)
	key		50000e25
	value		50000bd2
	next		50000a89
OBJ 50000bd5 (sz=24, trace=300468, class=java.lang.StringBuilder@5000016c)
ARR 50000bd6 (sz=48, trace=300469, nelems=0, elem type=char[])
ARR 50000bd7 (sz=96, trace=300006, nelems=0, elem type=char[])
ARR 50000bd8 (sz=184, trace=300233, nelems=0, elem type=char[])
OBJ 50000bd9 (sz=24, trace=300470, class=java.lang.String@50000136)
ARR 50000bda (sz=120, trace=300235, nelems=0, elem type=char[])
OBJ 50000bdb (sz=16, trace=300471, class=java.lang.ClassLoader$3@50000153)
OBJ 50000bdc (sz=48, trace=300532, class=java.nio.HeapCharBuffer@50000090)
ARR 50000bdd (sz=168, trace=300010, nelems=0, elem type=byte[])
ARR 50000bde (sz=72, trace=300011, nelems=0, elem type=byte[])
OBJ 50000bdf (sz=24, trace=300012, class=java.lang.String@50000136)
ARR 50000be0 (sz=40, trace=300013, nelems=0, elem type=char[])
OBJ 50000be1 (sz=48, trace=300532, class=java.nio.HeapCharBuffer@50000090)
OBJ 50000be3 (sz=104, trace=300001, class=java.lang.Thread@5000007a)
	name		50000be5
	group		50000c21
	inheritedAccessControlContext	5000177a
	blockerLock	50000be4
OBJ 50000be4 (sz=16, trace=300002, class=java.lang.Object@50000112)
ARR 50000be5 (sz=26, trace=300003, nelems=13, elem type=char[])
ARR 50000be9 (sz=56, trace=300536, nelems=0, elem type=java.lang.Runnable[]@5000008f)
OBJ 50000bea (sz=24, trace=300537, class=java.net.InetAddress$Cache$Type@50000be8)
	name		500014c8
OBJ 50000beb (sz=24, trace=300538, class=java.net.InetAddress$Cache$Type@50000be8)
	name		500014ca
ARR 50000bed (sz=24, trace=300539, nelems=2, elem type=java.net.InetAddress$Cache$Type[]@50000bec)
	[0]		50000bea
	[1]		50000beb
OBJ 50000bef (sz=24, trace=300541, class=java.net.InetAddress$Cache@50000be6)
	cache		50000bf2
	type		50000bea
OBJ 50000bf0 (sz=16, trace=300543, class=java.lang.Shutdown$Lock@50000bee)
OBJ 50000bf1 (sz=16, trace=300544, class=java.lang.Shutdown$Lock@50000bee)
OBJ 50000bf2 (sz=56, trace=300542, class=java.util.LinkedHashMap@5000015a)
	table		50000e63
	header		50000bf3
OBJ 50000bf3 (sz=40, trace=300545, class=java.util.LinkedHashMap$Entry@500000dd)
	before		50000bf3
	after		50000bf3
OBJ 50000bf4 (sz=24, trace=300546, class=java.net.InetAddress$Cache@50000be6)
	cache		50000bf5
	type		50000beb
OBJ 50000bf5 (sz=56, trace=300542, class=java.util.LinkedHashMap@5000015a)
	table		50000e63
	header		50000bf6
OBJ 50000bf6 (sz=40, trace=300545, class=java.util.LinkedHashMap$Entry@500000dd)
	before		50000bf6
	after		50000bf6
OBJ 50000bf7 (sz=48, trace=300547, class=java.util.HashMap@50000094)
	table		50000e63
OBJ 50000c00 (sz=104, trace=300000, class=java.lang.Thread@5000007a)
	name		50001762
	group		50000c22
	contextClassLoader	50000c0a
	inheritedAccessControlContext	50001761
	blockerLock	50001760
OBJ 50000c01 (sz=112, trace=300000, class=java.lang.ref.Finalizer$FinalizerThread@5000011f)
	name		50001765
	group		50000c22
	inheritedAccessControlContext	50001764
	blockerLock	50001763
OBJ 50000c02 (sz=32, trace=300000, class=java.lang.ref.ReferenceQueue@500000e0)
	lock		50000c03
OBJ 50000c03 (sz=16, trace=300000, class=java.lang.ref.ReferenceQueue$Lock@5000004f)
OBJ 50000c04 (sz=16, trace=300000, class=java.lang.System$2@50000060)
OBJ 50000c05 (sz=104, trace=300000, class=java.lang.ref.Reference$ReferenceHandler@50000092)
	name		50001776
	group		50000c22
	inheritedAccessControlContext	50001775
	blockerLock	50001774
OBJ 50000c06 (sz=16, trace=300000, class=java.lang.ref.Reference$Lock@50000059)
OBJ 50000c07 (sz=24, trace=300000, class=java.lang.String@50000136)
	value		50000d47
OBJ 50000c08 (sz=32, trace=300000, class=java.lang.NullPointerException@500000bf)
OBJ 50000c09 (sz=32, trace=300000, class=java.lang.ArithmeticException@50000122)
	detailMessage	5000177d
OBJ 50000c0a (sz=80, trace=300000, class=sun.misc.Launcher$AppClassLoader@5000008a)
	parent		50000df1
	parallelLockMap	50000df0
	package2certs	50000def
	classes		50000dee
	defaultDomain	50000ded
	domains		50000dec
	packages	50000deb
	nativeLibraries	50000dea
	assertionLock	50000de9
	pdcache		50000de8
	ucp		50000de7
	acc		50000de6
	closeables	50000de5
OBJ 50000c0b (sz=88, trace=300000, class=java.lang.Class@5000009f)
OBJ 50000c0c (sz=88, trace=300000, class=java.lang.Class@5000009f)
OBJ 50000c0d (sz=88, trace=300000, class=java.lang.Class@5000009f)
OBJ 50000c0e (sz=88, trace=300000, class=java.lang.Class@5000009f)
OBJ 50000c0f (sz=88, trace=300000, class=java.lang.Class@5000009f)
OBJ 50000c10 (sz=88, trace=300000, class=java.lang.Class@5000009f)
OBJ 50000c11 (sz=88, trace=300000, class=java.lang.Class@5000009f)
OBJ 50000c12 (sz=88, trace=300000, class=java.lang.Class@5000009f)
OBJ 50000c13 (sz=88, trace=300000, class=java.lang.Class@5000009f)
OBJ 50000c14 (sz=544, trace=300000, class=java.lang.Class@5000009f)
ARR 50000c15 (sz=0, trace=300000, nelems=0, elem type=byte[])
ARR 50000c16 (sz=0, trace=300000, nelems=0, elem type=short[])
ARR 50000c17 (sz=0, trace=300000, nelems=0, elem type=int[])
ARR 50000c18 (sz=16, trace=300000, nelems=0, elem type=java.lang.Class[]@500000a0)
OBJ 50000c19 (sz=24, trace=300000, class=java.lang.String@50000136)
	value		50001753
OBJ 50000c1a (sz=24, trace=300000, class=java.lang.String@50000136)
	value		5000178b
OBJ 50000c1b (sz=32, trace=300000, class=java.lang.OutOfMemoryError@50000116)
	detailMessage	50001789
OBJ 50000c1c (sz=32, trace=300000, class=java.lang.OutOfMemoryError@50000116)
	detailMessage	50001787
OBJ 50000c1d (sz=32, trace=300000, class=java.lang.OutOfMemoryError@50000116)
	detailMessage	50001785
OBJ 50000c1e (sz=32, trace=300000, class=java.lang.OutOfMemoryError@50000116)
	detailMessage	50001783
ARR 50000c1f (sz=32, trace=300000, nelems=4, elem type=java.lang.OutOfMemoryError[]@50000117)
	[0]		5000177f
	[1]		50001780
	[2]		50001781
	[3]		50001782
OBJ 50000c20 (sz=32, trace=300000, class=java.lang.VirtualMachineError@50000114)
OBJ 50000c21 (sz=48, trace=300000, class=java.lang.ThreadGroup@50000099)
	parent		50000c22
	name		50001778
	threads		50001777
OBJ 50000c22 (sz=48, trace=300000, class=java.lang.ThreadGroup@50000099)
	name		500013d0
	threads		5000175f
	groups		5000175e
OBJ 50000c23 (sz=32, trace=300000, class=java.lang.VirtualMachineError@50000114)
OBJ 50000c24 (sz=24, trace=300000, class=java.lang.String@50000136)
	value		5000175d
OBJ 50000c25 (sz=24, trace=300000, class=java.lang.String@50000136)
	value		5000175c
OBJ 50000c26 (sz=24, trace=300000, class=java.lang.String@50000136)
	value		5000175a
OBJ 50000c27 (sz=24, trace=300000, class=java.lang.String@50000136)
	value		5000175b
ARR 50000c28 (sz=16, trace=300000, nelems=0, elem type=java.lang.Throwable[]@500000eb)
OBJ 50000c29 (sz=24, trace=300000, class=java.util.Collections$UnmodifiableRandomAccessList@500000b1)
	c		50000c2b
	list		50000c2b
ARR 50000c2a (sz=16, trace=300000, nelems=0, elem type=java.lang.StackTraceElement[]@5000004c)
OBJ 50000c2b (sz=24, trace=300000, class=java.util.ArrayList@50000066)
	elementData	50000c2c
ARR 50000c2c (sz=16, trace=300000, nelems=0, elem type=java.lang.Object[]@50000113)
ARR 50000c2d (sz=16, trace=300000, nelems=0, elem type=java.lang.Object[]@50000113)
OBJ 50000c2e (sz=24, trace=300000, class=java.lang.String@50000136)
	value		50000c31
OBJ 50000c2f (sz=24, trace=300000, class=java.lang.RuntimePermission@50000156)
	name		50000c2e
	path		50000c2e
ARR 50000c30 (sz=16, trace=300000, nelems=0, elem type=java.lang.StackTraceElement[]@5000004c)
ARR 50000c31 (sz=64, trace=300000, nelems=32, elem type=char[])
OBJ 50000c32 (sz=24, trace=300000, class=java.lang.String@50000136)
	value		50001759
OBJ 50000c33 (sz=24, trace=300000, class=java.lang.String@50000136)
	value		50001758
OBJ 50000c34 (sz=24, trace=300000, class=java.lang.String@50000136)
	value		50001757
OBJ 50000c35 (sz=24, trace=300000, class=java.lang.String@50000136)
	value		50001756
OBJ 50000c36 (sz=24, trace=300000, class=java.lang.String@50000136)
	value		50001755
OBJ 50000c37 (sz=24, trace=300000, class=java.lang.String@50000136)
	value		50001754
OBJ 50000c38 (sz=24, trace=300000, class=java.lang.String@50000136)
	value		50001752
OBJ 50000c39 (sz=24, trace=300000, class=java.lang.String@50000136)
	value		50001499
OBJ 50000c3a (sz=16, trace=300000, class=java.lang.String$CaseInsensitiveComparator@5000016b)
ARR 50000c3b (sz=16, trace=300000, nelems=0, elem type=java.io.ObjectStreamField[]@5000016a)
OBJ 50000c3c (sz=24, trace=300000, class=java.lang.String@50000136)
	value		50000f30
OBJ 50000c3d (sz=24, trace=300000, class=java.lang.String@50000136)
	value		500016df
OBJ 50000c3e (sz=24, trace=300000, class=java.lang.String@50000136)
	value		50001678
OBJ 50000c3f (sz=24, trace=300000, class=java.lang.String@50000136)
	value		5000166c
OBJ 50000c40 (sz=24, trace=300000, class=java.lang.String@50000136)
	value		5000164d
OBJ 50000c41 (sz=24, trace=300000, class=java.lang.String@50000136)
	value		500016d7
OBJ 50000c42 (sz=24, trace=300000, class=java.lang.String@50000136)
	value		500016cb
OBJ 50000c43 (sz=24, trace=300000, class=java.lang.String@50000136)
	value		50001697
OBJ 50000c44 (sz=24, trace=300000, class=java.lang.String@50000136)
	value		50001610
OBJ 50000c45 (sz=24, trace=300000, class=java.lang.String@50000136)
	value		50001748
OBJ 50000c46 (sz=24, trace=300000, class=java.lang.String@50000136)
	value		50001677
OBJ 50000c47 (sz=24, trace=300000, class=java.lang.String@50000136)
	value		5000163a
OBJ 50000c48 (sz=24, trace=300000, class=java.lang.String@50000136)
	value		50001744
OBJ 50000c49 (sz=24, trace=300000, class=java.lang.String@50000136)
	value		5000166b
OBJ 50000c4a (sz=24, trace=300000, class=java.lang.String@50000136)
	value		50001746
OBJ 50000c4b (sz=24, trace=300000, class=java.lang.String@50000136)
	value		50001658
OBJ 50000c4c (sz=24, trace=300000, class=java.lang.String@50000136)
	value		50001683
OBJ 50000c4d (sz=24, trace=300000, class=java.lang.String@50000136)
	value		50001631
OBJ 50000c4e (sz=24, trace=300000, class=java.lang.String@50000136)
	value		50001749
OBJ 50000c4f (sz=24, trace=300000, class=java.lang.String@50000136)
	value		50001745
OBJ 50000c50 (sz=24, trace=300000, class=java.lang.String@50000136)
	value		5000174f
OBJ 50000c51 (sz=24, trace=300000, class=java.lang.String@50000136)
	value		5000174e
OBJ 50000c52 (sz=24, trace=300000, class=java.lang.String@50000136)
	value		5000174d
OBJ 50000c53 (sz=24, trace=300000, class=java.lang.String@50000136)
	value		5000174c
OBJ 50000c54 (sz=24, trace=300000, class=java.lang.String@50000136)
	value		5000174b
OBJ 50000c55 (sz=24, trace=300000, class=java.lang.String@50000136)
	value		5000174a
OBJ 50000c56 (sz=24, trace=300000, class=java.lang.String@50000136)
	value		50001747
OBJ 50000c57 (sz=24, trace=300000, class=java.lang.String@50000136)
	value		5000160f
OBJ 50000c58 (sz=24, trace=300000, class=java.lang.String@50000136)
	value		500016b2
OBJ 50000c59 (sz=24, trace=300000, class=java.lang.String@50000136)
	value		5000163b
ARR 50000c5a (sz=40, trace=300000, nelems=6, elem type=java.io.ObjectStreamField[]@5000016a)
	[0]		5000173e
	[1]		5000173f
	[2]		50001740
	[3]		50001741
	[4]		50001742
	[5]		50001743
OBJ 50000c5b (sz=24, trace=300000, class=java.util.Locale@500000d5)
	baseLocale	50001690
OBJ 50000c5c (sz=24, trace=300000, class=java.util.Locale@500000d5)
	baseLocale	50001664
OBJ 50000c5d (sz=24, trace=300000, class=java.util.Locale@500000d5)
	baseLocale	500016b3
OBJ 50000c5e (sz=24, trace=300000, class=java.util.Locale@500000d5)
	baseLocale	500016c1
OBJ 50000c5f (sz=24, trace=300000, class=java.util.Locale@500000d5)
	baseLocale	5000163c
OBJ 50000c60 (sz=24, trace=300000, class=java.util.Locale@500000d5)
	baseLocale	5000164e
OBJ 50000c61 (sz=24, trace=300000, class=java.util.Locale@500000d5)
	baseLocale	5000160e
OBJ 50000c62 (sz=24, trace=300000, class=java.util.Locale@500000d5)
	baseLocale	500016e0
OBJ 50000c63 (sz=24, trace=300000, class=java.util.Locale@500000d5)
	baseLocale	50001698
OBJ 50000c64 (sz=24, trace=300000, class=java.util.Locale@500000d5)
	baseLocale	500016cc
OBJ 50000c65 (sz=24, trace=300000, class=java.util.Locale@500000d5)
	baseLocale	500016d8
OBJ 50000c66 (sz=24, trace=300000, class=java.util.Locale@500000d5)
	baseLocale	50001679
OBJ 50000c67 (sz=24, trace=300000, class=java.util.Locale@500000d5)
	baseLocale	5000166d
OBJ 50000c68 (sz=24, trace=300000, class=java.util.Locale@500000d5)
	baseLocale	50001643
OBJ 50000c69 (sz=24, trace=300000, class=java.util.Locale@500000d5)
	baseLocale	50001632
OBJ 50000c6a (sz=24, trace=300000, class=java.util.Locale@500000d5)
	baseLocale	50001684
OBJ 50000c6b (sz=24, trace=300000, class=java.util.Locale@500000d5)
	baseLocale	50001659
OBJ 50000c6c (sz=24, trace=300000, class=java.util.Locale@500000d5)
	baseLocale	500016ea
OBJ 50000c6d (sz=24, trace=300000, class=java.util.Locale@500000d5)
	baseLocale	500016ba
OBJ 50000c6e (sz=24, trace=300000, class=java.util.Locale@500000d5)
	baseLocale	500016ab
OBJ 50000c6f (sz=24, trace=300000, class=java.util.Locale$Cache@50000103)
	map		50000c71
	queue		50000c70
OBJ 50000c70 (sz=32, trace=300000, class=java.lang.ref.ReferenceQueue@500000e0)
	lock		500016f0
OBJ 50000c71 (sz=48, trace=300000, class=java.util.concurrent.ConcurrentHashMap@5000000d)
	segments	50000c72
ARR 50000c72 (sz=80, trace=300000, nelems=15, elem type=java.util.concurrent.ConcurrentHashMap$Segment[]@500000f3)
	[0]		50000c73
	[1]		50000c74
	[3]		50000c75
	[6]		50000c76
	[7]		50000c77
	[8]		50000c78
	[9]		50000c79
	[10]		50000c7a
	[12]		50000c7b
	[13]		50000c7c
	[14]		50000c7d
OBJ 50000c73 (sz=40, trace=300000, class=java.util.concurrent.ConcurrentHashMap$Segment@500000f2)
	sync		50001734
	table		50001733
OBJ 50000c74 (sz=40, trace=300000, class=java.util.concurrent.ConcurrentHashMap$Segment@500000f2)
	sync		5000172f
	table		5000172e
OBJ 50000c75 (sz=40, trace=300000, class=java.util.concurrent.ConcurrentHashMap$Segment@500000f2)
	sync		50001727
	table		50001726
OBJ 50000c76 (sz=40, trace=300000, class=java.util.concurrent.ConcurrentHashMap$Segment@500000f2)
	sync		5000171f
	table		5000171e
OBJ 50000c77 (sz=40, trace=300000, class=java.util.concurrent.ConcurrentHashMap$Segment@500000f2)
	sync		5000171a
	table		50001719
OBJ 50000c78 (sz=40, trace=300000, class=java.util.concurrent.ConcurrentHashMap$Segment@500000f2)
	sync		50001712
	table		50001711
OBJ 50000c79 (sz=40, trace=300000, class=java.util.concurrent.ConcurrentHashMap$Segment@500000f2)
	sync		5000170d
	table		5000170c
OBJ 50000c7a (sz=40, trace=300000, class=java.util.concurrent.ConcurrentHashMap$Segment@500000f2)
	sync		500016ff
	table		500016fe
OBJ 50000c7b (sz=40, trace=300000, class=java.util.concurrent.ConcurrentHashMap$Segment@500000f2)
	sync		500016f7
	table		500016f6
OBJ 50000c7c (sz=40, trace=300000, class=java.util.concurrent.ConcurrentHashMap$Segment@500000f2)
	sync		500016f2
	table		500016f1
OBJ 50000c7d (sz=40, trace=300000, class=java.util.concurrent.ConcurrentHashMap$Segment@500000f2)
	sync		50000c7f
	table		50000c7e
ARR 50000c7e (sz=24, trace=300000, nelems=2, elem type=java.util.concurrent.ConcurrentHashMap$HashEntry[]@500000ad)
	[1]		5000160b
OBJ 50000c7f (sz=32, trace=300000, class=java.util.concurrent.locks.ReentrantLock$NonfairSync@5000011a)
OBJ 50000c80 (sz=24, trace=300000, class=java.lang.String@50000136)
	value		5000160a
OBJ 50000c81 (sz=24, trace=300000, class=java.lang.String@50000136)
	value		50000e02
OBJ 50000c82 (sz=24, trace=300000, class=java.lang.String@50000136)
	value		50001609
OBJ 50000c83 (sz=24, trace=300000, class=java.lang.String@50000136)
	value		50001608
OBJ 50000c84 (sz=24, trace=300000, class=java.lang.String@50000136)
	value		50001607
OBJ 50000c85 (sz=16, trace=300000, class=sun.misc.Unsafe@5000012b)
OBJ 50000c86 (sz=24, trace=300000, class=java.lang.String@50000136)
	value		50001606
OBJ 50000c87 (sz=24, trace=300000, class=java.lang.String@50000136)
	value		500015ff
OBJ 50000c88 (sz=24, trace=300000, class=java.lang.String@50000136)
	value		50001602
OBJ 50000c89 (sz=24, trace=300000, class=java.lang.String@50000136)
	value		50001601
OBJ 50000c8a (sz=24, trace=300000, class=java.lang.String@50000136)
	value		500015fc
OBJ 50000c8b (sz=48, trace=300000, class=java.util.HashMap@50000094)
	table		50001603
OBJ 50000c8c (sz=48, trace=300000, class=java.util.HashMap@50000094)
	table		50000c8d
ARR 50000c8d (sz=80, trace=300000, nelems=15, elem type=java.util.HashMap$Entry[]@500000e4)
	[11]		50000c8e
	[14]		50000c8f
OBJ 50000c8e (sz=32, trace=300000, class=java.util.HashMap$Entry@500000e3)
	key		5000009f
	value		500015fe
	next		500015fd
OBJ 50000c8f (sz=32, trace=300000, class=java.util.HashMap$Entry@500000e3)
	key		50000043
	value		50000c90
ARR 50000c90 (sz=24, trace=300000, nelems=1, elem type=java.lang.String[]@50000137)
	[0]		50000c8a
OBJ 50000c91 (sz=24, trace=300000, class=java.lang.String@50000136)
	value		500014b7
OBJ 50000c92 (sz=24, trace=300000, class=java.lang.String@50000136)
	value		500015fb
OBJ 50000c93 (sz=24, trace=300000, class=java.lang.String@50000136)
	value		50000d3c
OBJ 50000c94 (sz=56, trace=300000, class=java.util.Properties@50000031)
	table		5000159e
	entrySet	5000159d
OBJ 50000c95 (sz=32, trace=300000, class=java.io.PrintStream@50000161)
	out		50001593
	textOut		50001592
	charOut		50001591
OBJ 50000c96 (sz=32, trace=300000, class=java.io.PrintStream@50000161)
	out		50001586
	textOut		50001585
	charOut		50001584
OBJ 50000c97 (sz=40, trace=300000, class=java.io.BufferedInputStream@5000003c)
	in		50000c99
	buf		50000c98
ARR 50000c98 (sz=8192, trace=300000, nelems=8192, elem type=byte[])
OBJ 50000c99 (sz=32, trace=300000, class=java.io.FileInputStream@5000007c)
	fd		50000c9b
	closeLock	50000c9a
OBJ 50000c9a (sz=16, trace=300000, class=java.lang.Object@50000112)
OBJ 50000c9b (sz=24, trace=300000, class=java.io.FileDescriptor@50000149)
	useCount	50000c9c
OBJ 50000c9c (sz=16, trace=300000, class=java.util.concurrent.atomic.AtomicInteger@50000039)
OBJ 50000c9d (sz=24, trace=300000, class=java.lang.String@50000136)
	value		50000f27
OBJ 50000c9e (sz=16, trace=300000, class=sun.reflect.ReflectionFactory@500000be)
ARR 50000c9f (sz=16, trace=300000, nelems=0, elem type=java.io.ObjectStreamField[]@5000016a)
OBJ 50000ca0 (sz=24, trace=300000, class=java.lang.String@50000136)
	value		50000ca3
OBJ 50000ca1 (sz=16, trace=300000, class=java.lang.reflect.ReflectAccess@50000087)
OBJ 50000ca2 (sz=24, trace=300000, class=java.lang.RuntimePermission@50000156)
	name		50000ca0
	path		50000ca0
ARR 50000ca3 (sz=46, trace=300000, nelems=23, elem type=char[])
OBJ 50000ca4 (sz=24, trace=300000, class=java.lang.String@50000136)
	value		500014a9
OBJ 50000ca5 (sz=24, trace=300000, class=java.lang.String@50000136)
	value		500014be
OBJ 50000ca6 (sz=24, trace=300000, class=java.lang.String@50000136)
	value		500014bd
OBJ 50000ca7 (sz=24, trace=300000, class=java.lang.String@50000136)
	value		50000f48
OBJ 50000ca8 (sz=24, trace=300000, class=java.lang.String@50000136)
	value		50001560
OBJ 50000ca9 (sz=24, trace=300000, class=java.lang.String@50000136)
	value		50000cab
OBJ 50000caa (sz=24, trace=300000, class=java.lang.String@50000136)
	value		50000f47
ARR 50000cab (sz=18, trace=300000, nelems=9, elem type=char[])
OBJ 50000cac (sz=24, trace=300000, class=java.lang.String@50000136)
	value		50000cad
ARR 50000cad (sz=10, trace=300000, nelems=5, elem type=char[])
OBJ 50000cae (sz=24, trace=300000, class=java.lang.String@50000136)
	value		50000caf
ARR 50000caf (sz=12, trace=300000, nelems=6, elem type=char[])
OBJ 50000cb0 (sz=24, trace=300000, class=java.lang.String@50000136)
	value		50000cb1
ARR 50000cb1 (sz=10, trace=300000, nelems=5, elem type=char[])
OBJ 50000cb2 (sz=24, trace=300000, class=java.lang.String@50000136)
	value		50000cb3
ARR 50000cb3 (sz=8, trace=300000, nelems=4, elem type=char[])
OBJ 50000cb4 (sz=24, trace=300000, class=java.lang.String@50000136)
	value		5000155d
OBJ 50000cb5 (sz=24, trace=300000, class=java.lang.String@50000136)
	value		5000155c
OBJ 50000cb6 (sz=24, trace=300000, class=java.lang.String@50000136)
	value		50000f44
OBJ 50000cb7 (sz=24, trace=300000, class=java.lang.String@50000136)
	value		5000155b
OBJ 50000cb8 (sz=24, trace=300000, class=java.lang.String@50000136)
	value		5000155a
OBJ 50000cb9 (sz=24, trace=300000, class=java.lang.String@50000136)
	value		50001559
OBJ 50000cba (sz=24, trace=300000, class=java.lang.String@50000136)
	value		50001558
ARR 50000cbb (sz=40, trace=300000, nelems=10, elem type=int[])
ARR 50000cbc (sz=200, trace=300000, nelems=100, elem type=char[])
ARR 50000cbd (sz=200, trace=300000, nelems=100, elem type=char[])
ARR 50000cbe (sz=72, trace=300000, nelems=36, elem type=char[])
OBJ 50000cbf (sz=24, trace=300000, class=java.lang.String@50000136)
	value		50001556
OBJ 50000cc0 (sz=24, trace=300000, class=java.lang.String@50000136)
	value		50001557
OBJ 50000cc1 (sz=24, trace=300000, class=java.lang.String@50000136)
	value		50001555
OBJ 50000cc2 (sz=24, trace=300000, class=java.lang.String@50000136)
	value		50001554
OBJ 50000cc3 (sz=24, trace=300000, class=java.lang.String@50000136)
	value		50001553
OBJ 50000cc4 (sz=24, trace=300000, class=java.lang.String@50000136)
	value		50001552
OBJ 50000cc5 (sz=24, trace=300000, class=java.lang.String@50000136)
	value		50001551
OBJ 50000cc6 (sz=24, trace=300000, class=java.lang.String@50000136)
	value		500013e6
OBJ 50000cc7 (sz=56, trace=300000, class=java.util.Properties@50000031)
	table		50000cc9
OBJ 50000cc8 (sz=16, trace=300000, class=java.lang.Object@50000112)
ARR 50000cc9 (sz=400, trace=300000, nelems=89, elem type=java.util.Hashtable$Entry[]@500000fb)
	[0]		50000cca
	[2]		50000ccb
	[9]		50000ccc
	[11]		50000ccd
	[13]		50000cce
	[16]		50000ccf
	[17]		50000cd0
	[18]		50000cd1
	[19]		50000cd2
	[21]		50000cd3
	[22]		50000cd4
	[24]		50000cd5
	[26]		50000cd6
	[27]		50000cd7
	[33]		50000cd8
	[38]		50000cd9
	[39]		50000cda
	[40]		50000cdb
	[41]		50000cdc
	[44]		50000cdd
	[47]		50000cde
	[49]		50000cdf
	[54]		50000ce0
	[57]		50000ce1
	[63]		50000ce2
	[65]		50000ce3
	[67]		50000ce4
	[70]		50000ce5
	[72]		50000ce6
	[76]		50000ce7
	[79]		50000ce8
	[80]		50000ce9
	[81]		50000cea
	[82]		50000ceb
	[88]		50000cec
OBJ 50000cca (sz=32, trace=300000, class=java.util.Hashtable$Entry@500000fa)
	key		50000dce
	value		50000dcd
OBJ 50000ccb (sz=32, trace=300000, class=java.util.Hashtable$Entry@500000fa)
	key		50000dca
	value		50000dc9
OBJ 50000ccc (sz=32, trace=300000, class=java.util.Hashtable$Entry@500000fa)
	key		50000dc2
	value		50000dc1
	next		50000dc0
OBJ 50000ccd (sz=32, trace=300000, class=java.util.Hashtable$Entry@500000fa)
	key		50000dbd
	value		50000dbc
OBJ 50000cce (sz=32, trace=300000, class=java.util.Hashtable$Entry@500000fa)
	key		50000db9
	value		50000db8
OBJ 50000ccf (sz=32, trace=300000, class=java.util.Hashtable$Entry@500000fa)
	key		50000db5
	value		50000db4
OBJ 50000cd0 (sz=32, trace=300000, class=java.util.Hashtable$Entry@500000fa)
	key		50000db1
	value		50000db0
OBJ 50000cd1 (sz=32, trace=300000, class=java.util.Hashtable$Entry@500000fa)
	key		50000dad
	value		50000dac
OBJ 50000cd2 (sz=32, trace=300000, class=java.util.Hashtable$Entry@500000fa)
	key		50000da9
	value		50000da8
OBJ 50000cd3 (sz=32, trace=300000, class=java.util.Hashtable$Entry@500000fa)
	key		50000da1
	value		50000da0
	next		50000d9f
OBJ 50000cd4 (sz=32, trace=300000, class=java.util.Hashtable$Entry@500000fa)
	key		50000d9c
	value		50000d9b
OBJ 50000cd5 (sz=32, trace=300000, class=java.util.Hashtable$Entry@500000fa)
	key		50000d94
	value		50000d93
	next		50000d92
OBJ 50000cd6 (sz=32, trace=300000, class=java.util.Hashtable$Entry@500000fa)
	key		50000d86
	value		50000d85
	next		50000d84
OBJ 50000cd7 (sz=32, trace=300000, class=java.util.Hashtable$Entry@500000fa)
	key		50000d81
	value		50000d80
OBJ 50000cd8 (sz=32, trace=300000, class=java.util.Hashtable$Entry@500000fa)
	key		50000d79
	value		50000d78
	next		50000d77
OBJ 50000cd9 (sz=32, trace=300000, class=java.util.Hashtable$Entry@500000fa)
	key		50000d6b
	value		50000d6a
	next		50000d69
OBJ 50000cda (sz=32, trace=300000, class=java.util.Hashtable$Entry@500000fa)
	key		50000d66
	value		50000d65
OBJ 50000cdb (sz=32, trace=300000, class=java.util.Hashtable$Entry@500000fa)
	key		50000d62
	value		50000d61
OBJ 50000cdc (sz=32, trace=300000, class=java.util.Hashtable$Entry@500000fa)
	key		50000d5e
	value		50000d5d
OBJ 50000cdd (sz=32, trace=300000, class=java.util.Hashtable$Entry@500000fa)
	key		50000d5a
	value		50000d59
OBJ 50000cde (sz=32, trace=300000, class=java.util.Hashtable$Entry@500000fa)
	key		50000d56
	value		50000d55
OBJ 50000cdf (sz=32, trace=300000, class=java.util.Hashtable$Entry@500000fa)
	key		50000d4e
	value		50000d4d
	next		50000d4c
OBJ 50000ce0 (sz=32, trace=300000, class=java.util.Hashtable$Entry@500000fa)
	key		50000d49
	value		50000d48
OBJ 50000ce1 (sz=32, trace=300000, class=java.util.Hashtable$Entry@500000fa)
	key		50000d45
	value		50000c07
OBJ 50000ce2 (sz=32, trace=300000, class=java.util.Hashtable$Entry@500000fa)
	key		50000d42
	value		50000d41
OBJ 50000ce3 (sz=32, trace=300000, class=java.util.Hashtable$Entry@500000fa)
	key		50000d3e
	value		50000d3d
OBJ 50000ce4 (sz=32, trace=300000, class=java.util.Hashtable$Entry@500000fa)
	key		50000d37
	value		50000d36
	next		50000d35
OBJ 50000ce5 (sz=32, trace=300000, class=java.util.Hashtable$Entry@500000fa)
	key		50000d2e
	value		50000d2d
	next		50000d2c
OBJ 50000ce6 (sz=32, trace=300000, class=java.util.Hashtable$Entry@500000fa)
	key		50000d29
	value		50000d28
OBJ 50000ce7 (sz=32, trace=300000, class=java.util.Hashtable$Entry@500000fa)
	key		50000d21
	value		50000d20
	next		50000d1f
OBJ 50000ce8 (sz=32, trace=300000, class=java.util.Hashtable$Entry@500000fa)
	key		50000d13
	value		50000d12
	next		50000d11
OBJ 50000ce9 (sz=32, trace=300000, class=java.util.Hashtable$Entry@500000fa)
	key		50000d05
	value		50000d04
	next		50000d03
OBJ 50000cea (sz=32, trace=300000, class=java.util.Hashtable$Entry@500000fa)
	key		50000d00
	value		50000cff
OBJ 50000ceb (sz=32, trace=300000, class=java.util.Hashtable$Entry@500000fa)
	key		50000cf8
	value		50000cf7
	next		50000cf6
OBJ 50000cec (sz=32, trace=300000, class=java.util.Hashtable$Entry@500000fa)
	key		50000cef
	value		50000cee
	next		50000ced
OBJ 50000ced (sz=32, trace=300000, class=java.util.Hashtable$Entry@500000fa)
	key		50000cf3
	value		50000cf2
OBJ 50000cee (sz=24, trace=300000, class=java.lang.String@50000136)
	value		50000cf1
OBJ 50000cef (sz=24, trace=300000, class=java.lang.String@50000136)
	value		50000cf0
ARR 50000cf0 (sz=42, trace=300000, nelems=21, elem type=char[])
ARR 50000cf1 (sz=80, trace=300000, nelems=40, elem type=char[])
OBJ 50000cf2 (sz=24, trace=300000, class=java.lang.String@50000136)
	value		50000cf5
OBJ 50000cf3 (sz=24, trace=300000, class=java.lang.String@50000136)
	value		50000cf4
ARR 50000cf4 (sz=30, trace=300000, nelems=15, elem type=char[])
ARR 50000cf5 (sz=18, trace=300000, nelems=9, elem type=char[])
OBJ 50000cf6 (sz=32, trace=300000, class=java.util.Hashtable$Entry@500000fa)
	key		50000cfc
	value		50000cfb
OBJ 50000cf7 (sz=24, trace=300000, class=java.lang.String@50000136)
	value		50000cfa
OBJ 50000cf8 (sz=24, trace=300000, class=java.lang.String@50000136)
	value		50000cf9
ARR 50000cf9 (sz=28, trace=300000, nelems=14, elem type=char[])
ARR 50000cfa (sz=36, trace=300000, nelems=18, elem type=char[])
OBJ 50000cfb (sz=24, trace=300000, class=java.lang.String@50000136)
	value		50000cfe
OBJ 50000cfc (sz=24, trace=300000, class=java.lang.String@50000136)
	value		50000cfd
ARR 50000cfd (sz=30, trace=300000, nelems=15, elem type=char[])
ARR 50000cfe (sz=46, trace=300000, nelems=23, elem type=char[])
OBJ 50000cff (sz=24, trace=300000, class=java.lang.String@50000136)
	value		50000d02
OBJ 50000d00 (sz=24, trace=300000, class=java.lang.String@50000136)
	value		50000d01
ARR 50000d01 (sz=28, trace=300000, nelems=14, elem type=char[])
ARR 50000d02 (sz=2, trace=300000, nelems=1, elem type=char[])
OBJ 50000d03 (sz=32, trace=300000, class=java.util.Hashtable$Entry@500000fa)
	key		50000d0a
	value		50000d09
	next		50000d08
OBJ 50000d04 (sz=24, trace=300000, class=java.lang.String@50000136)
	value		50000d07
OBJ 50000d05 (sz=24, trace=300000, class=java.lang.String@50000136)
	value		50000d06
ARR 50000d06 (sz=24, trace=300000, nelems=12, elem type=char[])
ARR 50000d07 (sz=66, trace=300000, nelems=33, elem type=char[])
OBJ 50000d08 (sz=32, trace=300000, class=java.util.Hashtable$Entry@500000fa)
	key		50000d0e
	value		50000d0d
OBJ 50000d09 (sz=24, trace=300000, class=java.lang.String@50000136)
	value		50000d0c
OBJ 50000d0a (sz=24, trace=300000, class=java.lang.String@50000136)
	value		50000d0b
ARR 50000d0b (sz=34, trace=300000, nelems=17, elem type=char[])
ARR 50000d0c (sz=12, trace=300000, nelems=6, elem type=char[])
OBJ 50000d0d (sz=24, trace=300000, class=java.lang.String@50000136)
	value		50000d10
OBJ 50000d0e (sz=24, trace=300000, class=java.lang.String@50000136)
	value		50000d0f
ARR 50000d0f (sz=36, trace=300000, nelems=18, elem type=char[])
ARR 50000d10 (sz=8, trace=300000, nelems=4, elem type=char[])
OBJ 50000d11 (sz=32, trace=300000, class=java.util.Hashtable$Entry@500000fa)
	key		50000d18
	value		50000d17
	next		50000d16
OBJ 50000d12 (sz=24, trace=300000, class=java.lang.String@50000136)
	value		50000d15
OBJ 50000d13 (sz=24, trace=300000, class=java.lang.String@50000136)
	value		50000d14
ARR 50000d14 (sz=24, trace=300000, nelems=12, elem type=char[])
ARR 50000d15 (sz=4, trace=300000, nelems=2, elem type=char[])
OBJ 50000d16 (sz=32, trace=300000, class=java.util.Hashtable$Entry@500000fa)
	key		50000d1c
	value		50000d1b
OBJ 50000d17 (sz=24, trace=300000, class=java.lang.String@50000136)
	value		50000d1a
OBJ 50000d18 (sz=24, trace=300000, class=java.lang.String@50000136)
	value		50000d19
ARR 50000d19 (sz=34, trace=300000, nelems=17, elem type=char[])
ARR 50000d1a (sz=24, trace=300000, nelems=12, elem type=char[])
OBJ 50000d1b (sz=24, trace=300000, class=java.lang.String@50000136)
	value		50000d1e
OBJ 50000d1c (sz=24, trace=300000, class=java.lang.String@50000136)
	value		50000d1d
ARR 50000d1d (sz=36, trace=300000, nelems=18, elem type=char[])
ARR 50000d1e (sz=14, trace=300000, nelems=7, elem type=char[])
OBJ 50000d1f (sz=32, trace=300000, class=java.util.Hashtable$Entry@500000fa)
	key		50000d25
	value		50000d24
OBJ 50000d20 (sz=24, trace=300000, class=java.lang.String@50000136)
	value		50000d23
OBJ 50000d21 (sz=24, trace=300000, class=java.lang.String@50000136)
	value		50000d22
ARR 50000d22 (sz=52, trace=300000, nelems=26, elem type=char[])
ARR 50000d23 (sz=68, trace=300000, nelems=34, elem type=char[])
OBJ 50000d24 (sz=24, trace=300000, class=java.lang.String@50000136)
	value		50000d27
OBJ 50000d25 (sz=24, trace=300000, class=java.lang.String@50000136)
	value		50000d26
ARR 50000d26 (sz=16, trace=300000, nelems=8, elem type=char[])
ARR 50000d27 (sz=76, trace=300000, nelems=38, elem type=char[])
OBJ 50000d28 (sz=24, trace=300000, class=java.lang.String@50000136)
	value		50000d2b
OBJ 50000d29 (sz=24, trace=300000, class=java.lang.String@50000136)
	value		50000d2a
ARR 50000d2a (sz=40, trace=300000, nelems=20, elem type=char[])
ARR 50000d2b (sz=60, trace=300000, nelems=30, elem type=char[])
OBJ 50000d2c (sz=32, trace=300000, class=java.util.Hashtable$Entry@500000fa)
	key		50000d32
	value		50000d31
OBJ 50000d2d (sz=24, trace=300000, class=java.lang.String@50000136)
	value		50000d30
OBJ 50000d2e (sz=24, trace=300000, class=java.lang.String@50000136)
	value		50000d2f
ARR 50000d2f (sz=36, trace=300000, nelems=18, elem type=char[])
ARR 50000d30 (sz=86, trace=300000, nelems=43, elem type=char[])
OBJ 50000d31 (sz=24, trace=300000, class=java.lang.String@50000136)
	value		50000d34
OBJ 50000d32 (sz=24, trace=300000, class=java.lang.String@50000136)
	value		50000d33
ARR 50000d33 (sz=14, trace=300000, nelems=7, elem type=char[])
ARR 50000d34 (sz=10, trace=300000, nelems=5, elem type=char[])
OBJ 50000d35 (sz=32, trace=300000, class=java.util.Hashtable$Entry@500000fa)
	key		50000d3a
	value		50000c93
OBJ 50000d36 (sz=24, trace=300000, class=java.lang.String@50000136)
	value		50000d39
OBJ 50000d37 (sz=24, trace=300000, class=java.lang.String@50000136)
	value		50000d38
ARR 50000d38 (sz=28, trace=300000, nelems=14, elem type=char[])
ARR 50000d39 (sz=8, trace=300000, nelems=4, elem type=char[])
OBJ 50000d3a (sz=24, trace=300000, class=java.lang.String@50000136)
	value		50000d3b
ARR 50000d3b (sz=28, trace=300000, nelems=14, elem type=char[])
ARR 50000d3c (sz=2, trace=300000, nelems=1, elem type=char[])
OBJ 50000d3d (sz=24, trace=300000, class=java.lang.String@50000136)
	value		50000d40
OBJ 50000d3e (sz=24, trace=300000, class=java.lang.String@50000136)
	value		50000d3f
ARR 50000d3f (sz=56, trace=300000, nelems=28, elem type=char[])
ARR 50000d40 (sz=36, trace=300000, nelems=18, elem type=char[])
OBJ 50000d41 (sz=24, trace=300000, class=java.lang.String@50000136)
	value		50000d44
OBJ 50000d42 (sz=24, trace=300000, class=java.lang.String@50000136)
	value		50000d43
ARR 50000d43 (sz=14, trace=300000, nelems=7, elem type=char[])
ARR 50000d44 (sz=10, trace=300000, nelems=5, elem type=char[])
OBJ 50000d45 (sz=24, trace=300000, class=java.lang.String@50000136)
	value		50000d46
ARR 50000d46 (sz=32, trace=300000, nelems=16, elem type=char[])
ARR 50000d47 (sz=10, trace=300000, nelems=5, elem type=char[])
OBJ 50000d48 (sz=24, trace=300000, class=java.lang.String@50000136)
	value		50000d4b
OBJ 50000d49 (sz=24, trace=300000, class=java.lang.String@50000136)
	value		50000d4a
ARR 50000d4a (sz=34, trace=300000, nelems=17, elem type=char[])
ARR 50000d4b (sz=120, trace=300000, nelems=60, elem type=char[])
OBJ 50000d4c (sz=32, trace=300000, class=java.util.Hashtable$Entry@500000fa)
	key		50000d52
	value		50000d51
OBJ 50000d4d (sz=24, trace=300000, class=java.lang.String@50000136)
	value		50000d50
OBJ 50000d4e (sz=24, trace=300000, class=java.lang.String@50000136)
	value		50000d4f
ARR 50000d4f (sz=46, trace=300000, nelems=23, elem type=char[])
ARR 50000d50 (sz=62, trace=300000, nelems=31, elem type=char[])
OBJ 50000d51 (sz=24, trace=300000, class=java.lang.String@50000136)
	value		50000d54
OBJ 50000d52 (sz=24, trace=300000, class=java.lang.String@50000136)
	value		50000d53
ARR 50000d53 (sz=36, trace=300000, nelems=18, elem type=char[])
ARR 50000d54 (sz=8, trace=300000, nelems=4, elem type=char[])
OBJ 50000d55 (sz=24, trace=300000, class=java.lang.String@50000136)
	value		50000d58
OBJ 50000d56 (sz=24, trace=300000, class=java.lang.String@50000136)
	value		50000d57
ARR 50000d57 (sz=46, trace=300000, nelems=23, elem type=char[])
ARR 50000d58 (sz=62, trace=300000, nelems=31, elem type=char[])
OBJ 50000d59 (sz=24, trace=300000, class=java.lang.String@50000136)
	value		50000d5c
OBJ 50000d5a (sz=24, trace=300000, class=java.lang.String@50000136)
	value		50000d5b
ARR 50000d5b (sz=20, trace=300000, nelems=10, elem type=char[])
ARR 50000d5c (sz=34, trace=300000, nelems=17, elem type=char[])
OBJ 50000d5d (sz=24, trace=300000, class=java.lang.String@50000136)
	value		50000d60
OBJ 50000d5e (sz=24, trace=300000, class=java.lang.String@50000136)
	value		50000d5f
ARR 50000d5f (sz=18, trace=300000, nelems=9, elem type=char[])
ARR 50000d60 (sz=24, trace=300000, nelems=12, elem type=char[])
OBJ 50000d61 (sz=24, trace=300000, class=java.lang.String@50000136)
	value		50000d64
OBJ 50000d62 (sz=24, trace=300000, class=java.lang.String@50000136)
	value		50000d63
ARR 50000d63 (sz=26, trace=300000, nelems=13, elem type=char[])
ARR 50000d64 (sz=0, trace=300000, nelems=0, elem type=char[])
OBJ 50000d65 (sz=24, trace=300000, class=java.lang.String@50000136)
	value		50000d68
OBJ 50000d66 (sz=24, trace=300000, class=java.lang.String@50000136)
	value		50000d67
ARR 50000d67 (sz=38, trace=300000, nelems=19, elem type=char[])
ARR 50000d68 (sz=44, trace=300000, nelems=22, elem type=char[])
OBJ 50000d69 (sz=32, trace=300000, class=java.util.Hashtable$Entry@500000fa)
	key		50000d70
	value		50000d6f
	next		50000d6e
OBJ 50000d6a (sz=24, trace=300000, class=java.lang.String@50000136)
	value		50000d6d
OBJ 50000d6b (sz=24, trace=300000, class=java.lang.String@50000136)
	value		50000d6c
ARR 50000d6c (sz=26, trace=300000, nelems=13, elem type=char[])
ARR 50000d6d (sz=10, trace=300000, nelems=5, elem type=char[])
OBJ 50000d6e (sz=32, trace=300000, class=java.util.Hashtable$Entry@500000fa)
	key		50000d74
	value		50000d73
OBJ 50000d6f (sz=24, trace=300000, class=java.lang.String@50000136)
	value		50000d72
OBJ 50000d70 (sz=24, trace=300000, class=java.lang.String@50000136)
	value		50000d71
ARR 50000d71 (sz=44, trace=300000, nelems=22, elem type=char[])
ARR 50000d72 (sz=90, trace=300000, nelems=45, elem type=char[])
OBJ 50000d73 (sz=24, trace=300000, class=java.lang.String@50000136)
	value		50000d76
OBJ 50000d74 (sz=24, trace=300000, class=java.lang.String@50000136)
	value		50000d75
ARR 50000d75 (sz=52, trace=300000, nelems=26, elem type=char[])
ARR 50000d76 (sz=6, trace=300000, nelems=3, elem type=char[])
OBJ 50000d77 (sz=32, trace=300000, class=java.util.Hashtable$Entry@500000fa)
	key		50000d7d
	value		50000d7c
OBJ 50000d78 (sz=24, trace=300000, class=java.lang.String@50000136)
	value		50000d7b
OBJ 50000d79 (sz=24, trace=300000, class=java.lang.String@50000136)
	value		50000d7a
ARR 50000d7a (sz=18, trace=300000, nelems=9, elem type=char[])
ARR 50000d7b (sz=12, trace=300000, nelems=6, elem type=char[])
OBJ 50000d7c (sz=24, trace=300000, class=java.lang.String@50000136)
	value		50000d7f
OBJ 50000d7d (sz=24, trace=300000, class=java.lang.String@50000136)
	value		50000d7e
ARR 50000d7e (sz=30, trace=300000, nelems=15, elem type=char[])
ARR 50000d7f (sz=1966, trace=300000, nelems=983, elem type=char[])
OBJ 50000d80 (sz=24, trace=300000, class=java.lang.String@50000136)
	value		50000d83
OBJ 50000d81 (sz=24, trace=300000, class=java.lang.String@50000136)
	value		50000d82
ARR 50000d82 (sz=58, trace=300000, nelems=29, elem type=char[])
ARR 50000d83 (sz=6, trace=300000, nelems=3, elem type=char[])
OBJ 50000d84 (sz=32, trace=300000, class=java.util.Hashtable$Entry@500000fa)
	key		50000d8b
	value		50000d8a
	next		50000d89
OBJ 50000d85 (sz=24, trace=300000, class=java.lang.String@50000136)
	value		50000d88
OBJ 50000d86 (sz=24, trace=300000, class=java.lang.String@50000136)
	value		50000d87
ARR 50000d87 (sz=38, trace=300000, nelems=19, elem type=char[])
ARR 50000d88 (sz=4, trace=300000, nelems=2, elem type=char[])
OBJ 50000d89 (sz=32, trace=300000, class=java.util.Hashtable$Entry@500000fa)
	key		50000d8f
	value		50000d8e
OBJ 50000d8a (sz=24, trace=300000, class=java.lang.String@50000136)
	value		50000d8d
OBJ 50000d8b (sz=24, trace=300000, class=java.lang.String@50000136)
	value		50000d8c
ARR 50000d8c (sz=18, trace=300000, nelems=9, elem type=char[])
ARR 50000d8d (sz=60, trace=300000, nelems=30, elem type=char[])
OBJ 50000d8e (sz=24, trace=300000, class=java.lang.String@50000136)
	value		50000d91
OBJ 50000d8f (sz=24, trace=300000, class=java.lang.String@50000136)
	value		50000d90
ARR 50000d90 (sz=32, trace=300000, nelems=16, elem type=char[])
ARR 50000d91 (sz=100, trace=300000, nelems=50, elem type=char[])
OBJ 50000d92 (sz=32, trace=300000, class=java.util.Hashtable$Entry@500000fa)
	key		50000d98
	value		50000d97
OBJ 50000d93 (sz=24, trace=300000, class=java.lang.String@50000136)
	value		50000d96
OBJ 50000d94 (sz=24, trace=300000, class=java.lang.String@50000136)
	value		50000d95
ARR 50000d95 (sz=50, trace=300000, nelems=25, elem type=char[])
ARR 50000d96 (sz=36, trace=300000, nelems=18, elem type=char[])
OBJ 50000d97 (sz=24, trace=300000, class=java.lang.String@50000136)
	value		50000d9a
OBJ 50000d98 (sz=24, trace=300000, class=java.lang.String@50000136)
	value		50000d99
ARR 50000d99 (sz=26, trace=300000, nelems=13, elem type=char[])
ARR 50000d9a (sz=4, trace=300000, nelems=2, elem type=char[])
OBJ 50000d9b (sz=24, trace=300000, class=java.lang.String@50000136)
	value		50000d9e
OBJ 50000d9c (sz=24, trace=300000, class=java.lang.String@50000136)
	value		50000d9d
ARR 50000d9d (sz=22, trace=300000, nelems=11, elem type=char[])
ARR 50000d9e (sz=40, trace=300000, nelems=20, elem type=char[])
OBJ 50000d9f (sz=32, trace=300000, class=java.util.Hashtable$Entry@500000fa)
	key		50000da5
	value		50000da4
OBJ 50000da0 (sz=24, trace=300000, class=java.lang.String@50000136)
	value		50000da3
OBJ 50000da1 (sz=24, trace=300000, class=java.lang.String@50000136)
	value		50000da2
ARR 50000da2 (sz=24, trace=300000, nelems=12, elem type=char[])
ARR 50000da3 (sz=38, trace=300000, nelems=19, elem type=char[])
OBJ 50000da4 (sz=24, trace=300000, class=java.lang.String@50000136)
	value		50000da7
OBJ 50000da5 (sz=24, trace=300000, class=java.lang.String@50000136)
	value		50000da6
ARR 50000da6 (sz=54, trace=300000, nelems=27, elem type=char[])
ARR 50000da7 (sz=4, trace=300000, nelems=2, elem type=char[])
OBJ 50000da8 (sz=24, trace=300000, class=java.lang.String@50000136)
	value		50000dab
OBJ 50000da9 (sz=24, trace=300000, class=java.lang.String@50000136)
	value		50000daa
ARR 50000daa (sz=24, trace=300000, nelems=12, elem type=char[])
ARR 50000dab (sz=16, trace=300000, nelems=8, elem type=char[])
OBJ 50000dac (sz=24, trace=300000, class=java.lang.String@50000136)
	value		50000daf
OBJ 50000dad (sz=24, trace=300000, class=java.lang.String@50000136)
	value		50000dae
ARR 50000dae (sz=26, trace=300000, nelems=13, elem type=char[])
ARR 50000daf (sz=130, trace=300000, nelems=65, elem type=char[])
OBJ 50000db0 (sz=24, trace=300000, class=java.lang.String@50000136)
	value		50000db3
OBJ 50000db1 (sz=24, trace=300000, class=java.lang.String@50000136)
	value		50000db2
ARR 50000db2 (sz=38, trace=300000, nelems=19, elem type=char[])
ARR 50000db3 (sz=714, trace=300000, nelems=357, elem type=char[])
OBJ 50000db4 (sz=24, trace=300000, class=java.lang.String@50000136)
	value		50000db7
OBJ 50000db5 (sz=24, trace=300000, class=java.lang.String@50000136)
	value		50000db6
ARR 50000db6 (sz=22, trace=300000, nelems=11, elem type=char[])
ARR 50000db7 (sz=36, trace=300000, nelems=18, elem type=char[])
OBJ 50000db8 (sz=24, trace=300000, class=java.lang.String@50000136)
	value		50000dbb
OBJ 50000db9 (sz=24, trace=300000, class=java.lang.String@50000136)
	value		50000dba
ARR 50000dba (sz=28, trace=300000, nelems=14, elem type=char[])
ARR 50000dbb (sz=2, trace=300000, nelems=1, elem type=char[])
OBJ 50000dbc (sz=24, trace=300000, class=java.lang.String@50000136)
	value		50000dbf
OBJ 50000dbd (sz=24, trace=300000, class=java.lang.String@50000136)
	value		50000dbe
ARR 50000dbe (sz=38, trace=300000, nelems=19, elem type=char[])
ARR 50000dbf (sz=70, trace=300000, nelems=35, elem type=char[])
OBJ 50000dc0 (sz=32, trace=300000, class=java.util.Hashtable$Entry@500000fa)
	key		50000dc6
	value		50000dc5
OBJ 50000dc1 (sz=24, trace=300000, class=java.lang.String@50000136)
	value		50000dc4
OBJ 50000dc2 (sz=24, trace=300000, class=java.lang.String@50000136)
	value		50000dc3
ARR 50000dc3 (sz=28, trace=300000, nelems=14, elem type=char[])
ARR 50000dc4 (sz=12, trace=300000, nelems=6, elem type=char[])
OBJ 50000dc5 (sz=24, trace=300000, class=java.lang.String@50000136)
	value		50000dc8
OBJ 50000dc6 (sz=24, trace=300000, class=java.lang.String@50000136)
	value		50000dc7
ARR 50000dc7 (sz=46, trace=300000, nelems=23, elem type=char[])
ARR 50000dc8 (sz=26, trace=300000, nelems=13, elem type=char[])
OBJ 50000dc9 (sz=24, trace=300000, class=java.lang.String@50000136)
	value		50000dcc
OBJ 50000dca (sz=24, trace=300000, class=java.lang.String@50000136)
	value		50000dcb
ARR 50000dcb (sz=22, trace=300000, nelems=11, elem type=char[])
ARR 50000dcc (sz=10, trace=300000, nelems=5, elem type=char[])
OBJ 50000dcd (sz=24, trace=300000, class=java.lang.String@50000136)
	value		50000dd0
OBJ 50000dce (sz=24, trace=300000, class=java.lang.String@50000136)
	value		50000dcf
ARR 50000dcf (sz=30, trace=300000, nelems=15, elem type=char[])
ARR 50000dd0 (sz=0, trace=300000, nelems=0, elem type=char[])
ARR 50000dd1 (sz=32, trace=300000, nelems=16, elem type=char[])
OBJ 50000dd2 (sz=24, trace=300000, class=java.lang.String@50000136)
	value		50000dd3
ARR 50000dd3 (sz=56, trace=300000, nelems=28, elem type=char[])
OBJ 50000dd4 (sz=24, trace=300000, class=java.util.Collections$EmptyMap@50000152)
OBJ 50000dd5 (sz=16, trace=300000, class=java.util.Collections$EmptyList@500000d1)
OBJ 50000dd6 (sz=16, trace=300000, class=java.util.Collections$EmptySet@500000cf)
OBJ 50000dd7 (sz=24, trace=300000, class=java.lang.String@50000136)
	value		50000dda
OBJ 50000dd8 (sz=16, trace=300000, class=java.lang.Boolean@50000019)
OBJ 50000dd9 (sz=16, trace=300000, class=java.lang.Boolean@50000019)
ARR 50000dda (sz=14, trace=300000, nelems=7, elem type=char[])
OBJ 50000ddb (sz=16, trace=300000, class=java.lang.Runtime@5000002b)
OBJ 50000ddc (sz=24, trace=300000, class=java.lang.String@50000136)
	value		50001550
OBJ 50000ddd (sz=24, trace=300000, class=java.lang.String@50000136)
	value		5000154f
OBJ 50000dde (sz=24, trace=300000, class=java.lang.String@50000136)
	value		5000154e
ARR 50000ddf (sz=24, trace=300000, nelems=1, elem type=java.lang.String[]@50000137)
	[0]		50000cee
ARR 50000de0 (sz=40, trace=300000, nelems=5, elem type=java.lang.String[]@50000137)
	[0]		50001537
	[1]		50001538
	[2]		50001539
	[3]		5000153a
	[4]		5000153b
OBJ 50000de1 (sz=32, trace=300000, class=java.util.Stack@500000d4)
	elementData	50001536
OBJ 50000de2 (sz=32, trace=300000, class=java.util.Vector@5000016f)
	elementData	50001534
OBJ 50000de3 (sz=32, trace=300000, class=java.util.Vector@5000016f)
	elementData	50001533
ARR 50000de4 (sz=16, trace=300000, nelems=0, elem type=java.security.cert.Certificate[]@50000158)
OBJ 50000de5 (sz=56, trace=300000, class=java.util.WeakHashMap@500000f5)
	table		50001531
	queue		50001530
OBJ 50000de6 (sz=32, trace=300000, class=java.security.AccessControlContext@5000005e)
OBJ 50000de7 (sz=40, trace=300000, class=sun.misc.URLClassPath@5000001b)
	path		500014f7
	urls		500014f6
	loaders		500014f5
	lmap		500014f4
	jarHandler	500014f3
OBJ 50000de8 (sz=48, trace=300000, class=java.util.HashMap@50000094)
	table		5000082b
OBJ 50000de9 (sz=16, trace=300000, class=java.lang.Object@50000112)
OBJ 50000dea (sz=32, trace=300000, class=java.util.Vector@5000016f)
	elementData	500014f2
OBJ 50000deb (sz=48, trace=300000, class=java.util.HashMap@50000094)
	table		5000078e
OBJ 50000dec (sz=24, trace=300000, class=java.util.Collections$SynchronizedSet@50000052)
	c		500014f0
	mutex		50000dec
OBJ 50000ded (sz=40, trace=300000, class=java.security.ProtectionDomain@5000006a)
	codesource	500014ef
	classloader	50000c0a
	principals	500014ee
	key		500014ed
OBJ 50000dee (sz=32, trace=300000, class=java.util.Vector@5000016f)
	elementData	500014b4
OBJ 50000def (sz=48, trace=300000, class=java.util.concurrent.ConcurrentHashMap@5000000d)
	segments	500014b0
OBJ 50000df0 (sz=48, trace=300000, class=java.util.concurrent.ConcurrentHashMap@5000000d)
	segments	500014ad
OBJ 50000df1 (sz=80, trace=300000, class=sun.misc.Launcher$ExtClassLoader@5000006f)
	parallelLockMap	50000dfd
	package2certs	50000dfc
	classes		50000dfb
	defaultDomain	50000dfa
	domains		50000df9
	packages	50000df8
	nativeLibraries	50000df7
	assertionLock	50000df6
	pdcache		50000df5
	ucp		50000df4
	acc		50000df3
	closeables	50000df2
OBJ 50000df2 (sz=56, trace=300000, class=java.util.WeakHashMap@500000f5)
	table		5000149c
	queue		5000149b
OBJ 50000df3 (sz=32, trace=300000, class=java.security.AccessControlContext@5000005e)
OBJ 50000df4 (sz=40, trace=300000, class=sun.misc.URLClassPath@5000001b)
	path		50001422
	urls		50001421
	loaders		50001420
	lmap		5000141f
	jarHandler	5000141e
OBJ 50000df5 (sz=48, trace=300000, class=java.util.HashMap@50000094)
	table		50000e63
OBJ 50000df6 (sz=16, trace=300000, class=java.lang.Object@50000112)
OBJ 50000df7 (sz=32, trace=300000, class=java.util.Vector@5000016f)
	elementData	5000141d
OBJ 50000df8 (sz=48, trace=300000, class=java.util.HashMap@50000094)
	table		50000e63
OBJ 50000df9 (sz=24, trace=300000, class=java.util.Collections$SynchronizedSet@50000052)
	c		5000141a
	mutex		50000df9
OBJ 50000dfa (sz=40, trace=300000, class=java.security.ProtectionDomain@5000006a)
	codesource	50000e47
	classloader	50000df1
	principals	50000e46
	key		50000e45
OBJ 50000dfb (sz=32, trace=300000, class=java.util.Vector@5000016f)
	elementData	50000e44
OBJ 50000dfc (sz=48, trace=300000, class=java.util.concurrent.ConcurrentHashMap@5000000d)
	segments	50000e40
OBJ 50000dfd (sz=48, trace=300000, class=java.util.concurrent.ConcurrentHashMap@5000000d)
	segments	50000dfe
ARR 50000dfe (sz=80, trace=300000, nelems=16, elem type=java.util.concurrent.ConcurrentHashMap$Segment[]@500000f3)
	[0]		50000dff
	[1]		50000a9c
	[2]		5000083e
	[3]		500001a4
	[4]		50000878
	[5]		50000a87
	[6]		5000089a
	[7]		50000ae3
	[8]		50000a72
	[9]		50000a7c
	[11]		50000882
	[12]		5000085c
	[13]		5000084e
	[14]		5000086d
	[15]		500008ad
OBJ 50000dff (sz=40, trace=300000, class=java.util.concurrent.ConcurrentHashMap$Segment@500000f2)
	sync		50000e3b
	table		500009e6
OBJ 50000e00 (sz=24, trace=300000, class=java.lang.String@50000136)
	value		50000e01
ARR 50000e01 (sz=50, trace=300000, nelems=25, elem type=char[])
ARR 50000e02 (sz=8, trace=300000, nelems=4, elem type=char[])
OBJ 50000e03 (sz=24, trace=300000, class=java.lang.String@50000136)
	value		50000e04
ARR 50000e04 (sz=24, trace=300000, nelems=12, elem type=char[])
OBJ 50000e05 (sz=24, trace=300000, class=java.lang.String@50000136)
	value		50000e0c
OBJ 50000e06 (sz=24, trace=300000, class=java.lang.String@50000136)
	value		50000e0b
OBJ 50000e07 (sz=24, trace=300000, class=java.lang.String@50000136)
	value		50000e0a
OBJ 50000e08 (sz=24, trace=300000, class=java.lang.String@50000136)
	value		50000e09
ARR 50000e09 (sz=16, trace=300000, nelems=8, elem type=char[])
ARR 50000e0a (sz=24, trace=300000, nelems=12, elem type=char[])
ARR 50000e0b (sz=22, trace=300000, nelems=11, elem type=char[])
ARR 50000e0c (sz=16, trace=300000, nelems=8, elem type=char[])
OBJ 50000e0d (sz=24, trace=300000, class=java.lang.String@50000136)
	value		50000e0e
ARR 50000e0e (sz=62, trace=300000, nelems=31, elem type=char[])
OBJ 50000e0f (sz=24, trace=300000, class=java.lang.String@50000136)
	value		50000e10
ARR 50000e10 (sz=32, trace=300000, nelems=16, elem type=char[])
OBJ 50000e11 (sz=24, trace=300000, class=java.lang.String@50000136)
	value		50000e12
ARR 50000e12 (sz=32, trace=300000, nelems=16, elem type=char[])
OBJ 50000e13 (sz=24, trace=300000, class=java.lang.String@50000136)
	value		50000e14
ARR 50000e14 (sz=38, trace=300000, nelems=19, elem type=char[])
OBJ 50000e15 (sz=24, trace=300000, class=java.lang.String@50000136)
	value		50000e16
ARR 50000e16 (sz=48, trace=300000, nelems=24, elem type=char[])
OBJ 50000e17 (sz=24, trace=300000, class=java.lang.String@50000136)
	value		50000e18
ARR 50000e18 (sz=54, trace=300000, nelems=27, elem type=char[])
OBJ 50000e19 (sz=24, trace=300000, class=java.lang.String@50000136)
	value		50000e1a
ARR 50000e1a (sz=38, trace=300000, nelems=19, elem type=char[])
OBJ 50000e1b (sz=24, trace=300000, class=java.lang.String@50000136)
	value		50000e1c
ARR 50000e1c (sz=68, trace=300000, nelems=34, elem type=char[])
OBJ 50000e1d (sz=24, trace=300000, class=java.lang.String@50000136)
	value		50000e1e
ARR 50000e1e (sz=34, trace=300000, nelems=17, elem type=char[])
OBJ 50000e1f (sz=24, trace=300000, class=java.lang.String@50000136)
	value		50000e20
ARR 50000e20 (sz=8, trace=300000, nelems=4, elem type=char[])
OBJ 50000e21 (sz=24, trace=300000, class=java.lang.String@50000136)
	value		50000e22
ARR 50000e22 (sz=52, trace=300000, nelems=26, elem type=char[])
OBJ 50000e23 (sz=24, trace=300000, class=java.lang.String@50000136)
	value		50000e24
ARR 50000e24 (sz=44, trace=300000, nelems=22, elem type=char[])
OBJ 50000e25 (sz=24, trace=300000, class=java.lang.String@50000136)
	value		50000e26
ARR 50000e26 (sz=38, trace=300000, nelems=19, elem type=char[])
OBJ 50000e27 (sz=24, trace=300000, class=java.lang.String@50000136)
	value		50000e28
ARR 50000e28 (sz=28, trace=300000, nelems=14, elem type=char[])
OBJ 50000e29 (sz=24, trace=300000, class=java.lang.String@50000136)
	value		50000e2a
ARR 50000e2a (sz=32, trace=300000, nelems=16, elem type=char[])
OBJ 50000e2b (sz=24, trace=300000, class=java.lang.String@50000136)
	value		50000e2c
ARR 50000e2c (sz=36, trace=300000, nelems=18, elem type=char[])
OBJ 50000e2d (sz=24, trace=300000, class=java.lang.String@50000136)
	value		50000e2e
ARR 50000e2e (sz=30, trace=300000, nelems=15, elem type=char[])
OBJ 50000e2f (sz=24, trace=300000, class=java.lang.String@50000136)
	value		50000e30
ARR 50000e30 (sz=86, trace=300000, nelems=43, elem type=char[])
OBJ 50000e31 (sz=24, trace=300000, class=java.lang.String@50000136)
	value		50000e32
ARR 50000e32 (sz=60, trace=300000, nelems=30, elem type=char[])
OBJ 50000e33 (sz=24, trace=300000, class=java.lang.String@50000136)
	value		50000e34
ARR 50000e34 (sz=34, trace=300000, nelems=17, elem type=char[])
OBJ 50000e35 (sz=24, trace=300000, class=java.lang.String@50000136)
	value		50000e36
ARR 50000e36 (sz=32, trace=300000, nelems=16, elem type=char[])
OBJ 50000e37 (sz=24, trace=300000, class=java.lang.String@50000136)
	value		50000e38
ARR 50000e38 (sz=42, trace=300000, nelems=21, elem type=char[])
OBJ 50000e39 (sz=24, trace=300000, class=java.lang.String@50000136)
	value		50000e3a
ARR 50000e3a (sz=64, trace=300000, nelems=32, elem type=char[])
OBJ 50000e3b (sz=32, trace=300000, class=java.util.concurrent.locks.ReentrantLock$NonfairSync@5000011a)
OBJ 50000e3c (sz=24, trace=300000, class=java.lang.String@50000136)
	value		50000e3d
ARR 50000e3d (sz=94, trace=300000, nelems=47, elem type=char[])
OBJ 50000e3e (sz=24, trace=300000, class=java.lang.String@50000136)
	value		50000e3f
ARR 50000e3f (sz=38, trace=300000, nelems=19, elem type=char[])
ARR 50000e40 (sz=80, trace=300000, nelems=1, elem type=java.util.concurrent.ConcurrentHashMap$Segment[]@500000f3)
	[0]		50000e41
OBJ 50000e41 (sz=40, trace=300000, class=java.util.concurrent.ConcurrentHashMap$Segment@500000f2)
	sync		50000e43
	table		50000e42
ARR 50000e42 (sz=24, trace=300000, nelems=0, elem type=java.util.concurrent.ConcurrentHashMap$HashEntry[]@500000ad)
OBJ 50000e43 (sz=32, trace=300000, class=java.util.concurrent.locks.ReentrantLock$NonfairSync@5000011a)
ARR 50000e44 (sz=56, trace=300000, nelems=0, elem type=java.lang.Object[]@50000113)
OBJ 50000e45 (sz=16, trace=300000, class=java.security.ProtectionDomain$Key@500000d2)
	this$0		50000dfa
ARR 50000e46 (sz=16, trace=300000, nelems=0, elem type=java.security.Principal[]@5000001f)
OBJ 50000e47 (sz=32, trace=300000, class=java.security.CodeSource@500000ef)
OBJ 50000e48 (sz=24, trace=300000, class=java.lang.String@50000136)
	value		50000f60
OBJ 50000e49 (sz=24, trace=300000, class=java.lang.String@50000136)
	value		50000f5f
OBJ 50000e4a (sz=24, trace=300000, class=java.lang.String@50000136)
	value		50000f2f
OBJ 50000e4b (sz=24, trace=300000, class=java.lang.String@50000136)
	value		50000f50
OBJ 50000e4c (sz=24, trace=300000, class=java.lang.String@50000136)
	value		50000e53
OBJ 50000e4d (sz=24, trace=300000, class=java.lang.String@50000136)
	value		50000f52
OBJ 50000e4e (sz=24, trace=300000, class=java.lang.String@50000136)
	value		50000f5e
OBJ 50000e4f (sz=24, trace=300000, class=java.lang.String@50000136)
	value		50000f5d
OBJ 50000e50 (sz=24, trace=300000, class=java.lang.String@50000136)
	value		50000f51
OBJ 50000e51 (sz=16, trace=300000, class=java.lang.Object@50000112)
OBJ 50000e52 (sz=48, trace=300000, class=java.util.Hashtable@500000f1)
	table		50000e54
ARR 50000e53 (sz=52, trace=300000, nelems=26, elem type=char[])
ARR 50000e54 (sz=64, trace=300000, nelems=7, elem type=java.util.Hashtable$Entry[]@500000fb)
	[6]		50000e55
OBJ 50000e55 (sz=32, trace=300000, class=java.util.Hashtable$Entry@500000fa)
	key		50000e57
	value		50000e56
OBJ 50000e56 (sz=16, trace=300000, class=sun.net.www.protocol.file.Handler@5000008b)
OBJ 50000e57 (sz=24, trace=300000, class=java.lang.String@50000136)
	value		50000e58
ARR 50000e58 (sz=8, trace=300000, nelems=4, elem type=char[])
OBJ 50000e59 (sz=24, trace=300000, class=java.lang.String@50000136)
	value		50000f4f
OBJ 50000e5a (sz=24, trace=300000, class=java.lang.String@50000136)
	value		50000e5f
OBJ 50000e5b (sz=24, trace=300000, class=java.lang.String@50000136)
	value		50000e60
OBJ 50000e5c (sz=24, trace=300000, class=java.lang.String@50000136)
	value		50000e62
OBJ 50000e5d (sz=24, trace=300000, class=java.lang.String@50000136)
	value		50000f49
OBJ 50000e5e (sz=24, trace=300000, class=java.lang.String@50000136)
	value		50000e61
ARR 50000e5f (sz=28, trace=300000, nelems=14, elem type=char[])
ARR 50000e60 (sz=24, trace=300000, nelems=12, elem type=char[])
ARR 50000e61 (sz=20, trace=300000, nelems=10, elem type=char[])
ARR 50000e62 (sz=26, trace=300000, nelems=13, elem type=char[])
ARR 50000e63 (sz=16, trace=300000, nelems=0, elem type=java.util.HashMap$Entry[]@500000e4)
OBJ 50000e64 (sz=24, trace=300000, class=java.lang.String@50000136)
	value		50000e67
OBJ 50000e65 (sz=24, trace=300000, class=java.lang.String@50000136)
	value		50000e66
ARR 50000e66 (sz=38, trace=300000, nelems=19, elem type=char[])
ARR 50000e67 (sz=50, trace=300000, nelems=25, elem type=char[])
OBJ 50000e68 (sz=24, trace=300000, class=java.lang.String@50000136)
	value		50000f45
OBJ 50000e69 (sz=24, trace=300000, class=java.lang.String@50000136)
	value		50000f43
OBJ 50000e6a (sz=24, trace=300000, class=java.lang.String@50000136)
	value		50000f42
OBJ 50000e6b (sz=24, trace=300000, class=java.lang.String@50000136)
	value		50000f41
OBJ 50000e6c (sz=24, trace=300000, class=java.lang.String@50000136)
	value		50000f40
OBJ 50000e6d (sz=24, trace=300000, class=java.lang.String@50000136)
	value		50000f3f
OBJ 50000e6e (sz=24, trace=300000, class=java.lang.String@50000136)
	value		50000f3e
OBJ 50000e6f (sz=24, trace=300000, class=java.lang.String@50000136)
	value		50000f3d
OBJ 50000e70 (sz=24, trace=300000, class=java.lang.String@50000136)
	value		50000f3c
OBJ 50000e71 (sz=24, trace=300000, class=java.lang.String@50000136)
	value		50000f3b
OBJ 50000e72 (sz=24, trace=300000, class=java.lang.String@50000136)
	value		50000f3a
ARR 50000e73 (sz=32, trace=300000, nelems=16, elem type=char[])
OBJ 50000e74 (sz=24, trace=300000, class=java.util.BitSet@50000040)
	words		50000e75
ARR 50000e75 (sz=32, trace=300000, nelems=4, elem type=long[])
OBJ 50000e76 (sz=24, trace=300000, class=java.lang.String@50000136)
	value		50000e7a
ARR 50000e77 (sz=24, trace=300000, nelems=1, elem type=java.io.ObjectStreamField[]@5000016a)
	[0]		50000e78
OBJ 50000e78 (sz=40, trace=300000, class=java.io.ObjectStreamField@50000169)
	name		50000e76
	signature	50000e79
	type		5000017c
OBJ 50000e79 (sz=24, trace=300000, class=java.lang.String@50000136)
	value		50000e7b
ARR 50000e7a (sz=8, trace=300000, nelems=4, elem type=char[])
ARR 50000e7b (sz=4, trace=300000, nelems=2, elem type=char[])
OBJ 50000e7c (sz=24, trace=300000, class=java.lang.String@50000136)
	value		50000f32
OBJ 50000e7d (sz=24, trace=300000, class=java.lang.String@50000136)
	value		50000f31
OBJ 50000e7e (sz=32, trace=300000, class=java.io.UnixFileSystem@500000b6)
	javaHome	50000d8a
	cache		50000e80
	javaHomePrefixCache	50000e7f
OBJ 50000e7f (sz=40, trace=300000, class=java.io.ExpiringCache@5000013a)
	map		50000f07
OBJ 50000e80 (sz=40, trace=300000, class=java.io.ExpiringCache@5000013a)
	map		50000e81
OBJ 50000e81 (sz=64, trace=300000, class=java.io.ExpiringCache$1@50000128)
	table		50000b72
	header		50000e82
	this$0		50000e80
OBJ 50000e82 (sz=40, trace=300000, class=java.util.LinkedHashMap$Entry@500000dd)
	before		50000b73
	after		50000e84
OBJ 50000e83 (sz=40, trace=300000, class=java.util.LinkedHashMap$Entry@500000dd)
	key		50000eef
	value		50000eee
	next		50000ea8
	before		50000ece
	after		50000e88
OBJ 50000e84 (sz=40, trace=300000, class=java.util.LinkedHashMap$Entry@500000dd)
	key		50000ec4
	value		50000ec3
	before		50000e82
	after		50000e8e
OBJ 50000e85 (sz=40, trace=300000, class=java.util.LinkedHashMap$Entry@500000dd)
	key		50000eb5
	value		50000eb4
	before		50000eb3
	after		50000ea8
OBJ 50000e86 (sz=40, trace=300000, class=java.util.LinkedHashMap$Entry@500000dd)
	key		50000ee5
	value		50000ee4
	before		50000e8d
	after		50000e91
OBJ 50000e87 (sz=40, trace=300000, class=java.util.LinkedHashMap$Entry@500000dd)
	key		50000ef9
	value		50000ef8
	before		50000e88
	after		50000e8a
OBJ 50000e88 (sz=40, trace=300000, class=java.util.LinkedHashMap$Entry@500000dd)
	key		50000ef4
	value		50000ef3
	before		50000e83
	after		50000e87
OBJ 50000e89 (sz=40, trace=300000, class=java.util.LinkedHashMap$Entry@500000dd)
	key		50000f03
	value		50000f02
	before		50000ec8
	after		500008ca
OBJ 50000e8a (sz=40, trace=300000, class=java.util.LinkedHashMap$Entry@500000dd)
	key		50000efe
	value		50000efd
	before		50000e87
	after		50000e90
OBJ 50000e8b (sz=40, trace=300000, class=java.util.LinkedHashMap$Entry@500000dd)
	key		50000ea4
	value		50000ea3
	before		50000e8f
	after		50000e98
OBJ 50000e8c (sz=40, trace=300000, class=java.util.LinkedHashMap$Entry@500000dd)
	key		50000e9a
	value		50000e99
	before		50000e98
	after		50000e92
OBJ 50000e8d (sz=40, trace=300000, class=java.util.LinkedHashMap$Entry@500000dd)
	key		50000eea
	value		50000ee9
	next		50000e98
	before		50000e92
	after		50000e86
OBJ 50000e8e (sz=40, trace=300000, class=java.util.LinkedHashMap$Entry@500000dd)
	key		50000ebf
	value		50000ebe
	before		50000e84
	after		50000eb3
OBJ 50000e8f (sz=40, trace=300000, class=java.util.LinkedHashMap$Entry@500000dd)
	key		50000eaa
	value		50000ea9
	before		50000ea8
	after		50000e8b
OBJ 50000e90 (sz=40, trace=300000, class=java.util.LinkedHashMap$Entry@500000dd)
	key		50000ed0
	value		50000ecf
	next		50000ece
	before		50000e8a
	after		50000ec8
OBJ 50000e91 (sz=40, trace=300000, class=java.util.LinkedHashMap$Entry@500000dd)
	key		50000ee0
	value		50000edf
	before		50000e86
	after		50000ed4
OBJ 50000e92 (sz=40, trace=300000, class=java.util.LinkedHashMap$Entry@500000dd)
	key		50000e94
	value		50000e93
	before		50000e8c
	after		50000e8d
OBJ 50000e93 (sz=24, trace=300000, class=java.io.ExpiringCache$Entry@50000016)
	val		50000e96
OBJ 50000e94 (sz=24, trace=300000, class=java.lang.String@50000136)
	value		50000e95
ARR 50000e95 (sz=90, trace=300000, nelems=45, elem type=char[])
OBJ 50000e96 (sz=24, trace=300000, class=java.lang.String@50000136)
	value		50000e97
ARR 50000e97 (sz=90, trace=300000, nelems=45, elem type=char[])
OBJ 50000e98 (sz=40, trace=300000, class=java.util.LinkedHashMap$Entry@500000dd)
	key		50000e9f
	value		50000e9e
	before		50000e8b
	after		50000e8c
OBJ 50000e99 (sz=24, trace=300000, class=java.io.ExpiringCache$Entry@50000016)
	val		50000e9c
OBJ 50000e9a (sz=24, trace=300000, class=java.lang.String@50000136)
	value		50000e9b
ARR 50000e9b (sz=84, trace=300000, nelems=42, elem type=char[])
OBJ 50000e9c (sz=24, trace=300000, class=java.lang.String@50000136)
	value		50000e9d
ARR 50000e9d (sz=84, trace=300000, nelems=42, elem type=char[])
OBJ 50000e9e (sz=24, trace=300000, class=java.io.ExpiringCache$Entry@50000016)
	val		50000ea1
OBJ 50000e9f (sz=24, trace=300000, class=java.lang.String@50000136)
	value		50000ea0
ARR 50000ea0 (sz=96, trace=300000, nelems=48, elem type=char[])
OBJ 50000ea1 (sz=24, trace=300000, class=java.lang.String@50000136)
	value		50000ea2
ARR 50000ea2 (sz=96, trace=300000, nelems=48, elem type=char[])
OBJ 50000ea3 (sz=24, trace=300000, class=java.io.ExpiringCache$Entry@50000016)
	val		50000ea6
OBJ 50000ea4 (sz=24, trace=300000, class=java.lang.String@50000136)
	value		50000ea5
ARR 50000ea5 (sz=96, trace=300000, nelems=48, elem type=char[])
OBJ 50000ea6 (sz=24, trace=300000, class=java.lang.String@50000136)
	value		50000ea7
ARR 50000ea7 (sz=96, trace=300000, nelems=48, elem type=char[])
OBJ 50000ea8 (sz=40, trace=300000, class=java.util.LinkedHashMap$Entry@500000dd)
	key		50000eaf
	value		50000eae
	before		50000e85
	after		50000e8f
OBJ 50000ea9 (sz=24, trace=300000, class=java.io.ExpiringCache$Entry@50000016)
	val		50000eac
OBJ 50000eaa (sz=24, trace=300000, class=java.lang.String@50000136)
	value		50000eab
ARR 50000eab (sz=96, trace=300000, nelems=48, elem type=char[])
OBJ 50000eac (sz=24, trace=300000, class=java.lang.String@50000136)
	value		50000ead
ARR 50000ead (sz=96, trace=300000, nelems=48, elem type=char[])
OBJ 50000eae (sz=24, trace=300000, class=java.io.ExpiringCache$Entry@50000016)
	val		50000eb1
OBJ 50000eaf (sz=24, trace=300000, class=java.lang.String@50000136)
	value		50000eb0
ARR 50000eb0 (sz=104, trace=300000, nelems=52, elem type=char[])
OBJ 50000eb1 (sz=24, trace=300000, class=java.lang.String@50000136)
	value		50000eb2
ARR 50000eb2 (sz=104, trace=300000, nelems=52, elem type=char[])
OBJ 50000eb3 (sz=40, trace=300000, class=java.util.LinkedHashMap$Entry@500000dd)
	key		50000eba
	value		50000eb9
	before		50000e8e
	after		50000e85
OBJ 50000eb4 (sz=24, trace=300000, class=java.io.ExpiringCache$Entry@50000016)
	val		50000eb7
OBJ 50000eb5 (sz=24, trace=300000, class=java.lang.String@50000136)
	value		50000eb6
ARR 50000eb6 (sz=116, trace=300000, nelems=58, elem type=char[])
OBJ 50000eb7 (sz=24, trace=300000, class=java.lang.String@50000136)
	value		50000eb8
ARR 50000eb8 (sz=116, trace=300000, nelems=58, elem type=char[])
OBJ 50000eb9 (sz=24, trace=300000, class=java.io.ExpiringCache$Entry@50000016)
	val		50000ebc
OBJ 50000eba (sz=24, trace=300000, class=java.lang.String@50000136)
	value		50000ebb
ARR 50000ebb (sz=106, trace=300000, nelems=53, elem type=char[])
OBJ 50000ebc (sz=24, trace=300000, class=java.lang.String@50000136)
	value		50000ebd
ARR 50000ebd (sz=106, trace=300000, nelems=53, elem type=char[])
OBJ 50000ebe (sz=24, trace=300000, class=java.io.ExpiringCache$Entry@50000016)
	val		50000ec1
OBJ 50000ebf (sz=24, trace=300000, class=java.lang.String@50000136)
	value		50000ec0
ARR 50000ec0 (sz=76, trace=300000, nelems=38, elem type=char[])
OBJ 50000ec1 (sz=24, trace=300000, class=java.lang.String@50000136)
	value		50000ec2
ARR 50000ec2 (sz=76, trace=300000, nelems=38, elem type=char[])
OBJ 50000ec3 (sz=24, trace=300000, class=java.io.ExpiringCache$Entry@50000016)
	val		50000ec6
OBJ 50000ec4 (sz=24, trace=300000, class=java.lang.String@50000136)
	value		50000ec5
ARR 50000ec5 (sz=100, trace=300000, nelems=50, elem type=char[])
OBJ 50000ec6 (sz=24, trace=300000, class=java.lang.String@50000136)
	value		50000ec7
ARR 50000ec7 (sz=100, trace=300000, nelems=50, elem type=char[])
OBJ 50000ec8 (sz=40, trace=300000, class=java.util.LinkedHashMap$Entry@500000dd)
	key		50000eca
	value		50000ec9
	before		50000e90
	after		50000e89
OBJ 50000ec9 (sz=24, trace=300000, class=java.io.ExpiringCache$Entry@50000016)
	val		50000ecc
OBJ 50000eca (sz=24, trace=300000, class=java.lang.String@50000136)
	value		50000ecb
ARR 50000ecb (sz=74, trace=300000, nelems=37, elem type=char[])
OBJ 50000ecc (sz=24, trace=300000, class=java.lang.String@50000136)
	value		50000ecd
ARR 50000ecd (sz=74, trace=300000, nelems=37, elem type=char[])
OBJ 50000ece (sz=40, trace=300000, class=java.util.LinkedHashMap$Entry@500000dd)
	key		50000ed6
	value		50000ed5
	next		50000ed4
	before		50000ed4
	after		50000e83
OBJ 50000ecf (sz=24, trace=300000, class=java.io.ExpiringCache$Entry@50000016)
	val		50000ed2
OBJ 50000ed0 (sz=24, trace=300000, class=java.lang.String@50000136)
	value		50000ed1
ARR 50000ed1 (sz=132, trace=300000, nelems=66, elem type=char[])
OBJ 50000ed2 (sz=24, trace=300000, class=java.lang.String@50000136)
	value		50000ed3
ARR 50000ed3 (sz=132, trace=300000, nelems=66, elem type=char[])
OBJ 50000ed4 (sz=40, trace=300000, class=java.util.LinkedHashMap$Entry@500000dd)
	key		50000edb
	value		50000eda
	before		50000e91
	after		50000ece
OBJ 50000ed5 (sz=24, trace=300000, class=java.io.ExpiringCache$Entry@50000016)
	val		50000ed8
OBJ 50000ed6 (sz=24, trace=300000, class=java.lang.String@50000136)
	value		50000ed7
ARR 50000ed7 (sz=82, trace=300000, nelems=41, elem type=char[])
OBJ 50000ed8 (sz=24, trace=300000, class=java.lang.String@50000136)
	value		50000ed9
ARR 50000ed9 (sz=82, trace=300000, nelems=41, elem type=char[])
OBJ 50000eda (sz=24, trace=300000, class=java.io.ExpiringCache$Entry@50000016)
	val		50000edd
OBJ 50000edb (sz=24, trace=300000, class=java.lang.String@50000136)
	value		50000edc
ARR 50000edc (sz=88, trace=300000, nelems=44, elem type=char[])
OBJ 50000edd (sz=24, trace=300000, class=java.lang.String@50000136)
	value		50000ede
ARR 50000ede (sz=88, trace=300000, nelems=44, elem type=char[])
OBJ 50000edf (sz=24, trace=300000, class=java.io.ExpiringCache$Entry@50000016)
	val		50000ee2
OBJ 50000ee0 (sz=24, trace=300000, class=java.lang.String@50000136)
	value		50000ee1
ARR 50000ee1 (sz=94, trace=300000, nelems=47, elem type=char[])
OBJ 50000ee2 (sz=24, trace=300000, class=java.lang.String@50000136)
	value		50000ee3
ARR 50000ee3 (sz=94, trace=300000, nelems=47, elem type=char[])
OBJ 50000ee4 (sz=24, trace=300000, class=java.io.ExpiringCache$Entry@50000016)
	val		50000ee7
OBJ 50000ee5 (sz=24, trace=300000, class=java.lang.String@50000136)
	value		50000ee6
ARR 50000ee6 (sz=90, trace=300000, nelems=45, elem type=char[])
OBJ 50000ee7 (sz=24, trace=300000, class=java.lang.String@50000136)
	value		50000ee8
ARR 50000ee8 (sz=90, trace=300000, nelems=45, elem type=char[])
OBJ 50000ee9 (sz=24, trace=300000, class=java.io.ExpiringCache$Entry@50000016)
	val		50000eec
OBJ 50000eea (sz=24, trace=300000, class=java.lang.String@50000136)
	value		50000eeb
ARR 50000eeb (sz=96, trace=300000, nelems=48, elem type=char[])
OBJ 50000eec (sz=24, trace=300000, class=java.lang.String@50000136)
	value		50000eed
ARR 50000eed (sz=96, trace=300000, nelems=48, elem type=char[])
OBJ 50000eee (sz=24, trace=300000, class=java.io.ExpiringCache$Entry@50000016)
	val		50000ef1
OBJ 50000eef (sz=24, trace=300000, class=java.lang.String@50000136)
	value		50000ef0
ARR 50000ef0 (sz=110, trace=300000, nelems=55, elem type=char[])
OBJ 50000ef1 (sz=24, trace=300000, class=java.lang.String@50000136)
	value		50000ef2
ARR 50000ef2 (sz=110, trace=300000, nelems=55, elem type=char[])
OBJ 50000ef3 (sz=24, trace=300000, class=java.io.ExpiringCache$Entry@50000016)
	val		50000ef6
OBJ 50000ef4 (sz=24, trace=300000, class=java.lang.String@50000136)
	value		50000ef5
ARR 50000ef5 (sz=84, trace=300000, nelems=42, elem type=char[])
OBJ 50000ef6 (sz=24, trace=300000, class=java.lang.String@50000136)
	value		50000ef7
ARR 50000ef7 (sz=84, trace=300000, nelems=42, elem type=char[])
OBJ 50000ef8 (sz=24, trace=300000, class=java.io.ExpiringCache$Entry@50000016)
	val		50000efb
OBJ 50000ef9 (sz=24, trace=300000, class=java.lang.String@50000136)
	value		50000efa
ARR 50000efa (sz=86, trace=300000, nelems=43, elem type=char[])
OBJ 50000efb (sz=24, trace=300000, class=java.lang.String@50000136)
	value		50000efc
ARR 50000efc (sz=86, trace=300000, nelems=43, elem type=char[])
OBJ 50000efd (sz=24, trace=300000, class=java.io.ExpiringCache$Entry@50000016)
	val		50000f00
OBJ 50000efe (sz=24, trace=300000, class=java.lang.String@50000136)
	value		50000eff
ARR 50000eff (sz=90, trace=300000, nelems=45, elem type=char[])
OBJ 50000f00 (sz=24, trace=300000, class=java.lang.String@50000136)
	value		50000f01
ARR 50000f01 (sz=90, trace=300000, nelems=45, elem type=char[])
OBJ 50000f02 (sz=24, trace=300000, class=java.io.ExpiringCache$Entry@50000016)
	val		50000f05
OBJ 50000f03 (sz=24, trace=300000, class=java.lang.String@50000136)
	value		50000f04
ARR 50000f04 (sz=114, trace=300000, nelems=57, elem type=char[])
OBJ 50000f05 (sz=24, trace=300000, class=java.lang.String@50000136)
	value		50000f06
ARR 50000f06 (sz=114, trace=300000, nelems=57, elem type=char[])
OBJ 50000f07 (sz=64, trace=300000, class=java.io.ExpiringCache$1@50000128)
	table		50000f09
	header		50000f08
	this$0		50000e7f
OBJ 50000f08 (sz=40, trace=300000, class=java.util.LinkedHashMap$Entry@500000dd)
	before		50000f0b
	after		50000f0a
ARR 50000f09 (sz=80, trace=300000, nelems=15, elem type=java.util.HashMap$Entry[]@500000e4)
	[0]		50000f0a
	[8]		50000f0b
	[14]		50000f0c
OBJ 50000f0a (sz=40, trace=300000, class=java.util.LinkedHashMap$Entry@500000dd)
	key		50000f13
	value		50000f12
	before		50000f08
	after		50000f0c
OBJ 50000f0b (sz=40, trace=300000, class=java.util.LinkedHashMap$Entry@500000dd)
	key		50000f18
	value		50000f17
	before		50000f0c
	after		50000f08
OBJ 50000f0c (sz=40, trace=300000, class=java.util.LinkedHashMap$Entry@500000dd)
	key		50000f0e
	value		50000f0d
	before		50000f0a
	after		50000f0b
OBJ 50000f0d (sz=24, trace=300000, class=java.io.ExpiringCache$Entry@50000016)
	val		50000f10
OBJ 50000f0e (sz=24, trace=300000, class=java.lang.String@50000136)
	value		50000f0f
ARR 50000f0f (sz=76, trace=300000, nelems=38, elem type=char[])
OBJ 50000f10 (sz=24, trace=300000, class=java.lang.String@50000136)
	value		50000f11
ARR 50000f11 (sz=76, trace=300000, nelems=38, elem type=char[])
OBJ 50000f12 (sz=24, trace=300000, class=java.io.ExpiringCache$Entry@50000016)
	val		50000f15
OBJ 50000f13 (sz=24, trace=300000, class=java.lang.String@50000136)
	value		50000f14
ARR 50000f14 (sz=80, trace=300000, nelems=40, elem type=char[])
OBJ 50000f15 (sz=24, trace=300000, class=java.lang.String@50000136)
	value		50000f16
ARR 50000f16 (sz=80, trace=300000, nelems=40, elem type=char[])
OBJ 50000f17 (sz=24, trace=300000, class=java.io.ExpiringCache$Entry@50000016)
	val		50000f1a
OBJ 50000f18 (sz=24, trace=300000, class=java.lang.String@50000136)
	value		50000f19
ARR 50000f19 (sz=68, trace=300000, nelems=34, elem type=char[])
OBJ 50000f1a (sz=24, trace=300000, class=java.lang.String@50000136)
	value		50000f1b
ARR 50000f1b (sz=68, trace=300000, nelems=34, elem type=char[])
OBJ 50000f1c (sz=24, trace=300000, class=java.lang.String@50000136)
	value		50000f2e
OBJ 50000f1d (sz=24, trace=300000, class=java.lang.String@50000136)
	value		50000f2d
OBJ 50000f1e (sz=24, trace=300000, class=java.lang.String@50000136)
	value		50000f2c
OBJ 50000f1f (sz=24, trace=300000, class=java.lang.String@50000136)
	value		50000f25
OBJ 50000f20 (sz=24, trace=300000, class=java.lang.String@50000136)
	value		50000f22
OBJ 50000f21 (sz=24, trace=300000, class=java.lang.String@50000136)
	value		50000f23
ARR 50000f22 (sz=12, trace=300000, nelems=6, elem type=char[])
ARR 50000f23 (sz=2, trace=300000, nelems=1, elem type=char[])
OBJ 50000f24 (sz=24, trace=300000, class=java.lang.String@50000136)
	value		50000f26
ARR 50000f25 (sz=10, trace=300000, nelems=5, elem type=char[])
ARR 50000f26 (sz=2, trace=300000, nelems=1, elem type=char[])
ARR 50000f27 (sz=10, trace=300000, nelems=5, elem type=char[])
OBJ 50000f28 (sz=24, trace=300000, class=java.lang.String@50000136)
	value		50000f2b
OBJ 50000f29 (sz=24, trace=300000, class=java.lang.String@50000136)
	value		50000f2a
ARR 50000f2a (sz=52, trace=300000, nelems=26, elem type=char[])
ARR 50000f2b (sz=42, trace=300000, nelems=21, elem type=char[])
ARR 50000f2c (sz=28, trace=300000, nelems=14, elem type=char[])
ARR 50000f2d (sz=18, trace=300000, nelems=9, elem type=char[])
ARR 50000f2e (sz=28, trace=300000, nelems=14, elem type=char[])
ARR 50000f2f (sz=2, trace=300000, nelems=1, elem type=char[])
ARR 50000f30 (sz=0, trace=300000, nelems=0, elem type=char[])
ARR 50000f31 (sz=2, trace=300000, nelems=1, elem type=char[])
ARR 50000f32 (sz=2, trace=300000, nelems=1, elem type=char[])
OBJ 50000f33 (sz=24, trace=300000, class=java.lang.String@50000136)
	value		50000f39
OBJ 50000f34 (sz=24, trace=300000, class=java.lang.String@50000136)
	value		50000f38
ARR 50000f35 (sz=24, trace=300000, nelems=2, elem type=java.io.File$PathStatus[]@5000013c)
	[0]		50000f37
	[1]		50000f36
OBJ 50000f36 (sz=24, trace=300000, class=java.io.File$PathStatus@5000013b)
	name		50000f33
OBJ 50000f37 (sz=24, trace=300000, class=java.io.File$PathStatus@5000013b)
	name		50000f34
ARR 50000f38 (sz=14, trace=300000, nelems=7, elem type=char[])
ARR 50000f39 (sz=14, trace=300000, nelems=7, elem type=char[])
ARR 50000f3a (sz=14, trace=300000, nelems=7, elem type=char[])
ARR 50000f3b (sz=24, trace=300000, nelems=12, elem type=char[])
ARR 50000f3c (sz=4, trace=300000, nelems=2, elem type=char[])
ARR 50000f3d (sz=14, trace=300000, nelems=7, elem type=char[])
ARR 50000f3e (sz=6, trace=300000, nelems=3, elem type=char[])
ARR 50000f3f (sz=8, trace=300000, nelems=4, elem type=char[])
ARR 50000f40 (sz=6, trace=300000, nelems=3, elem type=char[])
ARR 50000f41 (sz=4, trace=300000, nelems=2, elem type=char[])
ARR 50000f42 (sz=10, trace=300000, nelems=5, elem type=char[])
ARR 50000f43 (sz=18, trace=300000, nelems=9, elem type=char[])
ARR 50000f44 (sz=2, trace=300000, nelems=1, elem type=char[])
ARR 50000f45 (sz=16, trace=300000, nelems=8, elem type=char[])
OBJ 50000f46 (sz=24, trace=300000, class=java.lang.String@50000136)
	value		50000f4a
ARR 50000f47 (sz=22, trace=300000, nelems=11, elem type=char[])
ARR 50000f48 (sz=2, trace=300000, nelems=1, elem type=char[])
ARR 50000f49 (sz=8, trace=300000, nelems=4, elem type=char[])
ARR 50000f4a (sz=26, trace=300000, nelems=13, elem type=char[])
OBJ 50000f4b (sz=24, trace=300000, class=java.lang.String@50000136)
	value		50000f4e
OBJ 50000f4c (sz=24, trace=300000, class=java.lang.String@50000136)
	value		50000f4d
ARR 50000f4d (sz=2, trace=300000, nelems=1, elem type=char[])
ARR 50000f4e (sz=4, trace=300000, nelems=2, elem type=char[])
ARR 50000f4f (sz=18, trace=300000, nelems=9, elem type=char[])
ARR 50000f50 (sz=12, trace=300000, nelems=6, elem type=char[])
ARR 50000f51 (sz=60, trace=300000, nelems=30, elem type=char[])
ARR 50000f52 (sz=40, trace=300000, nelems=20, elem type=char[])
OBJ 50000f53 (sz=24, trace=300000, class=java.lang.String@50000136)
	value		50000f5c
OBJ 50000f54 (sz=24, trace=300000, class=java.lang.String@50000136)
	value		50000f5b
OBJ 50000f55 (sz=24, trace=300000, class=java.lang.String@50000136)
	value		50000f5a
ARR 50000f56 (sz=512, trace=300000, nelems=256, elem type=char[])
ARR 50000f57 (sz=1024, trace=300000, nelems=256, elem type=int[])
OBJ 50000f58 (sz=16, trace=300000, class=java.lang.CharacterDataLatin1@500000c0)
ARR 50000f59 (sz=4, trace=300000, nelems=2, elem type=char[])
ARR 50000f5a (sz=1024, trace=300000, nelems=512, elem type=char[])
ARR 50000f5b (sz=512, trace=300000, nelems=256, elem type=char[])
ARR 50000f5c (sz=8, trace=300000, nelems=4, elem type=char[])
ARR 50000f5d (sz=2, trace=300000, nelems=1, elem type=char[])
ARR 50000f5e (sz=8, trace=300000, nelems=4, elem type=char[])
ARR 50000f5f (sz=16, trace=300000, nelems=8, elem type=char[])
ARR 50000f60 (sz=2, trace=300000, nelems=1, elem type=char[])
OBJ 50000f61 (sz=24, trace=300000, class=java.lang.String@50000136)
	value		50001419
OBJ 50000f62 (sz=24, trace=300000, class=java.lang.String@50000136)
	value		50000f68
OBJ 50000f63 (sz=24, trace=300000, class=java.lang.String@50000136)
	value		50000f67
OBJ 50000f64 (sz=24, trace=300000, class=java.lang.String@50000136)
	value		50000f66
ARR 50000f65 (sz=32, trace=300000, nelems=16, elem type=char[])
ARR 50000f66 (sz=38, trace=300000, nelems=19, elem type=char[])
ARR 50000f67 (sz=48, trace=300000, nelems=24, elem type=char[])
ARR 50000f68 (sz=32, trace=300000, nelems=16, elem type=char[])
OBJ 50000f69 (sz=16, trace=300000, class=java.security.ProtectionDomain$1@500000b3)
OBJ 50000f6a (sz=16, trace=300000, class=java.security.ProtectionDomain$3@500000a4)
OBJ 50000f6b (sz=16, trace=300000, class=java.io.FileDescriptor$1@500000f4)
OBJ 50000f6c (sz=16, trace=300000, class=java.nio.Bits$1@5000011b)
OBJ 50000f6d (sz=16, trace=300000, class=java.net.URLClassLoader$7@50000135)
OBJ 50000f6e (sz=24, trace=300000, class=java.lang.String@50000136)
	value		50000f79
OBJ 50000f6f (sz=24, trace=300000, class=java.lang.String@50000136)
	value		50001414
OBJ 50000f70 (sz=24, trace=300000, class=java.lang.String@50000136)
	value		50001413
OBJ 50000f71 (sz=24, trace=300000, class=java.lang.String@50000136)
	value		50001412
OBJ 50000f72 (sz=24, trace=300000, class=java.lang.String@50000136)
	value		50001411
OBJ 50000f73 (sz=24, trace=300000, class=java.lang.String@50000136)
	value		50001410
OBJ 50000f74 (sz=24, trace=300000, class=java.lang.String@50000136)
	value		5000140f
OBJ 50000f75 (sz=24, trace=300000, class=java.lang.String@50000136)
	value		5000140e
OBJ 50000f76 (sz=24, trace=300000, class=java.lang.String@50000136)
	value		5000140d
OBJ 50000f77 (sz=24, trace=300000, class=java.lang.String@50000136)
	value		5000140c
OBJ 50000f78 (sz=24, trace=300000, class=java.lang.String@50000136)
	value		5000140b
ARR 50000f79 (sz=40, trace=300000, nelems=20, elem type=char[])
OBJ 50000f7a (sz=24, trace=300000, class=java.lang.String@50000136)
	value		50000f85
OBJ 50000f7b (sz=24, trace=300000, class=java.lang.String@50000136)
	value		50000f84
OBJ 50000f7c (sz=24, trace=300000, class=java.lang.String@50000136)
	value		50000f83
OBJ 50000f7d (sz=24, trace=300000, class=java.lang.String@50000136)
	value		50000f82
OBJ 50000f7e (sz=24, trace=300000, class=java.lang.String@50000136)
	value		50000f81
OBJ 50000f7f (sz=24, trace=300000, class=java.lang.String@50000136)
	value		50000f80
ARR 50000f80 (sz=6, trace=300000, nelems=3, elem type=char[])
ARR 50000f81 (sz=6, trace=300000, nelems=3, elem type=char[])
ARR 50000f82 (sz=8, trace=300000, nelems=4, elem type=char[])
ARR 50000f83 (sz=6, trace=300000, nelems=3, elem type=char[])
ARR 50000f84 (sz=8, trace=300000, nelems=4, elem type=char[])
ARR 50000f85 (sz=64, trace=300000, nelems=32, elem type=char[])
OBJ 50000f86 (sz=24, trace=300000, class=java.lang.String@50000136)
	value		50000f9c
OBJ 50000f87 (sz=24, trace=300000, class=java.lang.String@50000136)
	value		50000f9b
OBJ 50000f88 (sz=24, trace=300000, class=java.lang.String@50000136)
	value		50000f8c
OBJ 50000f89 (sz=24, trace=300000, class=java.lang.String@50000136)
	value		50000f9d
OBJ 50000f8a (sz=24, trace=300000, class=java.lang.String@50000136)
	value		50000f9f
OBJ 50000f8b (sz=24, trace=300000, class=java.lang.String@50000136)
	value		50000f9e
ARR 50000f8c (sz=72, trace=300000, nelems=36, elem type=char[])
OBJ 50000f8d (sz=24, trace=300000, class=java.lang.String@50000136)
	value		50000f91
OBJ 50000f8e (sz=24, trace=300000, class=java.lang.String@50000136)
	value		50000f92
OBJ 50000f8f (sz=16, trace=300000, class=java.nio.ByteOrder@500000d7)
	name		50000f8e
OBJ 50000f90 (sz=16, trace=300000, class=java.nio.ByteOrder@500000d7)
	name		50000f8d
ARR 50000f91 (sz=20, trace=300000, nelems=10, elem type=char[])
ARR 50000f92 (sz=26, trace=300000, nelems=13, elem type=char[])
OBJ 50000f93 (sz=24, trace=300000, class=java.lang.String@50000136)
	value		50000f9a
OBJ 50000f94 (sz=24, trace=300000, class=java.lang.String@50000136)
	value		50000f99
OBJ 50000f95 (sz=24, trace=300000, class=java.lang.String@50000136)
	value		50000f98
OBJ 50000f96 (sz=24, trace=300000, class=java.lang.String@50000136)
	value		50000f97
ARR 50000f97 (sz=6, trace=300000, nelems=3, elem type=char[])
ARR 50000f98 (sz=14, trace=300000, nelems=7, elem type=char[])
ARR 50000f99 (sz=8, trace=300000, nelems=4, elem type=char[])
ARR 50000f9a (sz=10, trace=300000, nelems=5, elem type=char[])
ARR 50000f9b (sz=54, trace=300000, nelems=27, elem type=char[])
ARR 50000f9c (sz=58, trace=300000, nelems=29, elem type=char[])
ARR 50000f9d (sz=74, trace=300000, nelems=37, elem type=char[])
ARR 50000f9e (sz=32, trace=300000, nelems=16, elem type=char[])
ARR 50000f9f (sz=48, trace=300000, nelems=24, elem type=char[])
OBJ 50000fa0 (sz=24, trace=300000, class=java.lang.String@50000136)
	value		500013bf
OBJ 50000fa1 (sz=24, trace=300000, class=java.lang.String@50000136)
	value		50000fa8
OBJ 50000fa2 (sz=24, trace=300000, class=java.lang.String@50000136)
	value		500013c2
OBJ 50000fa3 (sz=24, trace=300000, class=java.lang.String@50000136)
	value		500013c0
OBJ 50000fa4 (sz=24, trace=300000, class=java.lang.String@50000136)
	value		500013c8
OBJ 50000fa5 (sz=24, trace=300000, class=java.lang.String@50000136)
	value		5000139a
OBJ 50000fa6 (sz=24, trace=300000, class=sun.nio.cs.UTF_8@50000008)
	name		50000fa5
	aliases		500010ad
ARR 50000fa7 (sz=72, trace=300000, nelems=14, elem type=java.lang.String[]@50000137)
	[0]		50000fa9
	[1]		50000faa
	[2]		50000fab
	[3]		50000fac
	[4]		50000fad
	[5]		50000fae
	[6]		50000faf
	[7]		50000fb0
	[8]		50000fb1
	[9]		50000fb2
	[10]		50000fb3
	[11]		50000fb4
	[12]		50000fb5
	[13]		50000fb6
ARR 50000fa8 (sz=16, trace=300000, nelems=8, elem type=char[])
OBJ 50000fa9 (sz=24, trace=300000, class=java.lang.String@50000136)
	value		50000fc4
OBJ 50000faa (sz=24, trace=300000, class=java.lang.String@50000136)
	value		50000fc3
OBJ 50000fab (sz=24, trace=300000, class=java.lang.String@50000136)
	value		50000fc2
OBJ 50000fac (sz=24, trace=300000, class=java.lang.String@50000136)
	value		50000fc1
OBJ 50000fad (sz=24, trace=300000, class=java.lang.String@50000136)
	value		50000fc0
OBJ 50000fae (sz=24, trace=300000, class=java.lang.String@50000136)
	value		50000fbf
OBJ 50000faf (sz=24, trace=300000, class=java.lang.String@50000136)
	value		50000fbe
OBJ 50000fb0 (sz=24, trace=300000, class=java.lang.String@50000136)
	value		50000fbd
OBJ 50000fb1 (sz=24, trace=300000, class=java.lang.String@50000136)
	value		50000fbc
OBJ 50000fb2 (sz=24, trace=300000, class=java.lang.String@50000136)
	value		50000fbb
OBJ 50000fb3 (sz=24, trace=300000, class=java.lang.String@50000136)
	value		50000fba
OBJ 50000fb4 (sz=24, trace=300000, class=java.lang.String@50000136)
	value		50000fb9
OBJ 50000fb5 (sz=24, trace=300000, class=java.lang.String@50000136)
	value		50000fb8
OBJ 50000fb6 (sz=24, trace=300000, class=java.lang.String@50000136)
	value		50000fb7
ARR 50000fb7 (sz=12, trace=300000, nelems=6, elem type=char[])
ARR 50000fb8 (sz=28, trace=300000, nelems=14, elem type=char[])
ARR 50000fb9 (sz=32, trace=300000, nelems=16, elem type=char[])
ARR 50000fba (sz=6, trace=300000, nelems=3, elem type=char[])
ARR 50000fbb (sz=14, trace=300000, nelems=7, elem type=char[])
ARR 50000fbc (sz=14, trace=300000, nelems=7, elem type=char[])
ARR 50000fbd (sz=10, trace=300000, nelems=5, elem type=char[])
ARR 50000fbe (sz=12, trace=300000, nelems=6, elem type=char[])
ARR 50000fbf (sz=4, trace=300000, nelems=2, elem type=char[])
ARR 50000fc0 (sz=18, trace=300000, nelems=9, elem type=char[])
ARR 50000fc1 (sz=10, trace=300000, nelems=5, elem type=char[])
ARR 50000fc2 (sz=32, trace=300000, nelems=16, elem type=char[])
ARR 50000fc3 (sz=28, trace=300000, nelems=14, elem type=char[])
ARR 50000fc4 (sz=16, trace=300000, nelems=8, elem type=char[])
OBJ 50000fc5 (sz=24, trace=300000, class=java.lang.String@50000136)
	value		5000113d
OBJ 50000fc6 (sz=24, trace=300000, class=java.lang.String@50000136)
	value		50001141
OBJ 50000fc7 (sz=24, trace=300000, class=java.lang.String@50000136)
	value		50001145
OBJ 50000fc8 (sz=24, trace=300000, class=java.lang.String@50000136)
	value		500010fc
OBJ 50000fc9 (sz=24, trace=300000, class=java.lang.String@50000136)
	value		500010cc
OBJ 50000fca (sz=24, trace=300000, class=java.lang.String@50000136)
	value		5000114a
OBJ 50000fcb (sz=24, trace=300000, class=java.lang.String@50000136)
	value		5000114f
OBJ 50000fcc (sz=24, trace=300000, class=java.lang.String@50000136)
	value		50001154
OBJ 50000fcd (sz=24, trace=300000, class=java.lang.String@50000136)
	value		50001159
OBJ 50000fce (sz=24, trace=300000, class=java.lang.String@50000136)
	value		5000115e
OBJ 50000fcf (sz=24, trace=300000, class=java.lang.String@50000136)
	value		50001164
OBJ 50000fd0 (sz=24, trace=300000, class=java.lang.String@50000136)
	value		50001169
OBJ 50000fd1 (sz=24, trace=300000, class=java.lang.String@50000136)
	value		5000116d
OBJ 50000fd2 (sz=24, trace=300000, class=java.lang.String@50000136)
	value		500010c7
OBJ 50000fd3 (sz=24, trace=300000, class=java.lang.String@50000136)
	value		50001119
OBJ 50000fd4 (sz=24, trace=300000, class=java.lang.String@50000136)
	value		50001128
OBJ 50000fd5 (sz=24, trace=300000, class=java.lang.String@50000136)
	value		500010df
OBJ 50000fd6 (sz=24, trace=300000, class=java.lang.String@50000136)
	value		500010eb
OBJ 50000fd7 (sz=24, trace=300000, class=java.lang.String@50000136)
	value		500010f8
OBJ 50000fd8 (sz=24, trace=300000, class=java.lang.String@50000136)
	value		50001108
OBJ 50000fd9 (sz=24, trace=300000, class=java.lang.String@50000136)
	value		50001115
OBJ 50000fda (sz=24, trace=300000, class=java.lang.String@50000136)
	value		500010d5
OBJ 50000fdb (sz=24, trace=300000, class=java.lang.String@50000136)
	value		500010e2
OBJ 50000fdc (sz=24, trace=300000, class=java.lang.String@50000136)
	value		500010ef
OBJ 50000fdd (sz=24, trace=300000, class=java.lang.String@50000136)
	value		5000110c
OBJ 50000fde (sz=24, trace=300000, class=java.lang.String@50000136)
	value		50001121
OBJ 50000fdf (sz=24, trace=300000, class=java.lang.String@50000136)
	value		50001103
OBJ 50000fe0 (sz=24, trace=300000, class=java.lang.String@50000136)
	value		50001104
OBJ 50000fe1 (sz=24, trace=300000, class=java.lang.String@50000136)
	value		500010cb
OBJ 50000fe2 (sz=24, trace=300000, class=java.lang.String@50000136)
	value		50001123
OBJ 50000fe3 (sz=24, trace=300000, class=java.lang.String@50000136)
	value		500010cf
OBJ 50000fe4 (sz=24, trace=300000, class=java.lang.String@50000136)
	value		50001124
OBJ 50000fe5 (sz=24, trace=300000, class=java.lang.String@50000136)
	value		500010b6
OBJ 50000fe6 (sz=24, trace=300000, class=java.lang.String@50000136)
	value		50001127
OBJ 50000fe7 (sz=24, trace=300000, class=java.lang.String@50000136)
	value		500010c6
OBJ 50000fe8 (sz=24, trace=300000, class=java.lang.String@50000136)
	value		50001117
OBJ 50000fe9 (sz=24, trace=300000, class=java.lang.String@50000136)
	value		50001125
OBJ 50000fea (sz=24, trace=300000, class=java.lang.String@50000136)
	value		500010db
OBJ 50000feb (sz=24, trace=300000, class=java.lang.String@50000136)
	value		500010f4
OBJ 50000fec (sz=24, trace=300000, class=java.lang.String@50000136)
	value		50001111
OBJ 50000fed (sz=24, trace=300000, class=java.lang.String@50000136)
	value		500010ca
OBJ 50000fee (sz=24, trace=300000, class=java.lang.String@50000136)
	value		50001126
OBJ 50000fef (sz=24, trace=300000, class=java.lang.String@50000136)
	value		5000111b
OBJ 50000ff0 (sz=24, trace=300000, class=java.lang.String@50000136)
	value		500010d2
OBJ 50000ff1 (sz=24, trace=300000, class=java.lang.String@50000136)
	value		50001129
OBJ 50000ff2 (sz=24, trace=300000, class=java.lang.String@50000136)
	value		500010c9
OBJ 50000ff3 (sz=24, trace=300000, class=java.lang.String@50000136)
	value		500010dd
OBJ 50000ff4 (sz=24, trace=300000, class=java.lang.String@50000136)
	value		500010dc
OBJ 50000ff5 (sz=24, trace=300000, class=java.lang.String@50000136)
	value		500010e9
OBJ 50000ff6 (sz=24, trace=300000, class=java.lang.String@50000136)
	value		500010e8
OBJ 50000ff7 (sz=24, trace=300000, class=java.lang.String@50000136)
	value		500010f6
OBJ 50000ff8 (sz=24, trace=300000, class=java.lang.String@50000136)
	value		500010f5
OBJ 50000ff9 (sz=24, trace=300000, class=java.lang.String@50000136)
	value		50001106
OBJ 50000ffa (sz=24, trace=300000, class=java.lang.String@50000136)
	value		50001105
OBJ 50000ffb (sz=24, trace=300000, class=java.lang.String@50000136)
	value		50001113
OBJ 50000ffc (sz=24, trace=300000, class=java.lang.String@50000136)
	value		50001112
OBJ 50000ffd (sz=24, trace=300000, class=java.lang.String@50000136)
	value		500010c8
OBJ 50000ffe (sz=24, trace=300000, class=java.lang.String@50000136)
	value		5000111e
OBJ 50000fff (sz=24, trace=300000, class=java.lang.String@50000136)
	value		50001120
OBJ 50001000 (sz=24, trace=300000, class=java.lang.String@50000136)
	value		5000111f
OBJ 50001001 (sz=24, trace=300000, class=java.lang.String@50000136)
	value		5000115d
OBJ 50001002 (sz=24, trace=300000, class=java.lang.String@50000136)
	value		500010c4
OBJ 50001003 (sz=24, trace=300000, class=java.lang.String@50000136)
	value		500010c2
OBJ 50001004 (sz=24, trace=300000, class=java.lang.String@50000136)
	value		500010bc
OBJ 50001005 (sz=24, trace=300000, class=java.lang.String@50000136)
	value		500010af
OBJ 50001006 (sz=24, trace=300000, class=java.lang.String@50000136)
	value		500010b3
OBJ 50001007 (sz=24, trace=300000, class=java.lang.String@50000136)
	value		500010b7
OBJ 50001008 (sz=24, trace=300000, class=java.lang.String@50000136)
	value		500010ba
OBJ 50001009 (sz=24, trace=300000, class=java.lang.String@50000136)
	value		500010bd
OBJ 5000100a (sz=24, trace=300000, class=java.lang.String@50000136)
	value		500010c1
OBJ 5000100b (sz=24, trace=300000, class=java.lang.String@50000136)
	value		500010c5
OBJ 5000100c (sz=24, trace=300000, class=java.lang.String@50000136)
	value		500010bf
OBJ 5000100d (sz=24, trace=300000, class=java.lang.String@50000136)
	value		500010c3
OBJ 5000100e (sz=24, trace=300000, class=java.lang.String@50000136)
	value		500010b0
OBJ 5000100f (sz=24, trace=300000, class=java.lang.String@50000136)
	value		500010b4
OBJ 50001010 (sz=24, trace=300000, class=java.lang.String@50000136)
	value		500010bb
OBJ 50001011 (sz=24, trace=300000, class=java.lang.String@50000136)
	value		500010b8
OBJ 50001012 (sz=24, trace=300000, class=java.lang.String@50000136)
	value		500010b5
OBJ 50001013 (sz=24, trace=300000, class=java.lang.String@50000136)
	value		500010b9
OBJ 50001014 (sz=24, trace=300000, class=java.lang.String@50000136)
	value		500010c0
OBJ 50001015 (sz=24, trace=300000, class=java.lang.String@50000136)
	value		500010be
OBJ 50001016 (sz=24, trace=300000, class=java.lang.String@50000136)
	value		50001130
OBJ 50001017 (sz=24, trace=300000, class=java.lang.String@50000136)
	value		50001160
OBJ 50001018 (sz=24, trace=300000, class=java.lang.String@50000136)
	value		5000115f
OBJ 50001019 (sz=24, trace=300000, class=java.lang.String@50000136)
	value		5000112f
OBJ 5000101a (sz=24, trace=300000, class=java.lang.String@50000136)
	value		50001132
OBJ 5000101b (sz=24, trace=300000, class=java.lang.String@50000136)
	value		50001134
OBJ 5000101c (sz=24, trace=300000, class=java.lang.String@50000136)
	value		50001136
OBJ 5000101d (sz=24, trace=300000, class=java.lang.String@50000136)
	value		50001138
OBJ 5000101e (sz=24, trace=300000, class=java.lang.String@50000136)
	value		5000113a
OBJ 5000101f (sz=24, trace=300000, class=java.lang.String@50000136)
	value		50001140
OBJ 50001020 (sz=24, trace=300000, class=java.lang.String@50000136)
	value		5000112e
OBJ 50001021 (sz=24, trace=300000, class=java.lang.String@50000136)
	value		50001131
OBJ 50001022 (sz=24, trace=300000, class=java.lang.String@50000136)
	value		50001133
OBJ 50001023 (sz=24, trace=300000, class=java.lang.String@50000136)
	value		50001135
OBJ 50001024 (sz=24, trace=300000, class=java.lang.String@50000136)
	value		50001137
OBJ 50001025 (sz=24, trace=300000, class=java.lang.String@50000136)
	value		50001139
OBJ 50001026 (sz=24, trace=300000, class=java.lang.String@50000136)
	value		50001144
OBJ 50001027 (sz=24, trace=300000, class=java.lang.String@50000136)
	value		50001148
OBJ 50001028 (sz=24, trace=300000, class=java.lang.String@50000136)
	value		500010fb
OBJ 50001029 (sz=24, trace=300000, class=java.lang.String@50000136)
	value		500010ce
OBJ 5000102a (sz=24, trace=300000, class=java.lang.String@50000136)
	value		5000114d
OBJ 5000102b (sz=24, trace=300000, class=java.lang.String@50000136)
	value		50001152
OBJ 5000102c (sz=24, trace=300000, class=java.lang.String@50000136)
	value		50001157
OBJ 5000102d (sz=24, trace=300000, class=java.lang.String@50000136)
	value		5000115c
OBJ 5000102e (sz=24, trace=300000, class=java.lang.String@50000136)
	value		50001161
OBJ 5000102f (sz=24, trace=300000, class=java.lang.String@50000136)
	value		50001167
OBJ 50001030 (sz=24, trace=300000, class=java.lang.String@50000136)
	value		5000116c
OBJ 50001031 (sz=24, trace=300000, class=java.lang.String@50000136)
	value		50001170
OBJ 50001032 (sz=24, trace=300000, class=java.lang.String@50000136)
	value		500010d6
OBJ 50001033 (sz=24, trace=300000, class=java.lang.String@50000136)
	value		500010e3
OBJ 50001034 (sz=24, trace=300000, class=java.lang.String@50000136)
	value		500010f0
OBJ 50001035 (sz=24, trace=300000, class=java.lang.String@50000136)
	value		5000110b
OBJ 50001036 (sz=24, trace=300000, class=java.lang.String@50000136)
	value		50001122
OBJ 50001037 (sz=24, trace=300000, class=java.lang.String@50000136)
	value		50001158
OBJ 50001038 (sz=24, trace=300000, class=java.lang.String@50000136)
	value		50001163
OBJ 50001039 (sz=24, trace=300000, class=java.lang.String@50000136)
	value		50001168
OBJ 5000103a (sz=24, trace=300000, class=java.lang.String@50000136)
	value		500010cd
OBJ 5000103b (sz=24, trace=300000, class=java.lang.String@50000136)
	value		500010d4
OBJ 5000103c (sz=24, trace=300000, class=java.lang.String@50000136)
	value		500010e1
OBJ 5000103d (sz=24, trace=300000, class=java.lang.String@50000136)
	value		5000110a
OBJ 5000103e (sz=24, trace=300000, class=java.lang.String@50000136)
	value		500010ee
OBJ 5000103f (sz=24, trace=300000, class=java.lang.String@50000136)
	value		50001100
OBJ 50001040 (sz=24, trace=300000, class=java.lang.String@50000136)
	value		5000111d
OBJ 50001041 (sz=24, trace=300000, class=java.lang.String@50000136)
	value		5000111c
OBJ 50001042 (sz=24, trace=300000, class=java.lang.String@50000136)
	value		5000114e
OBJ 50001043 (sz=24, trace=300000, class=java.lang.String@50000136)
	value		5000112a
OBJ 50001044 (sz=24, trace=300000, class=java.lang.String@50000136)
	value		50001149
OBJ 50001045 (sz=24, trace=300000, class=java.lang.String@50000136)
	value		50001162
OBJ 50001046 (sz=24, trace=300000, class=java.lang.String@50000136)
	value		5000113c
OBJ 50001047 (sz=24, trace=300000, class=java.lang.String@50000136)
	value		50001153
OBJ 50001048 (sz=24, trace=300000, class=java.lang.String@50000136)
	value		500010f3
OBJ 50001049 (sz=24, trace=300000, class=java.lang.String@50000136)
	value		50001102
OBJ 5000104a (sz=24, trace=300000, class=java.lang.String@50000136)
	value		50001101
OBJ 5000104b (sz=24, trace=300000, class=java.lang.String@50000136)
	value		5000113e
OBJ 5000104c (sz=24, trace=300000, class=java.lang.String@50000136)
	value		50001142
OBJ 5000104d (sz=24, trace=300000, class=java.lang.String@50000136)
	value		50001146
OBJ 5000104e (sz=24, trace=300000, class=java.lang.String@50000136)
	value		500010fd
OBJ 5000104f (sz=24, trace=300000, class=java.lang.String@50000136)
	value		5000114c
OBJ 50001050 (sz=24, trace=300000, class=java.lang.String@50000136)
	value		50001150
OBJ 50001051 (sz=24, trace=300000, class=java.lang.String@50000136)
	value		50001156
OBJ 50001052 (sz=24, trace=300000, class=java.lang.String@50000136)
	value		5000115a
OBJ 50001053 (sz=24, trace=300000, class=java.lang.String@50000136)
	value		50001165
OBJ 50001054 (sz=24, trace=300000, class=java.lang.String@50000136)
	value		5000116a
OBJ 50001055 (sz=24, trace=300000, class=java.lang.String@50000136)
	value		5000116e
OBJ 50001056 (sz=24, trace=300000, class=java.lang.String@50000136)
	value		500010d7
OBJ 50001057 (sz=24, trace=300000, class=java.lang.String@50000136)
	value		500010e4
OBJ 50001058 (sz=24, trace=300000, class=java.lang.String@50000136)
	value		500010f1
OBJ 50001059 (sz=24, trace=300000, class=java.lang.String@50000136)
	value		5000110d
OBJ 5000105a (sz=24, trace=300000, class=java.lang.String@50000136)
	value		5000113f
OBJ 5000105b (sz=24, trace=300000, class=java.lang.String@50000136)
	value		50001143
OBJ 5000105c (sz=24, trace=300000, class=java.lang.String@50000136)
	value		50001147
OBJ 5000105d (sz=24, trace=300000, class=java.lang.String@50000136)
	value		500010fe
OBJ 5000105e (sz=24, trace=300000, class=java.lang.String@50000136)
	value		5000114b
OBJ 5000105f (sz=24, trace=300000, class=java.lang.String@50000136)
	value		50001151
OBJ 50001060 (sz=24, trace=300000, class=java.lang.String@50000136)
	value		50001155
OBJ 50001061 (sz=24, trace=300000, class=java.lang.String@50000136)
	value		5000115b
OBJ 50001062 (sz=24, trace=300000, class=java.lang.String@50000136)
	value		50001166
OBJ 50001063 (sz=24, trace=300000, class=java.lang.String@50000136)
	value		5000116b
OBJ 50001064 (sz=24, trace=300000, class=java.lang.String@50000136)
	value		5000116f
OBJ 50001065 (sz=24, trace=300000, class=java.lang.String@50000136)
	value		500010d8
OBJ 50001066 (sz=24, trace=300000, class=java.lang.String@50000136)
	value		500010e5
OBJ 50001067 (sz=24, trace=300000, class=java.lang.String@50000136)
	value		500010f2
OBJ 50001068 (sz=24, trace=300000, class=java.lang.String@50000136)
	value		5000110e
OBJ 50001069 (sz=24, trace=300000, class=java.lang.String@50000136)
	value		500010d3
OBJ 5000106a (sz=24, trace=300000, class=java.lang.String@50000136)
	value		500010de
OBJ 5000106b (sz=24, trace=300000, class=java.lang.String@50000136)
	value		500010ea
OBJ 5000106c (sz=24, trace=300000, class=java.lang.String@50000136)
	value		50001107
OBJ 5000106d (sz=24, trace=300000, class=java.lang.String@50000136)
	value		500010f7
OBJ 5000106e (sz=24, trace=300000, class=java.lang.String@50000136)
	value		50001114
OBJ 5000106f (sz=24, trace=300000, class=java.lang.String@50000136)
	value		500010ec
OBJ 50001070 (sz=24, trace=300000, class=java.lang.String@50000136)
	value		500010fa
OBJ 50001071 (sz=24, trace=300000, class=java.lang.String@50000136)
	value		5000111a
OBJ 50001072 (sz=24, trace=300000, class=java.lang.String@50000136)
	value		500010e0
OBJ 50001073 (sz=24, trace=300000, class=java.lang.String@50000136)
	value		500010ed
OBJ 50001074 (sz=24, trace=300000, class=java.lang.String@50000136)
	value		500010f9
OBJ 50001075 (sz=24, trace=300000, class=java.lang.String@50000136)
	value		50001109
OBJ 50001076 (sz=24, trace=300000, class=java.lang.String@50000136)
	value		50001116
OBJ 50001077 (sz=24, trace=300000, class=java.lang.String@50000136)
	value		50001118
OBJ 50001078 (sz=24, trace=300000, class=java.lang.String@50000136)
	value		5000112b
OBJ 50001079 (sz=24, trace=300000, class=java.lang.String@50000136)
	value		5000112c
OBJ 5000107a (sz=24, trace=300000, class=java.lang.String@50000136)
	value		5000112d
OBJ 5000107b (sz=24, trace=300000, class=java.lang.String@50000136)
	value		500010d0
OBJ 5000107c (sz=24, trace=300000, class=java.lang.String@50000136)
	value		500010d9
OBJ 5000107d (sz=24, trace=300000, class=java.lang.String@50000136)
	value		500010e6
OBJ 5000107e (sz=24, trace=300000, class=java.lang.String@50000136)
	value		5000110f
OBJ 5000107f (sz=24, trace=300000, class=java.lang.String@50000136)
	value		500010d1
OBJ 50001080 (sz=24, trace=300000, class=java.lang.String@50000136)
	value		500010da
OBJ 50001081 (sz=24, trace=300000, class=java.lang.String@50000136)
	value		500010e7
OBJ 50001082 (sz=24, trace=300000, class=java.lang.String@50000136)
	value		50001110
OBJ 50001083 (sz=24, trace=300000, class=java.lang.String@50000136)
	value		500013c9
OBJ 50001084 (sz=24, trace=300000, class=java.lang.String@50000136)
	value		500010ff
OBJ 50001085 (sz=24, trace=300000, class=java.lang.String@50000136)
	value		500010b1
OBJ 50001086 (sz=24, trace=300000, class=java.lang.String@50000136)
	value		500010ae
OBJ 50001087 (sz=24, trace=300000, class=java.lang.String@50000136)
	value		500010b2
OBJ 50001088 (sz=24, trace=300000, class=java.lang.String@50000136)
	value		5000113b
ARR 50001089 (sz=32, trace=300000, nelems=4, elem type=java.lang.String[]@50000137)
	[0]		50001031
	[1]		50001064
	[2]		50001055
	[3]		50000fd1
ARR 5000108a (sz=40, trace=300000, nelems=5, elem type=java.lang.String[]@50000137)
	[0]		50001030
	[1]		50001063
	[2]		50001054
	[3]		50000fd0
	[4]		50001039
ARR 5000108b (sz=40, trace=300000, nelems=6, elem type=java.lang.String[]@50000137)
	[0]		5000102f
	[1]		50001062
	[2]		50001053
	[3]		50000fcf
	[4]		50001038
	[5]		50001045
ARR 5000108c (sz=40, trace=300000, nelems=5, elem type=java.lang.String[]@50000137)
	[0]		5000102e
	[1]		50001017
	[2]		50001018
	[3]		50000fce
	[4]		50001001
ARR 5000108d (sz=40, trace=300000, nelems=5, elem type=java.lang.String[]@50000137)
	[0]		5000102d
	[1]		50001061
	[2]		50001052
	[3]		50000fcd
	[4]		50001037
ARR 5000108e (sz=40, trace=300000, nelems=5, elem type=java.lang.String[]@50000137)
	[0]		5000102c
	[1]		50001051
	[2]		50001060
	[3]		50000fcc
	[4]		50001047
ARR 5000108f (sz=40, trace=300000, nelems=5, elem type=java.lang.String[]@50000137)
	[0]		5000102b
	[1]		5000105f
	[2]		50001050
	[3]		50000fcb
	[4]		50001042
ARR 50001090 (sz=40, trace=300000, nelems=5, elem type=java.lang.String[]@50000137)
	[0]		5000102a
	[1]		5000104f
	[2]		5000105e
	[3]		50000fca
	[4]		50001044
ARR 50001091 (sz=32, trace=300000, nelems=4, elem type=java.lang.String[]@50000137)
	[0]		50001027
	[1]		5000105c
	[2]		5000104d
	[3]		50000fc7
ARR 50001092 (sz=32, trace=300000, nelems=4, elem type=java.lang.String[]@50000137)
	[0]		50001026
	[1]		5000105b
	[2]		5000104c
	[3]		50000fc6
ARR 50001093 (sz=40, trace=300000, nelems=6, elem type=java.lang.String[]@50000137)
	[0]		5000101f
	[1]		5000105a
	[2]		5000104b
	[3]		50000fc5
	[4]		50001046
	[5]		50001088
ARR 50001094 (sz=24, trace=300000, nelems=2, elem type=java.lang.String[]@50000137)
	[0]		5000101e
	[1]		50001025
ARR 50001095 (sz=24, trace=300000, nelems=2, elem type=java.lang.String[]@50000137)
	[0]		5000101d
	[1]		50001024
ARR 50001096 (sz=24, trace=300000, nelems=2, elem type=java.lang.String[]@50000137)
	[0]		5000101c
	[1]		50001023
ARR 50001097 (sz=24, trace=300000, nelems=2, elem type=java.lang.String[]@50000137)
	[0]		5000101b
	[1]		50001022
ARR 50001098 (sz=32, trace=300000, nelems=3, elem type=java.lang.String[]@50000137)
	[0]		5000101a
	[1]		50001021
	[2]		50001016
ARR 50001099 (sz=24, trace=300000, nelems=2, elem type=java.lang.String[]@50000137)
	[0]		50001019
	[1]		50001020
ARR 5000109a (sz=24, trace=300000, nelems=1, elem type=java.lang.String[]@50000137)
	[0]		5000107a
ARR 5000109b (sz=32, trace=300000, nelems=3, elem type=java.lang.String[]@50000137)
	[0]		50001079
	[1]		50001078
	[2]		50001043
ARR 5000109c (sz=80, trace=300000, nelems=15, elem type=java.lang.String[]@50000137)
	[0]		50000ff1
	[1]		50000fd4
	[2]		50000fe6
	[3]		50000fee
	[4]		50000fe9
	[5]		50000fe4
	[6]		50000fe2
	[7]		50001036
	[8]		50000fde
	[9]		50000fff
	[10]		50001000
	[11]		50000ffe
	[12]		50001040
	[13]		50001041
	[14]		50000fef
ARR 5000109d (sz=32, trace=300000, nelems=4, elem type=java.lang.String[]@50000137)
	[0]		50001071
	[1]		50000fd3
	[2]		50001077
	[3]		50000fe8
ARR 5000109e (sz=72, trace=300000, nelems=13, elem type=java.lang.String[]@50000137)
	[0]		50001076
	[1]		50000fd9
	[2]		5000106e
	[3]		50000ffb
	[4]		50000ffc
	[5]		50000fec
	[6]		50001082
	[7]		5000107e
	[8]		50001068
	[9]		50001059
	[10]		50000fdd
	[11]		50001035
	[12]		5000103d
ARR 5000109f (sz=80, trace=300000, nelems=16, elem type=java.lang.String[]@50000137)
	[0]		50001075
	[1]		50000fd8
	[2]		5000106c
	[3]		50000ff9
	[4]		50000ffa
	[5]		50000fe0
	[6]		50000fdf
	[7]		50001049
	[8]		5000104a
	[9]		5000103f
	[10]		50001084
	[11]		5000105d
	[12]		5000104e
	[13]		50000fc8
	[14]		50001028
	[15]		50001070
ARR 500010a0 (sz=64, trace=300000, nelems=12, elem type=java.lang.String[]@50000137)
	[0]		50001074
	[1]		50000fd7
	[2]		5000106d
	[3]		50000ff7
	[4]		50000ff8
	[5]		50000feb
	[6]		50001048
	[7]		50001067
	[8]		50001058
	[9]		50001034
	[10]		50000fdc
	[11]		5000103e
ARR 500010a1 (sz=72, trace=300000, nelems=13, elem type=java.lang.String[]@50000137)
	[0]		50001073
	[1]		5000106f
	[2]		50000fd6
	[3]		5000106b
	[4]		50000ff5
	[5]		50000ff6
	[6]		50001081
	[7]		5000107d
	[8]		50001066
	[9]		50001057
	[10]		50001033
	[11]		50000fdb
	[12]		5000103c
ARR 500010a2 (sz=72, trace=300000, nelems=13, elem type=java.lang.String[]@50000137)
	[0]		50001072
	[1]		50000fd5
	[2]		5000106a
	[3]		50000ff3
	[4]		50000ff4
	[5]		50000fea
	[6]		50001080
	[7]		5000107c
	[8]		50001065
	[9]		50001056
	[10]		50001032
	[11]		50000fda
	[12]		5000103b
ARR 500010a3 (sz=72, trace=300000, nelems=14, elem type=java.lang.String[]@50000137)
	[0]		50001069
	[1]		50000ff0
	[2]		5000107f
	[3]		5000107b
	[4]		50000fe3
	[5]		50001029
	[6]		5000103a
	[7]		50000fc9
	[8]		50000fe1
	[9]		50000fed
	[10]		50000ff2
	[11]		50000ffd
	[12]		50000fd2
	[13]		50000fe7
ARR 500010a4 (sz=24, trace=300000, nelems=2, elem type=java.lang.String[]@50000137)
	[0]		5000100b
	[1]		50001002
ARR 500010a5 (sz=24, trace=300000, nelems=2, elem type=java.lang.String[]@50000137)
	[0]		5000100d
	[1]		50001003
ARR 500010a6 (sz=24, trace=300000, nelems=2, elem type=java.lang.String[]@50000137)
	[0]		5000100a
	[1]		50001014
ARR 500010a7 (sz=24, trace=300000, nelems=2, elem type=java.lang.String[]@50000137)
	[0]		5000100c
	[1]		50001015
ARR 500010a8 (sz=24, trace=300000, nelems=2, elem type=java.lang.String[]@50000137)
	[0]		50001009
	[1]		50001004
ARR 500010a9 (sz=24, trace=300000, nelems=1, elem type=java.lang.String[]@50000137)
	[0]		50001010
ARR 500010aa (sz=32, trace=300000, nelems=3, elem type=java.lang.String[]@50000137)
	[0]		50001008
	[1]		50001013
	[2]		50001011
ARR 500010ab (sz=32, trace=300000, nelems=4, elem type=java.lang.String[]@50000137)
	[0]		50001007
	[1]		50000fe5
	[2]		50001012
	[3]		5000100f
ARR 500010ac (sz=32, trace=300000, nelems=4, elem type=java.lang.String[]@50000137)
	[0]		50001006
	[1]		50001087
	[2]		50001085
	[3]		5000100e
ARR 500010ad (sz=24, trace=300000, nelems=2, elem type=java.lang.String[]@50000137)
	[0]		50001005
	[1]		50001086
ARR 500010ae (sz=34, trace=300000, nelems=17, elem type=char[])
ARR 500010af (sz=8, trace=300000, nelems=4, elem type=char[])
ARR 500010b0 (sz=20, trace=300000, nelems=10, elem type=char[])
ARR 500010b1 (sz=14, trace=300000, nelems=7, elem type=char[])
ARR 500010b2 (sz=10, trace=300000, nelems=5, elem type=char[])
ARR 500010b3 (sz=12, trace=300000, nelems=6, elem type=char[])
ARR 500010b4 (sz=36, trace=300000, nelems=18, elem type=char[])
ARR 500010b5 (sz=20, trace=300000, nelems=10, elem type=char[])
ARR 500010b6 (sz=30, trace=300000, nelems=15, elem type=char[])
ARR 500010b7 (sz=16, trace=300000, nelems=8, elem type=char[])
ARR 500010b8 (sz=42, trace=300000, nelems=21, elem type=char[])
ARR 500010b9 (sz=20, trace=300000, nelems=10, elem type=char[])
ARR 500010ba (sz=16, trace=300000, nelems=8, elem type=char[])
ARR 500010bb (sz=26, trace=300000, nelems=13, elem type=char[])
ARR 500010bc (sz=10, trace=300000, nelems=5, elem type=char[])
ARR 500010bd (sz=12, trace=300000, nelems=6, elem type=char[])
ARR 500010be (sz=20, trace=300000, nelems=10, elem type=char[])
ARR 500010bf (sz=16, trace=300000, nelems=8, elem type=char[])
ARR 500010c0 (sz=20, trace=300000, nelems=10, elem type=char[])
ARR 500010c1 (sz=16, trace=300000, nelems=8, elem type=char[])
ARR 500010c2 (sz=24, trace=300000, nelems=12, elem type=char[])
ARR 500010c3 (sz=24, trace=300000, nelems=12, elem type=char[])
ARR 500010c4 (sz=24, trace=300000, nelems=12, elem type=char[])
ARR 500010c5 (sz=24, trace=300000, nelems=12, elem type=char[])
ARR 500010c6 (sz=18, trace=300000, nelems=9, elem type=char[])
ARR 500010c7 (sz=12, trace=300000, nelems=6, elem type=char[])
ARR 500010c8 (sz=20, trace=300000, nelems=10, elem type=char[])
ARR 500010c9 (sz=30, trace=300000, nelems=15, elem type=char[])
ARR 500010ca (sz=18, trace=300000, nelems=9, elem type=char[])
ARR 500010cb (sz=14, trace=300000, nelems=7, elem type=char[])
ARR 500010cc (sz=6, trace=300000, nelems=3, elem type=char[])
ARR 500010cd (sz=22, trace=300000, nelems=11, elem type=char[])
ARR 500010ce (sz=10, trace=300000, nelems=5, elem type=char[])
ARR 500010cf (sz=12, trace=300000, nelems=6, elem type=char[])
ARR 500010d0 (sz=4, trace=300000, nelems=2, elem type=char[])
ARR 500010d1 (sz=12, trace=300000, nelems=6, elem type=char[])
ARR 500010d2 (sz=20, trace=300000, nelems=10, elem type=char[])
ARR 500010d3 (sz=20, trace=300000, nelems=10, elem type=char[])
ARR 500010d4 (sz=22, trace=300000, nelems=11, elem type=char[])
ARR 500010d5 (sz=6, trace=300000, nelems=3, elem type=char[])
ARR 500010d6 (sz=10, trace=300000, nelems=5, elem type=char[])
ARR 500010d7 (sz=14, trace=300000, nelems=7, elem type=char[])
ARR 500010d8 (sz=12, trace=300000, nelems=6, elem type=char[])
ARR 500010d9 (sz=4, trace=300000, nelems=2, elem type=char[])
ARR 500010da (sz=12, trace=300000, nelems=6, elem type=char[])
ARR 500010db (sz=18, trace=300000, nelems=9, elem type=char[])
ARR 500010dc (sz=30, trace=300000, nelems=15, elem type=char[])
ARR 500010dd (sz=20, trace=300000, nelems=10, elem type=char[])
ARR 500010de (sz=20, trace=300000, nelems=10, elem type=char[])
ARR 500010df (sz=12, trace=300000, nelems=6, elem type=char[])
ARR 500010e0 (sz=18, trace=300000, nelems=9, elem type=char[])
ARR 500010e1 (sz=22, trace=300000, nelems=11, elem type=char[])
ARR 500010e2 (sz=6, trace=300000, nelems=3, elem type=char[])
ARR 500010e3 (sz=10, trace=300000, nelems=5, elem type=char[])
ARR 500010e4 (sz=14, trace=300000, nelems=7, elem type=char[])
ARR 500010e5 (sz=12, trace=300000, nelems=6, elem type=char[])
ARR 500010e6 (sz=4, trace=300000, nelems=2, elem type=char[])
ARR 500010e7 (sz=12, trace=300000, nelems=6, elem type=char[])
ARR 500010e8 (sz=30, trace=300000, nelems=15, elem type=char[])
ARR 500010e9 (sz=20, trace=300000, nelems=10, elem type=char[])
ARR 500010ea (sz=20, trace=300000, nelems=10, elem type=char[])
ARR 500010eb (sz=12, trace=300000, nelems=6, elem type=char[])
ARR 500010ec (sz=18, trace=300000, nelems=9, elem type=char[])
ARR 500010ed (sz=18, trace=300000, nelems=9, elem type=char[])
ARR 500010ee (sz=36, trace=300000, nelems=18, elem type=char[])
ARR 500010ef (sz=6, trace=300000, nelems=3, elem type=char[])
ARR 500010f0 (sz=10, trace=300000, nelems=5, elem type=char[])
ARR 500010f1 (sz=14, trace=300000, nelems=7, elem type=char[])
ARR 500010f2 (sz=12, trace=300000, nelems=6, elem type=char[])
ARR 500010f3 (sz=16, trace=300000, nelems=8, elem type=char[])
ARR 500010f4 (sz=18, trace=300000, nelems=9, elem type=char[])
ARR 500010f5 (sz=30, trace=300000, nelems=15, elem type=char[])
ARR 500010f6 (sz=20, trace=300000, nelems=10, elem type=char[])
ARR 500010f7 (sz=20, trace=300000, nelems=10, elem type=char[])
ARR 500010f8 (sz=12, trace=300000, nelems=6, elem type=char[])
ARR 500010f9 (sz=18, trace=300000, nelems=9, elem type=char[])
ARR 500010fa (sz=18, trace=300000, nelems=9, elem type=char[])
ARR 500010fb (sz=10, trace=300000, nelems=5, elem type=char[])
ARR 500010fc (sz=6, trace=300000, nelems=3, elem type=char[])
ARR 500010fd (sz=14, trace=300000, nelems=7, elem type=char[])
ARR 500010fe (sz=12, trace=300000, nelems=6, elem type=char[])
ARR 500010ff (sz=24, trace=300000, nelems=12, elem type=char[])
ARR 50001100 (sz=30, trace=300000, nelems=15, elem type=char[])
ARR 50001101 (sz=12, trace=300000, nelems=6, elem type=char[])
ARR 50001102 (sz=10, trace=300000, nelems=5, elem type=char[])
ARR 50001103 (sz=16, trace=300000, nelems=8, elem type=char[])
ARR 50001104 (sz=16, trace=300000, nelems=8, elem type=char[])
ARR 50001105 (sz=30, trace=300000, nelems=15, elem type=char[])
ARR 50001106 (sz=20, trace=300000, nelems=10, elem type=char[])
ARR 50001107 (sz=20, trace=300000, nelems=10, elem type=char[])
ARR 50001108 (sz=12, trace=300000, nelems=6, elem type=char[])
ARR 50001109 (sz=18, trace=300000, nelems=9, elem type=char[])
ARR 5000110a (sz=22, trace=300000, nelems=11, elem type=char[])
ARR 5000110b (sz=10, trace=300000, nelems=5, elem type=char[])
ARR 5000110c (sz=6, trace=300000, nelems=3, elem type=char[])
ARR 5000110d (sz=14, trace=300000, nelems=7, elem type=char[])
ARR 5000110e (sz=12, trace=300000, nelems=6, elem type=char[])
ARR 5000110f (sz=4, trace=300000, nelems=2, elem type=char[])
ARR 50001110 (sz=12, trace=300000, nelems=6, elem type=char[])
ARR 50001111 (sz=18, trace=300000, nelems=9, elem type=char[])
ARR 50001112 (sz=30, trace=300000, nelems=15, elem type=char[])
ARR 50001113 (sz=20, trace=300000, nelems=10, elem type=char[])
ARR 50001114 (sz=20, trace=300000, nelems=10, elem type=char[])
ARR 50001115 (sz=12, trace=300000, nelems=6, elem type=char[])
ARR 50001116 (sz=18, trace=300000, nelems=9, elem type=char[])
ARR 50001117 (sz=20, trace=300000, nelems=10, elem type=char[])
ARR 50001118 (sz=22, trace=300000, nelems=11, elem type=char[])
ARR 50001119 (sz=14, trace=300000, nelems=7, elem type=char[])
ARR 5000111a (sz=20, trace=300000, nelems=10, elem type=char[])
ARR 5000111b (sz=30, trace=300000, nelems=15, elem type=char[])
ARR 5000111c (sz=22, trace=300000, nelems=11, elem type=char[])
ARR 5000111d (sz=22, trace=300000, nelems=11, elem type=char[])
ARR 5000111e (sz=4, trace=300000, nelems=2, elem type=char[])
ARR 5000111f (sz=12, trace=300000, nelems=6, elem type=char[])
ARR 50001120 (sz=12, trace=300000, nelems=6, elem type=char[])
ARR 50001121 (sz=6, trace=300000, nelems=3, elem type=char[])
ARR 50001122 (sz=10, trace=300000, nelems=5, elem type=char[])
ARR 50001123 (sz=14, trace=300000, nelems=7, elem type=char[])
ARR 50001124 (sz=12, trace=300000, nelems=6, elem type=char[])
ARR 50001125 (sz=20, trace=300000, nelems=10, elem type=char[])
ARR 50001126 (sz=20, trace=300000, nelems=10, elem type=char[])
ARR 50001127 (sz=22, trace=300000, nelems=11, elem type=char[])
ARR 50001128 (sz=14, trace=300000, nelems=7, elem type=char[])
ARR 50001129 (sz=22, trace=300000, nelems=11, elem type=char[])
ARR 5000112a (sz=14, trace=300000, nelems=7, elem type=char[])
ARR 5000112b (sz=8, trace=300000, nelems=4, elem type=char[])
ARR 5000112c (sz=12, trace=300000, nelems=6, elem type=char[])
ARR 5000112d (sz=12, trace=300000, nelems=6, elem type=char[])
ARR 5000112e (sz=12, trace=300000, nelems=6, elem type=char[])
ARR 5000112f (sz=12, trace=300000, nelems=6, elem type=char[])
ARR 50001130 (sz=18, trace=300000, nelems=9, elem type=char[])
ARR 50001131 (sz=12, trace=300000, nelems=6, elem type=char[])
ARR 50001132 (sz=12, trace=300000, nelems=6, elem type=char[])
ARR 50001133 (sz=12, trace=300000, nelems=6, elem type=char[])
ARR 50001134 (sz=12, trace=300000, nelems=6, elem type=char[])
ARR 50001135 (sz=12, trace=300000, nelems=6, elem type=char[])
ARR 50001136 (sz=12, trace=300000, nelems=6, elem type=char[])
ARR 50001137 (sz=12, trace=300000, nelems=6, elem type=char[])
ARR 50001138 (sz=12, trace=300000, nelems=6, elem type=char[])
ARR 50001139 (sz=12, trace=300000, nelems=6, elem type=char[])
ARR 5000113a (sz=12, trace=300000, nelems=6, elem type=char[])
ARR 5000113b (sz=22, trace=300000, nelems=11, elem type=char[])
ARR 5000113c (sz=32, trace=300000, nelems=16, elem type=char[])
ARR 5000113d (sz=6, trace=300000, nelems=3, elem type=char[])
ARR 5000113e (sz=14, trace=300000, nelems=7, elem type=char[])
ARR 5000113f (sz=12, trace=300000, nelems=6, elem type=char[])
ARR 50001140 (sz=10, trace=300000, nelems=5, elem type=char[])
ARR 50001141 (sz=6, trace=300000, nelems=3, elem type=char[])
ARR 50001142 (sz=14, trace=300000, nelems=7, elem type=char[])
ARR 50001143 (sz=12, trace=300000, nelems=6, elem type=char[])
ARR 50001144 (sz=10, trace=300000, nelems=5, elem type=char[])
ARR 50001145 (sz=6, trace=300000, nelems=3, elem type=char[])
ARR 50001146 (sz=14, trace=300000, nelems=7, elem type=char[])
ARR 50001147 (sz=12, trace=300000, nelems=6, elem type=char[])
ARR 50001148 (sz=10, trace=300000, nelems=5, elem type=char[])
ARR 50001149 (sz=38, trace=300000, nelems=19, elem type=char[])
ARR 5000114a (sz=6, trace=300000, nelems=3, elem type=char[])
ARR 5000114b (sz=12, trace=300000, nelems=6, elem type=char[])
ARR 5000114c (sz=14, trace=300000, nelems=7, elem type=char[])
ARR 5000114d (sz=10, trace=300000, nelems=5, elem type=char[])
ARR 5000114e (sz=16, trace=300000, nelems=8, elem type=char[])
ARR 5000114f (sz=6, trace=300000, nelems=3, elem type=char[])
ARR 50001150 (sz=14, trace=300000, nelems=7, elem type=char[])
ARR 50001151 (sz=12, trace=300000, nelems=6, elem type=char[])
ARR 50001152 (sz=10, trace=300000, nelems=5, elem type=char[])
ARR 50001153 (sz=16, trace=300000, nelems=8, elem type=char[])
ARR 50001154 (sz=6, trace=300000, nelems=3, elem type=char[])
ARR 50001155 (sz=12, trace=300000, nelems=6, elem type=char[])
ARR 50001156 (sz=14, trace=300000, nelems=7, elem type=char[])
ARR 50001157 (sz=10, trace=300000, nelems=5, elem type=char[])
ARR 50001158 (sz=16, trace=300000, nelems=8, elem type=char[])
ARR 50001159 (sz=6, trace=300000, nelems=3, elem type=char[])
ARR 5000115a (sz=14, trace=300000, nelems=7, elem type=char[])
ARR 5000115b (sz=12, trace=300000, nelems=6, elem type=char[])
ARR 5000115c (sz=10, trace=300000, nelems=5, elem type=char[])
ARR 5000115d (sz=48, trace=300000, nelems=24, elem type=char[])
ARR 5000115e (sz=6, trace=300000, nelems=3, elem type=char[])
ARR 5000115f (sz=14, trace=300000, nelems=7, elem type=char[])
ARR 50001160 (sz=20, trace=300000, nelems=10, elem type=char[])
ARR 50001161 (sz=10, trace=300000, nelems=5, elem type=char[])
ARR 50001162 (sz=36, trace=300000, nelems=18, elem type=char[])
ARR 50001163 (sz=16, trace=300000, nelems=8, elem type=char[])
ARR 50001164 (sz=6, trace=300000, nelems=3, elem type=char[])
ARR 50001165 (sz=14, trace=300000, nelems=7, elem type=char[])
ARR 50001166 (sz=12, trace=300000, nelems=6, elem type=char[])
ARR 50001167 (sz=10, trace=300000, nelems=5, elem type=char[])
ARR 50001168 (sz=16, trace=300000, nelems=8, elem type=char[])
ARR 50001169 (sz=6, trace=300000, nelems=3, elem type=char[])
ARR 5000116a (sz=14, trace=300000, nelems=7, elem type=char[])
ARR 5000116b (sz=12, trace=300000, nelems=6, elem type=char[])
ARR 5000116c (sz=10, trace=300000, nelems=5, elem type=char[])
ARR 5000116d (sz=6, trace=300000, nelems=3, elem type=char[])
ARR 5000116e (sz=14, trace=300000, nelems=7, elem type=char[])
ARR 5000116f (sz=12, trace=300000, nelems=6, elem type=char[])
ARR 50001170 (sz=10, trace=300000, nelems=5, elem type=char[])
OBJ 50001171 (sz=24, trace=300000, class=java.lang.String@50000136)
	value		500011e6
OBJ 50001172 (sz=24, trace=300000, class=java.lang.String@50000136)
	value		500011e5
OBJ 50001173 (sz=24, trace=300000, class=java.lang.String@50000136)
	value		500011e4
OBJ 50001174 (sz=24, trace=300000, class=java.lang.String@50000136)
	value		500011e3
OBJ 50001175 (sz=24, trace=300000, class=java.lang.String@50000136)
	value		500011e2
OBJ 50001176 (sz=24, trace=300000, class=java.lang.String@50000136)
	value		500011e1
OBJ 50001177 (sz=24, trace=300000, class=java.lang.String@50000136)
	value		500011e0
OBJ 50001178 (sz=24, trace=300000, class=java.lang.String@50000136)
	value		500011df
OBJ 50001179 (sz=24, trace=300000, class=java.lang.String@50000136)
	value		500011de
OBJ 5000117a (sz=24, trace=300000, class=java.lang.String@50000136)
	value		500011dd
OBJ 5000117b (sz=24, trace=300000, class=java.lang.String@50000136)
	value		500011dc
OBJ 5000117c (sz=24, trace=300000, class=java.lang.String@50000136)
	value		500011db
OBJ 5000117d (sz=24, trace=300000, class=java.lang.String@50000136)
	value		500011da
OBJ 5000117e (sz=24, trace=300000, class=java.lang.String@50000136)
	value		500011d9
OBJ 5000117f (sz=24, trace=300000, class=java.lang.String@50000136)
	value		500011d8
OBJ 50001180 (sz=24, trace=300000, class=java.lang.String@50000136)
	value		500011d7
OBJ 50001181 (sz=24, trace=300000, class=java.lang.String@50000136)
	value		500011d6
OBJ 50001182 (sz=24, trace=300000, class=java.lang.String@50000136)
	value		500011d5
OBJ 50001183 (sz=24, trace=300000, class=java.lang.String@50000136)
	value		500011d4
OBJ 50001184 (sz=24, trace=300000, class=java.lang.String@50000136)
	value		500011d3
OBJ 50001185 (sz=24, trace=300000, class=java.lang.String@50000136)
	value		500011d2
OBJ 50001186 (sz=24, trace=300000, class=java.lang.String@50000136)
	value		500011d1
OBJ 50001187 (sz=24, trace=300000, class=java.lang.String@50000136)
	value		500011d0
OBJ 50001188 (sz=24, trace=300000, class=java.lang.String@50000136)
	value		500011cf
OBJ 50001189 (sz=24, trace=300000, class=java.lang.String@50000136)
	value		500011ce
OBJ 5000118a (sz=24, trace=300000, class=java.lang.String@50000136)
	value		500011cd
OBJ 5000118b (sz=24, trace=300000, class=java.lang.String@50000136)
	value		500011cc
OBJ 5000118c (sz=24, trace=300000, class=java.lang.String@50000136)
	value		500011cb
OBJ 5000118d (sz=24, trace=300000, class=java.lang.String@50000136)
	value		500011ca
OBJ 5000118e (sz=24, trace=300000, class=java.lang.String@50000136)
	value		500011c9
OBJ 5000118f (sz=24, trace=300000, class=java.lang.String@50000136)
	value		500011c8
OBJ 50001190 (sz=24, trace=300000, class=java.lang.String@50000136)
	value		500011c7
OBJ 50001191 (sz=24, trace=300000, class=java.lang.String@50000136)
	value		500011c6
OBJ 50001192 (sz=24, trace=300000, class=java.lang.String@50000136)
	value		500011c5
OBJ 50001193 (sz=24, trace=300000, class=java.lang.String@50000136)
	value		500011c4
OBJ 50001194 (sz=24, trace=300000, class=java.lang.String@50000136)
	value		500011c3
OBJ 50001195 (sz=24, trace=300000, class=java.lang.String@50000136)
	value		500011c2
OBJ 50001196 (sz=24, trace=300000, class=java.lang.String@50000136)
	value		500011c1
OBJ 50001197 (sz=24, trace=300000, class=java.lang.String@50000136)
	value		500011c0
OBJ 50001198 (sz=24, trace=300000, class=java.lang.String@50000136)
	value		500011bf
OBJ 50001199 (sz=24, trace=300000, class=java.lang.String@50000136)
	value		500011be
OBJ 5000119a (sz=24, trace=300000, class=java.lang.String@50000136)
	value		500011bd
OBJ 5000119b (sz=24, trace=300000, class=java.lang.String@50000136)
	value		500011bc
OBJ 5000119c (sz=24, trace=300000, class=java.lang.String@50000136)
	value		500011bb
OBJ 5000119d (sz=24, trace=300000, class=java.lang.String@50000136)
	value		500011ba
OBJ 5000119e (sz=24, trace=300000, class=java.lang.String@50000136)
	value		500011b9
OBJ 5000119f (sz=24, trace=300000, class=java.lang.String@50000136)
	value		500011b8
OBJ 500011a0 (sz=24, trace=300000, class=java.lang.String@50000136)
	value		500011b7
OBJ 500011a1 (sz=24, trace=300000, class=java.lang.String@50000136)
	value		500011b6
OBJ 500011a2 (sz=24, trace=300000, class=java.lang.String@50000136)
	value		500011b5
OBJ 500011a3 (sz=24, trace=300000, class=java.lang.String@50000136)
	value		500011b4
OBJ 500011a4 (sz=24, trace=300000, class=java.lang.String@50000136)
	value		500011b3
OBJ 500011a5 (sz=24, trace=300000, class=java.lang.String@50000136)
	value		500011b2
OBJ 500011a6 (sz=24, trace=300000, class=java.lang.String@50000136)
	value		500011b1
OBJ 500011a7 (sz=24, trace=300000, class=java.lang.String@50000136)
	value		500011b0
OBJ 500011a8 (sz=24, trace=300000, class=java.lang.String@50000136)
	value		500011af
OBJ 500011a9 (sz=24, trace=300000, class=java.lang.String@50000136)
	value		500011ae
OBJ 500011aa (sz=24, trace=300000, class=java.lang.String@50000136)
	value		500011ad
OBJ 500011ab (sz=24, trace=300000, class=java.lang.String@50000136)
	value		500011ac
ARR 500011ac (sz=28, trace=300000, nelems=14, elem type=char[])
ARR 500011ad (sz=28, trace=300000, nelems=14, elem type=char[])
ARR 500011ae (sz=28, trace=300000, nelems=14, elem type=char[])
ARR 500011af (sz=16, trace=300000, nelems=8, elem type=char[])
ARR 500011b0 (sz=16, trace=300000, nelems=8, elem type=char[])
ARR 500011b1 (sz=24, trace=300000, nelems=12, elem type=char[])
ARR 500011b2 (sz=24, trace=300000, nelems=12, elem type=char[])
ARR 500011b3 (sz=24, trace=300000, nelems=12, elem type=char[])
ARR 500011b4 (sz=24, trace=300000, nelems=12, elem type=char[])
ARR 500011b5 (sz=24, trace=300000, nelems=12, elem type=char[])
ARR 500011b6 (sz=24, trace=300000, nelems=12, elem type=char[])
ARR 500011b7 (sz=10, trace=300000, nelems=5, elem type=char[])
ARR 500011b8 (sz=16, trace=300000, nelems=8, elem type=char[])
ARR 500011b9 (sz=16, trace=300000, nelems=8, elem type=char[])
ARR 500011ba (sz=12, trace=300000, nelems=6, elem type=char[])
ARR 500011bb (sz=16, trace=300000, nelems=8, elem type=char[])
ARR 500011bc (sz=16, trace=300000, nelems=8, elem type=char[])
ARR 500011bd (sz=12, trace=300000, nelems=6, elem type=char[])
ARR 500011be (sz=16, trace=300000, nelems=8, elem type=char[])
ARR 500011bf (sz=12, trace=300000, nelems=6, elem type=char[])
ARR 500011c0 (sz=12, trace=300000, nelems=6, elem type=char[])
ARR 500011c1 (sz=20, trace=300000, nelems=10, elem type=char[])
ARR 500011c2 (sz=20, trace=300000, nelems=10, elem type=char[])
ARR 500011c3 (sz=20, trace=300000, nelems=10, elem type=char[])
ARR 500011c4 (sz=20, trace=300000, nelems=10, elem type=char[])
ARR 500011c5 (sz=20, trace=300000, nelems=10, elem type=char[])
ARR 500011c6 (sz=22, trace=300000, nelems=11, elem type=char[])
ARR 500011c7 (sz=22, trace=300000, nelems=11, elem type=char[])
ARR 500011c8 (sz=20, trace=300000, nelems=10, elem type=char[])
ARR 500011c9 (sz=16, trace=300000, nelems=8, elem type=char[])
ARR 500011ca (sz=10, trace=300000, nelems=5, elem type=char[])
ARR 500011cb (sz=24, trace=300000, nelems=12, elem type=char[])
ARR 500011cc (sz=16, trace=300000, nelems=8, elem type=char[])
ARR 500011cd (sz=12, trace=300000, nelems=6, elem type=char[])
ARR 500011ce (sz=12, trace=300000, nelems=6, elem type=char[])
ARR 500011cf (sz=12, trace=300000, nelems=6, elem type=char[])
ARR 500011d0 (sz=12, trace=300000, nelems=6, elem type=char[])
ARR 500011d1 (sz=12, trace=300000, nelems=6, elem type=char[])
ARR 500011d2 (sz=12, trace=300000, nelems=6, elem type=char[])
ARR 500011d3 (sz=12, trace=300000, nelems=6, elem type=char[])
ARR 500011d4 (sz=12, trace=300000, nelems=6, elem type=char[])
ARR 500011d5 (sz=20, trace=300000, nelems=10, elem type=char[])
ARR 500011d6 (sz=20, trace=300000, nelems=10, elem type=char[])
ARR 500011d7 (sz=20, trace=300000, nelems=10, elem type=char[])
ARR 500011d8 (sz=20, trace=300000, nelems=10, elem type=char[])
ARR 500011d9 (sz=20, trace=300000, nelems=10, elem type=char[])
ARR 500011da (sz=22, trace=300000, nelems=11, elem type=char[])
ARR 500011db (sz=22, trace=300000, nelems=11, elem type=char[])
ARR 500011dc (sz=12, trace=300000, nelems=6, elem type=char[])
ARR 500011dd (sz=12, trace=300000, nelems=6, elem type=char[])
ARR 500011de (sz=12, trace=300000, nelems=6, elem type=char[])
ARR 500011df (sz=12, trace=300000, nelems=6, elem type=char[])
ARR 500011e0 (sz=12, trace=300000, nelems=6, elem type=char[])
ARR 500011e1 (sz=12, trace=300000, nelems=6, elem type=char[])
ARR 500011e2 (sz=12, trace=300000, nelems=6, elem type=char[])
ARR 500011e3 (sz=12, trace=300000, nelems=6, elem type=char[])
ARR 500011e4 (sz=12, trace=300000, nelems=6, elem type=char[])
ARR 500011e5 (sz=12, trace=300000, nelems=6, elem type=char[])
ARR 500011e6 (sz=12, trace=300000, nelems=6, elem type=char[])
OBJ 500011e7 (sz=24, trace=300000, class=java.lang.String@50000136)
	value		50001278
OBJ 500011e8 (sz=24, trace=300000, class=java.lang.String@50000136)
	value		50001277
OBJ 500011e9 (sz=24, trace=300000, class=java.lang.String@50000136)
	value		50001276
OBJ 500011ea (sz=24, trace=300000, class=java.lang.String@50000136)
	value		50001275
OBJ 500011eb (sz=24, trace=300000, class=java.lang.String@50000136)
	value		50001274
OBJ 500011ec (sz=24, trace=300000, class=java.lang.String@50000136)
	value		50001273
OBJ 500011ed (sz=24, trace=300000, class=java.lang.String@50000136)
	value		50001272
OBJ 500011ee (sz=24, trace=300000, class=java.lang.String@50000136)
	value		50001271
OBJ 500011ef (sz=24, trace=300000, class=java.lang.String@50000136)
	value		50001270
OBJ 500011f0 (sz=24, trace=300000, class=java.lang.String@50000136)
	value		5000126f
OBJ 500011f1 (sz=24, trace=300000, class=java.lang.String@50000136)
	value		5000126e
OBJ 500011f2 (sz=24, trace=300000, class=java.lang.String@50000136)
	value		5000126d
OBJ 500011f3 (sz=24, trace=300000, class=java.lang.String@50000136)
	value		5000126c
OBJ 500011f4 (sz=24, trace=300000, class=java.lang.String@50000136)
	value		5000126b
OBJ 500011f5 (sz=24, trace=300000, class=java.lang.String@50000136)
	value		5000126a
OBJ 500011f6 (sz=24, trace=300000, class=java.lang.String@50000136)
	value		50001269
OBJ 500011f7 (sz=24, trace=300000, class=java.lang.String@50000136)
	value		50001268
OBJ 500011f8 (sz=24, trace=300000, class=java.lang.String@50000136)
	value		50001267
OBJ 500011f9 (sz=24, trace=300000, class=java.lang.String@50000136)
	value		50001266
OBJ 500011fa (sz=24, trace=300000, class=java.lang.String@50000136)
	value		50001265
OBJ 500011fb (sz=24, trace=300000, class=java.lang.String@50000136)
	value		50001264
OBJ 500011fc (sz=24, trace=300000, class=java.lang.String@50000136)
	value		50001263
OBJ 500011fd (sz=24, trace=300000, class=java.lang.String@50000136)
	value		50001262
OBJ 500011fe (sz=24, trace=300000, class=java.lang.String@50000136)
	value		50001261
OBJ 500011ff (sz=24, trace=300000, class=java.lang.String@50000136)
	value		50001260
OBJ 50001200 (sz=24, trace=300000, class=java.lang.String@50000136)
	value		5000125f
OBJ 50001201 (sz=24, trace=300000, class=java.lang.String@50000136)
	value		5000125e
OBJ 50001202 (sz=24, trace=300000, class=java.lang.String@50000136)
	value		5000125d
OBJ 50001203 (sz=24, trace=300000, class=java.lang.String@50000136)
	value		5000125c
OBJ 50001204 (sz=24, trace=300000, class=java.lang.String@50000136)
	value		5000125b
OBJ 50001205 (sz=24, trace=300000, class=java.lang.String@50000136)
	value		5000125a
OBJ 50001206 (sz=24, trace=300000, class=java.lang.String@50000136)
	value		50001259
OBJ 50001207 (sz=24, trace=300000, class=java.lang.String@50000136)
	value		50001258
OBJ 50001208 (sz=24, trace=300000, class=java.lang.String@50000136)
	value		50001257
OBJ 50001209 (sz=24, trace=300000, class=java.lang.String@50000136)
	value		50001256
OBJ 5000120a (sz=24, trace=300000, class=java.lang.String@50000136)
	value		50001255
OBJ 5000120b (sz=24, trace=300000, class=java.lang.String@50000136)
	value		50001254
OBJ 5000120c (sz=24, trace=300000, class=java.lang.String@50000136)
	value		50001253
OBJ 5000120d (sz=24, trace=300000, class=java.lang.String@50000136)
	value		50001252
OBJ 5000120e (sz=24, trace=300000, class=java.lang.String@50000136)
	value		50001251
OBJ 5000120f (sz=24, trace=300000, class=java.lang.String@50000136)
	value		50001250
OBJ 50001210 (sz=24, trace=300000, class=java.lang.String@50000136)
	value		5000124f
OBJ 50001211 (sz=24, trace=300000, class=java.lang.String@50000136)
	value		5000124e
OBJ 50001212 (sz=24, trace=300000, class=java.lang.String@50000136)
	value		5000124d
OBJ 50001213 (sz=24, trace=300000, class=java.lang.String@50000136)
	value		5000124c
OBJ 50001214 (sz=24, trace=300000, class=java.lang.String@50000136)
	value		5000124b
OBJ 50001215 (sz=24, trace=300000, class=java.lang.String@50000136)
	value		5000124a
OBJ 50001216 (sz=24, trace=300000, class=java.lang.String@50000136)
	value		50001249
OBJ 50001217 (sz=24, trace=300000, class=java.lang.String@50000136)
	value		50001248
OBJ 50001218 (sz=24, trace=300000, class=java.lang.String@50000136)
	value		50001247
OBJ 50001219 (sz=24, trace=300000, class=java.lang.String@50000136)
	value		50001246
OBJ 5000121a (sz=24, trace=300000, class=java.lang.String@50000136)
	value		50001245
OBJ 5000121b (sz=24, trace=300000, class=java.lang.String@50000136)
	value		50001244
OBJ 5000121c (sz=24, trace=300000, class=java.lang.String@50000136)
	value		50001243
OBJ 5000121d (sz=24, trace=300000, class=java.lang.String@50000136)
	value		50001242
OBJ 5000121e (sz=24, trace=300000, class=java.lang.String@50000136)
	value		50001241
OBJ 5000121f (sz=24, trace=300000, class=java.lang.String@50000136)
	value		50001240
OBJ 50001220 (sz=24, trace=300000, class=java.lang.String@50000136)
	value		5000123f
OBJ 50001221 (sz=24, trace=300000, class=java.lang.String@50000136)
	value		5000123e
OBJ 50001222 (sz=24, trace=300000, class=java.lang.String@50000136)
	value		5000123d
OBJ 50001223 (sz=24, trace=300000, class=java.lang.String@50000136)
	value		5000123c
OBJ 50001224 (sz=24, trace=300000, class=java.lang.String@50000136)
	value		5000123b
OBJ 50001225 (sz=24, trace=300000, class=java.lang.String@50000136)
	value		5000123a
OBJ 50001226 (sz=24, trace=300000, class=java.lang.String@50000136)
	value		50001239
OBJ 50001227 (sz=24, trace=300000, class=java.lang.String@50000136)
	value		50001238
OBJ 50001228 (sz=24, trace=300000, class=java.lang.String@50000136)
	value		50001237
OBJ 50001229 (sz=24, trace=300000, class=java.lang.String@50000136)
	value		50001236
OBJ 5000122a (sz=24, trace=300000, class=java.lang.String@50000136)
	value		50001235
OBJ 5000122b (sz=24, trace=300000, class=java.lang.String@50000136)
	value		50001234
OBJ 5000122c (sz=24, trace=300000, class=java.lang.String@50000136)
	value		50001233
OBJ 5000122d (sz=24, trace=300000, class=java.lang.String@50000136)
	value		50001232
OBJ 5000122e (sz=24, trace=300000, class=java.lang.String@50000136)
	value		50001231
OBJ 5000122f (sz=24, trace=300000, class=java.lang.String@50000136)
	value		50001230
ARR 50001230 (sz=20, trace=300000, nelems=10, elem type=char[])
ARR 50001231 (sz=20, trace=300000, nelems=10, elem type=char[])
ARR 50001232 (sz=20, trace=300000, nelems=10, elem type=char[])
ARR 50001233 (sz=20, trace=300000, nelems=10, elem type=char[])
ARR 50001234 (sz=24, trace=300000, nelems=12, elem type=char[])
ARR 50001235 (sz=16, trace=300000, nelems=8, elem type=char[])
ARR 50001236 (sz=24, trace=300000, nelems=12, elem type=char[])
ARR 50001237 (sz=16, trace=300000, nelems=8, elem type=char[])
ARR 50001238 (sz=12, trace=300000, nelems=6, elem type=char[])
ARR 50001239 (sz=16, trace=300000, nelems=8, elem type=char[])
ARR 5000123a (sz=16, trace=300000, nelems=8, elem type=char[])
ARR 5000123b (sz=12, trace=300000, nelems=6, elem type=char[])
ARR 5000123c (sz=8, trace=300000, nelems=4, elem type=char[])
ARR 5000123d (sz=10, trace=300000, nelems=5, elem type=char[])
ARR 5000123e (sz=24, trace=300000, nelems=12, elem type=char[])
ARR 5000123f (sz=24, trace=300000, nelems=12, elem type=char[])
ARR 50001240 (sz=42, trace=300000, nelems=21, elem type=char[])
ARR 50001241 (sz=26, trace=300000, nelems=13, elem type=char[])
ARR 50001242 (sz=36, trace=300000, nelems=18, elem type=char[])
ARR 50001243 (sz=20, trace=300000, nelems=10, elem type=char[])
ARR 50001244 (sz=48, trace=300000, nelems=24, elem type=char[])
ARR 50001245 (sz=12, trace=300000, nelems=6, elem type=char[])
ARR 50001246 (sz=12, trace=300000, nelems=6, elem type=char[])
ARR 50001247 (sz=4, trace=300000, nelems=2, elem type=char[])
ARR 50001248 (sz=20, trace=300000, nelems=10, elem type=char[])
ARR 50001249 (sz=30, trace=300000, nelems=15, elem type=char[])
ARR 5000124a (sz=20, trace=300000, nelems=10, elem type=char[])
ARR 5000124b (sz=30, trace=300000, nelems=15, elem type=char[])
ARR 5000124c (sz=20, trace=300000, nelems=10, elem type=char[])
ARR 5000124d (sz=30, trace=300000, nelems=15, elem type=char[])
ARR 5000124e (sz=20, trace=300000, nelems=10, elem type=char[])
ARR 5000124f (sz=30, trace=300000, nelems=15, elem type=char[])
ARR 50001250 (sz=20, trace=300000, nelems=10, elem type=char[])
ARR 50001251 (sz=30, trace=300000, nelems=15, elem type=char[])
ARR 50001252 (sz=20, trace=300000, nelems=10, elem type=char[])
ARR 50001253 (sz=30, trace=300000, nelems=15, elem type=char[])
ARR 50001254 (sz=22, trace=300000, nelems=11, elem type=char[])
ARR 50001255 (sz=20, trace=300000, nelems=10, elem type=char[])
ARR 50001256 (sz=32, trace=300000, nelems=16, elem type=char[])
ARR 50001257 (sz=30, trace=300000, nelems=15, elem type=char[])
ARR 50001258 (sz=20, trace=300000, nelems=10, elem type=char[])
ARR 50001259 (sz=18, trace=300000, nelems=9, elem type=char[])
ARR 5000125a (sz=18, trace=300000, nelems=9, elem type=char[])
ARR 5000125b (sz=18, trace=300000, nelems=9, elem type=char[])
ARR 5000125c (sz=18, trace=300000, nelems=9, elem type=char[])
ARR 5000125d (sz=20, trace=300000, nelems=10, elem type=char[])
ARR 5000125e (sz=20, trace=300000, nelems=10, elem type=char[])
ARR 5000125f (sz=18, trace=300000, nelems=9, elem type=char[])
ARR 50001260 (sz=18, trace=300000, nelems=9, elem type=char[])
ARR 50001261 (sz=30, trace=300000, nelems=15, elem type=char[])
ARR 50001262 (sz=12, trace=300000, nelems=6, elem type=char[])
ARR 50001263 (sz=12, trace=300000, nelems=6, elem type=char[])
ARR 50001264 (sz=12, trace=300000, nelems=6, elem type=char[])
ARR 50001265 (sz=14, trace=300000, nelems=7, elem type=char[])
ARR 50001266 (sz=14, trace=300000, nelems=7, elem type=char[])
ARR 50001267 (sz=16, trace=300000, nelems=8, elem type=char[])
ARR 50001268 (sz=16, trace=300000, nelems=8, elem type=char[])
ARR 50001269 (sz=16, trace=300000, nelems=8, elem type=char[])
ARR 5000126a (sz=30, trace=300000, nelems=15, elem type=char[])
ARR 5000126b (sz=36, trace=300000, nelems=18, elem type=char[])
ARR 5000126c (sz=22, trace=300000, nelems=11, elem type=char[])
ARR 5000126d (sz=22, trace=300000, nelems=11, elem type=char[])
ARR 5000126e (sz=22, trace=300000, nelems=11, elem type=char[])
ARR 5000126f (sz=22, trace=300000, nelems=11, elem type=char[])
ARR 50001270 (sz=22, trace=300000, nelems=11, elem type=char[])
ARR 50001271 (sz=22, trace=300000, nelems=11, elem type=char[])
ARR 50001272 (sz=16, trace=300000, nelems=8, elem type=char[])
ARR 50001273 (sz=16, trace=300000, nelems=8, elem type=char[])
ARR 50001274 (sz=16, trace=300000, nelems=8, elem type=char[])
ARR 50001275 (sz=14, trace=300000, nelems=7, elem type=char[])
ARR 50001276 (sz=10, trace=300000, nelems=5, elem type=char[])
ARR 50001277 (sz=28, trace=300000, nelems=14, elem type=char[])
ARR 50001278 (sz=28, trace=300000, nelems=14, elem type=char[])
OBJ 50001279 (sz=24, trace=300000, class=java.lang.String@50000136)
	value		500013ba
OBJ 5000127a (sz=24, trace=300000, class=java.lang.String@50000136)
	value		500013d4
OBJ 5000127b (sz=24, trace=300000, class=java.lang.String@50000136)
	value		500013d3
OBJ 5000127c (sz=16, trace=300000, class=java.lang.ThreadLocal@500000a2)
OBJ 5000127d (sz=32, trace=300000, class=sun.nio.cs.StandardCharsets@500000b0)
	classMap	50001280
	aliasMap	5000127f
	cache		5000127e
	packagePrefix	50001083
OBJ 5000127e (sz=40, trace=300000, class=sun.nio.cs.StandardCharsets$Cache@50000145)
	ht		5000137a
OBJ 5000127f (sz=40, trace=300000, class=sun.nio.cs.StandardCharsets$Aliases@50000123)
	ht		500012a8
OBJ 50001280 (sz=40, trace=300000, class=sun.nio.cs.StandardCharsets$Classes@5000010f)
	ht		50001281
ARR 50001281 (sz=144, trace=300000, nelems=32, elem type=java.lang.Object[]@50000113)
	[0]		50001282
	[2]		50001283
	[3]		50001284
	[4]		50001285
	[5]		50001286
	[6]		50001287
	[7]		50001288
	[8]		50001289
	[9]		5000128a
	[10]		5000128b
	[11]		5000128c
	[12]		5000128d
	[14]		5000128e
	[15]		5000128f
	[16]		50001290
	[17]		50001291
	[18]		50001292
	[19]		50001293
	[22]		50001294
	[24]		50001295
	[28]		50001296
	[29]		50001297
	[31]		50001298
ARR 50001282 (sz=24, trace=300000, nelems=2, elem type=java.lang.Object[]@50000113)
	[0]		50001062
	[1]		50001179
ARR 50001283 (sz=32, trace=300000, nelems=3, elem type=java.lang.Object[]@50000113)
	[0]		50001063
	[1]		5000117a
	[2]		500012a6
ARR 50001284 (sz=32, trace=300000, nelems=3, elem type=java.lang.Object[]@50000113)
	[0]		500011a2
	[1]		50001186
	[2]		500012a5
ARR 50001285 (sz=32, trace=300000, nelems=3, elem type=java.lang.Object[]@50000113)
	[0]		500011a4
	[1]		50001188
	[2]		500012a3
ARR 50001286 (sz=32, trace=300000, nelems=3, elem type=java.lang.Object[]@50000113)
	[0]		500011a5
	[1]		50001189
	[2]		500012a2
ARR 50001287 (sz=24, trace=300000, nelems=2, elem type=java.lang.Object[]@50000113)
	[0]		500011a6
	[1]		5000118a
ARR 50001288 (sz=24, trace=300000, nelems=2, elem type=java.lang.Object[]@50000113)
	[0]		5000119b
	[1]		50001007
ARR 50001289 (sz=32, trace=300000, nelems=3, elem type=java.lang.Object[]@50000113)
	[0]		50001192
	[1]		5000117e
	[2]		500012a1
ARR 5000128a (sz=32, trace=300000, nelems=3, elem type=java.lang.Object[]@50000113)
	[0]		50001193
	[1]		5000117f
	[2]		500012a0
ARR 5000128b (sz=24, trace=300000, nelems=2, elem type=java.lang.Object[]@50000113)
	[0]		50001194
	[1]		50001180
ARR 5000128c (sz=32, trace=300000, nelems=3, elem type=java.lang.Object[]@50000113)
	[0]		500011a8
	[1]		5000117b
	[2]		5000129f
ARR 5000128d (sz=24, trace=300000, nelems=2, elem type=java.lang.Object[]@50000113)
	[0]		50001196
	[1]		50001182
ARR 5000128e (sz=24, trace=300000, nelems=2, elem type=java.lang.Object[]@50000113)
	[0]		500011a7
	[1]		50001172
ARR 5000128f (sz=24, trace=300000, nelems=2, elem type=java.lang.Object[]@50000113)
	[0]		5000105e
	[1]		50001174
ARR 50001290 (sz=32, trace=300000, nelems=3, elem type=java.lang.Object[]@50000113)
	[0]		5000105f
	[1]		50001175
	[2]		5000129e
ARR 50001291 (sz=32, trace=300000, nelems=3, elem type=java.lang.Object[]@50000113)
	[0]		50001190
	[1]		5000117c
	[2]		5000129d
ARR 50001292 (sz=32, trace=300000, nelems=3, elem type=java.lang.Object[]@50000113)
	[0]		50001060
	[1]		50001176
	[2]		5000129b
ARR 50001293 (sz=32, trace=300000, nelems=3, elem type=java.lang.Object[]@50000113)
	[0]		5000118e
	[1]		50001178
	[2]		50001299
ARR 50001294 (sz=24, trace=300000, nelems=2, elem type=java.lang.Object[]@50000113)
	[0]		500011a9
	[1]		5000118c
ARR 50001295 (sz=24, trace=300000, nelems=2, elem type=java.lang.Object[]@50000113)
	[0]		500011aa
	[1]		5000100b
ARR 50001296 (sz=24, trace=300000, nelems=2, elem type=java.lang.Object[]@50000113)
	[0]		50001197
	[1]		50001183
ARR 50001297 (sz=24, trace=300000, nelems=2, elem type=java.lang.Object[]@50000113)
	[0]		50001198
	[1]		50001184
ARR 50001298 (sz=24, trace=300000, nelems=2, elem type=java.lang.Object[]@50000113)
	[0]		5000119f
	[1]		5000100c
ARR 50001299 (sz=32, trace=300000, nelems=3, elem type=java.lang.Object[]@50000113)
	[0]		50001061
	[1]		50001177
	[2]		5000129a
ARR 5000129a (sz=24, trace=300000, nelems=2, elem type=java.lang.Object[]@50000113)
	[0]		500011ab
	[1]		5000100d
ARR 5000129b (sz=32, trace=300000, nelems=3, elem type=java.lang.Object[]@50000113)
	[0]		5000105a
	[1]		50001171
	[2]		5000129c
ARR 5000129c (sz=24, trace=300000, nelems=2, elem type=java.lang.Object[]@50000113)
	[0]		50001191
	[1]		5000117d
ARR 5000129d (sz=24, trace=300000, nelems=2, elem type=java.lang.Object[]@50000113)
	[0]		50001199
	[1]		5000118b
ARR 5000129e (sz=24, trace=300000, nelems=2, elem type=java.lang.Object[]@50000113)
	[0]		5000105c
	[1]		50001173
ARR 5000129f (sz=24, trace=300000, nelems=2, elem type=java.lang.Object[]@50000113)
	[0]		50001195
	[1]		50001181
ARR 500012a0 (sz=24, trace=300000, nelems=2, elem type=java.lang.Object[]@50000113)
	[0]		500011a0
	[1]		5000118d
ARR 500012a1 (sz=24, trace=300000, nelems=2, elem type=java.lang.Object[]@50000113)
	[0]		5000118f
	[1]		50000ffd
ARR 500012a2 (sz=24, trace=300000, nelems=2, elem type=java.lang.Object[]@50000113)
	[0]		5000119a
	[1]		50001006
ARR 500012a3 (sz=32, trace=300000, nelems=3, elem type=java.lang.Object[]@50000113)
	[0]		500011a3
	[1]		50001187
	[2]		500012a4
ARR 500012a4 (sz=24, trace=300000, nelems=2, elem type=java.lang.Object[]@50000113)
	[0]		5000119e
	[1]		5000100a
ARR 500012a5 (sz=24, trace=300000, nelems=2, elem type=java.lang.Object[]@50000113)
	[0]		500011a1
	[1]		50001185
ARR 500012a6 (sz=32, trace=300000, nelems=3, elem type=java.lang.Object[]@50000113)
	[0]		5000119d
	[1]		50001009
	[2]		500012a7
ARR 500012a7 (sz=24, trace=300000, nelems=2, elem type=java.lang.Object[]@50000113)
	[0]		5000119c
	[1]		50001008
ARR 500012a8 (sz=4112, trace=300000, nelems=1016, elem type=java.lang.Object[]@50000113)
	[1]		500012a9
	[2]		500012aa
	[3]		500012ab
	[5]		500012ac
	[6]		500012ad
	[10]		500012ae
	[19]		500012af
	[24]		500012b0
	[25]		500012b1
	[26]		500012b2
	[28]		500012b3
	[29]		500012b4
	[55]		500012b5
	[58]		500012b6
	[86]		500012b7
	[87]		500012b8
	[89]		500012b9
	[90]		500012ba
	[92]		500012bb
	[94]		500012bc
	[95]		500012bd
	[96]		500012be
	[106]		500012bf
	[121]		500012c0
	[125]		500012c1
	[134]		500012c2
	[137]		500012c3
	[141]		500012c4
	[143]		500012c5
	[144]		500012c6
	[170]		500012c7
	[173]		500012c8
	[177]		500012c9
	[192]		500012ca
	[199]		500012cb
	[205]		500012cc
	[211]		500012cd
	[213]		500012ce
	[216]		500012cf
	[218]		500012d0
	[219]		500012d1
	[225]		500012d2
	[244]		500012d3
	[248]		500012d4
	[253]		500012d5
	[254]		500012d6
	[259]		500012d7
	[269]		500012d8
	[277]		500012d9
	[280]		500012da
	[283]		500012db
	[284]		500012dc
	[286]		500012dd
	[287]		500012de
	[289]		500012df
	[291]		500012e0
	[294]		500012e1
	[296]		500012e2
	[297]		500012e3
	[305]		500012e4
	[307]		500012e5
	[312]		500012e6
	[321]		500012e7
	[323]		500012e8
	[324]		500012e9
	[325]		500012ea
	[326]		500012eb
	[327]		500012ec
	[328]		500012ed
	[329]		500012ee
	[331]		500012ef
	[333]		500012f0
	[334]		500012f1
	[336]		500012f2
	[339]		500012f3
	[341]		500012f4
	[345]		500012f5
	[350]		500012f6
	[353]		500012f7
	[358]		500012f8
	[359]		500012f9
	[363]		500012fa
	[364]		500012fb
	[378]		500012fc
	[385]		500012fd
	[391]		500012fe
	[392]		500012ff
	[405]		50001300
	[406]		50001301
	[408]		50001302
	[421]		50001303
	[428]		50001304
	[429]		50001305
	[430]		50001306
	[432]		50001307
	[433]		50001308
	[436]		50001309
	[437]		5000130a
	[438]		5000130b
	[443]		5000130c
	[456]		5000130d
	[473]		5000130e
	[479]		5000130f
	[481]		50001310
	[484]		50001311
	[486]		50001312
	[487]		50001313
	[502]		50001314
	[506]		50001315
	[508]		50001316
	[511]		50001317
	[512]		50001318
	[513]		50001319
	[514]		5000131a
	[516]		5000131b
	[520]		5000131c
	[523]		5000131d
	[524]		5000131e
	[533]		5000131f
	[537]		50001320
	[539]		50001321
	[543]		50001322
	[545]		50001323
	[563]		50001324
	[572]		50001325
	[573]		50001326
	[577]		50001327
	[582]		50001328
	[583]		50001329
	[588]		5000132a
	[593]		5000132b
	[598]		5000132c
	[609]		5000132d
	[617]		5000132e
	[618]		5000132f
	[619]		50001330
	[620]		50001331
	[621]		50001332
	[624]		50001333
	[628]		50001334
	[632]		50001335
	[634]		50001336
	[635]		50001337
	[636]		50001338
	[654]		50001339
	[669]		5000133a
	[670]		5000133b
	[671]		5000133c
	[676]		5000133d
	[679]		5000133e
	[686]		5000133f
	[703]		50001340
	[710]		50001341
	[712]		50001342
	[732]		50001343
	[733]		50001344
	[768]		50001345
	[774]		50001346
	[781]		50001347
	[782]		50001348
	[783]		50001349
	[784]		5000134a
	[785]		5000134b
	[787]		5000134c
	[789]		5000134d
	[813]		5000134e
	[818]		5000134f
	[832]		50001350
	[834]		50001351
	[835]		50001352
	[836]		50001353
	[837]		50001354
	[838]		50001355
	[840]		50001356
	[842]		50001357
	[843]		50001358
	[846]		50001359
	[849]		5000135a
	[881]		5000135b
	[896]		5000135c
	[909]		5000135d
	[910]		5000135e
	[911]		5000135f
	[912]		50001360
	[925]		50001361
	[934]		50001362
	[937]		50001363
	[944]		50001364
	[957]		50001365
	[993]		50001366
	[1009]		50001367
	[1015]		50001368
ARR 500012a9 (sz=24, trace=300000, nelems=2, elem type=java.lang.Object[]@50000113)
	[0]		500011ee
	[1]		50001191
ARR 500012aa (sz=24, trace=300000, nelems=2, elem type=java.lang.Object[]@50000113)
	[0]		500011ef
	[1]		5000118f
ARR 500012ab (sz=24, trace=300000, nelems=2, elem type=java.lang.Object[]@50000113)
	[0]		500011f0
	[1]		50001192
ARR 500012ac (sz=24, trace=300000, nelems=2, elem type=java.lang.Object[]@50000113)
	[0]		500011f1
	[1]		50001193
ARR 500012ad (sz=24, trace=300000, nelems=2, elem type=java.lang.Object[]@50000113)
	[0]		500011f2
	[1]		50001196
ARR 500012ae (sz=24, trace=300000, nelems=2, elem type=java.lang.Object[]@50000113)
	[0]		500011f3
	[1]		50001191
ARR 500012af (sz=24, trace=300000, nelems=2, elem type=java.lang.Object[]@50000113)
	[0]		5000121e
	[1]		500011a9
ARR 500012b0 (sz=24, trace=300000, nelems=2, elem type=java.lang.Object[]@50000113)
	[0]		500011ff
	[1]		50001199
ARR 500012b1 (sz=24, trace=300000, nelems=2, elem type=java.lang.Object[]@50000113)
	[0]		50001214
	[1]		50001195
ARR 500012b2 (sz=24, trace=300000, nelems=2, elem type=java.lang.Object[]@50000113)
	[0]		50000fda
	[1]		50001192
ARR 500012b3 (sz=24, trace=300000, nelems=2, elem type=java.lang.Object[]@50000113)
	[0]		50000fdb
	[1]		50001193
ARR 500012b4 (sz=24, trace=300000, nelems=2, elem type=java.lang.Object[]@50000113)
	[0]		50000fdc
	[1]		50001194
ARR 500012b5 (sz=24, trace=300000, nelems=2, elem type=java.lang.Object[]@50000113)
	[0]		50000fdd
	[1]		50001196
ARR 500012b6 (sz=24, trace=300000, nelems=2, elem type=java.lang.Object[]@50000113)
	[0]		50000fde
	[1]		50001191
ARR 500012b7 (sz=32, trace=300000, nelems=3, elem type=java.lang.Object[]@50000113)
	[0]		500011f4
	[1]		50001194
	[2]		50001379
ARR 500012b8 (sz=24, trace=300000, nelems=2, elem type=java.lang.Object[]@50000113)
	[0]		50000fd5
	[1]		50001192
ARR 500012b9 (sz=24, trace=300000, nelems=2, elem type=java.lang.Object[]@50000113)
	[0]		50000fd6
	[1]		50001193
ARR 500012ba (sz=32, trace=300000, nelems=3, elem type=java.lang.Object[]@50000113)
	[0]		50000fc8
	[1]		50001195
	[2]		50001378
ARR 500012bb (sz=24, trace=300000, nelems=2, elem type=java.lang.Object[]@50000113)
	[0]		50000fd8
	[1]		50001195
ARR 500012bc (sz=24, trace=300000, nelems=2, elem type=java.lang.Object[]@50000113)
	[0]		50000fd9
	[1]		50001196
ARR 500012bd (sz=24, trace=300000, nelems=2, elem type=java.lang.Object[]@50000113)
	[0]		5000120c
	[1]		5000118f
ARR 500012be (sz=24, trace=300000, nelems=2, elem type=java.lang.Object[]@50000113)
	[0]		50000fc9
	[1]		5000118f
ARR 500012bf (sz=24, trace=300000, nelems=2, elem type=java.lang.Object[]@50000113)
	[0]		50001086
	[1]		500011a0
ARR 500012c0 (sz=24, trace=300000, nelems=2, elem type=java.lang.Object[]@50000113)
	[0]		5000122d
	[1]		5000119c
ARR 500012c1 (sz=24, trace=300000, nelems=2, elem type=java.lang.Object[]@50000113)
	[0]		500011f7
	[1]		50001195
ARR 500012c2 (sz=24, trace=300000, nelems=2, elem type=java.lang.Object[]@50000113)
	[0]		50001079
	[1]		50001197
ARR 500012c3 (sz=24, trace=300000, nelems=2, elem type=java.lang.Object[]@50000113)
	[0]		5000107a
	[1]		50001198
ARR 500012c4 (sz=24, trace=300000, nelems=2, elem type=java.lang.Object[]@50000113)
	[0]		50001032
	[1]		50001192
ARR 500012c5 (sz=24, trace=300000, nelems=2, elem type=java.lang.Object[]@50000113)
	[0]		50001033
	[1]		50001193
ARR 500012c6 (sz=24, trace=300000, nelems=2, elem type=java.lang.Object[]@50000113)
	[0]		50001034
	[1]		50001194
ARR 500012c7 (sz=24, trace=300000, nelems=2, elem type=java.lang.Object[]@50000113)
	[0]		50001035
	[1]		50001196
ARR 500012c8 (sz=24, trace=300000, nelems=2, elem type=java.lang.Object[]@50000113)
	[0]		50001036
	[1]		50001191
ARR 500012c9 (sz=24, trace=300000, nelems=2, elem type=java.lang.Object[]@50000113)
	[0]		5000122b
	[1]		500011ab
ARR 500012ca (sz=24, trace=300000, nelems=2, elem type=java.lang.Object[]@50000113)
	[0]		50001225
	[1]		5000119b
ARR 500012cb (sz=32, trace=300000, nelems=3, elem type=java.lang.Object[]@50000113)
	[0]		50001046
	[1]		5000105a
	[2]		50001377
ARR 500012cc (sz=24, trace=300000, nelems=2, elem type=java.lang.Object[]@50000113)
	[0]		50001028
	[1]		50001195
ARR 500012cd (sz=32, trace=300000, nelems=3, elem type=java.lang.Object[]@50000113)
	[0]		50000fca
	[1]		5000105e
	[2]		50001376
ARR 500012ce (sz=24, trace=300000, nelems=2, elem type=java.lang.Object[]@50000113)
	[0]		50000fcb
	[1]		5000105f
ARR 500012cf (sz=24, trace=300000, nelems=2, elem type=java.lang.Object[]@50000113)
	[0]		50000fcc
	[1]		50001060
ARR 500012d0 (sz=32, trace=300000, nelems=3, elem type=java.lang.Object[]@50000113)
	[0]		50000fcd
	[1]		50001061
	[2]		50001375
ARR 500012d1 (sz=32, trace=300000, nelems=3, elem type=java.lang.Object[]@50000113)
	[0]		50000fce
	[1]		5000118e
	[2]		50001374
ARR 500012d2 (sz=24, trace=300000, nelems=2, elem type=java.lang.Object[]@50000113)
	[0]		500011ea
	[1]		50001199
ARR 500012d3 (sz=24, trace=300000, nelems=2, elem type=java.lang.Object[]@50000113)
	[0]		50000fcf
	[1]		50001062
ARR 500012d4 (sz=24, trace=300000, nelems=2, elem type=java.lang.Object[]@50000113)
	[0]		50000fd0
	[1]		50001063
ARR 500012d5 (sz=24, trace=300000, nelems=2, elem type=java.lang.Object[]@50000113)
	[0]		5000122e
	[1]		5000119e
ARR 500012d6 (sz=24, trace=300000, nelems=2, elem type=java.lang.Object[]@50000113)
	[0]		5000120e
	[1]		50001192
ARR 500012d7 (sz=24, trace=300000, nelems=2, elem type=java.lang.Object[]@50000113)
	[0]		5000121c
	[1]		5000119a
ARR 500012d8 (sz=24, trace=300000, nelems=2, elem type=java.lang.Object[]@50000113)
	[0]		50001208
	[1]		50001191
ARR 500012d9 (sz=24, trace=300000, nelems=2, elem type=java.lang.Object[]@50000113)
	[0]		50000fd1
	[1]		500011a8
ARR 500012da (sz=24, trace=300000, nelems=2, elem type=java.lang.Object[]@50000113)
	[0]		5000121f
	[1]		5000119c
ARR 500012db (sz=24, trace=300000, nelems=2, elem type=java.lang.Object[]@50000113)
	[0]		50001206
	[1]		5000118f
ARR 500012dc (sz=24, trace=300000, nelems=2, elem type=java.lang.Object[]@50000113)
	[0]		50001072
	[1]		50001192
ARR 500012dd (sz=24, trace=300000, nelems=2, elem type=java.lang.Object[]@50000113)
	[0]		50001073
	[1]		50001193
ARR 500012de (sz=24, trace=300000, nelems=2, elem type=java.lang.Object[]@50000113)
	[0]		50001074
	[1]		50001194
ARR 500012df (sz=24, trace=300000, nelems=2, elem type=java.lang.Object[]@50000113)
	[0]		50001075
	[1]		50001195
ARR 500012e0 (sz=24, trace=300000, nelems=2, elem type=java.lang.Object[]@50000113)
	[0]		50001076
	[1]		50001196
ARR 500012e1 (sz=24, trace=300000, nelems=2, elem type=java.lang.Object[]@50000113)
	[0]		50001065
	[1]		50001192
ARR 500012e2 (sz=24, trace=300000, nelems=2, elem type=java.lang.Object[]@50000113)
	[0]		50001066
	[1]		50001193
ARR 500012e3 (sz=24, trace=300000, nelems=2, elem type=java.lang.Object[]@50000113)
	[0]		50001067
	[1]		50001194
ARR 500012e4 (sz=24, trace=300000, nelems=2, elem type=java.lang.Object[]@50000113)
	[0]		50001077
	[1]		50001190
ARR 500012e5 (sz=24, trace=300000, nelems=2, elem type=java.lang.Object[]@50000113)
	[0]		5000120b
	[1]		50001191
ARR 500012e6 (sz=32, trace=300000, nelems=3, elem type=java.lang.Object[]@50000113)
	[0]		5000104a
	[1]		50001195
	[2]		50001373
ARR 500012e7 (sz=24, trace=300000, nelems=2, elem type=java.lang.Object[]@50000113)
	[0]		50001056
	[1]		50001192
ARR 500012e8 (sz=32, trace=300000, nelems=3, elem type=java.lang.Object[]@50000113)
	[0]		50001068
	[1]		50001196
	[2]		50001372
ARR 500012e9 (sz=24, trace=300000, nelems=2, elem type=java.lang.Object[]@50000113)
	[0]		50001058
	[1]		50001194
ARR 500012ea (sz=24, trace=300000, nelems=2, elem type=java.lang.Object[]@50000113)
	[0]		5000107b
	[1]		5000118f
ARR 500012eb (sz=32, trace=300000, nelems=3, elem type=java.lang.Object[]@50000113)
	[0]		5000102a
	[1]		5000105e
	[2]		50001370
ARR 500012ec (sz=24, trace=300000, nelems=2, elem type=java.lang.Object[]@50000113)
	[0]		50001048
	[1]		50001194
ARR 500012ed (sz=32, trace=300000, nelems=3, elem type=java.lang.Object[]@50000113)
	[0]		5000102b
	[1]		5000105f
	[2]		5000136f
ARR 500012ee (sz=24, trace=300000, nelems=2, elem type=java.lang.Object[]@50000113)
	[0]		5000107e
	[1]		50001196
ARR 500012ef (sz=24, trace=300000, nelems=2, elem type=java.lang.Object[]@50000113)
	[0]		5000102c
	[1]		50001060
ARR 500012f0 (sz=32, trace=300000, nelems=3, elem type=java.lang.Object[]@50000113)
	[0]		5000102d
	[1]		50001061
	[2]		5000136e
ARR 500012f1 (sz=32, trace=300000, nelems=3, elem type=java.lang.Object[]@50000113)
	[0]		5000102e
	[1]		5000118e
	[2]		5000136d
ARR 500012f2 (sz=24, trace=300000, nelems=2, elem type=java.lang.Object[]@50000113)
	[0]		50001217
	[1]		5000118f
ARR 500012f3 (sz=24, trace=300000, nelems=2, elem type=java.lang.Object[]@50000113)
	[0]		50001078
	[1]		50001197
ARR 500012f4 (sz=24, trace=300000, nelems=2, elem type=java.lang.Object[]@50000113)
	[0]		50000fc7
	[1]		5000105c
ARR 500012f5 (sz=24, trace=300000, nelems=2, elem type=java.lang.Object[]@50000113)
	[0]		50001216
	[1]		50001196
ARR 500012f6 (sz=24, trace=300000, nelems=2, elem type=java.lang.Object[]@50000113)
	[0]		50001059
	[1]		50001196
ARR 500012f7 (sz=24, trace=300000, nelems=2, elem type=java.lang.Object[]@50000113)
	[0]		500011fa
	[1]		50001191
ARR 500012f8 (sz=24, trace=300000, nelems=2, elem type=java.lang.Object[]@50000113)
	[0]		5000105d
	[1]		50001195
ARR 500012f9 (sz=24, trace=300000, nelems=2, elem type=java.lang.Object[]@50000113)
	[0]		5000102f
	[1]		50001062
ARR 500012fa (sz=24, trace=300000, nelems=2, elem type=java.lang.Object[]@50000113)
	[0]		50001030
	[1]		50001063
ARR 500012fb (sz=24, trace=300000, nelems=2, elem type=java.lang.Object[]@50000113)
	[0]		500011fc
	[1]		5000118f
ARR 500012fc (sz=24, trace=300000, nelems=2, elem type=java.lang.Object[]@50000113)
	[0]		500011e7
	[1]		50001199
ARR 500012fd (sz=24, trace=300000, nelems=2, elem type=java.lang.Object[]@50000113)
	[0]		5000104e
	[1]		50001195
ARR 500012fe (sz=24, trace=300000, nelems=2, elem type=java.lang.Object[]@50000113)
	[0]		500011f9
	[1]		5000118f
ARR 500012ff (sz=24, trace=300000, nelems=2, elem type=java.lang.Object[]@50000113)
	[0]		50001031
	[1]		500011a8
ARR 50001300 (sz=24, trace=300000, nelems=2, elem type=java.lang.Object[]@50000113)
	[0]		50001069
	[1]		5000118f
ARR 50001301 (sz=24, trace=300000, nelems=2, elem type=java.lang.Object[]@50000113)
	[0]		5000106a
	[1]		50001192
ARR 50001302 (sz=24, trace=300000, nelems=2, elem type=java.lang.Object[]@50000113)
	[0]		50000fc5
	[1]		5000105a
ARR 50001303 (sz=24, trace=300000, nelems=2, elem type=java.lang.Object[]@50000113)
	[0]		50001191
	[1]		50001191
ARR 50001304 (sz=24, trace=300000, nelems=2, elem type=java.lang.Object[]@50000113)
	[0]		50001219
	[1]		50001191
ARR 50001305 (sz=24, trace=300000, nelems=2, elem type=java.lang.Object[]@50000113)
	[0]		5000107f
	[1]		5000118f
ARR 50001306 (sz=24, trace=300000, nelems=2, elem type=java.lang.Object[]@50000113)
	[0]		50001080
	[1]		50001192
ARR 50001307 (sz=24, trace=300000, nelems=2, elem type=java.lang.Object[]@50000113)
	[0]		50001081
	[1]		50001193
ARR 50001308 (sz=24, trace=300000, nelems=2, elem type=java.lang.Object[]@50000113)
	[0]		50001082
	[1]		50001196
ARR 50001309 (sz=24, trace=300000, nelems=2, elem type=java.lang.Object[]@50000113)
	[0]		5000106b
	[1]		50001193
ARR 5000130a (sz=24, trace=300000, nelems=2, elem type=java.lang.Object[]@50000113)
	[0]		5000121a
	[1]		50001191
ARR 5000130b (sz=24, trace=300000, nelems=2, elem type=java.lang.Object[]@50000113)
	[0]		500011e8
	[1]		50001199
ARR 5000130c (sz=24, trace=300000, nelems=2, elem type=java.lang.Object[]@50000113)
	[0]		50001220
	[1]		500011aa
ARR 5000130d (sz=24, trace=300000, nelems=2, elem type=java.lang.Object[]@50000113)
	[0]		50001027
	[1]		5000105c
ARR 5000130e (sz=24, trace=300000, nelems=2, elem type=java.lang.Object[]@50000113)
	[0]		5000106c
	[1]		50001195
ARR 5000130f (sz=24, trace=300000, nelems=2, elem type=java.lang.Object[]@50000113)
	[0]		5000105e
	[1]		5000105e
ARR 50001310 (sz=24, trace=300000, nelems=2, elem type=java.lang.Object[]@50000113)
	[0]		5000105f
	[1]		5000105f
ARR 50001311 (sz=24, trace=300000, nelems=2, elem type=java.lang.Object[]@50000113)
	[0]		50001060
	[1]		50001060
ARR 50001312 (sz=24, trace=300000, nelems=2, elem type=java.lang.Object[]@50000113)
	[0]		50001061
	[1]		50001061
ARR 50001313 (sz=24, trace=300000, nelems=2, elem type=java.lang.Object[]@50000113)
	[0]		5000105b
	[1]		500011a7
ARR 50001314 (sz=24, trace=300000, nelems=2, elem type=java.lang.Object[]@50000113)
	[0]		50001226
	[1]		5000119c
ARR 50001315 (sz=24, trace=300000, nelems=2, elem type=java.lang.Object[]@50000113)
	[0]		5000104f
	[1]		5000105e
ARR 50001316 (sz=24, trace=300000, nelems=2, elem type=java.lang.Object[]@50000113)
	[0]		50001050
	[1]		5000105f
ARR 50001317 (sz=24, trace=300000, nelems=2, elem type=java.lang.Object[]@50000113)
	[0]		50001051
	[1]		50001060
ARR 50001318 (sz=24, trace=300000, nelems=2, elem type=java.lang.Object[]@50000113)
	[0]		50001062
	[1]		50001062
ARR 50001319 (sz=24, trace=300000, nelems=2, elem type=java.lang.Object[]@50000113)
	[0]		50001052
	[1]		50001061
ARR 5000131a (sz=24, trace=300000, nelems=2, elem type=java.lang.Object[]@50000113)
	[0]		5000104c
	[1]		500011a7
ARR 5000131b (sz=24, trace=300000, nelems=2, elem type=java.lang.Object[]@50000113)
	[0]		50001063
	[1]		50001063
ARR 5000131c (sz=24, trace=300000, nelems=2, elem type=java.lang.Object[]@50000113)
	[0]		5000121d
	[1]		5000119b
ARR 5000131d (sz=24, trace=300000, nelems=2, elem type=java.lang.Object[]@50000113)
	[0]		5000101f
	[1]		5000105a
ARR 5000131e (sz=24, trace=300000, nelems=2, elem type=java.lang.Object[]@50000113)
	[0]		50001087
	[1]		5000119a
ARR 5000131f (sz=24, trace=300000, nelems=2, elem type=java.lang.Object[]@50000113)
	[0]		5000106d
	[1]		50001194
ARR 50001320 (sz=24, trace=300000, nelems=2, elem type=java.lang.Object[]@50000113)
	[0]		5000106e
	[1]		50001196
ARR 50001321 (sz=24, trace=300000, nelems=2, elem type=java.lang.Object[]@50000113)
	[0]		50001053
	[1]		50001062
ARR 50001322 (sz=24, trace=300000, nelems=2, elem type=java.lang.Object[]@50000113)
	[0]		50001054
	[1]		50001063
ARR 50001323 (sz=24, trace=300000, nelems=2, elem type=java.lang.Object[]@50000113)
	[0]		50001064
	[1]		500011a8
ARR 50001324 (sz=24, trace=300000, nelems=2, elem type=java.lang.Object[]@50000113)
	[0]		5000122f
	[1]		5000119f
ARR 50001325 (sz=24, trace=300000, nelems=2, elem type=java.lang.Object[]@50000113)
	[0]		50001055
	[1]		500011a8
ARR 50001326 (sz=24, trace=300000, nelems=2, elem type=java.lang.Object[]@50000113)
	[0]		50001210
	[1]		50001193
ARR 50001327 (sz=24, trace=300000, nelems=2, elem type=java.lang.Object[]@50000113)
	[0]		50000fb2
	[1]		50001199
ARR 50001328 (sz=24, trace=300000, nelems=2, elem type=java.lang.Object[]@50000113)
	[0]		50001222
	[1]		5000119d
ARR 50001329 (sz=24, trace=300000, nelems=2, elem type=java.lang.Object[]@50000113)
	[0]		5000121b
	[1]		5000118e
ARR 5000132a (sz=24, trace=300000, nelems=2, elem type=java.lang.Object[]@50000113)
	[0]		500011f8
	[1]		50001195
ARR 5000132b (sz=24, trace=300000, nelems=2, elem type=java.lang.Object[]@50000113)
	[0]		500011f5
	[1]		50001195
ARR 5000132c (sz=24, trace=300000, nelems=2, elem type=java.lang.Object[]@50000113)
	[0]		500011eb
	[1]		50001061
ARR 5000132d (sz=24, trace=300000, nelems=2, elem type=java.lang.Object[]@50000113)
	[0]		5000105c
	[1]		5000105c
ARR 5000132e (sz=24, trace=300000, nelems=2, elem type=java.lang.Object[]@50000113)
	[0]		50001019
	[1]		500011a1
ARR 5000132f (sz=24, trace=300000, nelems=2, elem type=java.lang.Object[]@50000113)
	[0]		5000101a
	[1]		500011a2
ARR 50001330 (sz=24, trace=300000, nelems=2, elem type=java.lang.Object[]@50000113)
	[0]		5000101b
	[1]		500011a3
ARR 50001331 (sz=24, trace=300000, nelems=2, elem type=java.lang.Object[]@50000113)
	[0]		5000101c
	[1]		500011a4
ARR 50001332 (sz=24, trace=300000, nelems=2, elem type=java.lang.Object[]@50000113)
	[0]		5000101d
	[1]		500011a5
ARR 50001333 (sz=32, trace=300000, nelems=3, elem type=java.lang.Object[]@50000113)
	[0]		500011ec
	[1]		50001062
	[2]		5000136c
ARR 50001334 (sz=24, trace=300000, nelems=2, elem type=java.lang.Object[]@50000113)
	[0]		500011ed
	[1]		50001063
ARR 50001335 (sz=24, trace=300000, nelems=2, elem type=java.lang.Object[]@50000113)
	[0]		50001071
	[1]		50001190
ARR 50001336 (sz=32, trace=300000, nelems=3, elem type=java.lang.Object[]@50000113)
	[0]		50001207
	[1]		50001191
	[2]		5000136b
ARR 50001337 (sz=24, trace=300000, nelems=2, elem type=java.lang.Object[]@50000113)
	[0]		50001229
	[1]		500011aa
ARR 50001338 (sz=24, trace=300000, nelems=2, elem type=java.lang.Object[]@50000113)
	[0]		5000104d
	[1]		5000105c
ARR 50001339 (sz=24, trace=300000, nelems=2, elem type=java.lang.Object[]@50000113)
	[0]		50001018
	[1]		5000118e
ARR 5000133a (sz=24, trace=300000, nelems=2, elem type=java.lang.Object[]@50000113)
	[0]		50000fd3
	[1]		50001190
ARR 5000133b (sz=24, trace=300000, nelems=2, elem type=java.lang.Object[]@50000113)
	[0]		50000fae
	[1]		50001199
ARR 5000133c (sz=24, trace=300000, nelems=2, elem type=java.lang.Object[]@50000113)
	[0]		50000fd4
	[1]		50001191
ARR 5000133d (sz=24, trace=300000, nelems=2, elem type=java.lang.Object[]@50000113)
	[0]		5000105a
	[1]		5000105a
ARR 5000133e (sz=24, trace=300000, nelems=2, elem type=java.lang.Object[]@50000113)
	[0]		50000fb0
	[1]		50001199
ARR 5000133f (sz=24, trace=300000, nelems=2, elem type=java.lang.Object[]@50000113)
	[0]		500011fe
	[1]		5000119b
ARR 50001340 (sz=24, trace=300000, nelems=2, elem type=java.lang.Object[]@50000113)
	[0]		5000104b
	[1]		5000105a
ARR 50001341 (sz=24, trace=300000, nelems=2, elem type=java.lang.Object[]@50000113)
	[0]		50001201
	[1]		50001190
ARR 50001342 (sz=24, trace=300000, nelems=2, elem type=java.lang.Object[]@50000113)
	[0]		50001202
	[1]		50001191
ARR 50001343 (sz=24, trace=300000, nelems=2, elem type=java.lang.Object[]@50000113)
	[0]		50001212
	[1]		50001194
ARR 50001344 (sz=24, trace=300000, nelems=2, elem type=java.lang.Object[]@50000113)
	[0]		50001085
	[1]		5000119a
ARR 50001345 (sz=24, trace=300000, nelems=2, elem type=java.lang.Object[]@50000113)
	[0]		50001049
	[1]		50001195
ARR 50001346 (sz=24, trace=300000, nelems=2, elem type=java.lang.Object[]@50000113)
	[0]		50000fb6
	[1]		50001199
ARR 50001347 (sz=24, trace=300000, nelems=2, elem type=java.lang.Object[]@50000113)
	[0]		50001200
	[1]		5000118f
ARR 50001348 (sz=24, trace=300000, nelems=2, elem type=java.lang.Object[]@50000113)
	[0]		50001203
	[1]		50001192
ARR 50001349 (sz=24, trace=300000, nelems=2, elem type=java.lang.Object[]@50000113)
	[0]		50001043
	[1]		50001197
ARR 5000134a (sz=24, trace=300000, nelems=2, elem type=java.lang.Object[]@50000113)
	[0]		5000106f
	[1]		50001193
ARR 5000134b (sz=24, trace=300000, nelems=2, elem type=java.lang.Object[]@50000113)
	[0]		50001204
	[1]		50001194
ARR 5000134c (sz=24, trace=300000, nelems=2, elem type=java.lang.Object[]@50000113)
	[0]		50001070
	[1]		50001195
ARR 5000134d (sz=24, trace=300000, nelems=2, elem type=java.lang.Object[]@50000113)
	[0]		50001205
	[1]		50001196
ARR 5000134e (sz=24, trace=300000, nelems=2, elem type=java.lang.Object[]@50000113)
	[0]		50001017
	[1]		5000118e
ARR 5000134f (sz=24, trace=300000, nelems=2, elem type=java.lang.Object[]@50000113)
	[0]		50001045
	[1]		50001062
ARR 50001350 (sz=24, trace=300000, nelems=2, elem type=java.lang.Object[]@50000113)
	[0]		500011fb
	[1]		50001199
ARR 50001351 (sz=24, trace=300000, nelems=2, elem type=java.lang.Object[]@50000113)
	[0]		5000120a
	[1]		5000118f
ARR 50001352 (sz=32, trace=300000, nelems=3, elem type=java.lang.Object[]@50000113)
	[0]		5000120d
	[1]		50001192
	[2]		5000136a
ARR 50001353 (sz=24, trace=300000, nelems=2, elem type=java.lang.Object[]@50000113)
	[0]		50001084
	[1]		50001195
ARR 50001354 (sz=24, trace=300000, nelems=2, elem type=java.lang.Object[]@50000113)
	[0]		5000120f
	[1]		50001193
ARR 50001355 (sz=24, trace=300000, nelems=2, elem type=java.lang.Object[]@50000113)
	[0]		50001211
	[1]		50001194
ARR 50001356 (sz=32, trace=300000, nelems=3, elem type=java.lang.Object[]@50000113)
	[0]		500011f6
	[1]		5000105f
	[2]		50001369
ARR 50001357 (sz=24, trace=300000, nelems=2, elem type=java.lang.Object[]@50000113)
	[0]		50001215
	[1]		50001196
ARR 50001358 (sz=24, trace=300000, nelems=2, elem type=java.lang.Object[]@50000113)
	[0]		50001047
	[1]		50001060
ARR 50001359 (sz=24, trace=300000, nelems=2, elem type=java.lang.Object[]@50000113)
	[0]		50001088
	[1]		5000105a
ARR 5000135a (sz=24, trace=300000, nelems=2, elem type=java.lang.Object[]@50000113)
	[0]		500011e9
	[1]		50001199
ARR 5000135b (sz=24, trace=300000, nelems=2, elem type=java.lang.Object[]@50000113)
	[0]		50001223
	[1]		500011a0
ARR 5000135c (sz=24, trace=300000, nelems=2, elem type=java.lang.Object[]@50000113)
	[0]		50000fb4
	[1]		50001199
ARR 5000135d (sz=24, trace=300000, nelems=2, elem type=java.lang.Object[]@50000113)
	[0]		50001020
	[1]		500011a1
ARR 5000135e (sz=24, trace=300000, nelems=2, elem type=java.lang.Object[]@50000113)
	[0]		50001021
	[1]		500011a2
ARR 5000135f (sz=24, trace=300000, nelems=2, elem type=java.lang.Object[]@50000113)
	[0]		50001022
	[1]		500011a3
ARR 50001360 (sz=24, trace=300000, nelems=2, elem type=java.lang.Object[]@50000113)
	[0]		50001023
	[1]		500011a4
ARR 50001361 (sz=24, trace=300000, nelems=2, elem type=java.lang.Object[]@50000113)
	[0]		50001209
	[1]		50001199
ARR 50001362 (sz=24, trace=300000, nelems=2, elem type=java.lang.Object[]@50000113)
	[0]		50001024
	[1]		500011a5
ARR 50001363 (sz=24, trace=300000, nelems=2, elem type=java.lang.Object[]@50000113)
	[0]		50001025
	[1]		500011a6
ARR 50001364 (sz=24, trace=300000, nelems=2, elem type=java.lang.Object[]@50000113)
	[0]		5000122a
	[1]		5000119f
ARR 50001365 (sz=24, trace=300000, nelems=2, elem type=java.lang.Object[]@50000113)
	[0]		50001224
	[1]		5000119a
ARR 50001366 (sz=24, trace=300000, nelems=2, elem type=java.lang.Object[]@50000113)
	[0]		50001044
	[1]		5000105e
ARR 50001367 (sz=24, trace=300000, nelems=2, elem type=java.lang.Object[]@50000113)
	[0]		50001221
	[1]		500011ab
ARR 50001368 (sz=24, trace=300000, nelems=2, elem type=java.lang.Object[]@50000113)
	[0]		50001227
	[1]		5000119d
ARR 50001369 (sz=24, trace=300000, nelems=2, elem type=java.lang.Object[]@50000113)
	[0]		50001213
	[1]		50001195
ARR 5000136a (sz=24, trace=300000, nelems=2, elem type=java.lang.Object[]@50000113)
	[0]		5000122c
	[1]		5000119b
ARR 5000136b (sz=24, trace=300000, nelems=2, elem type=java.lang.Object[]@50000113)
	[0]		50001228
	[1]		5000119e
ARR 5000136c (sz=24, trace=300000, nelems=2, elem type=java.lang.Object[]@50000113)
	[0]		5000101e
	[1]		500011a6
ARR 5000136d (sz=24, trace=300000, nelems=2, elem type=java.lang.Object[]@50000113)
	[0]		50001026
	[1]		500011a7
ARR 5000136e (sz=24, trace=300000, nelems=2, elem type=java.lang.Object[]@50000113)
	[0]		50001218
	[1]		50001191
ARR 5000136f (sz=24, trace=300000, nelems=2, elem type=java.lang.Object[]@50000113)
	[0]		5000107d
	[1]		50001193
ARR 50001370 (sz=32, trace=300000, nelems=3, elem type=java.lang.Object[]@50000113)
	[0]		500011fd
	[1]		50001191
	[2]		50001371
ARR 50001371 (sz=24, trace=300000, nelems=2, elem type=java.lang.Object[]@50000113)
	[0]		5000107c
	[1]		50001192
ARR 50001372 (sz=24, trace=300000, nelems=2, elem type=java.lang.Object[]@50000113)
	[0]		50001057
	[1]		50001193
ARR 50001373 (sz=24, trace=300000, nelems=2, elem type=java.lang.Object[]@50000113)
	[0]		50000fb3
	[1]		50001199
ARR 50001374 (sz=24, trace=300000, nelems=2, elem type=java.lang.Object[]@50000113)
	[0]		50000fc6
	[1]		500011a7
ARR 50001375 (sz=24, trace=300000, nelems=2, elem type=java.lang.Object[]@50000113)
	[0]		50000fa9
	[1]		50001199
ARR 50001376 (sz=24, trace=300000, nelems=2, elem type=java.lang.Object[]@50000113)
	[0]		50001029
	[1]		5000118f
ARR 50001377 (sz=24, trace=300000, nelems=2, elem type=java.lang.Object[]@50000113)
	[0]		50001016
	[1]		500011a2
ARR 50001378 (sz=24, trace=300000, nelems=2, elem type=java.lang.Object[]@50000113)
	[0]		50000fd7
	[1]		50001194
ARR 50001379 (sz=24, trace=300000, nelems=2, elem type=java.lang.Object[]@50000113)
	[0]		50000fd2
	[1]		5000118f
ARR 5000137a (sz=144, trace=300000, nelems=32, elem type=java.lang.Object[]@50000113)
	[0]		5000137b
	[2]		5000137c
	[3]		5000137d
	[4]		5000137e
	[5]		5000137f
	[6]		50001380
	[7]		50001381
	[8]		50001382
	[9]		50001383
	[10]		50001384
	[11]		50001385
	[12]		50001386
	[14]		50001387
	[15]		50001388
	[16]		50001389
	[17]		5000138a
	[18]		5000138b
	[19]		5000138c
	[22]		5000138d
	[24]		5000138e
	[28]		5000138f
	[29]		50001390
	[31]		50001391
ARR 5000137b (sz=24, trace=300000, nelems=1, elem type=java.lang.Object[]@50000113)
	[0]		50001062
ARR 5000137c (sz=32, trace=300000, nelems=3, elem type=java.lang.Object[]@50000113)
	[0]		50001063
	[2]		500013c6
ARR 5000137d (sz=32, trace=300000, nelems=3, elem type=java.lang.Object[]@50000113)
	[0]		500011a2
	[2]		500013c5
ARR 5000137e (sz=32, trace=300000, nelems=3, elem type=java.lang.Object[]@50000113)
	[0]		500011a4
	[2]		500013c3
ARR 5000137f (sz=32, trace=300000, nelems=3, elem type=java.lang.Object[]@50000113)
	[0]		500011a5
	[2]		500013c1
ARR 50001380 (sz=24, trace=300000, nelems=1, elem type=java.lang.Object[]@50000113)
	[0]		500011a6
ARR 50001381 (sz=24, trace=300000, nelems=2, elem type=java.lang.Object[]@50000113)
	[0]		5000119b
	[1]		500002b8
ARR 50001382 (sz=32, trace=300000, nelems=3, elem type=java.lang.Object[]@50000113)
	[0]		50001192
	[2]		500013be
ARR 50001383 (sz=32, trace=300000, nelems=3, elem type=java.lang.Object[]@50000113)
	[0]		50001193
	[2]		50001399
ARR 50001384 (sz=24, trace=300000, nelems=1, elem type=java.lang.Object[]@50000113)
	[0]		50001194
ARR 50001385 (sz=32, trace=300000, nelems=3, elem type=java.lang.Object[]@50000113)
	[0]		500011a8
	[2]		50001398
ARR 50001386 (sz=24, trace=300000, nelems=1, elem type=java.lang.Object[]@50000113)
	[0]		50001196
ARR 50001387 (sz=24, trace=300000, nelems=1, elem type=java.lang.Object[]@50000113)
	[0]		500011a7
ARR 50001388 (sz=24, trace=300000, nelems=1, elem type=java.lang.Object[]@50000113)
	[0]		5000105e
ARR 50001389 (sz=32, trace=300000, nelems=3, elem type=java.lang.Object[]@50000113)
	[0]		5000105f
	[2]		50001397
ARR 5000138a (sz=32, trace=300000, nelems=3, elem type=java.lang.Object[]@50000113)
	[0]		50001190
	[2]		50001396
ARR 5000138b (sz=32, trace=300000, nelems=3, elem type=java.lang.Object[]@50000113)
	[0]		50001060
	[2]		50001394
ARR 5000138c (sz=32, trace=300000, nelems=3, elem type=java.lang.Object[]@50000113)
	[0]		5000118e
	[2]		50001392
ARR 5000138d (sz=24, trace=300000, nelems=1, elem type=java.lang.Object[]@50000113)
	[0]		500011a9
ARR 5000138e (sz=24, trace=300000, nelems=1, elem type=java.lang.Object[]@50000113)
	[0]		500011aa
ARR 5000138f (sz=24, trace=300000, nelems=1, elem type=java.lang.Object[]@50000113)
	[0]		50001197
ARR 50001390 (sz=24, trace=300000, nelems=1, elem type=java.lang.Object[]@50000113)
	[0]		50001198
ARR 50001391 (sz=24, trace=300000, nelems=1, elem type=java.lang.Object[]@50000113)
	[0]		5000119f
ARR 50001392 (sz=32, trace=300000, nelems=3, elem type=java.lang.Object[]@50000113)
	[0]		50001061
	[2]		50001393
ARR 50001393 (sz=24, trace=300000, nelems=1, elem type=java.lang.Object[]@50000113)
	[0]		500011ab
ARR 50001394 (sz=32, trace=300000, nelems=3, elem type=java.lang.Object[]@50000113)
	[0]		5000105a
	[2]		50001395
ARR 50001395 (sz=24, trace=300000, nelems=1, elem type=java.lang.Object[]@50000113)
	[0]		50001191
ARR 50001396 (sz=24, trace=300000, nelems=2, elem type=java.lang.Object[]@50000113)
	[0]		50001199
	[1]		50000290
ARR 50001397 (sz=24, trace=300000, nelems=1, elem type=java.lang.Object[]@50000113)
	[0]		5000105c
ARR 50001398 (sz=24, trace=300000, nelems=1, elem type=java.lang.Object[]@50000113)
	[0]		50001195
ARR 50001399 (sz=24, trace=300000, nelems=2, elem type=java.lang.Object[]@50000113)
	[0]		500011a0
	[1]		50000fa6
ARR 5000139a (sz=10, trace=300000, nelems=5, elem type=char[])
OBJ 5000139b (sz=24, trace=300000, class=java.lang.String@50000136)
	value		500013a5
OBJ 5000139c (sz=24, trace=300000, class=java.lang.String@50000136)
	value		500013a6
OBJ 5000139d (sz=24, trace=300000, class=java.lang.String@50000136)
	value		500013a7
OBJ 5000139e (sz=24, trace=300000, class=java.lang.String@50000136)
	value		500013a4
OBJ 5000139f (sz=16, trace=300000, class=java.nio.charset.CoderResult$2@5000006d)
OBJ 500013a0 (sz=16, trace=300000, class=java.nio.charset.CoderResult$1@50000045)
OBJ 500013a1 (sz=24, trace=300000, class=java.nio.charset.CoderResult@500000c4)
OBJ 500013a2 (sz=24, trace=300000, class=java.nio.charset.CoderResult@500000c4)
ARR 500013a3 (sz=32, trace=300000, nelems=4, elem type=java.lang.String[]@50000137)
	[0]		5000139d
	[1]		5000139c
	[2]		5000139b
	[3]		5000139e
ARR 500013a4 (sz=20, trace=300000, nelems=10, elem type=char[])
ARR 500013a5 (sz=18, trace=300000, nelems=9, elem type=char[])
ARR 500013a6 (sz=16, trace=300000, nelems=8, elem type=char[])
ARR 500013a7 (sz=18, trace=300000, nelems=9, elem type=char[])
OBJ 500013a8 (sz=24, trace=300000, class=java.lang.String@50000136)
	value		500013af
OBJ 500013a9 (sz=24, trace=300000, class=java.lang.String@50000136)
	value		500013ae
OBJ 500013aa (sz=24, trace=300000, class=java.lang.String@50000136)
	value		500013ad
OBJ 500013ab (sz=24, trace=300000, class=java.lang.String@50000136)
	value		500013b0
ARR 500013ac (sz=32, trace=300000, nelems=4, elem type=java.lang.String[]@50000137)
	[0]		500013ab
	[1]		500013a8
	[2]		500013a9
	[3]		500013aa
ARR 500013ad (sz=14, trace=300000, nelems=7, elem type=char[])
ARR 500013ae (sz=20, trace=300000, nelems=10, elem type=char[])
ARR 500013af (sz=12, trace=300000, nelems=6, elem type=char[])
ARR 500013b0 (sz=10, trace=300000, nelems=5, elem type=char[])
OBJ 500013b1 (sz=24, trace=300000, class=java.lang.String@50000136)
	value		500013b7
OBJ 500013b2 (sz=24, trace=300000, class=java.lang.String@50000136)
	value		500013b8
OBJ 500013b3 (sz=24, trace=300000, class=java.lang.String@50000136)
	value		500013b9
OBJ 500013b4 (sz=16, trace=300000, class=java.nio.charset.CodingErrorAction@500000ff)
	name		500013b3
OBJ 500013b5 (sz=16, trace=300000, class=java.nio.charset.CodingErrorAction@500000ff)
	name		500013b2
OBJ 500013b6 (sz=16, trace=300000, class=java.nio.charset.CodingErrorAction@500000ff)
	name		500013b1
ARR 500013b7 (sz=12, trace=300000, nelems=6, elem type=char[])
ARR 500013b8 (sz=14, trace=300000, nelems=7, elem type=char[])
ARR 500013b9 (sz=12, trace=300000, nelems=6, elem type=char[])
ARR 500013ba (sz=6, trace=300000, nelems=3, elem type=char[])
OBJ 500013bb (sz=24, trace=300000, class=java.lang.String@50000136)
	value		500013bd
ARR 500013bc (sz=32, trace=300000, nelems=4, elem type=java.lang.String[]@50000137)
	[0]		500013ab
	[1]		500013a8
	[2]		500013a9
	[3]		500013aa
ARR 500013bd (sz=2, trace=300000, nelems=1, elem type=char[])
ARR 500013be (sz=24, trace=300000, nelems=2, elem type=java.lang.Object[]@50000113)
	[0]		5000118f
	[1]		500002a2
ARR 500013bf (sz=20, trace=300000, nelems=10, elem type=char[])
ARR 500013c0 (sz=16, trace=300000, nelems=8, elem type=char[])
ARR 500013c1 (sz=24, trace=300000, nelems=2, elem type=java.lang.Object[]@50000113)
	[0]		5000119a
	[1]		500002dc
ARR 500013c2 (sz=12, trace=300000, nelems=6, elem type=char[])
ARR 500013c3 (sz=32, trace=300000, nelems=3, elem type=java.lang.Object[]@50000113)
	[0]		500011a3
	[2]		500013c4
ARR 500013c4 (sz=24, trace=300000, nelems=1, elem type=java.lang.Object[]@50000113)
	[0]		5000119e
ARR 500013c5 (sz=24, trace=300000, nelems=1, elem type=java.lang.Object[]@50000113)
	[0]		500011a1
ARR 500013c6 (sz=32, trace=300000, nelems=3, elem type=java.lang.Object[]@50000113)
	[0]		5000119d
	[2]		500013c7
ARR 500013c7 (sz=24, trace=300000, nelems=2, elem type=java.lang.Object[]@50000113)
	[0]		5000119c
	[1]		500002ca
ARR 500013c8 (sz=16, trace=300000, nelems=8, elem type=char[])
ARR 500013c9 (sz=20, trace=300000, nelems=10, elem type=char[])
OBJ 500013ca (sz=16, trace=300000, class=java.util.concurrent.atomic.AtomicInteger@50000039)
OBJ 500013cb (sz=24, trace=300000, class=java.lang.String@50000136)
	value		500013d2
OBJ 500013cc (sz=32, trace=300000, class=java.lang.ref.ReferenceQueue$Null@500000e1)
	lock		500013cf
OBJ 500013cd (sz=32, trace=300000, class=java.lang.ref.ReferenceQueue$Null@500000e1)
	lock		500013ce
OBJ 500013ce (sz=16, trace=300000, class=java.lang.ref.ReferenceQueue$Lock@5000004f)
OBJ 500013cf (sz=16, trace=300000, class=java.lang.ref.ReferenceQueue$Lock@5000004f)
OBJ 500013d0 (sz=24, trace=300000, class=java.lang.String@50000136)
	value		500013d1
ARR 500013d1 (sz=12, trace=300000, nelems=6, elem type=char[])
ARR 500013d2 (sz=34, trace=300000, nelems=17, elem type=char[])
ARR 500013d3 (sz=38, trace=300000, nelems=19, elem type=char[])
ARR 500013d4 (sz=26, trace=300000, nelems=13, elem type=char[])
OBJ 500013d5 (sz=16, trace=300000, class=java.lang.Object@50000112)
OBJ 500013d6 (sz=16, trace=300000, class=java.util.concurrent.ThreadLocalRandom$1@5000011d)
OBJ 500013d7 (sz=24, trace=300000, class=java.lang.String@50000136)
	value		500013df
OBJ 500013d8 (sz=24, trace=300000, class=java.lang.String@50000136)
	value		500013e1
OBJ 500013d9 (sz=24, trace=300000, class=java.lang.String@50000136)
	value		500013e4
ARR 500013da (sz=32, trace=300000, nelems=3, elem type=java.io.ObjectStreamField[]@5000016a)
	[0]		500013dc
	[1]		500013dd
	[2]		500013de
OBJ 500013db (sz=24, trace=300000, class=java.util.concurrent.atomic.AtomicLong@50000164)
OBJ 500013dc (sz=40, trace=300000, class=java.io.ObjectStreamField@50000169)
	name		500013d9
	signature	500013e3
	type		50000c11
OBJ 500013dd (sz=40, trace=300000, class=java.io.ObjectStreamField@50000169)
	name		500013d8
	signature	500013e0
	type		50000c0d
OBJ 500013de (sz=40, trace=300000, class=java.io.ObjectStreamField@50000169)
	name		500013d7
	signature	50000f21
	type		50000c0f
ARR 500013df (sz=40, trace=300000, nelems=20, elem type=char[])
OBJ 500013e0 (sz=24, trace=300000, class=java.lang.String@50000136)
	value		500013e2
ARR 500013e1 (sz=32, trace=300000, nelems=16, elem type=char[])
ARR 500013e2 (sz=2, trace=300000, nelems=1, elem type=char[])
OBJ 500013e3 (sz=24, trace=300000, class=java.lang.String@50000136)
	value		500013e5
ARR 500013e4 (sz=8, trace=300000, nelems=4, elem type=char[])
ARR 500013e5 (sz=2, trace=300000, nelems=1, elem type=char[])
ARR 500013e6 (sz=56, trace=300000, nelems=28, elem type=char[])
OBJ 500013e7 (sz=24, trace=300000, class=java.lang.String@50000136)
	value		500013fb
OBJ 500013e8 (sz=24, trace=300000, class=java.lang.String@50000136)
	value		500013fa
OBJ 500013e9 (sz=24, trace=300000, class=java.lang.String@50000136)
	value		50001400
OBJ 500013ea (sz=24, trace=300000, class=java.lang.String@50000136)
	value		500013fe
OBJ 500013eb (sz=24, trace=300000, class=java.lang.String@50000136)
	value		500013ff
OBJ 500013ec (sz=24, trace=300000, class=java.lang.String@50000136)
	value		50001401
OBJ 500013ed (sz=24, trace=300000, class=java.lang.String@50000136)
	value		50001405
OBJ 500013ee (sz=24, trace=300000, class=java.lang.String@50000136)
	value		50001403
OBJ 500013ef (sz=24, trace=300000, class=java.lang.String@50000136)
	value		50001404
OBJ 500013f0 (sz=24, trace=300000, class=java.lang.String@50000136)
	value		50001402
OBJ 500013f1 (sz=24, trace=300000, class=java.lang.String@50000136)
	value		500013fc
OBJ 500013f2 (sz=24, trace=300000, class=java.lang.String@50000136)
	value		500013f8
OBJ 500013f3 (sz=24, trace=300000, class=java.lang.String@50000136)
	value		500013fd
OBJ 500013f4 (sz=24, trace=300000, class=java.lang.String@50000136)
	value		500013f9
OBJ 500013f5 (sz=24, trace=300000, class=java.lang.String@50000136)
	value		50001406
OBJ 500013f6 (sz=24, trace=300000, class=java.lang.String@50000136)
	value		50001408
OBJ 500013f7 (sz=24, trace=300000, class=java.lang.String@50000136)
	value		50001407
ARR 500013f8 (sz=32, trace=300000, nelems=16, elem type=char[])
ARR 500013f9 (sz=34, trace=300000, nelems=17, elem type=char[])
ARR 500013fa (sz=24, trace=300000, nelems=12, elem type=char[])
ARR 500013fb (sz=20, trace=300000, nelems=10, elem type=char[])
ARR 500013fc (sz=20, trace=300000, nelems=10, elem type=char[])
ARR 500013fd (sz=12, trace=300000, nelems=6, elem type=char[])
ARR 500013fe (sz=28, trace=300000, nelems=14, elem type=char[])
ARR 500013ff (sz=28, trace=300000, nelems=14, elem type=char[])
ARR 50001400 (sz=44, trace=300000, nelems=22, elem type=char[])
ARR 50001401 (sz=40, trace=300000, nelems=20, elem type=char[])
ARR 50001402 (sz=44, trace=300000, nelems=22, elem type=char[])
ARR 50001403 (sz=42, trace=300000, nelems=21, elem type=char[])
ARR 50001404 (sz=48, trace=300000, nelems=24, elem type=char[])
ARR 50001405 (sz=36, trace=300000, nelems=18, elem type=char[])
ARR 50001406 (sz=38, trace=300000, nelems=19, elem type=char[])
ARR 50001407 (sz=42, trace=300000, nelems=21, elem type=char[])
ARR 50001408 (sz=40, trace=300000, nelems=20, elem type=char[])
OBJ 50001409 (sz=24, trace=300000, class=java.lang.String@50000136)
	value		5000140a
ARR 5000140a (sz=18, trace=300000, nelems=9, elem type=char[])
ARR 5000140b (sz=28, trace=300000, nelems=14, elem type=char[])
ARR 5000140c (sz=26, trace=300000, nelems=13, elem type=char[])
ARR 5000140d (sz=38, trace=300000, nelems=19, elem type=char[])
ARR 5000140e (sz=12, trace=300000, nelems=6, elem type=char[])
ARR 5000140f (sz=28, trace=300000, nelems=14, elem type=char[])
ARR 50001410 (sz=22, trace=300000, nelems=11, elem type=char[])
ARR 50001411 (sz=16, trace=300000, nelems=8, elem type=char[])
ARR 50001412 (sz=14, trace=300000, nelems=7, elem type=char[])
ARR 50001413 (sz=18, trace=300000, nelems=9, elem type=char[])
ARR 50001414 (sz=24, trace=300000, nelems=12, elem type=char[])
OBJ 50001415 (sz=24, trace=300000, class=java.lang.String@50000136)
	value		50001417
OBJ 50001416 (sz=24, trace=300000, class=java.lang.String@50000136)
	value		50001418
ARR 50001417 (sz=26, trace=300000, nelems=13, elem type=char[])
ARR 50001418 (sz=10, trace=300000, nelems=5, elem type=char[])
ARR 50001419 (sz=12, trace=300000, nelems=6, elem type=char[])
OBJ 5000141a (sz=16, trace=300000, class=java.util.HashSet@50000082)
	map		5000141b
OBJ 5000141b (sz=48, trace=300000, class=java.util.HashMap@50000094)
	table		50000e63
OBJ 5000141c (sz=16, trace=300000, class=java.lang.Object@50000112)
ARR 5000141d (sz=56, trace=300000, nelems=0, elem type=java.lang.Object[]@50000113)
OBJ 5000141e (sz=16, trace=300000, class=sun.net.www.protocol.jar.Handler@500000db)
OBJ 5000141f (sz=48, trace=300000, class=java.util.HashMap@50000094)
	table		500001df
OBJ 50001420 (sz=24, trace=300000, class=java.util.ArrayList@50000066)
	elementData	500001de
OBJ 50001421 (sz=32, trace=300000, class=java.util.Stack@500000d4)
	elementData	50001436
OBJ 50001422 (sz=24, trace=300000, class=java.util.ArrayList@50000066)
	elementData	50001423
ARR 50001423 (sz=56, trace=300000, nelems=6, elem type=java.lang.Object[]@50000113)
	[0]		50001424
	[1]		50001425
	[2]		50001426
	[3]		50001427
	[4]		50001428
	[5]		50001429
OBJ 50001424 (sz=64, trace=300000, class=java.net.URL@500000b9)
	protocol	50000e57
	host		50000c3c
	file		50001434
	authority	50000c3c
	path		50001434
	handler		50000e56
OBJ 50001425 (sz=64, trace=300000, class=java.net.URL@500000b9)
	protocol	50000e57
	host		50000c3c
	file		50001432
	authority	50000c3c
	path		50001432
	handler		50000e56
OBJ 50001426 (sz=64, trace=300000, class=java.net.URL@500000b9)
	protocol	50000e57
	host		50000c3c
	file		50001430
	authority	50000c3c
	path		50001430
	handler		50000e56
OBJ 50001427 (sz=64, trace=300000, class=java.net.URL@500000b9)
	protocol	50000e57
	host		50000c3c
	file		5000142e
	authority	50000c3c
	path		5000142e
	handler		50000e56
OBJ 50001428 (sz=64, trace=300000, class=java.net.URL@500000b9)
	protocol	50000e57
	host		50000c3c
	file		5000142c
	authority	50000c3c
	path		5000142c
	handler		50000e56
OBJ 50001429 (sz=64, trace=300000, class=java.net.URL@500000b9)
	protocol	50000e57
	host		50000c3c
	file		5000142a
	authority	50000c3c
	path		5000142a
	handler		50000e56
OBJ 5000142a (sz=24, trace=300000, class=java.lang.String@50000136)
	value		5000142b
ARR 5000142b (sz=96, trace=300000, nelems=48, elem type=char[])
OBJ 5000142c (sz=24, trace=300000, class=java.lang.String@50000136)
	value		5000142d
ARR 5000142d (sz=96, trace=300000, nelems=48, elem type=char[])
OBJ 5000142e (sz=24, trace=300000, class=java.lang.String@50000136)
	value		5000142f
ARR 5000142f (sz=96, trace=300000, nelems=48, elem type=char[])
OBJ 50001430 (sz=24, trace=300000, class=java.lang.String@50000136)
	value		50001431
ARR 50001431 (sz=104, trace=300000, nelems=52, elem type=char[])
OBJ 50001432 (sz=24, trace=300000, class=java.lang.String@50000136)
	value		50001433
ARR 50001433 (sz=116, trace=300000, nelems=58, elem type=char[])
OBJ 50001434 (sz=24, trace=300000, class=java.lang.String@50000136)
	value		50001435
ARR 50001435 (sz=106, trace=300000, nelems=53, elem type=char[])
ARR 50001436 (sz=56, trace=300000, nelems=0, elem type=java.lang.Object[]@50000113)
OBJ 50001437 (sz=24, trace=300000, class=sun.misc.MetaIndex@500000ab)
	contents	5000143c
OBJ 50001438 (sz=24, trace=300000, class=java.lang.String@50000136)
	value		5000143a
OBJ 50001439 (sz=24, trace=300000, class=java.lang.String@50000136)
	value		5000143b
ARR 5000143a (sz=4, trace=300000, nelems=2, elem type=char[])
ARR 5000143b (sz=8, trace=300000, nelems=4, elem type=char[])
ARR 5000143c (sz=32, trace=300000, nelems=3, elem type=java.lang.String[]@50000137)
	[0]		5000143d
	[1]		5000143e
	[2]		5000143f
OBJ 5000143d (sz=24, trace=300000, class=java.lang.String@50000136)
	value		50001442
OBJ 5000143e (sz=24, trace=300000, class=java.lang.String@50000136)
	value		50001441
OBJ 5000143f (sz=24, trace=300000, class=java.lang.String@50000136)
	value		50001440
ARR 50001440 (sz=40, trace=300000, nelems=20, elem type=char[])
ARR 50001441 (sz=42, trace=300000, nelems=21, elem type=char[])
ARR 50001442 (sz=24, trace=300000, nelems=12, elem type=char[])
OBJ 50001443 (sz=24, trace=300000, class=java.lang.String@50000136)
	value		50001487
OBJ 50001444 (sz=24, trace=300000, class=java.lang.String@50000136)
	value		50001486
OBJ 50001445 (sz=48, trace=300000, class=java.util.HashMap@50000094)
	table		50001446
ARR 50001446 (sz=80, trace=300000, nelems=16, elem type=java.util.HashMap$Entry[]@500000e4)
	[4]		50001447
	[5]		50001448
	[11]		50001449
	[12]		5000144a
	[13]		5000144b
	[15]		5000144c
OBJ 50001447 (sz=32, trace=300000, class=java.util.HashMap$Entry@500000e3)
	key		50001477
	value		50001476
OBJ 50001448 (sz=32, trace=300000, class=java.util.HashMap$Entry@500000e3)
	key		50001473
	value		50001437
OBJ 50001449 (sz=32, trace=300000, class=java.util.HashMap$Entry@500000e3)
	key		5000146b
	value		5000146a
OBJ 5000144a (sz=32, trace=300000, class=java.util.HashMap$Entry@500000e3)
	key		50001462
	value		50001461
OBJ 5000144b (sz=32, trace=300000, class=java.util.HashMap$Entry@500000e3)
	key		50001457
	value		50001456
OBJ 5000144c (sz=32, trace=300000, class=java.util.HashMap$Entry@500000e3)
	key		5000144e
	value		5000144d
OBJ 5000144d (sz=24, trace=300000, class=sun.misc.MetaIndex@500000ab)
	contents	50001451
OBJ 5000144e (sz=32, trace=300000, class=java.io.File@500000cd)
	path		5000144f
OBJ 5000144f (sz=24, trace=300000, class=java.lang.String@50000136)
	value		50001450
ARR 50001450 (sz=96, trace=300000, nelems=48, elem type=char[])
ARR 50001451 (sz=24, trace=300000, nelems=2, elem type=java.lang.String[]@50000137)
	[0]		50001452
	[1]		50001453
OBJ 50001452 (sz=24, trace=300000, class=java.lang.String@50000136)
	value		50001455
OBJ 50001453 (sz=24, trace=300000, class=java.lang.String@50000136)
	value		50001454
ARR 50001454 (sz=14, trace=300000, nelems=7, elem type=char[])
ARR 50001455 (sz=126, trace=300000, nelems=63, elem type=char[])
OBJ 50001456 (sz=24, trace=300000, class=sun.misc.MetaIndex@500000ab)
	contents	5000145a
OBJ 50001457 (sz=32, trace=300000, class=java.io.File@500000cd)
	path		50001458
OBJ 50001458 (sz=24, trace=300000, class=java.lang.String@50000136)
	value		50001459
ARR 50001459 (sz=104, trace=300000, nelems=52, elem type=char[])
ARR 5000145a (sz=32, trace=300000, nelems=3, elem type=java.lang.String[]@50000137)
	[0]		5000145b
	[1]		5000145c
	[2]		5000145d
OBJ 5000145b (sz=24, trace=300000, class=java.lang.String@50000136)
	value		50001460
OBJ 5000145c (sz=24, trace=300000, class=java.lang.String@50000136)
	value		5000145f
OBJ 5000145d (sz=24, trace=300000, class=java.lang.String@50000136)
	value		5000145e
ARR 5000145e (sz=40, trace=300000, nelems=20, elem type=char[])
ARR 5000145f (sz=42, trace=300000, nelems=21, elem type=char[])
ARR 50001460 (sz=24, trace=300000, nelems=12, elem type=char[])
OBJ 50001461 (sz=24, trace=300000, class=sun.misc.MetaIndex@500000ab)
	contents	50001465
OBJ 50001462 (sz=32, trace=300000, class=java.io.File@500000cd)
	path		50001463
OBJ 50001463 (sz=24, trace=300000, class=java.lang.String@50000136)
	value		50001464
ARR 50001464 (sz=96, trace=300000, nelems=48, elem type=char[])
ARR 50001465 (sz=24, trace=300000, nelems=2, elem type=java.lang.String[]@50000137)
	[0]		50001466
	[1]		50001467
OBJ 50001466 (sz=24, trace=300000, class=java.lang.String@50000136)
	value		50001469
OBJ 50001467 (sz=24, trace=300000, class=java.lang.String@50000136)
	value		50001468
ARR 50001468 (sz=24, trace=300000, nelems=12, elem type=char[])
ARR 50001469 (sz=108, trace=300000, nelems=54, elem type=char[])
OBJ 5000146a (sz=24, trace=300000, class=sun.misc.MetaIndex@500000ab)
	contents	5000146e
OBJ 5000146b (sz=32, trace=300000, class=java.io.File@500000cd)
	path		5000146c
OBJ 5000146c (sz=24, trace=300000, class=java.lang.String@50000136)
	value		5000146d
ARR 5000146d (sz=106, trace=300000, nelems=53, elem type=char[])
ARR 5000146e (sz=24, trace=300000, nelems=2, elem type=java.lang.String[]@50000137)
	[0]		5000146f
	[1]		50001470
OBJ 5000146f (sz=24, trace=300000, class=java.lang.String@50000136)
	value		50001472
OBJ 50001470 (sz=24, trace=300000, class=java.lang.String@50000136)
	value		50001471
ARR 50001471 (sz=16, trace=300000, nelems=8, elem type=char[])
ARR 50001472 (sz=16, trace=300000, nelems=8, elem type=char[])
OBJ 50001473 (sz=32, trace=300000, class=java.io.File@500000cd)
	path		50001474
OBJ 50001474 (sz=24, trace=300000, class=java.lang.String@50000136)
	value		50001475
ARR 50001475 (sz=96, trace=300000, nelems=48, elem type=char[])
OBJ 50001476 (sz=24, trace=300000, class=sun.misc.MetaIndex@500000ab)
	contents	5000147a
OBJ 50001477 (sz=32, trace=300000, class=java.io.File@500000cd)
	path		50001478
OBJ 50001478 (sz=24, trace=300000, class=java.lang.String@50000136)
	value		50001479
ARR 50001479 (sz=116, trace=300000, nelems=58, elem type=char[])
ARR 5000147a (sz=32, trace=300000, nelems=3, elem type=java.lang.String[]@50000137)
	[0]		5000147b
	[1]		5000147c
	[2]		5000147d
OBJ 5000147b (sz=24, trace=300000, class=java.lang.String@50000136)
	value		50001480
OBJ 5000147c (sz=24, trace=300000, class=java.lang.String@50000136)
	value		5000147f
OBJ 5000147d (sz=24, trace=300000, class=java.lang.String@50000136)
	value		5000147e
ARR 5000147e (sz=40, trace=300000, nelems=20, elem type=char[])
ARR 5000147f (sz=42, trace=300000, nelems=21, elem type=char[])
ARR 50001480 (sz=30, trace=300000, nelems=15, elem type=char[])
OBJ 50001481 (sz=16, trace=300000, class=java.lang.ThreadLocal@500000a2)
OBJ 50001482 (sz=24, trace=300000, class=java.io.FileDescriptor@50000149)
	useCount	50001485
OBJ 50001483 (sz=24, trace=300000, class=java.io.FileDescriptor@50000149)
	useCount	50001484
OBJ 50001484 (sz=16, trace=300000, class=java.util.concurrent.atomic.AtomicInteger@50000039)
OBJ 50001485 (sz=16, trace=300000, class=java.util.concurrent.atomic.AtomicInteger@50000039)
ARR 50001486 (sz=20, trace=300000, nelems=10, elem type=char[])
ARR 50001487 (sz=22, trace=300000, nelems=11, elem type=char[])
OBJ 50001488 (sz=24, trace=300000, class=java.lang.String@50000136)
	value		50001495
OBJ 50001489 (sz=24, trace=300000, class=java.lang.String@50000136)
	value		50001494
OBJ 5000148a (sz=24, trace=300000, class=java.lang.String@50000136)
	value		50001493
OBJ 5000148b (sz=24, trace=300000, class=java.lang.String@50000136)
	value		5000148d
OBJ 5000148c (sz=24, trace=300000, class=java.lang.String@50000136)
	value		5000148e
ARR 5000148d (sz=30, trace=300000, nelems=15, elem type=char[])
ARR 5000148e (sz=16, trace=300000, nelems=8, elem type=char[])
OBJ 5000148f (sz=24, trace=300000, class=java.lang.String@50000136)
	value		50001490
ARR 50001490 (sz=6, trace=300000, nelems=3, elem type=char[])
OBJ 50001491 (sz=24, trace=300000, class=java.lang.String@50000136)
	value		50001492
ARR 50001492 (sz=4, trace=300000, nelems=2, elem type=char[])
ARR 50001493 (sz=80, trace=300000, nelems=40, elem type=char[])
ARR 50001494 (sz=54, trace=300000, nelems=27, elem type=char[])
ARR 50001495 (sz=24, trace=300000, nelems=12, elem type=char[])
OBJ 50001496 (sz=24, trace=300000, class=java.lang.String@50000136)
	value		50001498
OBJ 50001497 (sz=24, trace=300000, class=java.lang.String@50000136)
	value		5000149a
ARR 50001498 (sz=38, trace=300000, nelems=19, elem type=char[])
ARR 50001499 (sz=8, trace=300000, nelems=4, elem type=char[])
ARR 5000149a (sz=68, trace=300000, nelems=34, elem type=char[])
OBJ 5000149b (sz=32, trace=300000, class=java.lang.ref.ReferenceQueue@500000e0)
	lock		5000149d
ARR 5000149c (sz=80, trace=300000, nelems=0, elem type=java.util.WeakHashMap$Entry[]@5000006c)
OBJ 5000149d (sz=16, trace=300000, class=java.lang.ref.ReferenceQueue$Lock@5000004f)
OBJ 5000149e (sz=24, trace=300000, class=java.lang.String@50000136)
	value		500014ac
OBJ 5000149f (sz=24, trace=300000, class=java.lang.String@50000136)
	value		500014ab
OBJ 500014a0 (sz=24, trace=300000, class=java.lang.String@50000136)
	value		500014aa
OBJ 500014a1 (sz=16, trace=300000, class=sun.misc.Launcher@5000012f)
	loader		50000c0a
OBJ 500014a2 (sz=16, trace=300000, class=sun.misc.Launcher$Factory@50000144)
OBJ 500014a3 (sz=24, trace=300000, class=java.lang.String@50000136)
	value		500014a8
OBJ 500014a4 (sz=24, trace=300000, class=java.lang.String@50000136)
	value		500014a5
ARR 500014a5 (sz=6, trace=300000, nelems=3, elem type=char[])
OBJ 500014a6 (sz=24, trace=300000, class=java.lang.String@50000136)
	value		500014a7
ARR 500014a7 (sz=12, trace=300000, nelems=6, elem type=char[])
ARR 500014a8 (sz=30, trace=300000, nelems=15, elem type=char[])
ARR 500014a9 (sz=12, trace=300000, nelems=6, elem type=char[])
ARR 500014aa (sz=38, trace=300000, nelems=19, elem type=char[])
ARR 500014ab (sz=42, trace=300000, nelems=21, elem type=char[])
ARR 500014ac (sz=26, trace=300000, nelems=13, elem type=char[])
ARR 500014ad (sz=80, trace=300000, nelems=16, elem type=java.util.concurrent.ConcurrentHashMap$Segment[]@500000f3)
	[0]		500014ae
	[1]		50000a96
	[2]		50000839
	[3]		5000019f
	[4]		50000873
	[5]		50000a82
	[6]		50000895
	[7]		50000ad8
	[8]		50000a6d
	[9]		50000a77
	[11]		5000087d
	[12]		50000857
	[13]		50000849
	[14]		50000868
	[15]		500008a8
OBJ 500014ae (sz=40, trace=300000, class=java.util.concurrent.ConcurrentHashMap$Segment@500000f2)
	sync		500014af
	table		500009e3
OBJ 500014af (sz=32, trace=300000, class=java.util.concurrent.locks.ReentrantLock$NonfairSync@5000011a)
ARR 500014b0 (sz=80, trace=300000, nelems=16, elem type=java.util.concurrent.ConcurrentHashMap$Segment[]@500000f3)
	[0]		500014b1
	[10]		50000b86
	[15]		50000830
OBJ 500014b1 (sz=40, trace=300000, class=java.util.concurrent.ConcurrentHashMap$Segment@500000f2)
	sync		500014b3
	table		500014b2
ARR 500014b2 (sz=24, trace=300000, nelems=0, elem type=java.util.concurrent.ConcurrentHashMap$HashEntry[]@500000ad)
OBJ 500014b3 (sz=32, trace=300000, class=java.util.concurrent.locks.ReentrantLock$NonfairSync@5000011a)
ARR 500014b4 (sz=56, trace=300000, nelems=3, elem type=java.lang.Object[]@50000113)
	[0]		50000843
	[1]		50000a6a
	[2]		50000b8e
OBJ 500014b5 (sz=24, trace=300000, class=java.lang.String@50000136)
	value		500014b9
OBJ 500014b6 (sz=24, trace=300000, class=java.lang.String@50000136)
	value		500014b8
ARR 500014b7 (sz=28, trace=300000, nelems=14, elem type=char[])
ARR 500014b8 (sz=36, trace=300000, nelems=18, elem type=char[])
ARR 500014b9 (sz=72, trace=300000, nelems=36, elem type=char[])
OBJ 500014ba (sz=64, trace=300000, class=java.net.URL@500000b9)
	protocol	50000e57
	host		50000c3c
	file		500014bb
	authority	50000c3c
	path		500014bb
	handler		50000e56
OBJ 500014bb (sz=24, trace=300000, class=java.lang.String@50000136)
	value		500014bc
ARR 500014bc (sz=134, trace=300000, nelems=67, elem type=char[])
ARR 500014bd (sz=16, trace=300000, nelems=8, elem type=char[])
ARR 500014be (sz=14, trace=300000, nelems=7, elem type=char[])
OBJ 500014bf (sz=24, trace=300000, class=java.lang.String@50000136)
	value		500014c0
ARR 500014c0 (sz=6, trace=300000, nelems=3, elem type=char[])
OBJ 500014c1 (sz=24, trace=300000, class=java.lang.String@50000136)
	value		500014c6
OBJ 500014c2 (sz=24, trace=300000, class=java.lang.String@50000136)
	value		500014d0
OBJ 500014c3 (sz=24, trace=300000, class=java.lang.String@50000136)
	value		500014ce
OBJ 500014c4 (sz=24, trace=300000, class=java.lang.String@50000136)
	value		500014c5
ARR 500014c5 (sz=8, trace=300000, nelems=4, elem type=char[])
ARR 500014c6 (sz=8, trace=300000, nelems=4, elem type=char[])
OBJ 500014c7 (sz=24, trace=300000, class=java.lang.String@50000136)
	value		500014cc
OBJ 500014c8 (sz=24, trace=300000, class=java.lang.String@50000136)
	value		500014c9
ARR 500014c9 (sz=16, trace=300000, nelems=8, elem type=char[])
OBJ 500014ca (sz=24, trace=300000, class=java.lang.String@50000136)
	value		500014cb
ARR 500014cb (sz=16, trace=300000, nelems=8, elem type=char[])
ARR 500014cc (sz=56, trace=300000, nelems=28, elem type=char[])
OBJ 500014cd (sz=24, trace=300000, class=java.lang.String@50000136)
	value		500014cf
ARR 500014ce (sz=16, trace=300000, nelems=8, elem type=char[])
ARR 500014cf (sz=36, trace=300000, nelems=18, elem type=char[])
ARR 500014d0 (sz=12, trace=300000, nelems=6, elem type=char[])
OBJ 500014d1 (sz=64, trace=300000, class=java.net.URL@500000b9)
	protocol	50000e57
	host		50000c3c
	file		500014d2
	authority	50000c3c
	path		500014d2
	handler		50000e56
OBJ 500014d2 (sz=24, trace=300000, class=java.lang.String@50000136)
	value		500014d3
ARR 500014d3 (sz=114, trace=300000, nelems=57, elem type=char[])
OBJ 500014d4 (sz=24, trace=300000, class=java.lang.String@50000136)
	value		500014df
OBJ 500014d5 (sz=24, trace=300000, class=java.lang.String@50000136)
	value		500014ec
OBJ 500014d6 (sz=24, trace=300000, class=java.lang.String@50000136)
	value		500014eb
OBJ 500014d7 (sz=24, trace=300000, class=java.lang.String@50000136)
	value		500014e1
OBJ 500014d8 (sz=24, trace=300000, class=java.lang.String@50000136)
	value		500014e2
OBJ 500014d9 (sz=24, trace=300000, class=java.lang.String@50000136)
	value		500014ea
OBJ 500014da (sz=24, trace=300000, class=java.lang.String@50000136)
	value		500014e0
OBJ 500014db (sz=24, trace=300000, class=java.lang.String@50000136)
	value		500014e9
OBJ 500014dc (sz=24, trace=300000, class=java.lang.String@50000136)
	value		500014e8
OBJ 500014dd (sz=24, trace=300000, class=java.lang.String@50000136)
	value		500014e7
OBJ 500014de (sz=24, trace=300000, class=java.lang.String@50000136)
	value		500014e6
ARR 500014df (sz=36, trace=300000, nelems=18, elem type=char[])
ARR 500014e0 (sz=44, trace=300000, nelems=22, elem type=char[])
ARR 500014e1 (sz=78, trace=300000, nelems=39, elem type=char[])
ARR 500014e2 (sz=34, trace=300000, nelems=17, elem type=char[])
OBJ 500014e3 (sz=24, trace=300000, class=java.lang.String@50000136)
	value		500014e5
OBJ 500014e4 (sz=24, trace=300000, class=java.lang.reflect.ReflectPermission@50000166)
	name		500014e3
	path		500014e3
ARR 500014e5 (sz=40, trace=300000, nelems=20, elem type=char[])
ARR 500014e6 (sz=32, trace=300000, nelems=16, elem type=char[])
ARR 500014e7 (sz=10, trace=300000, nelems=5, elem type=char[])
ARR 500014e8 (sz=14, trace=300000, nelems=7, elem type=char[])
ARR 500014e9 (sz=14, trace=300000, nelems=7, elem type=char[])
ARR 500014ea (sz=26, trace=300000, nelems=13, elem type=char[])
ARR 500014eb (sz=8, trace=300000, nelems=4, elem type=char[])
ARR 500014ec (sz=36, trace=300000, nelems=18, elem type=char[])
OBJ 500014ed (sz=16, trace=300000, class=java.security.ProtectionDomain$Key@500000d2)
	this$0		50000ded
ARR 500014ee (sz=16, trace=300000, nelems=0, elem type=java.security.Principal[]@5000001f)
OBJ 500014ef (sz=32, trace=300000, class=java.security.CodeSource@500000ef)
OBJ 500014f0 (sz=16, trace=300000, class=java.util.HashSet@50000082)
	map		500014f1
OBJ 500014f1 (sz=48, trace=300000, class=java.util.HashMap@50000094)
	table		50000841
ARR 500014f2 (sz=56, trace=300000, nelems=1, elem type=java.lang.Object[]@50000113)
	[0]		500008cb
OBJ 500014f3 (sz=16, trace=300000, class=sun.net.www.protocol.jar.Handler@500000db)
OBJ 500014f4 (sz=48, trace=300000, class=java.util.HashMap@50000094)
	table		50000609
OBJ 500014f5 (sz=24, trace=300000, class=java.util.ArrayList@50000066)
	elementData	5000063c
OBJ 500014f6 (sz=32, trace=300000, class=java.util.Stack@500000d4)
	elementData	5000152f
OBJ 500014f7 (sz=24, trace=300000, class=java.util.ArrayList@50000066)
	elementData	500014f8
ARR 500014f8 (sz=104, trace=300000, nelems=20, elem type=java.lang.Object[]@50000113)
	[0]		500014f9
	[1]		500014fa
	[2]		500014fb
	[3]		500014fc
	[4]		500014fd
	[5]		500014fe
	[6]		500014ff
	[7]		50001500
	[8]		50001501
	[9]		50001502
	[10]		50001503
	[11]		50001504
	[12]		50001505
	[13]		50001506
	[14]		50001507
	[15]		50001508
	[16]		50001509
	[17]		500014ba
	[18]		5000150a
	[19]		500014d1
OBJ 500014f9 (sz=64, trace=300000, class=java.net.URL@500000b9)
	protocol	50000e57
	host		50000c3c
	file		5000152d
	authority	50000c3c
	path		5000152d
	handler		50000e56
OBJ 500014fa (sz=64, trace=300000, class=java.net.URL@500000b9)
	protocol	50000e57
	host		50000c3c
	file		5000152b
	authority	50000c3c
	path		5000152b
	handler		50000e56
OBJ 500014fb (sz=64, trace=300000, class=java.net.URL@500000b9)
	protocol	50000e57
	host		50000c3c
	file		50001529
	authority	50000c3c
	path		50001529
	handler		50000e56
OBJ 500014fc (sz=64, trace=300000, class=java.net.URL@500000b9)
	protocol	50000e57
	host		50000c3c
	file		50001527
	authority	50000c3c
	path		50001527
	handler		50000e56
OBJ 500014fd (sz=64, trace=300000, class=java.net.URL@500000b9)
	protocol	50000e57
	host		50000c3c
	file		50001525
	authority	50000c3c
	path		50001525
	handler		50000e56
OBJ 500014fe (sz=64, trace=300000, class=java.net.URL@500000b9)
	protocol	50000e57
	host		50000c3c
	file		50001523
	authority	50000c3c
	path		50001523
	handler		50000e56
OBJ 500014ff (sz=64, trace=300000, class=java.net.URL@500000b9)
	protocol	50000e57
	host		50000c3c
	file		50001521
	authority	50000c3c
	path		50001521
	handler		50000e56
OBJ 50001500 (sz=64, trace=300000, class=java.net.URL@500000b9)
	protocol	50000e57
	host		50000c3c
	file		5000151f
	authority	50000c3c
	path		5000151f
	handler		50000e56
OBJ 50001501 (sz=64, trace=300000, class=java.net.URL@500000b9)
	protocol	50000e57
	host		50000c3c
	file		5000151d
	authority	50000c3c
	path		5000151d
	handler		50000e56
OBJ 50001502 (sz=64, trace=300000, class=java.net.URL@500000b9)
	protocol	50000e57
	host		50000c3c
	file		5000151b
	authority	50000c3c
	path		5000151b
	handler		50000e56
OBJ 50001503 (sz=64, trace=300000, class=java.net.URL@500000b9)
	protocol	50000e57
	host		50000c3c
	file		50001519
	authority	50000c3c
	path		50001519
	handler		50000e56
OBJ 50001504 (sz=64, trace=300000, class=java.net.URL@500000b9)
	protocol	50000e57
	host		50000c3c
	file		50001517
	authority	50000c3c
	path		50001517
	handler		50000e56
OBJ 50001505 (sz=64, trace=300000, class=java.net.URL@500000b9)
	protocol	50000e57
	host		50000c3c
	file		50001515
	authority	50000c3c
	path		50001515
	handler		50000e56
OBJ 50001506 (sz=64, trace=300000, class=java.net.URL@500000b9)
	protocol	50000e57
	host		50000c3c
	file		50001513
	authority	50000c3c
	path		50001513
	handler		50000e56
OBJ 50001507 (sz=64, trace=300000, class=java.net.URL@500000b9)
	protocol	50000e57
	host		50000c3c
	file		50001511
	authority	50000c3c
	path		50001511
	handler		50000e56
OBJ 50001508 (sz=64, trace=300000, class=java.net.URL@500000b9)
	protocol	50000e57
	host		50000c3c
	file		5000150f
	authority	50000c3c
	path		5000150f
	handler		50000e56
OBJ 50001509 (sz=64, trace=300000, class=java.net.URL@500000b9)
	protocol	50000e57
	host		50000c3c
	file		5000150d
	authority	50000c3c
	path		5000150d
	handler		50000e56
OBJ 5000150a (sz=64, trace=300000, class=java.net.URL@500000b9)
	protocol	50000e57
	host		50000c3c
	file		5000150b
	authority	50000c3c
	path		5000150b
	handler		50000e56
OBJ 5000150b (sz=24, trace=300000, class=java.lang.String@50000136)
	value		5000150c
ARR 5000150c (sz=74, trace=300000, nelems=37, elem type=char[])
OBJ 5000150d (sz=24, trace=300000, class=java.lang.String@50000136)
	value		5000150e
ARR 5000150e (sz=96, trace=300000, nelems=48, elem type=char[])
OBJ 5000150f (sz=24, trace=300000, class=java.lang.String@50000136)
	value		50001510
ARR 50001510 (sz=96, trace=300000, nelems=48, elem type=char[])
OBJ 50001511 (sz=24, trace=300000, class=java.lang.String@50000136)
	value		50001512
ARR 50001512 (sz=96, trace=300000, nelems=48, elem type=char[])
OBJ 50001513 (sz=24, trace=300000, class=java.lang.String@50000136)
	value		50001514
ARR 50001514 (sz=104, trace=300000, nelems=52, elem type=char[])
OBJ 50001515 (sz=24, trace=300000, class=java.lang.String@50000136)
	value		50001516
ARR 50001516 (sz=116, trace=300000, nelems=58, elem type=char[])
OBJ 50001517 (sz=24, trace=300000, class=java.lang.String@50000136)
	value		50001518
ARR 50001518 (sz=106, trace=300000, nelems=53, elem type=char[])
OBJ 50001519 (sz=24, trace=300000, class=java.lang.String@50000136)
	value		5000151a
ARR 5000151a (sz=90, trace=300000, nelems=45, elem type=char[])
OBJ 5000151b (sz=24, trace=300000, class=java.lang.String@50000136)
	value		5000151c
ARR 5000151c (sz=86, trace=300000, nelems=43, elem type=char[])
OBJ 5000151d (sz=24, trace=300000, class=java.lang.String@50000136)
	value		5000151e
ARR 5000151e (sz=84, trace=300000, nelems=42, elem type=char[])
OBJ 5000151f (sz=24, trace=300000, class=java.lang.String@50000136)
	value		50001520
ARR 50001520 (sz=110, trace=300000, nelems=55, elem type=char[])
OBJ 50001521 (sz=24, trace=300000, class=java.lang.String@50000136)
	value		50001522
ARR 50001522 (sz=82, trace=300000, nelems=41, elem type=char[])
OBJ 50001523 (sz=24, trace=300000, class=java.lang.String@50000136)
	value		50001524
ARR 50001524 (sz=88, trace=300000, nelems=44, elem type=char[])
OBJ 50001525 (sz=24, trace=300000, class=java.lang.String@50000136)
	value		50001526
ARR 50001526 (sz=94, trace=300000, nelems=47, elem type=char[])
OBJ 50001527 (sz=24, trace=300000, class=java.lang.String@50000136)
	value		50001528
ARR 50001528 (sz=90, trace=300000, nelems=45, elem type=char[])
OBJ 50001529 (sz=24, trace=300000, class=java.lang.String@50000136)
	value		5000152a
ARR 5000152a (sz=96, trace=300000, nelems=48, elem type=char[])
OBJ 5000152b (sz=24, trace=300000, class=java.lang.String@50000136)
	value		5000152c
ARR 5000152c (sz=90, trace=300000, nelems=45, elem type=char[])
OBJ 5000152d (sz=24, trace=300000, class=java.lang.String@50000136)
	value		5000152e
ARR 5000152e (sz=84, trace=300000, nelems=42, elem type=char[])
ARR 5000152f (sz=96, trace=300000, nelems=0, elem type=java.lang.Object[]@50000113)
OBJ 50001530 (sz=32, trace=300000, class=java.lang.ref.ReferenceQueue@500000e0)
	lock		50001532
ARR 50001531 (sz=80, trace=300000, nelems=0, elem type=java.util.WeakHashMap$Entry[]@5000006c)
OBJ 50001532 (sz=16, trace=300000, class=java.lang.ref.ReferenceQueue$Lock@5000004f)
ARR 50001533 (sz=56, trace=300000, nelems=3, elem type=java.lang.Object[]@50000113)
	[0]		50000ec6
	[1]		500008c7
	[2]		50000ad3
ARR 50001534 (sz=56, trace=300000, nelems=2, elem type=java.lang.Object[]@50000113)
	[0]		50001535
	[1]		50000ae7
OBJ 50001535 (sz=32, trace=300000, class=java.lang.ClassLoader$NativeLibrary@50000001)
	fromClass	50000043
	name		50000ec6
ARR 50001536 (sz=56, trace=300000, nelems=0, elem type=java.lang.Object[]@50000113)
OBJ 50001537 (sz=24, trace=300000, class=java.lang.String@50000136)
	value		50001540
OBJ 50001538 (sz=24, trace=300000, class=java.lang.String@50000136)
	value		5000153f
OBJ 50001539 (sz=24, trace=300000, class=java.lang.String@50000136)
	value		5000153e
OBJ 5000153a (sz=24, trace=300000, class=java.lang.String@50000136)
	value		5000153d
OBJ 5000153b (sz=24, trace=300000, class=java.lang.String@50000136)
	value		5000153c
ARR 5000153c (sz=16, trace=300000, nelems=8, elem type=char[])
ARR 5000153d (sz=8, trace=300000, nelems=4, elem type=char[])
ARR 5000153e (sz=12, trace=300000, nelems=6, elem type=char[])
ARR 5000153f (sz=20, trace=300000, nelems=10, elem type=char[])
ARR 50001540 (sz=56, trace=300000, nelems=28, elem type=char[])
OBJ 50001541 (sz=24, trace=300000, class=java.lang.String@50000136)
	value		50001542
ARR 50001542 (sz=48, trace=300000, nelems=24, elem type=char[])
OBJ 50001543 (sz=24, trace=300000, class=java.util.Collections$SetFromMap@5000003d)
	m		50001545
	s		50001544
OBJ 50001544 (sz=16, trace=300000, class=java.util.WeakHashMap$KeySet@5000015c)
	this$0		50001545
OBJ 50001545 (sz=56, trace=300000, class=java.util.WeakHashMap@500000f5)
	keySet		50001544
	table		50001547
	queue		50001546
OBJ 50001546 (sz=32, trace=300000, class=java.lang.ref.ReferenceQueue@500000e0)
	lock		5000154b
ARR 50001547 (sz=80, trace=300000, nelems=16, elem type=java.util.WeakHashMap$Entry[]@5000006c)
	[3]		50001548
	[8]		50001549
	[15]		5000154a
OBJ 50001548 (sz=40, trace=300000, class=java.util.WeakHashMap$Entry@5000006b)
	referent	50000100
	queue		50001546
	value		50000dd9
OBJ 50001549 (sz=40, trace=300000, class=java.util.WeakHashMap$Entry@5000006b)
	referent	5000008a
	queue		50001546
	value		50000dd9
	next		5000154c
OBJ 5000154a (sz=40, trace=300000, class=java.util.WeakHashMap$Entry@5000006b)
	referent	5000013e
	queue		50001546
	value		50000dd9
OBJ 5000154b (sz=16, trace=300000, class=java.lang.ref.ReferenceQueue$Lock@5000004f)
OBJ 5000154c (sz=40, trace=300000, class=java.util.WeakHashMap$Entry@5000006b)
	referent	5000006f
	queue		50001546
	value		50000dd9
	next		5000154d
OBJ 5000154d (sz=40, trace=300000, class=java.util.WeakHashMap$Entry@5000006b)
	referent	50000086
	queue		50001546
	value		50000dd9
ARR 5000154e (sz=42, trace=300000, nelems=21, elem type=char[])
ARR 5000154f (sz=34, trace=300000, nelems=17, elem type=char[])
ARR 50001550 (sz=10, trace=300000, nelems=5, elem type=char[])
ARR 50001551 (sz=58, trace=300000, nelems=29, elem type=char[])
ARR 50001552 (sz=54, trace=300000, nelems=27, elem type=char[])
ARR 50001553 (sz=74, trace=300000, nelems=37, elem type=char[])
ARR 50001554 (sz=44, trace=300000, nelems=22, elem type=char[])
ARR 50001555 (sz=62, trace=300000, nelems=31, elem type=char[])
ARR 50001556 (sz=70, trace=300000, nelems=35, elem type=char[])
ARR 50001557 (sz=4, trace=300000, nelems=2, elem type=char[])
ARR 50001558 (sz=6, trace=300000, nelems=3, elem type=char[])
ARR 50001559 (sz=4, trace=300000, nelems=2, elem type=char[])
ARR 5000155a (sz=4, trace=300000, nelems=2, elem type=char[])
ARR 5000155b (sz=2, trace=300000, nelems=1, elem type=char[])
ARR 5000155c (sz=2, trace=300000, nelems=1, elem type=char[])
ARR 5000155d (sz=2, trace=300000, nelems=1, elem type=char[])
OBJ 5000155e (sz=24, trace=300000, class=java.lang.String@50000136)
	value		5000155f
ARR 5000155f (sz=8, trace=300000, nelems=4, elem type=char[])
ARR 50001560 (sz=22, trace=300000, nelems=11, elem type=char[])
OBJ 50001561 (sz=24, trace=300000, class=java.lang.String@50000136)
	value		50001564
OBJ 50001562 (sz=24, trace=300000, class=java.lang.String@50000136)
	value		50001563
ARR 50001563 (sz=46, trace=300000, nelems=23, elem type=char[])
ARR 50001564 (sz=60, trace=300000, nelems=30, elem type=char[])
OBJ 50001565 (sz=24, trace=300000, class=java.lang.String@50000136)
	value		50001568
OBJ 50001566 (sz=24, trace=300000, class=java.lang.String@50000136)
	value		50001567
ARR 50001567 (sz=28, trace=300000, nelems=14, elem type=char[])
ARR 50001568 (sz=28, trace=300000, nelems=14, elem type=char[])
OBJ 50001569 (sz=24, trace=300000, class=java.lang.String@50000136)
	value		5000156a
ARR 5000156a (sz=40, trace=300000, nelems=20, elem type=char[])
OBJ 5000156b (sz=24, trace=300000, class=java.lang.String@50000136)
	value		50001583
OBJ 5000156c (sz=32, trace=300000, class=java.util.concurrent.atomic.AtomicReferenceFieldUpdater$AtomicReferenceFieldUpdaterImpl@500000c2)
	tclass		5000003c
	vclass		50000178
OBJ 5000156d (sz=24, trace=300000, class=java.lang.String@50000136)
	value		5000156e
ARR 5000156e (sz=26, trace=300000, nelems=13, elem type=char[])
OBJ 5000156f (sz=16, trace=300000, class=java.lang.Object@50000112)
OBJ 50001570 (sz=32, trace=300000, class=java.lang.reflect.WeakCache@500000c1)
	refQueue	50001576
	map		50001575
	reverseMap	50001574
	subKeyFactory	50001573
	valueFactory	50001572
ARR 50001571 (sz=24, trace=300000, nelems=1, elem type=java.lang.Class[]@500000a0)
	[0]		50000046
OBJ 50001572 (sz=16, trace=300000, class=java.lang.reflect.Proxy$ProxyClassFactory@500000ee)
OBJ 50001573 (sz=16, trace=300000, class=java.lang.reflect.Proxy$KeyFactory@500000f8)
OBJ 50001574 (sz=48, trace=300000, class=java.util.concurrent.ConcurrentHashMap@5000000d)
	segments	5000157c
OBJ 50001575 (sz=48, trace=300000, class=java.util.concurrent.ConcurrentHashMap@5000000d)
	segments	50001578
OBJ 50001576 (sz=32, trace=300000, class=java.lang.ref.ReferenceQueue@500000e0)
	lock		50001577
OBJ 50001577 (sz=16, trace=300000, class=java.lang.ref.ReferenceQueue$Lock@5000004f)
ARR 50001578 (sz=80, trace=300000, nelems=1, elem type=java.util.concurrent.ConcurrentHashMap$Segment[]@500000f3)
	[0]		50001579
OBJ 50001579 (sz=40, trace=300000, class=java.util.concurrent.ConcurrentHashMap$Segment@500000f2)
	sync		5000157b
	table		5000157a
ARR 5000157a (sz=24, trace=300000, nelems=0, elem type=java.util.concurrent.ConcurrentHashMap$HashEntry[]@500000ad)
OBJ 5000157b (sz=32, trace=300000, class=java.util.concurrent.locks.ReentrantLock$NonfairSync@5000011a)
ARR 5000157c (sz=80, trace=300000, nelems=1, elem type=java.util.concurrent.ConcurrentHashMap$Segment[]@500000f3)
	[0]		5000157d
OBJ 5000157d (sz=40, trace=300000, class=java.util.concurrent.ConcurrentHashMap$Segment@500000f2)
	sync		5000157f
	table		5000157e
ARR 5000157e (sz=24, trace=300000, nelems=0, elem type=java.util.concurrent.ConcurrentHashMap$HashEntry[]@500000ad)
OBJ 5000157f (sz=32, trace=300000, class=java.util.concurrent.locks.ReentrantLock$NonfairSync@5000011a)
OBJ 50001580 (sz=24, trace=300000, class=java.lang.String@50000136)
	value		50001582
OBJ 50001581 (sz=24, trace=300000, class=java.util.concurrent.atomic.AtomicLong@50000164)
ARR 50001582 (sz=12, trace=300000, nelems=6, elem type=char[])
ARR 50001583 (sz=6, trace=300000, nelems=3, elem type=char[])
OBJ 50001584 (sz=32, trace=300000, class=java.io.OutputStreamWriter@50000096)
	lock		50000c96
	se		5000158c
OBJ 50001585 (sz=48, trace=300000, class=java.io.BufferedWriter@500000c9)
	lock		50001584
	out		50001584
	cb		5000158b
	lineSeparator	50000c93
OBJ 50001586 (sz=24, trace=300000, class=java.io.BufferedOutputStream@5000009d)
	out		50001588
	buf		50001587
ARR 50001587 (sz=128, trace=300000, nelems=128, elem type=byte[])
OBJ 50001588 (sz=32, trace=300000, class=java.io.FileOutputStream@50000105)
	fd		50001483
	closeLock	50001589
OBJ 50001589 (sz=16, trace=300000, class=java.lang.Object@50000112)
OBJ 5000158a (sz=16, trace=300000, class=java.lang.ThreadLocal@500000a2)
ARR 5000158b (sz=16384, trace=300000, nelems=8192, elem type=char[])
OBJ 5000158c (sz=56, trace=300000, class=sun.nio.cs.StreamEncoder@5000007f)
	lock		50001584
	cs		50000fa6
	encoder		5000158e
	bb		5000158d
	out		50000c96
OBJ 5000158d (sz=48, trace=300000, class=java.nio.HeapByteBuffer@50000021)
	hb		50001590
OBJ 5000158e (sz=48, trace=300000, class=sun.nio.cs.UTF_8$Encoder@50000133)
	charset		50000fa6
	replacement	5000158f
	malformedInputAction	500013b5
	unmappableCharacterAction	500013b5
ARR 5000158f (sz=1, trace=300000, nelems=1, elem type=byte[])
ARR 50001590 (sz=8192, trace=300000, nelems=8192, elem type=byte[])
OBJ 50001591 (sz=32, trace=300000, class=java.io.OutputStreamWriter@50000096)
	lock		50000c95
	se		50001598
OBJ 50001592 (sz=48, trace=300000, class=java.io.BufferedWriter@500000c9)
	lock		50001591
	out		50001591
	cb		50001597
	lineSeparator	50000c93
OBJ 50001593 (sz=24, trace=300000, class=java.io.BufferedOutputStream@5000009d)
	out		50001595
	buf		50001594
ARR 50001594 (sz=128, trace=300000, nelems=128, elem type=byte[])
OBJ 50001595 (sz=32, trace=300000, class=java.io.FileOutputStream@50000105)
	fd		50001482
	closeLock	50001596
OBJ 50001596 (sz=16, trace=300000, class=java.lang.Object@50000112)
ARR 50001597 (sz=16384, trace=300000, nelems=8192, elem type=char[])
OBJ 50001598 (sz=56, trace=300000, class=sun.nio.cs.StreamEncoder@5000007f)
	lock		50001591
	cs		50000fa6
	encoder		5000159a
	bb		50001599
	out		50000c95
OBJ 50001599 (sz=48, trace=300000, class=java.nio.HeapByteBuffer@50000021)
	hb		5000159c
OBJ 5000159a (sz=48, trace=300000, class=sun.nio.cs.UTF_8$Encoder@50000133)
	charset		50000fa6
	replacement	5000159b
	malformedInputAction	500013b5
	unmappableCharacterAction	500013b5
ARR 5000159b (sz=1, trace=300000, nelems=1, elem type=byte[])
ARR 5000159c (sz=8192, trace=300000, nelems=8192, elem type=byte[])
OBJ 5000159d (sz=24, trace=300000, class=java.util.Collections$SynchronizedSet@50000052)
	c		500015df
	mutex		50000c94
ARR 5000159e (sz=400, trace=300000, nelems=92, elem type=java.util.Hashtable$Entry[]@500000fb)
	[0]		5000159f
	[2]		500015a0
	[9]		500015a1
	[11]		500015a2
	[13]		500015a3
	[16]		500015a4
	[17]		500015a5
	[18]		500015a6
	[19]		500015a7
	[21]		500015a8
	[22]		500015a9
	[24]		500015aa
	[26]		500015ab
	[27]		500015ac
	[33]		500015ad
	[38]		500015ae
	[39]		500015af
	[40]		500015b0
	[41]		500015b1
	[44]		500015b2
	[47]		500015b3
	[49]		500015b4
	[54]		500015b5
	[57]		500015b6
	[63]		500015b7
	[65]		500015b8
	[67]		500015b9
	[70]		500015ba
	[72]		500015bb
	[74]		500015bc
	[76]		500015bd
	[79]		500015be
	[80]		500015bf
	[81]		500015c0
	[82]		500015c1
	[88]		500015c2
	[91]		500015c3
OBJ 5000159f (sz=32, trace=300000, class=java.util.Hashtable$Entry@500000fa)
	key		50000dce
	value		50000dcd
OBJ 500015a0 (sz=32, trace=300000, class=java.util.Hashtable$Entry@500000fa)
	key		50000dca
	value		50000dc9
OBJ 500015a1 (sz=32, trace=300000, class=java.util.Hashtable$Entry@500000fa)
	key		50000dc6
	value		50000dc5
	next		500015de
OBJ 500015a2 (sz=32, trace=300000, class=java.util.Hashtable$Entry@500000fa)
	key		50000dbd
	value		50000dbc
OBJ 500015a3 (sz=32, trace=300000, class=java.util.Hashtable$Entry@500000fa)
	key		50000db9
	value		50000db8
OBJ 500015a4 (sz=32, trace=300000, class=java.util.Hashtable$Entry@500000fa)
	key		50000db5
	value		50000db4
OBJ 500015a5 (sz=32, trace=300000, class=java.util.Hashtable$Entry@500000fa)
	key		50000db1
	value		50000db0
OBJ 500015a6 (sz=32, trace=300000, class=java.util.Hashtable$Entry@500000fa)
	key		50000dad
	value		50000dac
OBJ 500015a7 (sz=32, trace=300000, class=java.util.Hashtable$Entry@500000fa)
	key		50000da9
	value		5000148c
OBJ 500015a8 (sz=32, trace=300000, class=java.util.Hashtable$Entry@500000fa)
	key		50000da1
	value		500015dc
OBJ 500015a9 (sz=32, trace=300000, class=java.util.Hashtable$Entry@500000fa)
	key		50000d9c
	value		50000d9b
OBJ 500015aa (sz=32, trace=300000, class=java.util.Hashtable$Entry@500000fa)
	key		50000d98
	value		50000d97
	next		500015db
OBJ 500015ab (sz=32, trace=300000, class=java.util.Hashtable$Entry@500000fa)
	key		50000d8f
	value		50000d8e
	next		500015d9
OBJ 500015ac (sz=32, trace=300000, class=java.util.Hashtable$Entry@500000fa)
	key		50000d81
	value		50000d80
OBJ 500015ad (sz=32, trace=300000, class=java.util.Hashtable$Entry@500000fa)
	key		50000d7d
	value		50000d7c
	next		500015d8
OBJ 500015ae (sz=32, trace=300000, class=java.util.Hashtable$Entry@500000fa)
	key		50000d6b
	value		50000d6a
	next		500015d6
OBJ 500015af (sz=32, trace=300000, class=java.util.Hashtable$Entry@500000fa)
	key		50000d66
	value		50000d65
OBJ 500015b0 (sz=32, trace=300000, class=java.util.Hashtable$Entry@500000fa)
	key		50000d62
	value		50000d61
OBJ 500015b1 (sz=32, trace=300000, class=java.util.Hashtable$Entry@500000fa)
	key		50000d5e
	value		50000d5d
OBJ 500015b2 (sz=32, trace=300000, class=java.util.Hashtable$Entry@500000fa)
	key		50000d5a
	value		50000d59
OBJ 500015b3 (sz=32, trace=300000, class=java.util.Hashtable$Entry@500000fa)
	key		50000d56
	value		50000d55
OBJ 500015b4 (sz=32, trace=300000, class=java.util.Hashtable$Entry@500000fa)
	key		50000d4e
	value		50000d4d
	next		500015d5
OBJ 500015b5 (sz=32, trace=300000, class=java.util.Hashtable$Entry@500000fa)
	key		50000d49
	value		50000d48
OBJ 500015b6 (sz=32, trace=300000, class=java.util.Hashtable$Entry@500000fa)
	key		50000d45
	value		50000c07
OBJ 500015b7 (sz=32, trace=300000, class=java.util.Hashtable$Entry@500000fa)
	key		50000d42
	value		50000d41
OBJ 500015b8 (sz=32, trace=300000, class=java.util.Hashtable$Entry@500000fa)
	key		50000d3e
	value		50000d3d
OBJ 500015b9 (sz=32, trace=300000, class=java.util.Hashtable$Entry@500000fa)
	key		50000d37
	value		50000d36
	next		500015d4
OBJ 500015ba (sz=32, trace=300000, class=java.util.Hashtable$Entry@500000fa)
	key		50000d2e
	value		50000d2d
	next		500015d3
OBJ 500015bb (sz=32, trace=300000, class=java.util.Hashtable$Entry@500000fa)
	key		50000d29
	value		50000d28
OBJ 500015bc (sz=32, trace=300000, class=java.util.Hashtable$Entry@500000fa)
	key		500015d0
	value		500015cf
OBJ 500015bd (sz=32, trace=300000, class=java.util.Hashtable$Entry@500000fa)
	key		50000d21
	value		50000d20
	next		500015ce
OBJ 500015be (sz=32, trace=300000, class=java.util.Hashtable$Entry@500000fa)
	key		50000d13
	value		50000d12
	next		500015cc
OBJ 500015bf (sz=32, trace=300000, class=java.util.Hashtable$Entry@500000fa)
	key		50000d0e
	value		50000d0d
	next		500015ca
OBJ 500015c0 (sz=32, trace=300000, class=java.util.Hashtable$Entry@500000fa)
	key		50000d00
	value		50000cff
OBJ 500015c1 (sz=32, trace=300000, class=java.util.Hashtable$Entry@500000fa)
	key		50000cf8
	value		50000cf7
	next		500015c9
OBJ 500015c2 (sz=32, trace=300000, class=java.util.Hashtable$Entry@500000fa)
	key		50000cef
	value		50000cee
	next		500015c8
OBJ 500015c3 (sz=32, trace=300000, class=java.util.Hashtable$Entry@500000fa)
	key		500015c5
	value		500015c4
OBJ 500015c4 (sz=24, trace=300000, class=java.lang.String@50000136)
	value		500015c7
OBJ 500015c5 (sz=24, trace=300000, class=java.lang.String@50000136)
	value		500015c6
ARR 500015c6 (sz=34, trace=300000, nelems=17, elem type=char[])
ARR 500015c7 (sz=62, trace=300000, nelems=31, elem type=char[])
OBJ 500015c8 (sz=32, trace=300000, class=java.util.Hashtable$Entry@500000fa)
	key		50000cf3
	value		50000cf2
OBJ 500015c9 (sz=32, trace=300000, class=java.util.Hashtable$Entry@500000fa)
	key		50000cfc
	value		50000cfb
OBJ 500015ca (sz=32, trace=300000, class=java.util.Hashtable$Entry@500000fa)
	key		50000d05
	value		50000d04
	next		500015cb
OBJ 500015cb (sz=32, trace=300000, class=java.util.Hashtable$Entry@500000fa)
	key		50000d0a
	value		50000d09
OBJ 500015cc (sz=32, trace=300000, class=java.util.Hashtable$Entry@500000fa)
	key		50000d18
	value		50000d17
	next		500015cd
OBJ 500015cd (sz=32, trace=300000, class=java.util.Hashtable$Entry@500000fa)
	key		50000d1c
	value		50000d1b
OBJ 500015ce (sz=32, trace=300000, class=java.util.Hashtable$Entry@500000fa)
	key		50000d25
	value		50000d24
OBJ 500015cf (sz=24, trace=300000, class=java.lang.String@50000136)
	value		500015d2
OBJ 500015d0 (sz=24, trace=300000, class=java.lang.String@50000136)
	value		500015d1
ARR 500015d1 (sz=40, trace=300000, nelems=20, elem type=char[])
ARR 500015d2 (sz=24, trace=300000, nelems=12, elem type=char[])
OBJ 500015d3 (sz=32, trace=300000, class=java.util.Hashtable$Entry@500000fa)
	key		50000d32
	value		50000d31
OBJ 500015d4 (sz=32, trace=300000, class=java.util.Hashtable$Entry@500000fa)
	key		50000d3a
	value		50000c93
OBJ 500015d5 (sz=32, trace=300000, class=java.util.Hashtable$Entry@500000fa)
	key		50000d52
	value		50000d51
OBJ 500015d6 (sz=32, trace=300000, class=java.util.Hashtable$Entry@500000fa)
	key		50000d70
	value		50000d6f
	next		500015d7
OBJ 500015d7 (sz=32, trace=300000, class=java.util.Hashtable$Entry@500000fa)
	key		50000d74
	value		50000d73
OBJ 500015d8 (sz=32, trace=300000, class=java.util.Hashtable$Entry@500000fa)
	key		50000d79
	value		50000d78
OBJ 500015d9 (sz=32, trace=300000, class=java.util.Hashtable$Entry@500000fa)
	key		50000d8b
	value		50000d8a
	next		500015da
OBJ 500015da (sz=32, trace=300000, class=java.util.Hashtable$Entry@500000fa)
	key		50000d86
	value		50000d85
OBJ 500015db (sz=32, trace=300000, class=java.util.Hashtable$Entry@500000fa)
	key		50000d94
	value		50000d93
OBJ 500015dc (sz=24, trace=300000, class=java.lang.String@50000136)
	value		500015dd
ARR 500015dd (sz=20, trace=300000, nelems=10, elem type=char[])
OBJ 500015de (sz=32, trace=300000, class=java.util.Hashtable$Entry@500000fa)
	key		50000dc2
	value		50000dc1
OBJ 500015df (sz=16, trace=300000, class=java.util.Hashtable$EntrySet@50000064)
	this$0		50000c94
OBJ 500015e0 (sz=24, trace=300000, class=java.lang.String@50000136)
	value		500015e1
ARR 500015e1 (sz=8, trace=300000, nelems=4, elem type=char[])
OBJ 500015e2 (sz=24, trace=300000, class=java.lang.String@50000136)
	value		500015f3
OBJ 500015e3 (sz=24, trace=300000, class=java.lang.String@50000136)
	value		500015f1
OBJ 500015e4 (sz=24, trace=300000, class=java.lang.String@50000136)
	value		500015ef
OBJ 500015e5 (sz=16, trace=300000, class=java.lang.Terminator$1@50000104)
OBJ 500015e6 (sz=24, trace=300000, class=sun.misc.NativeSignalHandler@500000f6)
OBJ 500015e7 (sz=24, trace=300000, class=sun.misc.NativeSignalHandler@500000f6)
OBJ 500015e8 (sz=48, trace=300000, class=java.util.Hashtable@500000f1)
	table		500015f4
OBJ 500015e9 (sz=48, trace=300000, class=java.util.Hashtable@500000f1)
	table		500015ea
ARR 500015ea (sz=32, trace=300000, nelems=4, elem type=java.util.Hashtable$Entry[]@500000fb)
	[1]		500015eb
	[2]		500015ec
	[3]		500015ed
OBJ 500015eb (sz=32, trace=300000, class=java.util.Hashtable$Entry@500000fa)
	key		500015f2
	value		500015e5
OBJ 500015ec (sz=32, trace=300000, class=java.util.Hashtable$Entry@500000fa)
	key		500015f0
	value		500015e5
OBJ 500015ed (sz=32, trace=300000, class=java.util.Hashtable$Entry@500000fa)
	key		500015ee
	value		500015e5
OBJ 500015ee (sz=24, trace=300000, class=sun.misc.Signal@5000012a)
	name		500015e4
ARR 500015ef (sz=8, trace=300000, nelems=4, elem type=char[])
OBJ 500015f0 (sz=24, trace=300000, class=sun.misc.Signal@5000012a)
	name		500015e3
ARR 500015f1 (sz=6, trace=300000, nelems=3, elem type=char[])
OBJ 500015f2 (sz=24, trace=300000, class=sun.misc.Signal@5000012a)
	name		500015e2
ARR 500015f3 (sz=6, trace=300000, nelems=3, elem type=char[])
ARR 500015f4 (sz=32, trace=300000, nelems=4, elem type=java.util.Hashtable$Entry[]@500000fb)
	[1]		500015f5
	[2]		500015f6
	[3]		500015f7
OBJ 500015f5 (sz=32, trace=300000, class=java.util.Hashtable$Entry@500000fa)
	key		500015fa
	value		500015f2
OBJ 500015f6 (sz=32, trace=300000, class=java.util.Hashtable$Entry@500000fa)
	key		500015f9
	value		500015f0
OBJ 500015f7 (sz=32, trace=300000, class=java.util.Hashtable$Entry@500000fa)
	key		500015f8
	value		500015ee
OBJ 500015f8 (sz=16, trace=300000, class=java.lang.Integer@5000012e)
OBJ 500015f9 (sz=16, trace=300000, class=java.lang.Integer@5000012e)
OBJ 500015fa (sz=16, trace=300000, class=java.lang.Integer@5000012e)
ARR 500015fb (sz=6, trace=300000, nelems=3, elem type=char[])
ARR 500015fc (sz=16, trace=300000, nelems=8, elem type=char[])
OBJ 500015fd (sz=32, trace=300000, class=java.util.HashMap$Entry@500000e3)
	key		50000022
	value		50001600
ARR 500015fe (sz=24, trace=300000, nelems=1, elem type=java.lang.String[]@50000137)
	[0]		50000c87
ARR 500015ff (sz=22, trace=300000, nelems=11, elem type=char[])
ARR 50001600 (sz=24, trace=300000, nelems=2, elem type=java.lang.String[]@50000137)
	[0]		50000c88
	[1]		50000c89
ARR 50001601 (sz=30, trace=300000, nelems=15, elem type=char[])
ARR 50001602 (sz=28, trace=300000, nelems=14, elem type=char[])
ARR 50001603 (sz=80, trace=300000, nelems=7, elem type=java.util.HashMap$Entry[]@500000e4)
	[6]		50001604
OBJ 50001604 (sz=32, trace=300000, class=java.util.HashMap$Entry@500000e3)
	key		5000012b
	value		50001605
ARR 50001605 (sz=24, trace=300000, nelems=1, elem type=java.lang.String[]@50000137)
	[0]		50000c86
ARR 50001606 (sz=18, trace=300000, nelems=9, elem type=char[])
ARR 50001607 (sz=20, trace=300000, nelems=10, elem type=char[])
ARR 50001608 (sz=8, trace=300000, nelems=4, elem type=char[])
ARR 50001609 (sz=10, trace=300000, nelems=5, elem type=char[])
ARR 5000160a (sz=8, trace=300000, nelems=4, elem type=char[])
OBJ 5000160b (sz=32, trace=300000, class=java.util.concurrent.ConcurrentHashMap$HashEntry@500000ac)
	key		5000160d
	value		5000160c
OBJ 5000160c (sz=48, trace=300000, class=sun.util.locale.LocaleObjectCache$CacheEntry@50000093)
	referent	50000c61
	queue		50000c70
	key		5000160d
OBJ 5000160d (sz=24, trace=300000, class=java.util.Locale$LocaleKey@5000003f)
	base		5000160e
OBJ 5000160e (sz=32, trace=300000, class=sun.util.locale.BaseLocale@5000001a)
	language	50000c57
	script		50000c3c
	region		50000c44
	variant		50000c3c
ARR 5000160f (sz=4, trace=300000, nelems=2, elem type=char[])
ARR 50001610 (sz=4, trace=300000, nelems=2, elem type=char[])
OBJ 50001611 (sz=24, trace=300000, class=java.lang.String@50000136)
	value		500016ef
OBJ 50001612 (sz=24, trace=300000, class=java.lang.String@50000136)
	value		500016ee
OBJ 50001613 (sz=24, trace=300000, class=java.lang.String@50000136)
	value		500016ed
OBJ 50001614 (sz=24, trace=300000, class=java.lang.String@50000136)
	value		50001616
OBJ 50001615 (sz=24, trace=300000, class=sun.util.locale.BaseLocale$Cache@5000010c)
	map		50001618
	queue		50001617
ARR 50001616 (sz=2, trace=300000, nelems=1, elem type=char[])
OBJ 50001617 (sz=32, trace=300000, class=java.lang.ref.ReferenceQueue@500000e0)
	lock		50001633
OBJ 50001618 (sz=48, trace=300000, class=java.util.concurrent.ConcurrentHashMap@5000000d)
	segments	50001619
ARR 50001619 (sz=80, trace=300000, nelems=14, elem type=java.util.concurrent.ConcurrentHashMap$Segment[]@500000f3)
	[0]		5000161a
	[1]		5000161b
	[2]		5000161c
	[4]		5000161d
	[6]		5000161e
	[7]		5000161f
	[8]		50001620
	[9]		50001621
	[10]		50001622
	[11]		50001623
	[12]		50001624
	[13]		50001625
OBJ 5000161a (sz=40, trace=300000, class=java.util.concurrent.ConcurrentHashMap$Segment@500000f2)
	sync		500016ec
	table		500016eb
OBJ 5000161b (sz=40, trace=300000, class=java.util.concurrent.ConcurrentHashMap$Segment@500000f2)
	sync		500016e2
	table		500016e1
OBJ 5000161c (sz=40, trace=300000, class=java.util.concurrent.ConcurrentHashMap$Segment@500000f2)
	sync		500016ce
	table		500016cd
OBJ 5000161d (sz=40, trace=300000, class=java.util.concurrent.ConcurrentHashMap$Segment@500000f2)
	sync		500016c3
	table		500016c2
OBJ 5000161e (sz=40, trace=300000, class=java.util.concurrent.ConcurrentHashMap$Segment@500000f2)
	sync		500016a0
	table		5000169f
OBJ 5000161f (sz=40, trace=300000, class=java.util.concurrent.ConcurrentHashMap$Segment@500000f2)
	sync		50001686
	table		50001685
OBJ 50001620 (sz=40, trace=300000, class=java.util.concurrent.ConcurrentHashMap$Segment@500000f2)
	sync		5000167b
	table		5000167a
OBJ 50001621 (sz=40, trace=300000, class=java.util.concurrent.ConcurrentHashMap$Segment@500000f2)
	sync		5000166f
	table		5000166e
OBJ 50001622 (sz=40, trace=300000, class=java.util.concurrent.ConcurrentHashMap$Segment@500000f2)
	sync		5000165b
	table		5000165a
OBJ 50001623 (sz=40, trace=300000, class=java.util.concurrent.ConcurrentHashMap$Segment@500000f2)
	sync		50001650
	table		5000164f
OBJ 50001624 (sz=40, trace=300000, class=java.util.concurrent.ConcurrentHashMap$Segment@500000f2)
	sync		50001645
	table		50001644
OBJ 50001625 (sz=40, trace=300000, class=java.util.concurrent.ConcurrentHashMap$Segment@500000f2)
	sync		50001627
	table		50001626
ARR 50001626 (sz=32, trace=300000, nelems=4, elem type=java.util.concurrent.ConcurrentHashMap$HashEntry[]@500000ad)
	[1]		50001628
	[2]		50001629
	[3]		5000162a
OBJ 50001627 (sz=32, trace=300000, class=java.util.concurrent.locks.ReentrantLock$NonfairSync@5000011a)
OBJ 50001628 (sz=32, trace=300000, class=java.util.concurrent.ConcurrentHashMap$HashEntry@500000ac)
	key		5000163e
	value		5000163d
OBJ 50001629 (sz=32, trace=300000, class=java.util.concurrent.ConcurrentHashMap$HashEntry@500000ac)
	key		50001635
	value		50001634
OBJ 5000162a (sz=32, trace=300000, class=java.util.concurrent.ConcurrentHashMap$HashEntry@500000ac)
	key		5000162c
	value		5000162b
OBJ 5000162b (sz=48, trace=300000, class=sun.util.locale.LocaleObjectCache$CacheEntry@50000093)
	referent	50001632
	queue		50001617
	key		5000162c
OBJ 5000162c (sz=40, trace=300000, class=sun.util.locale.BaseLocale$Key@500000da)
	lang		50001630
	scrt		5000162f
	regn		5000162e
	vart		5000162d
OBJ 5000162d (sz=40, trace=300000, class=java.lang.ref.SoftReference@500000de)
	referent	50000c3c
	queue		500013cd
OBJ 5000162e (sz=40, trace=300000, class=java.lang.ref.SoftReference@500000de)
	referent	50000c3c
	queue		500013cd
OBJ 5000162f (sz=40, trace=300000, class=java.lang.ref.SoftReference@500000de)
	referent	50000c3c
	queue		500013cd
OBJ 50001630 (sz=40, trace=300000, class=java.lang.ref.SoftReference@500000de)
	referent	50000c4d
	queue		500013cd
ARR 50001631 (sz=4, trace=300000, nelems=2, elem type=char[])
OBJ 50001632 (sz=32, trace=300000, class=sun.util.locale.BaseLocale@5000001a)
	language	50000c4d
	script		50000c3c
	region		50000c3c
	variant		50000c3c
OBJ 50001633 (sz=16, trace=300000, class=java.lang.ref.ReferenceQueue$Lock@5000004f)
OBJ 50001634 (sz=48, trace=300000, class=sun.util.locale.LocaleObjectCache$CacheEntry@50000093)
	referent	5000163c
	queue		50001617
	key		50001635
OBJ 50001635 (sz=40, trace=300000, class=sun.util.locale.BaseLocale$Key@500000da)
	lang		50001639
	scrt		50001638
	regn		50001637
	vart		50001636
OBJ 50001636 (sz=40, trace=300000, class=java.lang.ref.SoftReference@500000de)
	referent	50000c3c
	queue		500013cd
OBJ 50001637 (sz=40, trace=300000, class=java.lang.ref.SoftReference@500000de)
	referent	50000c59
	queue		500013cd
OBJ 50001638 (sz=40, trace=300000, class=java.lang.ref.SoftReference@500000de)
	referent	50000c3c
	queue		500013cd
OBJ 50001639 (sz=40, trace=300000, class=java.lang.ref.SoftReference@500000de)
	referent	50000c47
	queue		500013cd
ARR 5000163a (sz=4, trace=300000, nelems=2, elem type=char[])
ARR 5000163b (sz=4, trace=300000, nelems=2, elem type=char[])
OBJ 5000163c (sz=32, trace=300000, class=sun.util.locale.BaseLocale@5000001a)
	language	50000c47
	script		50000c3c
	region		50000c59
	variant		50000c3c
OBJ 5000163d (sz=48, trace=300000, class=sun.util.locale.LocaleObjectCache$CacheEntry@50000093)
	referent	50001643
	queue		50001617
	key		5000163e
OBJ 5000163e (sz=40, trace=300000, class=sun.util.locale.BaseLocale$Key@500000da)
	lang		50001642
	scrt		50001641
	regn		50001640
	vart		5000163f
OBJ 5000163f (sz=40, trace=300000, class=java.lang.ref.SoftReference@500000de)
	referent	50000c3c
	queue		500013cd
OBJ 50001640 (sz=40, trace=300000, class=java.lang.ref.SoftReference@500000de)
	referent	50000c3c
	queue		500013cd
OBJ 50001641 (sz=40, trace=300000, class=java.lang.ref.SoftReference@500000de)
	referent	50000c3c
	queue		500013cd
OBJ 50001642 (sz=40, trace=300000, class=java.lang.ref.SoftReference@500000de)
	referent	50000c57
	queue		500013cd
OBJ 50001643 (sz=32, trace=300000, class=sun.util.locale.BaseLocale@5000001a)
	language	50000c57
	script		50000c3c
	region		50000c3c
	variant		50000c3c
ARR 50001644 (sz=24, trace=300000, nelems=1, elem type=java.util.concurrent.ConcurrentHashMap$HashEntry[]@500000ad)
	[0]		50001646
OBJ 50001645 (sz=32, trace=300000, class=java.util.concurrent.locks.ReentrantLock$NonfairSync@5000011a)
OBJ 50001646 (sz=32, trace=300000, class=java.util.concurrent.ConcurrentHashMap$HashEntry@500000ac)
	key		50001648
	value		50001647
OBJ 50001647 (sz=48, trace=300000, class=sun.util.locale.LocaleObjectCache$CacheEntry@50000093)
	referent	5000164e
	queue		50001617
	key		50001648
OBJ 50001648 (sz=40, trace=300000, class=sun.util.locale.BaseLocale$Key@500000da)
	lang		5000164c
	scrt		5000164b
	regn		5000164a
	vart		50001649
OBJ 50001649 (sz=40, trace=300000, class=java.lang.ref.SoftReference@500000de)
	referent	50000c3c
	queue		500013cd
OBJ 5000164a (sz=40, trace=300000, class=java.lang.ref.SoftReference@500000de)
	referent	50000c40
	queue		500013cd
OBJ 5000164b (sz=40, trace=300000, class=java.lang.ref.SoftReference@500000de)
	referent	50000c3c
	queue		500013cd
OBJ 5000164c (sz=40, trace=300000, class=java.lang.ref.SoftReference@500000de)
	referent	50000c47
	queue		500013cd
ARR 5000164d (sz=4, trace=300000, nelems=2, elem type=char[])
OBJ 5000164e (sz=32, trace=300000, class=sun.util.locale.BaseLocale@5000001a)
	language	50000c47
	script		50000c3c
	region		50000c40
	variant		50000c3c
ARR 5000164f (sz=24, trace=300000, nelems=1, elem type=java.util.concurrent.ConcurrentHashMap$HashEntry[]@500000ad)
	[0]		50001651
OBJ 50001650 (sz=32, trace=300000, class=java.util.concurrent.locks.ReentrantLock$NonfairSync@5000011a)
OBJ 50001651 (sz=32, trace=300000, class=java.util.concurrent.ConcurrentHashMap$HashEntry@500000ac)
	key		50001653
	value		50001652
OBJ 50001652 (sz=48, trace=300000, class=sun.util.locale.LocaleObjectCache$CacheEntry@50000093)
	referent	50001659
	queue		50001617
	key		50001653
OBJ 50001653 (sz=40, trace=300000, class=sun.util.locale.BaseLocale$Key@500000da)
	lang		50001657
	scrt		50001656
	regn		50001655
	vart		50001654
OBJ 50001654 (sz=40, trace=300000, class=java.lang.ref.SoftReference@500000de)
	referent	50000c3c
	queue		500013cd
OBJ 50001655 (sz=40, trace=300000, class=java.lang.ref.SoftReference@500000de)
	referent	50000c3c
	queue		500013cd
OBJ 50001656 (sz=40, trace=300000, class=java.lang.ref.SoftReference@500000de)
	referent	50000c3c
	queue		500013cd
OBJ 50001657 (sz=40, trace=300000, class=java.lang.ref.SoftReference@500000de)
	referent	50000c4b
	queue		500013cd
ARR 50001658 (sz=4, trace=300000, nelems=2, elem type=char[])
OBJ 50001659 (sz=32, trace=300000, class=sun.util.locale.BaseLocale@5000001a)
	language	50000c4b
	script		50000c3c
	region		50000c3c
	variant		50000c3c
ARR 5000165a (sz=32, trace=300000, nelems=3, elem type=java.util.concurrent.ConcurrentHashMap$HashEntry[]@500000ad)
	[1]		5000165c
	[2]		5000165d
OBJ 5000165b (sz=32, trace=300000, class=java.util.concurrent.locks.ReentrantLock$NonfairSync@5000011a)
OBJ 5000165c (sz=32, trace=300000, class=java.util.concurrent.ConcurrentHashMap$HashEntry@500000ac)
	key		50001666
	value		50001665
OBJ 5000165d (sz=32, trace=300000, class=java.util.concurrent.ConcurrentHashMap$HashEntry@500000ac)
	key		5000165f
	value		5000165e
OBJ 5000165e (sz=48, trace=300000, class=sun.util.locale.LocaleObjectCache$CacheEntry@50000093)
	referent	50001664
	queue		50001617
	key		5000165f
OBJ 5000165f (sz=40, trace=300000, class=sun.util.locale.BaseLocale$Key@500000da)
	lang		50001663
	scrt		50001662
	regn		50001661
	vart		50001660
OBJ 50001660 (sz=40, trace=300000, class=java.lang.ref.SoftReference@500000de)
	referent	50000c3c
	queue		500013cd
OBJ 50001661 (sz=40, trace=300000, class=java.lang.ref.SoftReference@500000de)
	referent	50000c3c
	queue		500013cd
OBJ 50001662 (sz=40, trace=300000, class=java.lang.ref.SoftReference@500000de)
	referent	50000c3c
	queue		500013cd
OBJ 50001663 (sz=40, trace=300000, class=java.lang.ref.SoftReference@500000de)
	referent	50000c3c
	queue		500013cd
OBJ 50001664 (sz=32, trace=300000, class=sun.util.locale.BaseLocale@5000001a)
	language	50000c3c
	script		50000c3c
	region		50000c3c
	variant		50000c3c
OBJ 50001665 (sz=48, trace=300000, class=sun.util.locale.LocaleObjectCache$CacheEntry@50000093)
	referent	5000166d
	queue		50001617
	key		50001666
OBJ 50001666 (sz=40, trace=300000, class=sun.util.locale.BaseLocale$Key@500000da)
	lang		5000166a
	scrt		50001669
	regn		50001668
	vart		50001667
OBJ 50001667 (sz=40, trace=300000, class=java.lang.ref.SoftReference@500000de)
	referent	50000c3c
	queue		500013cd
OBJ 50001668 (sz=40, trace=300000, class=java.lang.ref.SoftReference@500000de)
	referent	50000c3f
	queue		500013cd
OBJ 50001669 (sz=40, trace=300000, class=java.lang.ref.SoftReference@500000de)
	referent	50000c3c
	queue		500013cd
OBJ 5000166a (sz=40, trace=300000, class=java.lang.ref.SoftReference@500000de)
	referent	50000c49
	queue		500013cd
ARR 5000166b (sz=4, trace=300000, nelems=2, elem type=char[])
ARR 5000166c (sz=4, trace=300000, nelems=2, elem type=char[])
OBJ 5000166d (sz=32, trace=300000, class=sun.util.locale.BaseLocale@5000001a)
	language	50000c49
	script		50000c3c
	region		50000c3f
	variant		50000c3c
ARR 5000166e (sz=24, trace=300000, nelems=1, elem type=java.util.concurrent.ConcurrentHashMap$HashEntry[]@500000ad)
	[0]		50001670
OBJ 5000166f (sz=32, trace=300000, class=java.util.concurrent.locks.ReentrantLock$NonfairSync@5000011a)
OBJ 50001670 (sz=32, trace=300000, class=java.util.concurrent.ConcurrentHashMap$HashEntry@500000ac)
	key		50001672
	value		50001671
OBJ 50001671 (sz=48, trace=300000, class=sun.util.locale.LocaleObjectCache$CacheEntry@50000093)
	referent	50001679
	queue		50001617
	key		50001672
OBJ 50001672 (sz=40, trace=300000, class=sun.util.locale.BaseLocale$Key@500000da)
	lang		50001676
	scrt		50001675
	regn		50001674
	vart		50001673
OBJ 50001673 (sz=40, trace=300000, class=java.lang.ref.SoftReference@500000de)
	referent	50000c3c
	queue		500013cd
OBJ 50001674 (sz=40, trace=300000, class=java.lang.ref.SoftReference@500000de)
	referent	50000c3e
	queue		500013cd
OBJ 50001675 (sz=40, trace=300000, class=java.lang.ref.SoftReference@500000de)
	referent	50000c3c
	queue		500013cd
OBJ 50001676 (sz=40, trace=300000, class=java.lang.ref.SoftReference@500000de)
	referent	50000c46
	queue		500013cd
ARR 50001677 (sz=4, trace=300000, nelems=2, elem type=char[])
ARR 50001678 (sz=4, trace=300000, nelems=2, elem type=char[])
OBJ 50001679 (sz=32, trace=300000, class=sun.util.locale.BaseLocale@5000001a)
	language	50000c46
	script		50000c3c
	region		50000c3e
	variant		50000c3c
ARR 5000167a (sz=24, trace=300000, nelems=1, elem type=java.util.concurrent.ConcurrentHashMap$HashEntry[]@500000ad)
	[0]		5000167c
OBJ 5000167b (sz=32, trace=300000, class=java.util.concurrent.locks.ReentrantLock$NonfairSync@5000011a)
OBJ 5000167c (sz=32, trace=300000, class=java.util.concurrent.ConcurrentHashMap$HashEntry@500000ac)
	key		5000167e
	value		5000167d
OBJ 5000167d (sz=48, trace=300000, class=sun.util.locale.LocaleObjectCache$CacheEntry@50000093)
	referent	50001684
	queue		50001617
	key		5000167e
OBJ 5000167e (sz=40, trace=300000, class=sun.util.locale.BaseLocale$Key@500000da)
	lang		50001682
	scrt		50001681
	regn		50001680
	vart		5000167f
OBJ 5000167f (sz=40, trace=300000, class=java.lang.ref.SoftReference@500000de)
	referent	50000c3c
	queue		500013cd
OBJ 50001680 (sz=40, trace=300000, class=java.lang.ref.SoftReference@500000de)
	referent	50000c3c
	queue		500013cd
OBJ 50001681 (sz=40, trace=300000, class=java.lang.ref.SoftReference@500000de)
	referent	50000c3c
	queue		500013cd
OBJ 50001682 (sz=40, trace=300000, class=java.lang.ref.SoftReference@500000de)
	referent	50000c4c
	queue		500013cd
ARR 50001683 (sz=4, trace=300000, nelems=2, elem type=char[])
OBJ 50001684 (sz=32, trace=300000, class=sun.util.locale.BaseLocale@5000001a)
	language	50000c4c
	script		50000c3c
	region		50000c3c
	variant		50000c3c
ARR 50001685 (sz=32, trace=300000, nelems=4, elem type=java.util.concurrent.ConcurrentHashMap$HashEntry[]@500000ad)
	[0]		50001687
	[3]		50001688
OBJ 50001686 (sz=32, trace=300000, class=java.util.concurrent.locks.ReentrantLock$NonfairSync@5000011a)
OBJ 50001687 (sz=32, trace=300000, class=java.util.concurrent.ConcurrentHashMap$HashEntry@500000ac)
	key		5000169a
	value		50001699
OBJ 50001688 (sz=32, trace=300000, class=java.util.concurrent.ConcurrentHashMap$HashEntry@500000ac)
	key		5000168b
	value		5000168a
	next		50001689
OBJ 50001689 (sz=32, trace=300000, class=java.util.concurrent.ConcurrentHashMap$HashEntry@500000ac)
	key		50001692
	value		50001691
OBJ 5000168a (sz=48, trace=300000, class=sun.util.locale.LocaleObjectCache$CacheEntry@50000093)
	referent	50001690
	queue		50001617
	key		5000168b
OBJ 5000168b (sz=40, trace=300000, class=sun.util.locale.BaseLocale$Key@500000da)
	lang		5000168f
	scrt		5000168e
	regn		5000168d
	vart		5000168c
OBJ 5000168c (sz=40, trace=300000, class=java.lang.ref.SoftReference@500000de)
	referent	50000c3c
	queue		500013cd
OBJ 5000168d (sz=40, trace=300000, class=java.lang.ref.SoftReference@500000de)
	referent	50000d12
	queue		500013cd
OBJ 5000168e (sz=40, trace=300000, class=java.lang.ref.SoftReference@500000de)
	referent	50000c3c
	queue		500013cd
OBJ 5000168f (sz=40, trace=300000, class=java.lang.ref.SoftReference@500000de)
	referent	50000c47
	queue		500013cd
OBJ 50001690 (sz=32, trace=300000, class=sun.util.locale.BaseLocale@5000001a)
	language	50000c47
	script		50000c3c
	region		50000d12
	variant		50000c3c
OBJ 50001691 (sz=48, trace=300000, class=sun.util.locale.LocaleObjectCache$CacheEntry@50000093)
	referent	50001698
	queue		50001617
	key		50001692
OBJ 50001692 (sz=40, trace=300000, class=sun.util.locale.BaseLocale$Key@500000da)
	lang		50001696
	scrt		50001695
	regn		50001694
	vart		50001693
OBJ 50001693 (sz=40, trace=300000, class=java.lang.ref.SoftReference@500000de)
	referent	50000c3c
	queue		500013cd
OBJ 50001694 (sz=40, trace=300000, class=java.lang.ref.SoftReference@500000de)
	referent	50000c43
	queue		500013cd
OBJ 50001695 (sz=40, trace=300000, class=java.lang.ref.SoftReference@500000de)
	referent	50000c3c
	queue		500013cd
OBJ 50001696 (sz=40, trace=300000, class=java.lang.ref.SoftReference@500000de)
	referent	50000c4d
	queue		500013cd
ARR 50001697 (sz=4, trace=300000, nelems=2, elem type=char[])
OBJ 50001698 (sz=32, trace=300000, class=sun.util.locale.BaseLocale@5000001a)
	language	50000c4d
	script		50000c3c
	region		50000c43
	variant		50000c3c
OBJ 50001699 (sz=48, trace=300000, class=sun.util.locale.LocaleObjectCache$CacheEntry@50000093)
	referent	5000160e
	queue		50001617
	key		5000169a
OBJ 5000169a (sz=40, trace=300000, class=sun.util.locale.BaseLocale$Key@500000da)
	lang		5000169e
	scrt		5000169d
	regn		5000169c
	vart		5000169b
OBJ 5000169b (sz=40, trace=300000, class=java.lang.ref.SoftReference@500000de)
	referent	50000c3c
	queue		500013cd
OBJ 5000169c (sz=40, trace=300000, class=java.lang.ref.SoftReference@500000de)
	referent	50000c44
	queue		500013cd
OBJ 5000169d (sz=40, trace=300000, class=java.lang.ref.SoftReference@500000de)
	referent	50000c3c
	queue		500013cd
OBJ 5000169e (sz=40, trace=300000, class=java.lang.ref.SoftReference@500000de)
	referent	50000c57
	queue		500013cd
ARR 5000169f (sz=48, trace=300000, nelems=7, elem type=java.util.concurrent.ConcurrentHashMap$HashEntry[]@500000ad)
	[0]		500016a1
	[2]		500016a2
	[5]		500016a3
	[6]		500016a4
OBJ 500016a0 (sz=32, trace=300000, class=java.util.concurrent.locks.ReentrantLock$NonfairSync@5000011a)
OBJ 500016a1 (sz=32, trace=300000, class=java.util.concurrent.ConcurrentHashMap$HashEntry@500000ac)
	key		500016bc
	value		500016bb
OBJ 500016a2 (sz=32, trace=300000, class=java.util.concurrent.ConcurrentHashMap$HashEntry@500000ac)
	key		500016b5
	value		500016b4
OBJ 500016a3 (sz=32, trace=300000, class=java.util.concurrent.ConcurrentHashMap$HashEntry@500000ac)
	key		500016ad
	value		500016ac
OBJ 500016a4 (sz=32, trace=300000, class=java.util.concurrent.ConcurrentHashMap$HashEntry@500000ac)
	key		500016a6
	value		500016a5
OBJ 500016a5 (sz=48, trace=300000, class=sun.util.locale.LocaleObjectCache$CacheEntry@50000093)
	referent	500016ab
	queue		50001617
	key		500016a6
OBJ 500016a6 (sz=40, trace=300000, class=sun.util.locale.BaseLocale$Key@500000da)
	lang		500016aa
	scrt		500016a9
	regn		500016a8
	vart		500016a7
OBJ 500016a7 (sz=40, trace=300000, class=java.lang.ref.SoftReference@500000de)
	referent	50000c3c
	queue		500013cd
OBJ 500016a8 (sz=40, trace=300000, class=java.lang.ref.SoftReference@500000de)
	referent	50000c3c
	queue		500013cd
OBJ 500016a9 (sz=40, trace=300000, class=java.lang.ref.SoftReference@500000de)
	referent	50000c3c
	queue		500013cd
OBJ 500016aa (sz=40, trace=300000, class=java.lang.ref.SoftReference@500000de)
	referent	50000c47
	queue		500013cd
OBJ 500016ab (sz=32, trace=300000, class=sun.util.locale.BaseLocale@5000001a)
	language	50000c47
	script		50000c3c
	region		50000c3c
	variant		50000c3c
OBJ 500016ac (sz=48, trace=300000, class=sun.util.locale.LocaleObjectCache$CacheEntry@50000093)
	referent	500016b3
	queue		50001617
	key		500016ad
OBJ 500016ad (sz=40, trace=300000, class=sun.util.locale.BaseLocale$Key@500000da)
	lang		500016b1
	scrt		500016b0
	regn		500016af
	vart		500016ae
OBJ 500016ae (sz=40, trace=300000, class=java.lang.ref.SoftReference@500000de)
	referent	50000c3c
	queue		500013cd
OBJ 500016af (sz=40, trace=300000, class=java.lang.ref.SoftReference@500000de)
	referent	50000c58
	queue		500013cd
OBJ 500016b0 (sz=40, trace=300000, class=java.lang.ref.SoftReference@500000de)
	referent	50000c3c
	queue		500013cd
OBJ 500016b1 (sz=40, trace=300000, class=java.lang.ref.SoftReference@500000de)
	referent	50000c49
	queue		500013cd
ARR 500016b2 (sz=4, trace=300000, nelems=2, elem type=char[])
OBJ 500016b3 (sz=32, trace=300000, class=sun.util.locale.BaseLocale@5000001a)
	language	50000c49
	script		50000c3c
	region		50000c58
	variant		50000c3c
OBJ 500016b4 (sz=48, trace=300000, class=sun.util.locale.LocaleObjectCache$CacheEntry@50000093)
	referent	500016ba
	queue		50001617
	key		500016b5
OBJ 500016b5 (sz=40, trace=300000, class=sun.util.locale.BaseLocale$Key@500000da)
	lang		500016b9
	scrt		500016b8
	regn		500016b7
	vart		500016b6
OBJ 500016b6 (sz=40, trace=300000, class=java.lang.ref.SoftReference@500000de)
	referent	50000c3c
	queue		500013cd
OBJ 500016b7 (sz=40, trace=300000, class=java.lang.ref.SoftReference@500000de)
	referent	50000c3c
	queue		500013cd
OBJ 500016b8 (sz=40, trace=300000, class=java.lang.ref.SoftReference@500000de)
	referent	50000c3c
	queue		500013cd
OBJ 500016b9 (sz=40, trace=300000, class=java.lang.ref.SoftReference@500000de)
	referent	50000c49
	queue		500013cd
OBJ 500016ba (sz=32, trace=300000, class=sun.util.locale.BaseLocale@5000001a)
	language	50000c49
	script		50000c3c
	region		50000c3c
	variant		50000c3c
OBJ 500016bb (sz=48, trace=300000, class=sun.util.locale.LocaleObjectCache$CacheEntry@50000093)
	referent	500016c1
	queue		50001617
	key		500016bc
OBJ 500016bc (sz=40, trace=300000, class=sun.util.locale.BaseLocale$Key@500000da)
	lang		500016c0
	scrt		500016bf
	regn		500016be
	vart		500016bd
OBJ 500016bd (sz=40, trace=300000, class=java.lang.ref.SoftReference@500000de)
	referent	50000c3c
	queue		500013cd
OBJ 500016be (sz=40, trace=300000, class=java.lang.ref.SoftReference@500000de)
	referent	50000c58
	queue		500013cd
OBJ 500016bf (sz=40, trace=300000, class=java.lang.ref.SoftReference@500000de)
	referent	50000c3c
	queue		500013cd
OBJ 500016c0 (sz=40, trace=300000, class=java.lang.ref.SoftReference@500000de)
	referent	50000c47
	queue		500013cd
OBJ 500016c1 (sz=32, trace=300000, class=sun.util.locale.BaseLocale@5000001a)
	language	50000c47
	script		50000c3c
	region		50000c58
	variant		50000c3c
ARR 500016c2 (sz=24, trace=300000, nelems=1, elem type=java.util.concurrent.ConcurrentHashMap$HashEntry[]@500000ad)
	[0]		500016c4
OBJ 500016c3 (sz=32, trace=300000, class=java.util.concurrent.locks.ReentrantLock$NonfairSync@5000011a)
OBJ 500016c4 (sz=32, trace=300000, class=java.util.concurrent.ConcurrentHashMap$HashEntry@500000ac)
	key		500016c6
	value		500016c5
OBJ 500016c5 (sz=48, trace=300000, class=sun.util.locale.LocaleObjectCache$CacheEntry@50000093)
	referent	500016cc
	queue		50001617
	key		500016c6
OBJ 500016c6 (sz=40, trace=300000, class=sun.util.locale.BaseLocale$Key@500000da)
	lang		500016ca
	scrt		500016c9
	regn		500016c8
	vart		500016c7
OBJ 500016c7 (sz=40, trace=300000, class=java.lang.ref.SoftReference@500000de)
	referent	50000c3c
	queue		500013cd
OBJ 500016c8 (sz=40, trace=300000, class=java.lang.ref.SoftReference@500000de)
	referent	50000c42
	queue		500013cd
OBJ 500016c9 (sz=40, trace=300000, class=java.lang.ref.SoftReference@500000de)
	referent	50000c3c
	queue		500013cd
OBJ 500016ca (sz=40, trace=300000, class=java.lang.ref.SoftReference@500000de)
	referent	50000c4c
	queue		500013cd
ARR 500016cb (sz=4, trace=300000, nelems=2, elem type=char[])
OBJ 500016cc (sz=32, trace=300000, class=sun.util.locale.BaseLocale@5000001a)
	language	50000c4c
	script		50000c3c
	region		50000c42
	variant		50000c3c
ARR 500016cd (sz=32, trace=300000, nelems=4, elem type=java.util.concurrent.ConcurrentHashMap$HashEntry[]@500000ad)
	[2]		500016cf
	[3]		500016d0
OBJ 500016ce (sz=32, trace=300000, class=java.util.concurrent.locks.ReentrantLock$NonfairSync@5000011a)
OBJ 500016cf (sz=32, trace=300000, class=java.util.concurrent.ConcurrentHashMap$HashEntry@500000ac)
	key		500016da
	value		500016d9
OBJ 500016d0 (sz=32, trace=300000, class=java.util.concurrent.ConcurrentHashMap$HashEntry@500000ac)
	key		500016d2
	value		500016d1
OBJ 500016d1 (sz=48, trace=300000, class=sun.util.locale.LocaleObjectCache$CacheEntry@50000093)
	referent	500016d8
	queue		50001617
	key		500016d2
OBJ 500016d2 (sz=40, trace=300000, class=sun.util.locale.BaseLocale$Key@500000da)
	lang		500016d6
	scrt		500016d5
	regn		500016d4
	vart		500016d3
OBJ 500016d3 (sz=40, trace=300000, class=java.lang.ref.SoftReference@500000de)
	referent	50000c3c
	queue		500013cd
OBJ 500016d4 (sz=40, trace=300000, class=java.lang.ref.SoftReference@500000de)
	referent	50000c41
	queue		500013cd
OBJ 500016d5 (sz=40, trace=300000, class=java.lang.ref.SoftReference@500000de)
	referent	50000c3c
	queue		500013cd
OBJ 500016d6 (sz=40, trace=300000, class=java.lang.ref.SoftReference@500000de)
	referent	50000c4b
	queue		500013cd
ARR 500016d7 (sz=4, trace=300000, nelems=2, elem type=char[])
OBJ 500016d8 (sz=32, trace=300000, class=sun.util.locale.BaseLocale@5000001a)
	language	50000c4b
	script		50000c3c
	region		50000c41
	variant		50000c3c
OBJ 500016d9 (sz=48, trace=300000, class=sun.util.locale.LocaleObjectCache$CacheEntry@50000093)
	referent	500016e0
	queue		50001617
	key		500016da
OBJ 500016da (sz=40, trace=300000, class=sun.util.locale.BaseLocale$Key@500000da)
	lang		500016de
	scrt		500016dd
	regn		500016dc
	vart		500016db
OBJ 500016db (sz=40, trace=300000, class=java.lang.ref.SoftReference@500000de)
	referent	50000c3c
	queue		500013cd
OBJ 500016dc (sz=40, trace=300000, class=java.lang.ref.SoftReference@500000de)
	referent	50000c3d
	queue		500013cd
OBJ 500016dd (sz=40, trace=300000, class=java.lang.ref.SoftReference@500000de)
	referent	50000c3c
	queue		500013cd
OBJ 500016de (sz=40, trace=300000, class=java.lang.ref.SoftReference@500000de)
	referent	50000c57
	queue		500013cd
ARR 500016df (sz=4, trace=300000, nelems=2, elem type=char[])
OBJ 500016e0 (sz=32, trace=300000, class=sun.util.locale.BaseLocale@5000001a)
	language	50000c57
	script		50000c3c
	region		50000c3d
	variant		50000c3c
ARR 500016e1 (sz=24, trace=300000, nelems=1, elem type=java.util.concurrent.ConcurrentHashMap$HashEntry[]@500000ad)
	[0]		500016e3
OBJ 500016e2 (sz=32, trace=300000, class=java.util.concurrent.locks.ReentrantLock$NonfairSync@5000011a)
OBJ 500016e3 (sz=32, trace=300000, class=java.util.concurrent.ConcurrentHashMap$HashEntry@500000ac)
	key		500016e5
	value		500016e4
OBJ 500016e4 (sz=48, trace=300000, class=sun.util.locale.LocaleObjectCache$CacheEntry@50000093)
	referent	500016ea
	queue		50001617
	key		500016e5
OBJ 500016e5 (sz=40, trace=300000, class=sun.util.locale.BaseLocale$Key@500000da)
	lang		500016e9
	scrt		500016e8
	regn		500016e7
	vart		500016e6
OBJ 500016e6 (sz=40, trace=300000, class=java.lang.ref.SoftReference@500000de)
	referent	50000c3c
	queue		500013cd
OBJ 500016e7 (sz=40, trace=300000, class=java.lang.ref.SoftReference@500000de)
	referent	50000c3c
	queue		500013cd
OBJ 500016e8 (sz=40, trace=300000, class=java.lang.ref.SoftReference@500000de)
	referent	50000c3c
	queue		500013cd
OBJ 500016e9 (sz=40, trace=300000, class=java.lang.ref.SoftReference@500000de)
	referent	50000c46
	queue		500013cd
OBJ 500016ea (sz=32, trace=300000, class=sun.util.locale.BaseLocale@5000001a)
	language	50000c46
	script		50000c3c
	region		50000c3c
	variant		50000c3c
ARR 500016eb (sz=24, trace=300000, nelems=0, elem type=java.util.concurrent.ConcurrentHashMap$HashEntry[]@500000ad)
OBJ 500016ec (sz=32, trace=300000, class=java.util.concurrent.locks.ReentrantLock$NonfairSync@5000011a)
ARR 500016ed (sz=4, trace=300000, nelems=2, elem type=char[])
ARR 500016ee (sz=4, trace=300000, nelems=2, elem type=char[])
ARR 500016ef (sz=4, trace=300000, nelems=2, elem type=char[])
OBJ 500016f0 (sz=16, trace=300000, class=java.lang.ref.ReferenceQueue$Lock@5000004f)
ARR 500016f1 (sz=24, trace=300000, nelems=1, elem type=java.util.concurrent.ConcurrentHashMap$HashEntry[]@500000ad)
	[0]		500016f3
OBJ 500016f2 (sz=32, trace=300000, class=java.util.concurrent.locks.ReentrantLock$NonfairSync@5000011a)
OBJ 500016f3 (sz=32, trace=300000, class=java.util.concurrent.ConcurrentHashMap$HashEntry@500000ac)
	key		500016f5
	value		500016f4
OBJ 500016f4 (sz=48, trace=300000, class=sun.util.locale.LocaleObjectCache$CacheEntry@50000093)
	referent	50000c64
	queue		50000c70
	key		500016f5
OBJ 500016f5 (sz=24, trace=300000, class=java.util.Locale$LocaleKey@5000003f)
	base		500016cc
ARR 500016f6 (sz=32, trace=300000, nelems=1, elem type=java.util.concurrent.ConcurrentHashMap$HashEntry[]@500000ad)
	[0]		500016f8
OBJ 500016f7 (sz=32, trace=300000, class=java.util.concurrent.locks.ReentrantLock$NonfairSync@5000011a)
OBJ 500016f8 (sz=32, trace=300000, class=java.util.concurrent.ConcurrentHashMap$HashEntry@500000ac)
	key		500016fb
	value		500016fa
	next		500016f9
OBJ 500016f9 (sz=32, trace=300000, class=java.util.concurrent.ConcurrentHashMap$HashEntry@500000ac)
	key		500016fd
	value		500016fc
OBJ 500016fa (sz=48, trace=300000, class=sun.util.locale.LocaleObjectCache$CacheEntry@50000093)
	referent	50000c5b
	queue		50000c70
	key		500016fb
OBJ 500016fb (sz=24, trace=300000, class=java.util.Locale$LocaleKey@5000003f)
	base		50001690
OBJ 500016fc (sz=48, trace=300000, class=sun.util.locale.LocaleObjectCache$CacheEntry@50000093)
	referent	50000c68
	queue		50000c70
	key		500016fd
OBJ 500016fd (sz=24, trace=300000, class=java.util.Locale$LocaleKey@5000003f)
	base		50001643
ARR 500016fe (sz=48, trace=300000, nelems=8, elem type=java.util.concurrent.ConcurrentHashMap$HashEntry[]@500000ad)
	[2]		50001700
	[6]		50001701
	[7]		50001702
OBJ 500016ff (sz=32, trace=300000, class=java.util.concurrent.locks.ReentrantLock$NonfairSync@5000011a)
OBJ 50001700 (sz=32, trace=300000, class=java.util.concurrent.ConcurrentHashMap$HashEntry@500000ac)
	key		5000170b
	value		5000170a
OBJ 50001701 (sz=32, trace=300000, class=java.util.concurrent.ConcurrentHashMap$HashEntry@500000ac)
	key		50001707
	value		50001706
	next		50001705
OBJ 50001702 (sz=32, trace=300000, class=java.util.concurrent.ConcurrentHashMap$HashEntry@500000ac)
	key		50001704
	value		50001703
OBJ 50001703 (sz=48, trace=300000, class=sun.util.locale.LocaleObjectCache$CacheEntry@50000093)
	referent	50000c5e
	queue		50000c70
	key		50001704
OBJ 50001704 (sz=24, trace=300000, class=java.util.Locale$LocaleKey@5000003f)
	base		500016c1
OBJ 50001705 (sz=32, trace=300000, class=java.util.concurrent.ConcurrentHashMap$HashEntry@500000ac)
	key		50001709
	value		50001708
OBJ 50001706 (sz=48, trace=300000, class=sun.util.locale.LocaleObjectCache$CacheEntry@50000093)
	referent	50000c5f
	queue		50000c70
	key		50001707
OBJ 50001707 (sz=24, trace=300000, class=java.util.Locale$LocaleKey@5000003f)
	base		5000163c
OBJ 50001708 (sz=48, trace=300000, class=sun.util.locale.LocaleObjectCache$CacheEntry@50000093)
	referent	50000c67
	queue		50000c70
	key		50001709
OBJ 50001709 (sz=24, trace=300000, class=java.util.Locale$LocaleKey@5000003f)
	base		5000166d
OBJ 5000170a (sz=48, trace=300000, class=sun.util.locale.LocaleObjectCache$CacheEntry@50000093)
	referent	50000c5c
	queue		50000c70
	key		5000170b
OBJ 5000170b (sz=24, trace=300000, class=java.util.Locale$LocaleKey@5000003f)
	base		50001664
ARR 5000170c (sz=24, trace=300000, nelems=2, elem type=java.util.concurrent.ConcurrentHashMap$HashEntry[]@500000ad)
	[1]		5000170e
OBJ 5000170d (sz=32, trace=300000, class=java.util.concurrent.locks.ReentrantLock$NonfairSync@5000011a)
OBJ 5000170e (sz=32, trace=300000, class=java.util.concurrent.ConcurrentHashMap$HashEntry@500000ac)
	key		50001710
	value		5000170f
OBJ 5000170f (sz=48, trace=300000, class=sun.util.locale.LocaleObjectCache$CacheEntry@50000093)
	referent	50000c69
	queue		50000c70
	key		50001710
OBJ 50001710 (sz=24, trace=300000, class=java.util.Locale$LocaleKey@5000003f)
	base		50001632
ARR 50001711 (sz=32, trace=300000, nelems=4, elem type=java.util.concurrent.ConcurrentHashMap$HashEntry[]@500000ad)
	[2]		50001713
	[3]		50001714
OBJ 50001712 (sz=32, trace=300000, class=java.util.concurrent.locks.ReentrantLock$NonfairSync@5000011a)
OBJ 50001713 (sz=32, trace=300000, class=java.util.concurrent.ConcurrentHashMap$HashEntry@500000ac)
	key		50001718
	value		50001717
OBJ 50001714 (sz=32, trace=300000, class=java.util.concurrent.ConcurrentHashMap$HashEntry@500000ac)
	key		50001716
	value		50001715
OBJ 50001715 (sz=48, trace=300000, class=sun.util.locale.LocaleObjectCache$CacheEntry@50000093)
	referent	50000c6e
	queue		50000c70
	key		50001716
OBJ 50001716 (sz=24, trace=300000, class=java.util.Locale$LocaleKey@5000003f)
	base		500016ab
OBJ 50001717 (sz=48, trace=300000, class=sun.util.locale.LocaleObjectCache$CacheEntry@50000093)
	referent	50000c6d
	queue		50000c70
	key		50001718
OBJ 50001718 (sz=24, trace=300000, class=java.util.Locale$LocaleKey@5000003f)
	base		500016ba
ARR 50001719 (sz=24, trace=300000, nelems=1, elem type=java.util.concurrent.ConcurrentHashMap$HashEntry[]@500000ad)
	[0]		5000171b
OBJ 5000171a (sz=32, trace=300000, class=java.util.concurrent.locks.ReentrantLock$NonfairSync@5000011a)
OBJ 5000171b (sz=32, trace=300000, class=java.util.concurrent.ConcurrentHashMap$HashEntry@500000ac)
	key		5000171d
	value		5000171c
OBJ 5000171c (sz=48, trace=300000, class=sun.util.locale.LocaleObjectCache$CacheEntry@50000093)
	referent	50000c63
	queue		50000c70
	key		5000171d
OBJ 5000171d (sz=24, trace=300000, class=java.util.Locale$LocaleKey@5000003f)
	base		50001698
ARR 5000171e (sz=32, trace=300000, nelems=3, elem type=java.util.concurrent.ConcurrentHashMap$HashEntry[]@500000ad)
	[1]		50001720
	[2]		50001721
OBJ 5000171f (sz=32, trace=300000, class=java.util.concurrent.locks.ReentrantLock$NonfairSync@5000011a)
OBJ 50001720 (sz=32, trace=300000, class=java.util.concurrent.ConcurrentHashMap$HashEntry@500000ac)
	key		50001725
	value		50001724
OBJ 50001721 (sz=32, trace=300000, class=java.util.concurrent.ConcurrentHashMap$HashEntry@500000ac)
	key		50001723
	value		50001722
OBJ 50001722 (sz=48, trace=300000, class=sun.util.locale.LocaleObjectCache$CacheEntry@50000093)
	referent	50000c6c
	queue		50000c70
	key		50001723
OBJ 50001723 (sz=24, trace=300000, class=java.util.Locale$LocaleKey@5000003f)
	base		500016ea
OBJ 50001724 (sz=48, trace=300000, class=sun.util.locale.LocaleObjectCache$CacheEntry@50000093)
	referent	50000c6a
	queue		50000c70
	key		50001725
OBJ 50001725 (sz=24, trace=300000, class=java.util.Locale$LocaleKey@5000003f)
	base		50001684
ARR 50001726 (sz=32, trace=300000, nelems=3, elem type=java.util.concurrent.ConcurrentHashMap$HashEntry[]@500000ad)
	[0]		50001728
	[2]		50001729
OBJ 50001727 (sz=32, trace=300000, class=java.util.concurrent.locks.ReentrantLock$NonfairSync@5000011a)
OBJ 50001728 (sz=32, trace=300000, class=java.util.concurrent.ConcurrentHashMap$HashEntry@500000ac)
	key		5000172d
	value		5000172c
OBJ 50001729 (sz=32, trace=300000, class=java.util.concurrent.ConcurrentHashMap$HashEntry@500000ac)
	key		5000172b
	value		5000172a
OBJ 5000172a (sz=48, trace=300000, class=sun.util.locale.LocaleObjectCache$CacheEntry@50000093)
	referent	50000c62
	queue		50000c70
	key		5000172b
OBJ 5000172b (sz=24, trace=300000, class=java.util.Locale$LocaleKey@5000003f)
	base		500016e0
OBJ 5000172c (sz=48, trace=300000, class=sun.util.locale.LocaleObjectCache$CacheEntry@50000093)
	referent	50000c65
	queue		50000c70
	key		5000172d
OBJ 5000172d (sz=24, trace=300000, class=java.util.Locale$LocaleKey@5000003f)
	base		500016d8
ARR 5000172e (sz=24, trace=300000, nelems=1, elem type=java.util.concurrent.ConcurrentHashMap$HashEntry[]@500000ad)
	[0]		50001730
OBJ 5000172f (sz=32, trace=300000, class=java.util.concurrent.locks.ReentrantLock$NonfairSync@5000011a)
OBJ 50001730 (sz=32, trace=300000, class=java.util.concurrent.ConcurrentHashMap$HashEntry@500000ac)
	key		50001732
	value		50001731
OBJ 50001731 (sz=48, trace=300000, class=sun.util.locale.LocaleObjectCache$CacheEntry@50000093)
	referent	50000c6b
	queue		50000c70
	key		50001732
OBJ 50001732 (sz=24, trace=300000, class=java.util.Locale$LocaleKey@5000003f)
	base		50001659
ARR 50001733 (sz=32, trace=300000, nelems=3, elem type=java.util.concurrent.ConcurrentHashMap$HashEntry[]@500000ad)
	[2]		50001735
OBJ 50001734 (sz=32, trace=300000, class=java.util.concurrent.locks.ReentrantLock$NonfairSync@5000011a)
OBJ 50001735 (sz=32, trace=300000, class=java.util.concurrent.ConcurrentHashMap$HashEntry@500000ac)
	key		50001738
	value		50001737
	next		50001736
OBJ 50001736 (sz=32, trace=300000, class=java.util.concurrent.ConcurrentHashMap$HashEntry@500000ac)
	key		5000173b
	value		5000173a
	next		50001739
OBJ 50001737 (sz=48, trace=300000, class=sun.util.locale.LocaleObjectCache$CacheEntry@50000093)
	referent	50000c5d
	queue		50000c70
	key		50001738
OBJ 50001738 (sz=24, trace=300000, class=java.util.Locale$LocaleKey@5000003f)
	base		500016b3
OBJ 50001739 (sz=32, trace=300000, class=java.util.concurrent.ConcurrentHashMap$HashEntry@500000ac)
	key		5000173d
	value		5000173c
OBJ 5000173a (sz=48, trace=300000, class=sun.util.locale.LocaleObjectCache$CacheEntry@50000093)
	referent	50000c60
	queue		50000c70
	key		5000173b
OBJ 5000173b (sz=24, trace=300000, class=java.util.Locale$LocaleKey@5000003f)
	base		5000164e
OBJ 5000173c (sz=48, trace=300000, class=sun.util.locale.LocaleObjectCache$CacheEntry@50000093)
	referent	50000c66
	queue		50000c70
	key		5000173d
OBJ 5000173d (sz=24, trace=300000, class=java.util.Locale$LocaleKey@5000003f)
	base		50001679
OBJ 5000173e (sz=40, trace=300000, class=java.io.ObjectStreamField@50000169)
	name		50000c4e
	signature	500014cd
	type		50000136
OBJ 5000173f (sz=40, trace=300000, class=java.io.ObjectStreamField@50000169)
	name		50000c45
	signature	500014cd
	type		50000136
OBJ 50001740 (sz=40, trace=300000, class=java.io.ObjectStreamField@50000169)
	name		50000c56
	signature	500014cd
	type		50000136
OBJ 50001741 (sz=40, trace=300000, class=java.io.ObjectStreamField@50000169)
	name		50000c4a
	signature	50000f24
	type		50000c0b
OBJ 50001742 (sz=40, trace=300000, class=java.io.ObjectStreamField@50000169)
	name		50000c4f
	signature	500014cd
	type		50000136
OBJ 50001743 (sz=40, trace=300000, class=java.io.ObjectStreamField@50000169)
	name		50000c48
	signature	500014cd
	type		50000136
ARR 50001744 (sz=20, trace=300000, nelems=10, elem type=char[])
ARR 50001745 (sz=12, trace=300000, nelems=6, elem type=char[])
ARR 50001746 (sz=16, trace=300000, nelems=8, elem type=char[])
ARR 50001747 (sz=14, trace=300000, nelems=7, elem type=char[])
ARR 50001748 (sz=14, trace=300000, nelems=7, elem type=char[])
ARR 50001749 (sz=16, trace=300000, nelems=8, elem type=char[])
ARR 5000174a (sz=24, trace=300000, nelems=12, elem type=char[])
ARR 5000174b (sz=22, trace=300000, nelems=11, elem type=char[])
ARR 5000174c (sz=22, trace=300000, nelems=11, elem type=char[])
ARR 5000174d (sz=26, trace=300000, nelems=13, elem type=char[])
ARR 5000174e (sz=24, trace=300000, nelems=12, elem type=char[])
ARR 5000174f (sz=4, trace=300000, nelems=2, elem type=char[])
OBJ 50001750 (sz=16, trace=300000, class=java.lang.ThreadLocal@500000a2)
OBJ 50001751 (sz=16, trace=300000, class=java.lang.ThreadLocal@500000a2)
ARR 50001752 (sz=4, trace=300000, nelems=2, elem type=char[])
ARR 50001753 (sz=8, trace=300000, nelems=4, elem type=char[])
ARR 50001754 (sz=4, trace=300000, nelems=2, elem type=char[])
ARR 50001755 (sz=10, trace=300000, nelems=5, elem type=char[])
ARR 50001756 (sz=22, trace=300000, nelems=11, elem type=char[])
ARR 50001757 (sz=14, trace=300000, nelems=7, elem type=char[])
ARR 50001758 (sz=4, trace=300000, nelems=2, elem type=char[])
ARR 50001759 (sz=24, trace=300000, nelems=12, elem type=char[])
ARR 5000175a (sz=66, trace=300000, nelems=33, elem type=char[])
ARR 5000175b (sz=60, trace=300000, nelems=30, elem type=char[])
ARR 5000175c (sz=22, trace=300000, nelems=11, elem type=char[])
ARR 5000175d (sz=24, trace=300000, nelems=12, elem type=char[])
ARR 5000175e (sz=32, trace=300000, nelems=1, elem type=java.lang.ThreadGroup[]@5000009a)
	[0]		50000c21
ARR 5000175f (sz=32, trace=300000, nelems=3, elem type=java.lang.Thread[]@5000007b)
	[0]		50000c05
	[1]		50000c01
	[2]		50000c00
OBJ 50001760 (sz=16, trace=300000, class=java.lang.Object@50000112)
OBJ 50001761 (sz=32, trace=300000, class=java.security.AccessControlContext@5000005e)
ARR 50001762 (sz=34, trace=300000, nelems=17, elem type=char[])
OBJ 50001763 (sz=16, trace=300000, class=java.lang.Object@50000112)
OBJ 50001764 (sz=32, trace=300000, class=java.security.AccessControlContext@5000005e)
ARR 50001765 (sz=18, trace=300000, nelems=9, elem type=char[])
OBJ 50001766 (sz=24, trace=300000, class=java.lang.String@50000136)
	value		50001773
OBJ 50001767 (sz=16, trace=300000, class=java.lang.Object@50000112)
OBJ 50001768 (sz=40, trace=300000, class=java.lang.ref.Finalizer@50000089)
	referent	5000176a
	queue		50000c02
	next		50001769
	prev		500002df
OBJ 50001769 (sz=40, trace=300000, class=java.lang.ref.Finalizer@50000089)
	referent	50001535
	queue		50000c02
	next		50001770
	prev		50001768
OBJ 5000176a (sz=32, trace=300000, class=java.io.FileInputStream@5000007c)
	fd		5000176d
	path		5000176c
	closeLock	5000176b
OBJ 5000176b (sz=16, trace=300000, class=java.lang.Object@50000112)
OBJ 5000176c (sz=24, trace=300000, class=java.lang.String@50000136)
	value		5000176f
OBJ 5000176d (sz=24, trace=300000, class=java.io.FileDescriptor@50000149)
	useCount	5000176e
OBJ 5000176e (sz=16, trace=300000, class=java.util.concurrent.atomic.AtomicInteger@50000039)
ARR 5000176f (sz=98, trace=300000, nelems=49, elem type=char[])
OBJ 50001770 (sz=40, trace=300000, class=java.lang.ref.Finalizer@50000089)
	referent	50001595
	queue		50000c02
	next		50001771
	prev		50001769
OBJ 50001771 (sz=40, trace=300000, class=java.lang.ref.Finalizer@50000089)
	referent	50001588
	queue		50000c02
	next		50001772
	prev		50001770
OBJ 50001772 (sz=40, trace=300000, class=java.lang.ref.Finalizer@50000089)
	referent	50000c99
	queue		50000c02
	prev		50001771
ARR 50001773 (sz=18, trace=300000, nelems=9, elem type=char[])
OBJ 50001774 (sz=16, trace=300000, class=java.lang.Object@50000112)
OBJ 50001775 (sz=32, trace=300000, class=java.security.AccessControlContext@5000005e)
ARR 50001776 (sz=34, trace=300000, nelems=17, elem type=char[])
ARR 50001777 (sz=32, trace=300000, nelems=2, elem type=java.lang.Thread[]@5000007b)
	[0]		50000a91
	[1]		50000be3
OBJ 50001778 (sz=24, trace=300000, class=java.lang.String@50000136)
	value		50001779
ARR 50001779 (sz=8, trace=300000, nelems=4, elem type=char[])
OBJ 5000177a (sz=32, trace=300000, class=java.security.AccessControlContext@5000005e)
OBJ 5000177b (sz=32, trace=300000, class=java.security.AccessControlContext@5000005e)
	context		5000177c
ARR 5000177c (sz=24, trace=300000, nelems=1, elem type=java.security.ProtectionDomain[]@50000bf9)
	[0]		50000828
OBJ 5000177d (sz=24, trace=300000, class=java.lang.String@50000136)
	value		5000177e
ARR 5000177e (sz=18, trace=300000, nelems=9, elem type=char[])
OBJ 5000177f (sz=32, trace=300000, class=java.lang.OutOfMemoryError@50000116)
OBJ 50001780 (sz=32, trace=300000, class=java.lang.OutOfMemoryError@50000116)
OBJ 50001781 (sz=32, trace=300000, class=java.lang.OutOfMemoryError@50000116)
OBJ 50001782 (sz=32, trace=300000, class=java.lang.OutOfMemoryError@50000116)
OBJ 50001783 (sz=24, trace=300000, class=java.lang.String@50000136)
	value		50001784
ARR 50001784 (sz=52, trace=300000, nelems=26, elem type=char[])
OBJ 50001785 (sz=24, trace=300000, class=java.lang.String@50000136)
	value		50001786
ARR 50001786 (sz=74, trace=300000, nelems=37, elem type=char[])
OBJ 50001787 (sz=24, trace=300000, class=java.lang.String@50000136)
	value		50001788
ARR 50001788 (sz=26, trace=300000, nelems=13, elem type=char[])
OBJ 50001789 (sz=24, trace=300000, class=java.lang.String@50000136)
	value		5000178a
ARR 5000178a (sz=30, trace=300000, nelems=15, elem type=char[])
ARR 5000178b (sz=22, trace=300000, nelems=11, elem type=char[])
OBJ 5000178c (sz=24, trace=300000, class=java.lang.String@50000136)
	value		50001794
OBJ 5000178d (sz=24, trace=300000, class=java.lang.String@50000136)
	value		50001793
OBJ 5000178e (sz=24, trace=300000, class=java.lang.String@50000136)
	value		50001797
OBJ 5000178f (sz=24, trace=300000, class=java.lang.String@50000136)
	value		50001796
OBJ 50001790 (sz=24, trace=300000, class=java.lang.String@50000136)
	value		50001795
OBJ 50001791 (sz=24, trace=300000, class=java.lang.String@50000136)
	value		50001799
OBJ 50001792 (sz=24, trace=300000, class=java.lang.String@50000136)
	value		50001798
ARR 50001793 (sz=16, trace=300000, nelems=8, elem type=char[])
ARR 50001794 (sz=8, trace=300000, nelems=4, elem type=char[])
ARR 50001795 (sz=24, trace=300000, nelems=12, elem type=char[])
ARR 50001796 (sz=36, trace=300000, nelems=18, elem type=char[])
ARR 50001797 (sz=32, trace=300000, nelems=16, elem type=char[])
ARR 50001798 (sz=62, trace=300000, nelems=31, elem type=char[])
ARR 50001799 (sz=32, trace=300000, nelems=16, elem type=char[])
OBJ 5000179a (sz=24, trace=300000, class=java.lang.String@50000136)
	value		5000179b
ARR 5000179b (sz=8, trace=300000, nelems=4, elem type=char[])
OBJ 5000179c (sz=24, trace=300000, class=java.lang.String@50000136)
	value		500017a1
OBJ 5000179d (sz=24, trace=300000, class=java.lang.String@50000136)
	value		500017a0
OBJ 5000179e (sz=24, trace=300000, class=java.lang.String@50000136)
	value		5000179f
ARR 5000179f (sz=24, trace=300000, nelems=12, elem type=char[])
ARR 500017a0 (sz=26, trace=300000, nelems=13, elem type=char[])
ARR 500017a1 (sz=14, trace=300000, nelems=7, elem type=char[])
OBJ 500017a2 (sz=24, trace=300000, class=java.lang.String@50000136)
	value		500017a9
OBJ 500017a3 (sz=24, trace=300000, class=java.lang.String@50000136)
	value		500017a8
OBJ 500017a4 (sz=24, trace=300000, class=java.lang.String@50000136)
	value		500017a7
OBJ 500017a5 (sz=24, trace=300000, class=java.lang.String@50000136)
	value		500017a6
ARR 500017a6 (sz=46, trace=300000, nelems=23, elem type=char[])
ARR 500017a7 (sz=20, trace=300000, nelems=10, elem type=char[])
ARR 500017a8 (sz=6, trace=300000, nelems=3, elem type=char[])
ARR 500017a9 (sz=70, trace=300000, nelems=35, elem type=char[])
CLS 50000112 (name=java.lang.Object, trace=300000)
	constant pool entry 80	5000010a
	constant pool entry 18	50000112
CLS 50000001 (name=java.lang.ClassLoader$NativeLibrary, trace=300000)
	super		50000112
	constant pool entry 52	500000d4
	constant pool entry 49	50000112
	constant pool entry 48	50000001
	constant pool entry 47	50000086
CLS 50000002 (name=java.lang.Enum, trace=300000)
	super		50000112
	constant pool entry 70	50000112
	constant pool entry 67	50000002
CLS 50000003 (name=java.lang.Enum[], trace=300000)
	super		50000112
CLS 5000011c (name=java.io.Reader, trace=300000)
	super		50000112
	constant pool entry 59	50000112
	constant pool entry 55	5000011c
CLS 50000004 (name=java.io.InputStreamReader, trace=300000)
	super		5000011c
	constant pool entry 47	50000036
	constant pool entry 40	5000011c
	constant pool entry 39	50000004
CLS 500000ea (name=java.lang.Throwable, trace=300000)
	super		50000112
	static UNASSIGNED_STACK	50000c2a
	static SUPPRESSED_SENTINEL	50000c29
	static NULL_CAUSE_MESSAGE	50000c26
	static SELF_SUPPRESSION_MESSAGE	50000c27
	static CAUSE_CAPTION	50000c25
	static SUPPRESSED_CAPTION	50000c24
	static EMPTY_THROWABLE_ARRAY	50000c28
	constant pool entry 341	5000010a
	constant pool entry 220	500000c3
	constant pool entry 209	5000009f
	constant pool entry 95	50000112
	constant pool entry 81	50000c27
	constant pool entry 80	50000c26
	constant pool entry 79	500000ea
	constant pool entry 74	50000066
	constant pool entry 66	5000004b
	constant pool entry 46	50000c25
	constant pool entry 42	50000c24
CLS 50000005 (name=java.lang.Error, trace=300000)
	super		500000ea
	constant pool entry 7	500000ea
CLS 50000006 (name=java.lang.Error[], trace=300000)
	super		50000112
CLS 50000007 (name=java.lang.Readable, trace=300000)
CLS 500000ca (name=java.nio.charset.Charset, trace=300000)
	super		50000112
	static bugLevel	50000c3c
	static standardProvider	5000127d
	static cache1	50000ac0
	static cache2	500002dd
	static gate	5000127c
	static defaultCharset	50000fa6
	constant pool entry 318	5000010a
	constant pool entry 158	5000004e
	constant pool entry 156	500000b0
	constant pool entry 155	50000130
	constant pool entry 149	5000008d
	constant pool entry 148	50000151
	constant pool entry 138	500000ca
	constant pool entry 134	500000a2
	constant pool entry 133	50000136
	constant pool entry 132	50000112
	constant pool entry 7	5000127b
	constant pool entry 6	5000127a
	constant pool entry 2	50001279
	constant pool entry 1	50000c3c
CLS 500000ae (name=sun.nio.cs.Unicode, trace=300000)
	super		500000ca
	constant pool entry 111	500000ca
CLS 50000008 (name=sun.nio.cs.UTF_8, trace=300000)
	super		500000ae
	constant pool entry 34	500000ae
	constant pool entry 33	50000133
	constant pool entry 32	50000132
	constant pool entry 29	500000b0
	constant pool entry 28	50000026
	constant pool entry 2	50001005
	constant pool entry 1	50000fa5
CLS 50000009 (name=java.lang.reflect.Type, trace=300000)
CLS 5000000a (name=java.lang.reflect.Type[], trace=300000)
	super		50000112
CLS 5000000b (name=java.lang.ref.Reference, trace=300000)
	super		50000112
	static lock	50000c06
	constant pool entry 56	500000e0
	constant pool entry 55	50000092
	constant pool entry 54	50000059
	constant pool entry 52	5000000b
	constant pool entry 50	50000099
	constant pool entry 49	5000007a
	constant pool entry 48	50000112
	constant pool entry 1	500013cb
CLS 5000000c (name=java.lang.ref.Reference[], trace=300000)
	super		50000112
CLS 5000000e (name=java.util.AbstractMap, trace=300000)
	super		50000112
	constant pool entry 66	5000000e
	constant pool entry 63	50000112
CLS 5000000d (name=java.util.concurrent.ConcurrentHashMap, trace=300000)
	super		5000000e
	static UNSAFE	50000c85
	constant pool entry 458	5000010a
	constant pool entry 216	50000130
	constant pool entry 215	5000012b
	constant pool entry 209	500000f2
	constant pool entry 206	500000c8
	constant pool entry 204	500000ac
	constant pool entry 201	5000000d
	constant pool entry 195	5000000e
	constant pool entry 191	50000112
	constant pool entry 188	5000012e
	constant pool entry 183	5000009f
	constant pool entry 176	500000f3
	constant pool entry 175	500000ad
	constant pool entry 10	50000e08
	constant pool entry 9	50000e07
	constant pool entry 8	50000e06
	constant pool entry 7	50000e05
CLS 50000114 (name=java.lang.VirtualMachineError, trace=300000)
	super		50000005
CLS 5000000f (name=java.lang.StackOverflowError, trace=300000)
	super		50000114
CLS 50000010 (name=java.io.Serializable, trace=300000)
CLS 50000011 (name=java.io.Serializable[], trace=300000)
	super		50000112
CLS 50000012 (name=java.util.RandomAccess, trace=300000)
CLS 50000013 (name=java.io.OutputStream, trace=300000)
	super		50000112
	constant pool entry 27	50000112
CLS 50000014 (name=java.util.Set, trace=300000)
CLS 50000015 (name=java.lang.invoke.MethodHandleNatives, trace=300000)
	super		50000112
CLS 50000016 (name=java.io.ExpiringCache$Entry, trace=300000)
	super		50000112
	constant pool entry 23	50000112
	constant pool entry 22	50000016
CLS 50000017 (name=java.util.Arrays, trace=300000)
	super		50000112
	constant pool entry 478	5000010a
	constant pool entry 209	50000017
	constant pool entry 208	50000041
	constant pool entry 207	50000043
	constant pool entry 204	50000112
	constant pool entry 203	50000030
	constant pool entry 198	5000009f
	constant pool entry 193	50000113
CLS 50000088 (name=sun.reflect.MagicAccessorImpl, trace=300000)
	super		50000112
	constant pool entry 8	50000112
CLS 50000025 (name=sun.reflect.FieldAccessorImpl, trace=300000)
	super		50000088
CLS 50000174 (name=sun.reflect.UnsafeFieldAccessorImpl, trace=300000)
	super		50000025
CLS 50000018 (name=sun.reflect.UnsafeStaticFieldAccessorImpl, trace=300000)
	super		50000174
CLS 50000019 (name=java.lang.Boolean, trace=300000)
	super		50000112
	static TRUE	50000dd9
	static FALSE	50000dd8
	static TYPE	50000c0f
	constant pool entry 66	50000043
	constant pool entry 64	50000112
	constant pool entry 60	5000009f
	constant pool entry 59	50000019
	constant pool entry 1	50000dd7
CLS 5000001a (name=sun.util.locale.BaseLocale, trace=300000)
	super		50000112
	static SEP	50001614
	static CACHE	50001615
	constant pool entry 85	50000119
	constant pool entry 84	500000da
	constant pool entry 83	5000010c
	constant pool entry 81	5000001a
	constant pool entry 79	50000136
	constant pool entry 78	50000112
	constant pool entry 77	50001614
	constant pool entry 12	50001613
	constant pool entry 4	50001612
	constant pool entry 3	50001611
	constant pool entry 1	50000c3c
CLS 5000001b (name=sun.misc.URLClassPath, trace=300000)
	super		50000112
	static USER_AGENT_JAVA_VERSION	5000148b
	static JAVA_VERSION	5000148c
	constant pool entry 191	5000004e
	constant pool entry 189	500001ad
	constant pool entry 188	500001b5
	constant pool entry 185	500001b3
	constant pool entry 182	5000001b
	constant pool entry 180	500000d4
	constant pool entry 176	50000094
	constant pool entry 174	50000066
	constant pool entry 171	5000008d
	constant pool entry 170	50000083
	constant pool entry 168	500000b9
	constant pool entry 162	50000136
	constant pool entry 159	50000112
	constant pool entry 152	5000148b
	constant pool entry 9	5000148a
	constant pool entry 8	50001489
	constant pool entry 6	50001488
	constant pool entry 5	50000f7f
CLS 5000001c (name=java.nio.charset.CoderResult$Cache, trace=300000)
	super		50000112
	constant pool entry 34	5000001c
	constant pool entry 30	50000112
CLS 5000001d (name=sun.util.locale.LocaleObjectCache, trace=300000)
	super		50000112
	constant pool entry 37	50000093
	constant pool entry 36	5000001d
	constant pool entry 35	50000084
	constant pool entry 34	5000000d
	constant pool entry 33	500000e0
	constant pool entry 32	50000112
CLS 5000001e (name=java.security.Principal, trace=300000)
CLS 5000001f (name=java.security.Principal[], trace=300000)
	super		50000112
CLS 50000020 (name=java.util.Objects, trace=300000)
	super		50000112
CLS 50000026 (name=java.nio.Buffer, trace=300000)
	super		50000112
	constant pool entry 62	50000026
	constant pool entry 60	50000112
CLS 500000ec (name=java.nio.ByteBuffer, trace=300000)
	super		50000026
	constant pool entry 139	50000021
	constant pool entry 137	500000d7
	constant pool entry 136	500000ec
	constant pool entry 133	50000026
	constant pool entry 132	50000085
CLS 50000021 (name=java.nio.HeapByteBuffer, trace=300000)
	super		500000ec
	constant pool entry 260	5000010a
	constant pool entry 122	50000021
	constant pool entry 106	500000ec
	constant pool entry 102	50000043
CLS 50000022 (name=sun.reflect.Reflection, trace=300000)
	super		50000112
	static fieldFilterMap	50000c8c
	static methodFilterMap	50000c8b
	constant pool entry 233	5000010a
	constant pool entry 123	50000022
	constant pool entry 120	5000003a
	constant pool entry 119	50000094
	constant pool entry 118	5000004a
	constant pool entry 113	50000043
	constant pool entry 111	50000136
	constant pool entry 105	5000009f
	constant pool entry 104	50000bff
	constant pool entry 102	50000069
	constant pool entry 11	50000c8a
	constant pool entry 10	50000c89
	constant pool entry 9	50000c88
	constant pool entry 8	50000c87
CLS 50000023 (name=sun.security.util.Debug, trace=300000)
	super		50000112
	static hexDigits	50000f65
	constant pool entry 188	50000023
	constant pool entry 187	5000004e
	constant pool entry 183	5000008d
	constant pool entry 178	50000136
	constant pool entry 47	50000f64
	constant pool entry 46	50000f63
	constant pool entry 21	50000f62
CLS 50000056 (name=sun.reflect.generics.repository.AbstractRepository, trace=300000)
	super		50000112
CLS 50000024 (name=sun.reflect.generics.repository.GenericDeclRepository, trace=300000)
	super		50000056
CLS 50000027 (name=java.io.Writer, trace=300000)
	super		50000112
	constant pool entry 52	50000136
	constant pool entry 51	50000112
	constant pool entry 47	50000027
CLS 50000028 (name=java.lang.SystemClassLoaderAction, trace=300000)
	super		50000112
	constant pool entry 38	50000028
	constant pool entry 37	50000043
	constant pool entry 35	50000112
	constant pool entry 1	50001541
CLS 50000029 (name=java.util.Iterator, trace=300000)
CLS 50000097 (name=java.lang.invoke.CallSite, trace=300000)
	super		50000112
CLS 5000002a (name=java.lang.invoke.ConstantCallSite, trace=300000)
	super		50000097
CLS 5000002b (name=java.lang.Runtime, trace=300000)
	super		50000112
	static currentRuntime	50000ddb
	constant pool entry 106	50000043
	constant pool entry 104	50000136
	constant pool entry 99	5000002b
	constant pool entry 97	50000112
	constant pool entry 95	50000086
	constant pool entry 92	500000cd
CLS 5000002c (name=java.net.Parts, trace=300000)
	super		50000112
	constant pool entry 28	5000002c
	constant pool entry 27	50000136
	constant pool entry 26	50000112
CLS 5000002d (name=java.lang.invoke.MethodHandle, trace=300000)
	super		50000112
CLS 5000002e (name=sun.reflect.ReflectionFactory$GetReflectionFactoryAction, trace=300000)
	super		50000112
	constant pool entry 17	5000002e
	constant pool entry 16	500000be
	constant pool entry 14	50000112
CLS 5000002f (name=java.security.PrivilegedAction, trace=300000)
CLS 50000030 (name=java.lang.Math, trace=300000)
	super		50000112
	constant pool entry 97	50000030
	constant pool entry 96	50000176
	constant pool entry 95	50000165
CLS 5000005c (name=java.util.Dictionary, trace=300000)
	super		50000112
	constant pool entry 20	50000112
CLS 500000f1 (name=java.util.Hashtable, trace=300000)
	super		5000005c
	constant pool entry 371	5000010a
	constant pool entry 186	50000130
	constant pool entry 184	50000014
	constant pool entry 183	50000125
	constant pool entry 182	5000003a
	constant pool entry 181	50000029
	constant pool entry 178	50000038
	constant pool entry 177	50000106
	constant pool entry 176	50000064
	constant pool entry 175	500000fa
	constant pool entry 173	500000f1
	constant pool entry 172	5000005c
	constant pool entry 171	500000c3
	constant pool entry 167	50000112
	constant pool entry 165	50000030
	constant pool entry 162	50000176
CLS 50000031 (name=java.util.Properties, trace=300000)
	super		500000f1
	static hexDigit	50000dd1
	constant pool entry 258	5000010a
	constant pool entry 124	50000031
	constant pool entry 122	500000f1
	constant pool entry 116	50000136
CLS 50000071 (name=java.util.AbstractCollection, trace=300000)
	super		50000112
	constant pool entry 64	50000112
CLS 50000032 (name=java.util.AbstractSet, trace=300000)
	super		50000071
	constant pool entry 32	50000071
CLS 50000138 (name=java.lang.ref.WeakReference, trace=300000)
	super		5000000b
	constant pool entry 9	5000000b
CLS 50000033 (name=java.lang.ThreadLocal$ThreadLocalMap$Entry, trace=300000)
	super		50000138
	constant pool entry 17	50000138
	constant pool entry 16	50000033
CLS 50000034 (name=java.lang.ThreadLocal$ThreadLocalMap$Entry[], trace=300000)
	super		50000112
CLS 50000035 (name=java.lang.Number, trace=300000)
	super		50000112
	constant pool entry 28	50000112
CLS 50000036 (name=sun.nio.cs.StreamDecoder, trace=300000)
	super		5000011c
	constant pool entry 140	50000036
	constant pool entry 137	500000ff
	constant pool entry 136	500000c4
	constant pool entry 135	50000131
	constant pool entry 134	500000ca
	constant pool entry 131	5000008c
	constant pool entry 130	500000ec
	constant pool entry 123	5000009f
	constant pool entry 120	5000011c
	constant pool entry 119	5000013f
CLS 500000e5 (name=java.lang.Exception, trace=300000)
	super		500000ea
	constant pool entry 16	500000ea
CLS 50000037 (name=java.lang.RuntimeException, trace=300000)
	super		500000e5
CLS 50000038 (name=java.util.Hashtable$Holder, trace=300000)
	super		50000112
	constant pool entry 40	5000004e
	constant pool entry 39	50000038
	constant pool entry 37	5000008d
	constant pool entry 3	50000dd2
CLS 50000039 (name=java.util.concurrent.atomic.AtomicInteger, trace=300000)
	super		50000035
	static unsafe	50000c85
	constant pool entry 65	5000012b
	constant pool entry 64	50000039
	constant pool entry 63	50000035
	constant pool entry 59	5000009f
	constant pool entry 1	50000c9d
CLS 5000003a (name=java.util.Map, trace=300000)
CLS 5000003b (name=sun.misc.JavaLangAccess, trace=300000)
CLS 5000013f (name=java.io.InputStream, trace=300000)
	super		50000112
	constant pool entry 47	50000112
CLS 500000f9 (name=java.io.FilterInputStream, trace=300000)
	super		5000013f
	constant pool entry 26	5000013f
	constant pool entry 24	500000f9
CLS 5000003c (name=java.io.BufferedInputStream, trace=300000)
	super		500000f9
	static bufUpdater	5000156c
	constant pool entry 124	5000010a
	constant pool entry 65	500000e6
	constant pool entry 59	500000f9
	constant pool entry 58	5000003c
	constant pool entry 57	50000178
	constant pool entry 5	5000156b
CLS 5000003d (name=java.util.Collections$SetFromMap, trace=300000)
	super		50000032
	constant pool entry 68	5000003a
	constant pool entry 67	5000003d
	constant pool entry 65	50000032
	constant pool entry 61	50000019
CLS 5000003e (name=java.util.WeakHashMap$Holder, trace=300000)
	super		50000112
	constant pool entry 39	5000004e
	constant pool entry 38	5000003e
	constant pool entry 36	5000008d
	constant pool entry 3	50000dd2
CLS 5000003f (name=java.util.Locale$LocaleKey, trace=300000)
	super		50000112
	constant pool entry 28	5000001a
	constant pool entry 27	5000003f
	constant pool entry 24	50000112
CLS 50000040 (name=java.util.BitSet, trace=300000)
	super		50000112
	static serialPersistentFields	50000e77
	constant pool entry 341	5000010a
	constant pool entry 183	50000040
	constant pool entry 176	50000112
	constant pool entry 167	5000009f
	constant pool entry 164	50000169
	constant pool entry 158	5000017c
	constant pool entry 4	50000e76
CLS 50000041 (name=java.lang.reflect.Array, trace=300000)
	super		50000112
	constant pool entry 39	50000041
CLS 50000042 (name=java.net.URL$1, trace=300000)
	super		50000112
	constant pool entry 33	50000042
	constant pool entry 31	50000043
	constant pool entry 29	50000112
	constant pool entry 28	50000019
	constant pool entry 2	50000e50
CLS 50000043 (name=java.lang.System, trace=300000)
	super		50000112
	static in	50000c97
	static out	50000c96
	static err	50000c95
	static props	50000c94
	static lineSeparator	50000c93
	constant pool entry 178	50000022
	constant pool entry 177	500000bb
	constant pool entry 176	50000130
	constant pool entry 175	500000a1
	constant pool entry 172	50000031
	constant pool entry 168	50000099
	constant pool entry 167	5000007a
	constant pool entry 166	500000dc
	constant pool entry 165	50000060
	constant pool entry 163	50000043
	constant pool entry 161	50000136
	constant pool entry 158	5000002b
	constant pool entry 151	50000161
	constant pool entry 149	50000105
	constant pool entry 148	5000007c
	constant pool entry 147	50000149
	constant pool entry 146	5000009d
	constant pool entry 145	5000003c
	constant pool entry 11	50000c92
	constant pool entry 7	50000c91
	constant pool entry 1	50000c3c
CLS 50000044 (name=java.security.Permission, trace=300000)
	super		50000112
	constant pool entry 57	50000044
	constant pool entry 50	50000112
CLS 50000045 (name=java.nio.charset.CoderResult$1, trace=300000)
	super		5000001c
	constant pool entry 14	5000001c
CLS 50000046 (name=java.lang.reflect.InvocationHandler, trace=300000)
CLS 50000047 (name=java.lang.Character, trace=300000)
	super		50000112
	static TYPE	50000c10
	constant pool entry 274	5000009f
	constant pool entry 272	5000012c
	constant pool entry 267	50000047
	constant pool entry 10	50000f53
CLS 50000048 (name=java.util.Comparator, trace=300000)
CLS 50000049 (name=java.lang.invoke.MethodType, trace=300000)
	super		50000112
CLS 5000004a (name=java.lang.reflect.Modifier, trace=300000)
	super		50000112
	constant pool entry 124	5000002e
	constant pool entry 123	500000be
	constant pool entry 122	5000008d
	constant pool entry 121	50000087
CLS 5000004b (name=java.lang.StackTraceElement, trace=300000)
	super		50000112
CLS 5000004c (name=java.lang.StackTraceElement[], trace=300000)
	super		50000112
CLS 5000004d (name=java.util.List, trace=300000)
CLS 5000004e (name=sun.security.action.GetPropertyAction, trace=300000)
	super		50000112
	constant pool entry 26	5000004e
	constant pool entry 24	50000043
	constant pool entry 22	50000112
CLS 5000004f (name=java.lang.ref.ReferenceQueue$Lock, trace=300000)
	super		50000112
	constant pool entry 14	5000004f
	constant pool entry 11	50000112
CLS 50000050 (name=java.lang.IllegalArgumentException, trace=300000)
	super		50000037
CLS 50000141 (name=java.lang.LinkageError, trace=300000)
	super		50000005
	constant pool entry 5	50000005
CLS 50000051 (name=java.lang.IncompatibleClassChangeError, trace=300000)
	super		50000141
	constant pool entry 15	50000141
CLS 50000134 (name=java.util.Collections$SynchronizedCollection, trace=300000)
	super		50000112
	constant pool entry 57	50000134
	constant pool entry 55	500000fe
	constant pool entry 53	50000112
CLS 50000052 (name=java.util.Collections$SynchronizedSet, trace=300000)
	super		50000134
	constant pool entry 31	50000134
CLS 50000053 (name=sun.reflect.ConstructorAccessor, trace=300000)
CLS 50000054 (name=java.io.FileSystem, trace=300000)
	super		50000112
	constant pool entry 78	50000043
	constant pool entry 76	50000112
	constant pool entry 74	50000054
	constant pool entry 2	50000f29
	constant pool entry 1	50000f28
CLS 50000055 (name=java.util.HashMap$EntrySet, trace=300000)
	super		50000032
	constant pool entry 35	50000055
	constant pool entry 32	50000094
	constant pool entry 31	50000032
CLS 50000057 (name=java.util.concurrent.locks.ReentrantLock, trace=300000)
	super		50000112
	constant pool entry 91	50000170
	constant pool entry 90	5000011a
	constant pool entry 88	50000057
	constant pool entry 80	50000112
CLS 50000058 (name=java.util.concurrent.locks.ReentrantLock[], trace=300000)
	super		50000112
CLS 50000059 (name=java.lang.ref.Reference$Lock, trace=300000)
	super		50000112
	constant pool entry 14	50000059
	constant pool entry 11	50000112
CLS 5000005a (name=java.lang.CharSequence, trace=300000)
CLS 5000005b (name=java.lang.CharSequence[], trace=300000)
	super		50000112
CLS 5000005d (name=java.lang.Class$3, trace=300000)
	super		50000112
	constant pool entry 35	50000043
	constant pool entry 33	50000112
	constant pool entry 32	5000005d
	constant pool entry 31	5000009f
	constant pool entry 1	50001569
CLS 5000005e (name=java.security.AccessControlContext, trace=300000)
	super		50000112
	constant pool entry 121	5000008d
	constant pool entry 118	5000005e
	constant pool entry 112	50000112
CLS 5000005f (name=java.lang.invoke.MutableCallSite, trace=300000)
	super		50000097
CLS 50000060 (name=java.lang.System$2, trace=300000)
	super		50000112
	constant pool entry 42	50000112
CLS 50000061 (name=java.lang.Class$1, trace=300000)
	super		50000112
	constant pool entry 24	500000fc
	constant pool entry 23	50000112
	constant pool entry 22	50000061
CLS 50000062 (name=java.lang.ClassLoader$ParallelLoaders, trace=300000)
	super		50000112
	static loaderTypes	50001543
	constant pool entry 34	500000f5
	constant pool entry 33	50000014
	constant pool entry 32	500000c3
	constant pool entry 29	50000062
	constant pool entry 28	50000086
	constant pool entry 27	5000009f
CLS 50000063 (name=java.security.BasicPermission, trace=300000)
	super		50000044
	constant pool entry 74	50000044
	constant pool entry 73	50000802
	constant pool entry 72	50000063
	constant pool entry 71	50000136
	constant pool entry 70	50000112
	constant pool entry 4	50000ca6
	constant pool entry 3	50000ca5
	constant pool entry 2	50000ca4
CLS 50000064 (name=java.util.Hashtable$EntrySet, trace=300000)
	super		50000032
	constant pool entry 49	50000064
	constant pool entry 46	500000f1
	constant pool entry 45	50000032
CLS 50000065 (name=java.nio.charset.CharsetEncoder, trace=300000)
	super		50000112
	static stateNames	500013ac
	constant pool entry 352	5000010a
	constant pool entry 161	500000ff
	constant pool entry 160	500000c4
	constant pool entry 158	50000065
	constant pool entry 156	500000ca
	constant pool entry 147	50000136
	constant pool entry 146	50000112
	constant pool entry 143	5000009f
	constant pool entry 13	500013ab
	constant pool entry 7	500013aa
	constant pool entry 4	500013a9
	constant pool entry 3	500013a8
	constant pool entry 2	50001279
CLS 500000e2 (name=java.util.AbstractList, trace=300000)
	super		50000071
	constant pool entry 74	500000e2
	constant pool entry 73	50000071
CLS 50000066 (name=java.util.ArrayList, trace=300000)
	super		500000e2
	static EMPTY_ELEMENTDATA	50000c2d
	constant pool entry 286	5000010a
	constant pool entry 153	50000017
	constant pool entry 148	50000066
	constant pool entry 147	500000e2
	constant pool entry 142	50000112
	constant pool entry 141	50000030
	constant pool entry 130	50000113
CLS 50000067 (name=java.lang.invoke.MemberName, trace=300000)
	super		50000112
CLS 500000e8 (name=java.lang.reflect.AccessibleObject, trace=300000)
	super		50000112
	static ACCESS_PERMISSION	500014e4
	static reflectionFactory	50000c9e
	constant pool entry 78	5000002e
	constant pool entry 77	500000be
	constant pool entry 75	5000008d
	constant pool entry 74	50000166
	constant pool entry 72	500000fc
	constant pool entry 70	500000e8
	constant pool entry 69	50000043
	constant pool entry 67	50000885
	constant pool entry 66	50000112
	constant pool entry 64	5000009f
	constant pool entry 3	500014e3
CLS 50000068 (name=java.lang.reflect.Field, trace=300000)
	super		500000e8
	constant pool entry 134	50000068
	constant pool entry 133	500000e8
CLS 50000069 (name=java.lang.reflect.Field[], trace=300000)
	super		50000112
CLS 5000006a (name=java.security.ProtectionDomain, trace=300000)
	super		50000112
	constant pool entry 268	5000010a
	constant pool entry 134	50000023
	constant pool entry 133	500000a1
	constant pool entry 129	500000d2
	constant pool entry 128	500000a4
	constant pool entry 126	500000b3
	constant pool entry 125	5000006a
	constant pool entry 124	5000001e
	constant pool entry 122	500007bb
	constant pool entry 121	500007ba
	constant pool entry 111	50000112
	constant pool entry 10	50000f61
CLS 5000006b (name=java.util.WeakHashMap$Entry, trace=300000)
	super		50000138
	constant pool entry 47	5000006b
	constant pool entry 43	50000138
CLS 5000006c (name=java.util.WeakHashMap$Entry[], trace=300000)
	super		50000112
CLS 5000006d (name=java.nio.charset.CoderResult$2, trace=300000)
	super		5000001c
	constant pool entry 16	5000001c
CLS 5000006e (name=java.lang.Compiler, trace=300000)
	super		50000112
	constant pool entry 27	5000008d
	constant pool entry 25	500000b5
	constant pool entry 24	5000006e
CLS 50000086 (name=java.lang.ClassLoader, trace=300000)
	super		50000112
	static nocerts	50000de4
	static scl	50000c0a
	static loadedLibraryNames	50000de3
	static systemNativeLibraries	50000de2
	static nativeLibraryContext	50000de1
	static usr_paths	50000de0
	static sys_paths	50000ddf
	constant pool entry 857	5000010a
	constant pool entry 369	50000022
	constant pool entry 368	50000130
	constant pool entry 365	500002ef
	constant pool entry 364	5000012f
	constant pool entry 361	5000000d
	constant pool entry 360	5000016f
	constant pool entry 359	500000d4
	constant pool entry 358	50000014
	constant pool entry 355	50000082
	constant pool entry 354	50000094
	constant pool entry 352	500000c3
	constant pool entry 350	50000157
	constant pool entry 349	5000006a
	constant pool entry 347	500000ef
	constant pool entry 346	5000008d
	constant pool entry 343	500000b9
	constant pool entry 338	50000028
	constant pool entry 337	50000043
	constant pool entry 335	50000136
	constant pool entry 332	5000077d
	constant pool entry 331	50000112
	constant pool entry 326	50000079
	constant pool entry 324	50000062
	constant pool entry 323	50000001
	constant pool entry 322	50000153
	constant pool entry 319	50000086
	constant pool entry 317	5000009f
	constant pool entry 312	500000cd
	constant pool entry 309	50000158
	constant pool entry 18	50000dde
	constant pool entry 15	50000ddd
	constant pool entry 14	50000ddc
	constant pool entry 1	50000c3c
CLS 5000013e (name=java.security.SecureClassLoader, trace=300000)
	super		50000086
	constant pool entry 62	50000023
	constant pool entry 61	50000094
	constant pool entry 60	5000013e
	constant pool entry 59	5000006a
	constant pool entry 58	500007bb
	constant pool entry 56	50000043
	constant pool entry 51	50000086
	constant pool entry 4	500014a4
CLS 50000100 (name=java.net.URLClassLoader, trace=300000)
	super		5000013e
	constant pool entry 244	5000001b
	constant pool entry 243	500000a1
	constant pool entry 242	50000727
	constant pool entry 241	500002ef
	constant pool entry 240	50000734
	constant pool entry 238	50000744
	constant pool entry 237	50000738
	constant pool entry 236	500000f5
	constant pool entry 232	5000013e
	constant pool entry 231	5000025f
	constant pool entry 230	500007ba
	constant pool entry 229	50000044
	constant pool entry 228	500000ef
	constant pool entry 227	5000008d
	constant pool entry 223	500007db
	constant pool entry 222	50000135
	constant pool entry 216	500001a7
	constant pool entry 215	50000100
	constant pool entry 214	500000b9
	constant pool entry 210	50000043
	constant pool entry 209	5000016c
	constant pool entry 208	50000136
	constant pool entry 204	5000077d
	constant pool entry 201	50000079
	constant pool entry 200	50000086
	constant pool entry 199	5000009f
	constant pool entry 195	500007e6
	constant pool entry 194	500000cd
	constant pool entry 12	50000c39
	constant pool entry 9	50000e5d
	constant pool entry 3	50000e4a
	constant pool entry 2	50000cb6
CLS 5000006f (name=sun.misc.Launcher$ExtClassLoader, trace=300000)
	super		50000100
	constant pool entry 192	5000010a
	constant pool entry 97	50000107
	constant pool entry 96	5000006f
	constant pool entry 95	5000012f
	constant pool entry 94	5000016f
	constant pool entry 93	50000162
	constant pool entry 89	5000008d
	constant pool entry 87	50000100
	constant pool entry 86	500000b9
	constant pool entry 85	50000043
	constant pool entry 84	50000136
	constant pool entry 83	50000086
	constant pool entry 81	500000cd
	constant pool entry 2	50001444
	constant pool entry 1	5000149e
CLS 5000014d (name=java.lang.AbstractStringBuilder, trace=300000)
	super		50000112
	constant pool entry 305	5000010a
	constant pool entry 147	50000017
	constant pool entry 142	50000136
	constant pool entry 140	50000112
	constant pool entry 132	5000014d
CLS 50000070 (name=java.lang.StringBuffer, trace=300000)
	super		5000014d
	static serialPersistentFields	500001be
	constant pool entry 366	5000010a
	constant pool entry 110	50000070
	constant pool entry 109	50000136
	constant pool entry 108	5000012e
	constant pool entry 105	50000019
	constant pool entry 104	5000014d
	constant pool entry 102	50000169
	constant pool entry 96	50000179
	constant pool entry 4	50000c9d
	constant pool entry 3	50000f20
	constant pool entry 1	50000f1f
CLS 50000072 (name=java.util.Enumeration, trace=300000)
CLS 50000073 (name=java.io.BufferedReader, trace=300000)
	super		5000011c
	constant pool entry 157	5000010a
	constant pool entry 85	50000136
	constant pool entry 80	5000011c
	constant pool entry 78	50000073
CLS 50000074 (name=java.lang.Byte, trace=300000)
	super		50000035
	static TYPE	50000c0e
	constant pool entry 80	5000009f
	constant pool entry 78	50000074
	constant pool entry 5	5000155e
CLS 5000014c (name=java.util.Collections$UnmodifiableCollection, trace=300000)
	super		50000112
	constant pool entry 47	5000014c
	constant pool entry 43	50000112
CLS 50000075 (name=java.util.Collections$UnmodifiableList, trace=300000)
	super		5000014c
	constant pool entry 43	50000075
	constant pool entry 42	5000014c
CLS 50000076 (name=java.lang.ref.FinalReference, trace=300000)
	super		5000000b
	constant pool entry 9	5000000b
CLS 50000077 (name=sun.misc.IoTrace, trace=300000)
	super		50000112
CLS 50000078 (name=sun.net.www.ParseUtil, trace=300000)
	super		50000112
	static encodedInPath	50000e74
	static hexDigits	50000e73
	constant pool entry 508	5000010a
	constant pool entry 243	50000078
	constant pool entry 242	50000040
	constant pool entry 234	500000b9
	constant pool entry 229	5000016c
	constant pool entry 227	50000136
	constant pool entry 226	50000112
	constant pool entry 224	50000030
	constant pool entry 221	5000009f
	constant pool entry 218	500000cd
	constant pool entry 25	50000e57
	constant pool entry 19	50000e72
	constant pool entry 18	50000e71
	constant pool entry 17	50000e70
	constant pool entry 16	50000e6f
	constant pool entry 11	50000e6e
	constant pool entry 10	50000e6d
	constant pool entry 9	50000e6c
	constant pool entry 8	50000e6b
	constant pool entry 7	50000e4a
	constant pool entry 6	50000e6a
	constant pool entry 5	50000e69
	constant pool entry 4	50000cb6
	constant pool entry 3	50000e68
	constant pool entry 2	50000c3c
CLS 50000155 (name=java.lang.ReflectiveOperationException, trace=300000)
	super		500000e5
	constant pool entry 15	500000e5
CLS 50000079 (name=java.lang.ClassNotFoundException, trace=300000)
	super		50000155
	constant pool entry 20	50000155
CLS 5000007a (name=java.lang.Thread, trace=300000)
	super		50000112
	static EMPTY_STACK_TRACE	50000c30
	static SUBCLASS_IMPLEMENTATION_PERMISSION	50000c2f
	constant pool entry 538	5000010a
	constant pool entry 256	5000008d
	constant pool entry 249	50000099
	constant pool entry 242	5000007a
	constant pool entry 241	50000043
	constant pool entry 239	50000136
	constant pool entry 238	5000004b
	constant pool entry 236	50000156
	constant pool entry 235	5000008e
	constant pool entry 234	50000112
	constant pool entry 9	50000c2e
CLS 5000007b (name=java.lang.Thread[], trace=300000)
	super		50000112
CLS 5000007c (name=java.io.FileInputStream, trace=300000)
	super		5000013f
	static runningFinalize	50001481
	constant pool entry 90	50000077
	constant pool entry 87	500000a2
	constant pool entry 86	50000043
	constant pool entry 83	50000112
	constant pool entry 80	5000013f
	constant pool entry 77	5000007c
	constant pool entry 76	50000149
	constant pool entry 75	500000cd
CLS 5000007d (name=java.lang.StringCoding, trace=300000)
	super		50000112
	static decoder	50001751
	static encoder	50001750
	constant pool entry 135	50000017
	constant pool entry 128	500000ca
	constant pool entry 124	500000de
	constant pool entry 123	500000a2
	constant pool entry 121	500000d6
	constant pool entry 120	50000175
	constant pool entry 118	5000007d
	constant pool entry 116	50000136
CLS 5000007e (name=sun.nio.cs.ArrayDecoder, trace=300000)
CLS 5000007f (name=sun.nio.cs.StreamEncoder, trace=300000)
	super		50000027
	constant pool entry 123	5000007f
	constant pool entry 120	500000ff
	constant pool entry 119	500000c4
	constant pool entry 118	50000065
	constant pool entry 117	500000ca
	constant pool entry 115	5000008c
	constant pool entry 114	500000ec
	constant pool entry 109	5000009f
	constant pool entry 107	50000027
	constant pool entry 105	50000013
CLS 50000080 (name=java.lang.reflect.AnnotatedElement, trace=300000)
CLS 50000081 (name=java.lang.reflect.AnnotatedElement[], trace=300000)
	super		50000112
CLS 50000082 (name=java.util.HashSet, trace=300000)
	super		50000032
	static PRESENT	5000141c
	constant pool entry 86	50000082
	constant pool entry 85	50000094
	constant pool entry 83	50000032
	constant pool entry 82	50000112
CLS 50000083 (name=java.net.URLStreamHandlerFactory, trace=300000)
CLS 50000084 (name=java.util.concurrent.ConcurrentMap, trace=300000)
CLS 50000085 (name=java.nio.Bits, trace=300000)
	super		50000112
	static unsafe	50000c85
	static byteOrder	50000f8f
	constant pool entry 259	5000004e
	constant pool entry 258	50000130
	constant pool entry 257	5000012b
	constant pool entry 256	500000a1
	constant pool entry 255	5000008d
	constant pool entry 254	500000d7
	constant pool entry 252	5000011b
	constant pool entry 251	50000085
	constant pool entry 247	50000136
	constant pool entry 237	5000009f
	constant pool entry 6	50000f96
	constant pool entry 5	50000f95
	constant pool entry 4	50000f94
	constant pool entry 3	50000f93
CLS 50000087 (name=java.lang.reflect.ReflectAccess, trace=300000)
	super		50000112
	constant pool entry 38	50000142
	constant pool entry 37	50000068
	constant pool entry 36	500000fc
	constant pool entry 35	50000112
CLS 50000089 (name=java.lang.ref.Finalizer, trace=300000)
	super		50000076
	static queue	50000c02
	static unfinalized	50000b40
	static lock	50001767
	constant pool entry 69	500000e0
	constant pool entry 68	5000011f
	constant pool entry 64	50000089
	constant pool entry 63	50000076
	constant pool entry 61	50000099
	constant pool entry 60	5000007a
	constant pool entry 59	50000112
CLS 5000008a (name=sun.misc.Launcher$AppClassLoader, trace=300000)
	super		50000100
	constant pool entry 89	50000108
	constant pool entry 88	5000008a
	constant pool entry 87	5000012f
	constant pool entry 85	500007ba
	constant pool entry 83	5000008d
	constant pool entry 81	50000100
	constant pool entry 78	50000043
	constant pool entry 77	50000136
	constant pool entry 75	50000156
	constant pool entry 73	50000086
	constant pool entry 72	5000009f
	constant pool entry 2	500014a3
	constant pool entry 1	50000ca4
CLS 50000109 (name=java.net.URLStreamHandler, trace=300000)
	super		50000112
	constant pool entry 114	50000109
	constant pool entry 113	500000b9
	constant pool entry 110	5000016c
	constant pool entry 109	50000070
	constant pool entry 108	50000136
	constant pool entry 106	50000112
	constant pool entry 10	50000f4c
	constant pool entry 8	50000e6e
	constant pool entry 7	50000e6d
	constant pool entry 6	50000e6c
	constant pool entry 5	50000e6b
	constant pool entry 3	50000f4b
	constant pool entry 1	50000c3c
CLS 5000008b (name=sun.net.www.protocol.file.Handler, trace=300000)
	super		50000109
	constant pool entry 64	5000008b
	constant pool entry 63	500007dd
	constant pool entry 62	50000078
	constant pool entry 61	50000109
	constant pool entry 59	500000b9
	constant pool entry 56	50000136
	constant pool entry 54	500000cd
	constant pool entry 5	50000e59
	constant pool entry 1	50000c3c
CLS 5000008c (name=java.nio.CharBuffer, trace=300000)
	super		50000026
	constant pool entry 97	50000090
	constant pool entry 96	5000008c
	constant pool entry 93	50000026
CLS 5000008d (name=java.security.AccessController, trace=300000)
	super		50000112
	constant pool entry 72	5000008d
	constant pool entry 70	5000005e
CLS 5000008e (name=java.lang.Runnable, trace=300000)
CLS 5000008f (name=java.lang.Runnable[], trace=300000)
	super		50000112
CLS 50000090 (name=java.nio.HeapCharBuffer, trace=300000)
	super		5000008c
	constant pool entry 66	5000008c
CLS 50000091 (name=sun.reflect.annotation.AnnotationType, trace=300000)
	super		50000112
CLS 50000092 (name=java.lang.ref.Reference$ReferenceHandler, trace=300000)
	super		5000007a
	constant pool entry 31	5000000b
	constant pool entry 29	5000007a
	constant pool entry 28	50000112
CLS 500000de (name=java.lang.ref.SoftReference, trace=300000)
	super		5000000b
	constant pool entry 18	500000de
	constant pool entry 17	5000000b
CLS 50000093 (name=sun.util.locale.LocaleObjectCache$CacheEntry, trace=300000)
	super		500000de
	constant pool entry 17	50000093
	constant pool entry 15	500000de
CLS 50000094 (name=java.util.HashMap, trace=300000)
	super		5000000e
	static EMPTY_TABLE	50000e63
	constant pool entry 396	5000010a
	constant pool entry 197	50000130
	constant pool entry 195	50000014
	constant pool entry 193	5000003a
	constant pool entry 192	50000029
	constant pool entry 187	50000095
	constant pool entry 185	50000055
	constant pool entry 184	50000129
	constant pool entry 183	500000e3
	constant pool entry 181	50000094
	constant pool entry 178	5000000e
	constant pool entry 175	50000112
	constant pool entry 174	50000030
	constant pool entry 173	5000012e
	constant pool entry 171	50000176
	constant pool entry 162	500000e4
CLS 50000095 (name=java.util.HashMap$Holder, trace=300000)
	super		50000112
	constant pool entry 39	5000004e
	constant pool entry 38	50000095
	constant pool entry 36	5000008d
	constant pool entry 3	50000dd2
CLS 50000096 (name=java.io.OutputStreamWriter, trace=300000)
	super		50000027
	constant pool entry 47	5000007f
	constant pool entry 41	50000027
	constant pool entry 39	50000096
CLS 50000098 (name=java.io.Flushable, trace=300000)
CLS 50000099 (name=java.lang.ThreadGroup, trace=300000)
	super		50000112
	constant pool entry 269	5000010a
	constant pool entry 122	50000099
	constant pool entry 119	5000007a
	constant pool entry 118	50000043
	constant pool entry 115	50000112
	constant pool entry 7	500013d0
CLS 5000009a (name=java.lang.ThreadGroup[], trace=300000)
	super		50000112
CLS 5000009b (name=java.lang.Comparable, trace=300000)
CLS 5000009c (name=java.lang.Comparable[], trace=300000)
	super		50000112
CLS 500000d3 (name=java.io.FilterOutputStream, trace=300000)
	super		50000013
	constant pool entry 21	50000013
	constant pool entry 19	500000d3
CLS 5000009d (name=java.io.BufferedOutputStream, trace=300000)
	super		500000d3
	constant pool entry 60	5000010a
	constant pool entry 33	50000043
	constant pool entry 31	50000013
	constant pool entry 29	500000d3
	constant pool entry 28	5000009d
CLS 5000009e (name=java.lang.ref.PhantomReference, trace=300000)
	super		5000000b
CLS 5000009f (name=java.lang.Class, trace=300000)
	super		50000112
	static serialPersistentFields	50000c9f
	static reflectionFactory	50000c9e
	constant pool entry 1085	5000010a
	constant pool entry 465	5000002e
	constant pool entry 464	500000be
	constant pool entry 463	50000022
	constant pool entry 450	5000008d
	constant pool entry 445	50000142
	constant pool entry 441	50000068
	constant pool entry 440	500000fc
	constant pool entry 437	500000de
	constant pool entry 434	50000043
	constant pool entry 432	50000136
	constant pool entry 414	50000086
	constant pool entry 411	50000121
	constant pool entry 408	500000c6
	constant pool entry 406	5000005d
	constant pool entry 404	50000061
	constant pool entry 403	5000009f
	constant pool entry 401	50000169
CLS 500000a0 (name=java.lang.Class[], trace=300000)
	super		50000112
CLS 500000a1 (name=sun.misc.SharedSecrets, trace=300000)
	super		50000112
	static unsafe	50000c85
	static javaUtilJarAccess	50000286
	static javaLangAccess	50000c04
	static javaNetAccess	50000f6d
	static javaNioAccess	50000f6c
	static javaIOFileDescriptorAccess	50000f6b
	static javaSecurityProtectionDomainAccess	50000f6a
	static javaSecurityAccess	50000f69
	static javaUtilZipFileAccess	500001bb
	constant pool entry 74	5000012b
	constant pool entry 73	500000a1
	constant pool entry 71	500001b8
CLS 500000a2 (name=java.lang.ThreadLocal, trace=300000)
	super		50000112
	static nextHashCode	500013ca
	constant pool entry 56	50000039
	constant pool entry 54	50000033
	constant pool entry 53	500000b2
	constant pool entry 51	500000a2
	constant pool entry 50	5000007a
	constant pool entry 49	50000112
CLS 500000a3 (name=sun.misc.PostVMInitHook, trace=300000)
	super		50000112
	constant pool entry 46	500000a3
	constant pool entry 45	50000043
	constant pool entry 44	5000016c
	constant pool entry 41	500000cd
	constant pool entry 7	500017a5
	constant pool entry 5	500017a4
	constant pool entry 4	500017a3
	constant pool entry 3	50000f1d
	constant pool entry 2	500017a2
CLS 500000a4 (name=java.security.ProtectionDomain$3, trace=300000)
	super		50000112
	constant pool entry 15	50000112
CLS 500000a5 (name=java.lang.ArrayStoreException, trace=300000)
	super		50000037
CLS 500000a6 (name=java.lang.BootstrapMethodError, trace=300000)
	super		50000141
CLS 500000a7 (name=java.lang.Short, trace=300000)
	super		50000035
	static TYPE	50000c12
	constant pool entry 86	500000a7
	constant pool entry 81	5000009f
	constant pool entry 6	50000cb0
CLS 500000a8 (name=java.lang.Long, trace=300000)
	super		50000035
	static TYPE	50000c11
	constant pool entry 166	500000a8
	constant pool entry 162	5000009f
	constant pool entry 14	50000cb2
CLS 500000a9 (name=java.lang.AutoCloseable, trace=300000)
CLS 500000aa (name=sun.reflect.ConstructorAccessorImpl, trace=300000)
	super		50000088
	constant pool entry 20	50000088
CLS 500000ab (name=sun.misc.MetaIndex, trace=300000)
	super		50000112
	static jarMap	50001445
	constant pool entry 152	5000010a
	constant pool entry 80	500000ab
	constant pool entry 79	5000003a
	constant pool entry 78	5000004d
	constant pool entry 77	50000094
	constant pool entry 76	50000066
	constant pool entry 74	50000136
	constant pool entry 73	50000112
	constant pool entry 71	5000009f
	constant pool entry 68	500000b4
	constant pool entry 67	500000cd
	constant pool entry 66	50000073
	constant pool entry 65	50000137
	constant pool entry 3	50001444
	constant pool entry 1	50001443
CLS 500000ac (name=java.util.concurrent.ConcurrentHashMap$HashEntry, trace=300000)
	super		50000112
	static UNSAFE	50000c85
	constant pool entry 41	5000012b
	constant pool entry 40	500000ac
	constant pool entry 38	50000112
	constant pool entry 35	5000009f
	constant pool entry 1	50000c81
CLS 500000ad (name=java.util.concurrent.ConcurrentHashMap$HashEntry[], trace=300000)
	super		50000112
CLS 500000af (name=java.lang.Appendable, trace=300000)
CLS 50000151 (name=java.nio.charset.spi.CharsetProvider, trace=300000)
	super		50000112
	constant pool entry 23	50000043
	constant pool entry 20	50000112
CLS 50000172 (name=sun.nio.cs.FastCharsetProvider, trace=300000)
	super		50000151
	constant pool entry 136	5000010a
	constant pool entry 72	5000028f
	constant pool entry 70	50000172
	constant pool entry 69	5000003a
	constant pool entry 68	50000151
	constant pool entry 67	500000ca
	constant pool entry 65	5000016c
	constant pool entry 64	50000136
	constant pool entry 63	50000112
	constant pool entry 59	5000009f
	constant pool entry 2	5000118b
	constant pool entry 1	50000e48
CLS 500000b0 (name=sun.nio.cs.StandardCharsets, trace=300000)
	super		50000172
	static aliases_US_ASCII	50000fa7
	static aliases_UTF_8	500010ad
	static aliases_UTF_16	500010ac
	static aliases_UTF_16BE	500010ab
	static aliases_UTF_16LE	500010aa
	static aliases_UTF_16LE_BOM	500010a9
	static aliases_UTF_32	500010a8
	static aliases_UTF_32LE	500010a7
	static aliases_UTF_32BE	500010a6
	static aliases_UTF_32LE_BOM	500010a5
	static aliases_UTF_32BE_BOM	500010a4
	static aliases_ISO_8859_1	500010a3
	static aliases_ISO_8859_2	500010a2
	static aliases_ISO_8859_4	500010a1
	static aliases_ISO_8859_5	500010a0
	static aliases_ISO_8859_7	5000109f
	static aliases_ISO_8859_9	5000109e
	static aliases_ISO_8859_13	5000109d
	static aliases_ISO_8859_15	5000109c
	static aliases_KOI8_R	5000109b
	static aliases_KOI8_U	5000109a
	static aliases_MS1250	50001099
	static aliases_MS1251	50001098
	static aliases_MS1252	50001097
	static aliases_MS1253	50001096
	static aliases_MS1254	50001095
	static aliases_MS1257	50001094
	static aliases_IBM437	50001093
	static aliases_IBM737	50001092
	static aliases_IBM775	50001091
	static aliases_IBM850	50001090
	static aliases_IBM852	5000108f
	static aliases_IBM855	5000108e
	static aliases_IBM857	5000108d
	static aliases_IBM858	5000108c
	static aliases_IBM862	5000108b
	static aliases_IBM866	5000108a
	static aliases_IBM874	50001089
	constant pool entry 570	5000010a
	constant pool entry 480	5000010f
	constant pool entry 479	50000145
	constant pool entry 478	50000123
	constant pool entry 476	500000b0
	constant pool entry 475	50000172
	constant pool entry 474	50000136
	constant pool entry 210	50001088
	constant pool entry 209	50001087
	constant pool entry 208	50000fae
	constant pool entry 207	50001086
	constant pool entry 206	50001085
	constant pool entry 205	50001084
	constant pool entry 204	50001083
	constant pool entry 203	50001082
	constant pool entry 202	50001081
	constant pool entry 201	50001080
	constant pool entry 200	5000107f
	constant pool entry 199	5000107e
	constant pool entry 198	5000107d
	constant pool entry 197	5000107c
	constant pool entry 196	5000107b
	constant pool entry 195	5000107a
	constant pool entry 194	50001079
	constant pool entry 193	50001078
	constant pool entry 192	50001077
	constant pool entry 191	50000fb4
	constant pool entry 190	50001076
	constant pool entry 189	50001075
	constant pool entry 188	50001074
	constant pool entry 187	50001073
	constant pool entry 186	50001072
	constant pool entry 185	50001071
	constant pool entry 184	50001070
	constant pool entry 183	5000106f
	constant pool entry 182	50000fa9
	constant pool entry 181	5000106e
	constant pool entry 180	5000106d
	constant pool entry 179	5000106c
	constant pool entry 178	5000106b
	constant pool entry 177	5000106a
	constant pool entry 176	50001069
	constant pool entry 175	50001068
	constant pool entry 174	50001067
	constant pool entry 173	50001066
	constant pool entry 172	50001065
	constant pool entry 171	50001064
	constant pool entry 170	50001063
	constant pool entry 169	50001062
	constant pool entry 168	50001061
	constant pool entry 167	50001060
	constant pool entry 166	5000105f
	constant pool entry 165	5000105e
	constant pool entry 164	5000105d
	constant pool entry 163	5000105c
	constant pool entry 162	5000105b
	constant pool entry 161	5000105a
	constant pool entry 160	50001059
	constant pool entry 159	50001058
	constant pool entry 158	50001057
	constant pool entry 157	50001056
	constant pool entry 156	50001055
	constant pool entry 155	50001054
	constant pool entry 154	50001053
	constant pool entry 153	50001052
	constant pool entry 152	50001051
	constant pool entry 151	50001050
	constant pool entry 150	5000104f
	constant pool entry 149	5000104e
	constant pool entry 148	5000104d
	constant pool entry 147	5000104c
	constant pool entry 146	5000104b
	constant pool entry 145	5000104a
	constant pool entry 144	50001049
	constant pool entry 143	50000fb2
	constant pool entry 142	50001048
	constant pool entry 141	50001047
	constant pool entry 140	50001046
	constant pool entry 139	50001045
	constant pool entry 138	50001044
	constant pool entry 137	50001043
	constant pool entry 136	50001042
	constant pool entry 135	50001041
	constant pool entry 134	50001040
	constant pool entry 133	5000103f
	constant pool entry 132	5000103e
	constant pool entry 131	5000103d
	constant pool entry 130	5000103c
	constant pool entry 129	5000103b
	constant pool entry 128	5000103a
	constant pool entry 127	50001039
	constant pool entry 126	50001038
	constant pool entry 125	50001037
	constant pool entry 124	50000fb1
	constant pool entry 123	50001036
	constant pool entry 122	50001035
	constant pool entry 121	50001034
	constant pool entry 120	50001033
	constant pool entry 119	50001032
	constant pool entry 118	50001031
	constant pool entry 117	50001030
	constant pool entry 116	5000102f
	constant pool entry 115	5000102e
	constant pool entry 114	5000102d
	constant pool entry 113	5000102c
	constant pool entry 112	5000102b
	constant pool entry 111	5000102a
	constant pool entry 110	50001029
	constant pool entry 109	50001028
	constant pool entry 108	50001027
	constant pool entry 107	50001026
	constant pool entry 106	50001025
	constant pool entry 105	50001024
	constant pool entry 104	50001023
	constant pool entry 103	50001022
	constant pool entry 102	50001021
	constant pool entry 101	50001020
	constant pool entry 100	5000101f
	constant pool entry 99	50000fb0
	constant pool entry 98	5000101e
	constant pool entry 97	5000101d
	constant pool entry 96	5000101c
	constant pool entry 95	5000101b
	constant pool entry 94	5000101a
	constant pool entry 93	50001019
	constant pool entry 92	50001018
	constant pool entry 91	50001017
	constant pool entry 90	50000fb6
	constant pool entry 89	50001016
	constant pool entry 88	50001015
	constant pool entry 87	50001014
	constant pool entry 86	50001013
	constant pool entry 85	50001012
	constant pool entry 84	50001011
	constant pool entry 83	50001010
	constant pool entry 82	5000100f
	constant pool entry 81	5000100e
	constant pool entry 80	5000100d
	constant pool entry 79	5000100c
	constant pool entry 78	5000100b
	constant pool entry 77	5000100a
	constant pool entry 76	50001009
	constant pool entry 75	50001008
	constant pool entry 74	50001007
	constant pool entry 73	50001006
	constant pool entry 72	50001005
	constant pool entry 71	50001004
	constant pool entry 70	50001003
	constant pool entry 69	50001002
	constant pool entry 68	50001001
	constant pool entry 67	50001000
	constant pool entry 66	50000fff
	constant pool entry 65	50000ffe
	constant pool entry 64	50000ffd
	constant pool entry 63	50000ffc
	constant pool entry 62	50000ffb
	constant pool entry 61	50000ffa
	constant pool entry 60	50000ff9
	constant pool entry 59	50000ff8
	constant pool entry 58	50000ff7
	constant pool entry 57	50000ff6
	constant pool entry 56	50000ff5
	constant pool entry 55	50000ff4
	constant pool entry 54	50000ff3
	constant pool entry 53	50000ff2
	constant pool entry 52	50000ff1
	constant pool entry 51	50000ff0
	constant pool entry 50	50000fab
	constant pool entry 49	50000fef
	constant pool entry 48	50000fee
	constant pool entry 47	50000fed
	constant pool entry 46	50000fec
	constant pool entry 45	50000feb
	constant pool entry 44	50000fea
	constant pool entry 43	50000fe9
	constant pool entry 42	50000fe8
	constant pool entry 41	50000fe7
	constant pool entry 40	50000fad
	constant pool entry 39	50000fe6
	constant pool entry 38	50000fe5
	constant pool entry 37	50000fe4
	constant pool entry 36	50000fe3
	constant pool entry 35	50000faf
	constant pool entry 34	50000fe2
	constant pool entry 33	50000fe1
	constant pool entry 32	50000fe0
	constant pool entry 31	50000fdf
	constant pool entry 30	50000fac
	constant pool entry 29	50000faa
	constant pool entry 28	50000fb5
	constant pool entry 27	50000fde
	constant pool entry 26	50000fdd
	constant pool entry 25	50000fdc
	constant pool entry 24	50000fdb
	constant pool entry 23	50000fda
	constant pool entry 22	50000fd9
	constant pool entry 21	50000fd8
	constant pool entry 20	50000fd7
	constant pool entry 19	50000fd6
	constant pool entry 18	50000fd5
	constant pool entry 17	50000fd4
	constant pool entry 16	50000fd3
	constant pool entry 15	50000fd2
	constant pool entry 14	50000fd1
	constant pool entry 13	50000fd0
	constant pool entry 12	50000fcf
	constant pool entry 11	50000fce
	constant pool entry 10	50000fcd
	constant pool entry 9	50000fcc
	constant pool entry 8	50000fcb
	constant pool entry 7	50000fca
	constant pool entry 6	50000fc9
	constant pool entry 5	50000fc8
	constant pool entry 4	50000fc7
	constant pool entry 3	50000fc6
	constant pool entry 2	50000fb3
	constant pool entry 1	50000fc5
CLS 500000b1 (name=java.util.Collections$UnmodifiableRandomAccessList, trace=300000)
	super		50000075
	constant pool entry 21	50000075
CLS 500000b2 (name=java.lang.ThreadLocal$ThreadLocalMap, trace=300000)
	super		50000112
	constant pool entry 118	5000010a
	constant pool entry 54	50000033
	constant pool entry 53	500000b2
	constant pool entry 51	500000a2
	constant pool entry 50	50000112
CLS 500000b3 (name=java.security.ProtectionDomain$1, trace=300000)
	super		50000112
	constant pool entry 22	50000112
CLS 500000b4 (name=java.io.FileReader, trace=300000)
	super		50000004
	constant pool entry 14	50000004
	constant pool entry 11	5000007c
CLS 500000b5 (name=java.lang.Compiler$1, trace=300000)
	super		50000112
	constant pool entry 56	50000043
	constant pool entry 55	5000016c
	constant pool entry 53	50000112
	constant pool entry 52	500000b5
	constant pool entry 8	5000179e
	constant pool entry 7	5000179d
	constant pool entry 4	5000179c
CLS 500000b6 (name=java.io.UnixFileSystem, trace=300000)
	super		50000054
	constant pool entry 125	5000004e
	constant pool entry 124	5000008d
	constant pool entry 122	5000016c
	constant pool entry 121	50000070
	constant pool entry 120	50000136
	constant pool entry 117	500000b6
	constant pool entry 115	50000054
	constant pool entry 114	500000cd
	constant pool entry 113	5000013a
	constant pool entry 6	50000f1e
	constant pool entry 5	50000f1d
	constant pool entry 4	50000f1c
	constant pool entry 3	50000e4a
	constant pool entry 2	50000c3c
CLS 500000b7 (name=java.lang.NoSuchMethodError, trace=300000)
	super		50000051
	constant pool entry 14	50000051
CLS 500000b8 (name=sun.reflect.FieldAccessor, trace=300000)
CLS 500000b9 (name=java.net.URL, trace=300000)
	super		50000112
	static protocolPathProp	50000e4c
	static handlers	50000e52
	static streamHandlerLock	50000e51
	static GOPHER	50000e4b
	static ENABLE_GOPHER_PROP	50000e50
	static JDK_PACKAGE_PREFIX	50000e4d
	constant pool entry 236	5000004e
	constant pool entry 234	50000162
	constant pool entry 233	500000f1
	constant pool entry 232	5000008d
	constant pool entry 230	50000109
	constant pool entry 228	50000042
	constant pool entry 227	500000b9
	constant pool entry 222	5000002c
	constant pool entry 217	50000043
	constant pool entry 216	5000016c
	constant pool entry 215	50000136
	constant pool entry 213	50000112
	constant pool entry 207	5000009f
	constant pool entry 205	50000019
	constant pool entry 200	50000e50
	constant pool entry 18	50000e4f
	constant pool entry 17	50000e4e
	constant pool entry 15	50000e4d
	constant pool entry 12	50000e4c
	constant pool entry 11	50000e4b
	constant pool entry 4	50000e4a
	constant pool entry 3	50000e49
	constant pool entry 2	50000e48
	constant pool entry 1	50000c3c
CLS 500000ba (name=java.net.URL[], trace=300000)
	super		50000112
CLS 500000bb (name=sun.misc.Version, trace=300000)
	super		50000112
	static launcher_name	500015e0
	static java_version	5000148c
	static java_runtime_name	500015c4
	static java_runtime_version	500015cf
	constant pool entry 140	500000bb
	constant pool entry 139	50000043
	constant pool entry 129	500015e0
	constant pool entry 15	50001488
	constant pool entry 14	500015d0
	constant pool entry 13	500015c5
	constant pool entry 9	500015c4
	constant pool entry 7	500015cf
	constant pool entry 6	5000148c
CLS 500000bc (name=java.lang.Iterable, trace=300000)
CLS 500000bd (name=sun.reflect.LangReflectAccess, trace=300000)
CLS 500000be (name=sun.reflect.ReflectionFactory, trace=300000)
	super		50000112
	static reflectionFactoryAccessPerm	50000ca2
	static soleInstance	50000c9e
	static langReflectAccess	50000ca1
	constant pool entry 111	50000124
	constant pool entry 110	500000be
	constant pool entry 109	50000022
	constant pool entry 108	50000bc4
	constant pool entry 107	500000cc
	constant pool entry 105	500000bd
	constant pool entry 103	50000bc8
	constant pool entry 102	5000012d
	constant pool entry 101	500000aa
	constant pool entry 99	5000008d
	constant pool entry 98	5000004a
	constant pool entry 96	500000fc
	constant pool entry 95	50000043
	constant pool entry 93	50000156
	constant pool entry 92	50000112
	constant pool entry 91	5000009f
	constant pool entry 2	50000ca0
CLS 500000bf (name=java.lang.NullPointerException, trace=300000)
	super		50000037
CLS 5000012c (name=java.lang.CharacterData, trace=300000)
	super		50000112
	constant pool entry 52	50000112
	constant pool entry 49	500000c0
CLS 500000c0 (name=java.lang.CharacterDataLatin1, trace=300000)
	super		5000012c
	static sharpsMap	50000f59
	static instance	50000f58
	static A	50000f57
	static A_DATA	50000f55
	static B	50000f56
	constant pool entry 97	5000010a
	constant pool entry 69	50000136
	constant pool entry 68	5000009f
	constant pool entry 67	500000c0
	constant pool entry 66	5000012c
	constant pool entry 7	50000f55
	constant pool entry 6	50000f54
CLS 500000c1 (name=java.lang.reflect.WeakCache, trace=300000)
	super		50000112
	constant pool entry 58	5000000d
	constant pool entry 57	50000020
	constant pool entry 50	50000127
	constant pool entry 49	500000c1
	constant pool entry 48	500000e0
	constant pool entry 47	50000112
CLS 500000e6 (name=java.util.concurrent.atomic.AtomicReferenceFieldUpdater, trace=300000)
	super		50000112
	constant pool entry 30	50000022
	constant pool entry 29	500000c2
	constant pool entry 27	50000112
CLS 500000c2 (name=java.util.concurrent.atomic.AtomicReferenceFieldUpdater$AtomicReferenceFieldUpdaterImpl, trace=300000)
	super		500000e6
	static unsafe	50000c85
	constant pool entry 95	50000101
	constant pool entry 94	5000012b
	constant pool entry 93	500000c2
	constant pool entry 92	500000e6
	constant pool entry 91	5000004a
	constant pool entry 90	50000068
	constant pool entry 86	50000112
	constant pool entry 81	5000009f
CLS 500000c3 (name=java.util.Collections, trace=300000)
	super		50000112
	static EMPTY_SET	50000dd6
	static EMPTY_LIST	50000dd5
	static EMPTY_MAP	50000dd4
	constant pool entry 238	50000012
	constant pool entry 228	500000b1
	constant pool entry 222	50000052
	constant pool entry 214	5000003d
	constant pool entry 210	500000cf
	constant pool entry 209	50000152
	constant pool entry 207	500000d1
	constant pool entry 193	500000c3
CLS 500000c4 (name=java.nio.charset.CoderResult, trace=300000)
	super		50000112
	static names	500013a3
	static UNDERFLOW	500013a2
	static OVERFLOW	500013a1
	static malformedCache	500013a0
	static unmappableCache	5000139f
	constant pool entry 140	5000010a
	constant pool entry 84	5000006d
	constant pool entry 83	50000045
	constant pool entry 82	500000c4
	constant pool entry 76	50000136
	constant pool entry 75	50000112
	constant pool entry 74	5000009f
	constant pool entry 4	5000139e
	constant pool entry 3	5000139d
	constant pool entry 2	5000139c
	constant pool entry 1	5000139b
CLS 500000c5 (name=java.lang.IllegalMonitorStateException, trace=300000)
	super		50000037
CLS 500000c6 (name=java.lang.Class$Atomic, trace=300000)
	super		50000112
	static unsafe	50000c85
	constant pool entry 48	5000012b
	constant pool entry 42	500000c6
	constant pool entry 41	5000009f
	constant pool entry 4	50001566
	constant pool entry 3	50001565
CLS 500000c7 (name=sun.misc.JavaSecurityAccess, trace=300000)
CLS 500000c8 (name=java.util.concurrent.ConcurrentHashMap$Holder, trace=300000)
	super		50000112
	constant pool entry 40	5000004e
	constant pool entry 39	500000c8
	constant pool entry 37	5000008d
	constant pool entry 4	50000dd2
CLS 500000c9 (name=java.io.BufferedWriter, trace=300000)
	super		50000027
	constant pool entry 116	5000010a
	constant pool entry 64	5000004e
	constant pool entry 63	5000008d
	constant pool entry 60	50000136
	constant pool entry 56	50000027
	constant pool entry 54	500000c9
	constant pool entry 3	50000c91
CLS 5000011e (name=java.util.Random, trace=300000)
	super		50000112
	static seedUniquifier	500013db
	static serialPersistentFields	500013da
	static unsafe	50000c85
	constant pool entry 254	5000010a
	constant pool entry 145	5000012b
	constant pool entry 144	50000164
	constant pool entry 143	5000011e
	constant pool entry 142	50000043
	constant pool entry 140	50000112
	constant pool entry 138	500000a8
	constant pool entry 134	50000165
	constant pool entry 132	5000009f
	constant pool entry 131	50000019
	constant pool entry 128	50000169
	constant pool entry 6	500013d9
	constant pool entry 5	500013d8
	constant pool entry 3	500013d7
CLS 500000cb (name=java.util.concurrent.ThreadLocalRandom, trace=300000)
	super		5000011e
	static localRandom	500013d6
	constant pool entry 67	5000011d
	constant pool entry 66	500000cb
	constant pool entry 65	5000011e
	constant pool entry 63	500000a2
CLS 500000cc (name=sun.reflect.NativeConstructorAccessorImpl, trace=300000)
	super		500000aa
	constant pool entry 41	500000be
	constant pool entry 40	500000cc
	constant pool entry 37	500000aa
CLS 500000cd (name=java.io.File, trace=300000)
	super		50000112
	static fs	50000e7e
	static separator	50000e7d
	static pathSeparator	50000e7c
	constant pool entry 252	50000043
	constant pool entry 251	5000016c
	constant pool entry 250	50000136
	constant pool entry 246	50000112
	constant pool entry 240	5000009f
	constant pool entry 232	50000054
	constant pool entry 229	5000013b
	constant pool entry 228	500000cd
	constant pool entry 1	50000c3c
CLS 500000ce (name=java.io.File[], trace=300000)
	super		50000112
CLS 500000cf (name=java.util.Collections$EmptySet, trace=300000)
	super		50000032
	constant pool entry 39	500000cf
	constant pool entry 35	50000032
CLS 500000d0 (name=java.security.PrivilegedExceptionAction, trace=300000)
CLS 500000d1 (name=java.util.Collections$EmptyList, trace=300000)
	super		500000e2
	constant pool entry 58	500000d1
	constant pool entry 54	500000e2
CLS 500000d2 (name=java.security.ProtectionDomain$Key, trace=300000)
	super		50000112
	constant pool entry 14	500000d2
	constant pool entry 12	50000112
CLS 5000016f (name=java.util.Vector, trace=300000)
	super		500000e2
	constant pool entry 296	5000010a
	constant pool entry 149	5000016f
	constant pool entry 143	50000017
	constant pool entry 142	500000e2
	constant pool entry 140	50000043
	constant pool entry 137	50000112
CLS 500000d4 (name=java.util.Stack, trace=300000)
	super		5000016f
	constant pool entry 34	5000016f
	constant pool entry 33	500000d4
CLS 500000d5 (name=java.util.Locale, trace=300000)
	super		50000112
	static LOCALECACHE	50000c6f
	static ENGLISH	50000c6e
	static FRENCH	50000c6d
	static GERMAN	50000c6c
	static ITALIAN	50000c6b
	static JAPANESE	50000c6a
	static KOREAN	50000c69
	static CHINESE	50000c68
	static SIMPLIFIED_CHINESE	50000c62
	static TRADITIONAL_CHINESE	50000c61
	static FRANCE	50000c67
	static GERMANY	50000c66
	static ITALY	50000c65
	static JAPAN	50000c64
	static KOREA	50000c63
	static CHINA	50000c62
	static PRC	50000c62
	static TAIWAN	50000c61
	static UK	50000c60
	static US	50000c5f
	static CANADA	50000c5e
	static CANADA_FRENCH	50000c5d
	static ROOT	50000c5c
	static defaultLocale	50000c5b
	static serialPersistentFields	50000c5a
	constant pool entry 846	5000010a
	constant pool entry 428	50000119
	constant pool entry 423	5000001a
	constant pool entry 420	5000004e
	constant pool entry 414	5000003f
	constant pool entry 412	50000103
	constant pool entry 409	500000d5
	constant pool entry 402	5000008d
	constant pool entry 398	50000136
	constant pool entry 396	50000112
	constant pool entry 393	5000012e
	constant pool entry 387	5000009f
	constant pool entry 383	50000169
	constant pool entry 374	50000c59
	constant pool entry 373	50000c58
	constant pool entry 58	50000c57
	constant pool entry 54	50000c56
	constant pool entry 53	50000c55
	constant pool entry 52	50000c54
	constant pool entry 51	50000c53
	constant pool entry 50	50000c52
	constant pool entry 49	50000c51
	constant pool entry 48	50000c50
	constant pool entry 47	50000c4f
	constant pool entry 46	50000c4e
	constant pool entry 45	50000c4d
	constant pool entry 42	50000c4c
	constant pool entry 40	50000c4b
	constant pool entry 36	50000c4a
	constant pool entry 35	50000c49
	constant pool entry 34	50000c48
	constant pool entry 33	50000c47
	constant pool entry 32	50000c46
	constant pool entry 31	50000c45
	constant pool entry 26	50000c44
	constant pool entry 20	50000c43
	constant pool entry 19	50000c42
	constant pool entry 16	50000c41
	constant pool entry 15	50000c40
	constant pool entry 13	50000c3f
	constant pool entry 11	50000c3e
	constant pool entry 6	50000c3d
	constant pool entry 1	50000c3c
CLS 500000d6 (name=java.lang.StringCoding$StringEncoder, trace=300000)
	super		50000112
	constant pool entry 146	5000010a
	constant pool entry 73	50000154
	constant pool entry 72	500000ff
	constant pool entry 70	50000065
	constant pool entry 69	500000ca
	constant pool entry 65	500000d6
	constant pool entry 63	5000007d
	constant pool entry 61	50000112
	constant pool entry 59	5000009f
CLS 500000d7 (name=java.nio.ByteOrder, trace=300000)
	super		50000112
	static BIG_ENDIAN	50000f90
	static LITTLE_ENDIAN	50000f8f
	constant pool entry 23	500000d7
	constant pool entry 22	50000085
	constant pool entry 21	50000112
	constant pool entry 2	50000f8e
	constant pool entry 1	50000f8d
CLS 500000d8 (name=java.lang.invoke.LambdaForm, trace=300000)
	super		50000112
CLS 500000d9 (name=sun.misc.OSEnvironment, trace=300000)
	super		50000112
CLS 500000da (name=sun.util.locale.BaseLocale$Key, trace=300000)
	super		50000112
	constant pool entry 64	50000119
	constant pool entry 63	500000da
	constant pool entry 61	5000001a
	constant pool entry 60	500000de
	constant pool entry 59	50000136
	constant pool entry 58	50000112
	constant pool entry 57	5000009f
	constant pool entry 1	50000c3c
CLS 500000db (name=sun.net.www.protocol.jar.Handler, trace=300000)
	super		50000109
	static separator	50001438
	constant pool entry 86	500000db
	constant pool entry 85	50000078
	constant pool entry 84	50000109
	constant pool entry 83	500000b9
	constant pool entry 81	5000016c
	constant pool entry 80	50000136
	constant pool entry 9	50001439
	constant pool entry 8	50000f7f
	constant pool entry 5	50000e4a
	constant pool entry 3	50001438
	constant pool entry 1	50000c3c
CLS 500000dc (name=java.lang.Terminator, trace=300000)
	super		50000112
	static handler	500015e5
	constant pool entry 30	5000012a
	constant pool entry 29	50000104
	constant pool entry 28	500000dc
	constant pool entry 3	500015e4
	constant pool entry 2	500015e3
	constant pool entry 1	500015e2
CLS 500000e3 (name=java.util.HashMap$Entry, trace=300000)
	super		50000112
	constant pool entry 46	500000e3
	constant pool entry 43	50000112
CLS 500000dd (name=java.util.LinkedHashMap$Entry, trace=300000)
	super		500000e3
	constant pool entry 28	500000dd
	constant pool entry 27	5000015a
	constant pool entry 26	500000e3
CLS 500000df (name=sun.misc.JavaSecurityProtectionDomainAccess, trace=300000)
CLS 500000e0 (name=java.lang.ref.ReferenceQueue, trace=300000)
	super		50000112
	static NULL	500013cd
	static ENQUEUED	500013cc
	constant pool entry 52	500000e1
	constant pool entry 51	5000004f
	constant pool entry 49	500000e0
	constant pool entry 45	50000112
CLS 500000e1 (name=java.lang.ref.ReferenceQueue$Null, trace=300000)
	super		500000e0
	constant pool entry 14	500000e1
	constant pool entry 12	500000e0
CLS 500000e4 (name=java.util.HashMap$Entry[], trace=300000)
	super		50000112
CLS 500000e7 (name=java.security.Guard, trace=300000)
CLS 500000e9 (name=java.lang.reflect.AccessibleObject[], trace=300000)
	super		50000112
CLS 500000eb (name=java.lang.Throwable[], trace=300000)
	super		50000112
CLS 500000ed (name=sun.misc.JavaIOFileDescriptorAccess, trace=300000)
CLS 500000ee (name=java.lang.reflect.Proxy$ProxyClassFactory, trace=300000)
	super		50000112
	static proxyClassNamePrefix	50001580
	static nextUniqueNumber	50001581
	constant pool entry 94	50000164
	constant pool entry 89	500000ee
	constant pool entry 83	50000112
	constant pool entry 4	50001580
CLS 500000ef (name=java.security.CodeSource, trace=300000)
	super		50000112
	constant pool entry 151	500000ef
	constant pool entry 149	500000b9
	constant pool entry 144	50000112
CLS 500000f0 (name=sun.reflect.MethodAccessorImpl, trace=300000)
	super		50000088
	constant pool entry 16	50000088
CLS 500000f2 (name=java.util.concurrent.ConcurrentHashMap$Segment, trace=300000)
	super		50000057
	constant pool entry 143	5000010a
	constant pool entry 69	50000057
	constant pool entry 68	500000f2
	constant pool entry 67	500000ac
	constant pool entry 66	5000000d
	constant pool entry 64	5000002b
	constant pool entry 63	50000112
	constant pool entry 61	500000ad
CLS 500000f3 (name=java.util.concurrent.ConcurrentHashMap$Segment[], trace=300000)
	super		50000112
CLS 500000f4 (name=java.io.FileDescriptor$1, trace=300000)
	super		50000112
	constant pool entry 21	50000112
CLS 500000f5 (name=java.util.WeakHashMap, trace=300000)
	super		5000000e
	static NULL_KEY	500013d5
	constant pool entry 312	5000010a
	constant pool entry 148	50000130
	constant pool entry 147	5000013d
	constant pool entry 144	5000015c
	constant pool entry 142	5000003e
	constant pool entry 138	5000006b
	constant pool entry 136	500000f5
	constant pool entry 129	5000000e
	constant pool entry 128	500000e0
	constant pool entry 124	50000112
	constant pool entry 121	50000176
	constant pool entry 120	5000006c
CLS 500000f6 (name=sun.misc.NativeSignalHandler, trace=300000)
	super		50000112
	constant pool entry 21	500000f6
	constant pool entry 20	50000112
CLS 500000f7 (name=java.util.concurrent.locks.AbstractOwnableSynchronizer, trace=300000)
	super		50000112
	constant pool entry 19	500000f7
	constant pool entry 18	50000112
CLS 500000f8 (name=java.lang.reflect.Proxy$KeyFactory, trace=300000)
	super		50000112
	constant pool entry 30	500000f8
	constant pool entry 25	50000112
CLS 500000fa (name=java.util.Hashtable$Entry, trace=300000)
	super		50000112
	constant pool entry 48	500000fa
	constant pool entry 45	50000112
CLS 500000fb (name=java.util.Hashtable$Entry[], trace=300000)
	super		50000112
CLS 500000fc (name=java.lang.reflect.Constructor, trace=300000)
	super		500000e8
	constant pool entry 175	500000be
	constant pool entry 173	50000053
	constant pool entry 163	500000fc
	constant pool entry 162	500000e8
	constant pool entry 150	5000009f
	constant pool entry 146	500000a0
CLS 500000fd (name=java.lang.reflect.Constructor[], trace=300000)
	super		50000112
CLS 500000fe (name=java.util.Collection, trace=300000)
CLS 500000ff (name=java.nio.charset.CodingErrorAction, trace=300000)
	super		50000112
	static IGNORE	500013b6
	static REPLACE	500013b5
	static REPORT	500013b4
	constant pool entry 21	500000ff
	constant pool entry 20	50000112
	constant pool entry 3	500013b3
	constant pool entry 2	500013b2
	constant pool entry 1	500013b1
CLS 50000101 (name=sun.reflect.misc.ReflectUtil, trace=300000)
	super		50000112
	static PROXY_PACKAGE	5000156d
	constant pool entry 112	50000101
	constant pool entry 111	50000022
	constant pool entry 110	50000147
	constant pool entry 109	5000004a
	constant pool entry 106	50000043
	constant pool entry 104	50000136
	constant pool entry 95	5000009f
	constant pool entry 6	5000156d
CLS 50000102 (name=java.io.Closeable, trace=300000)
CLS 50000103 (name=java.util.Locale$Cache, trace=300000)
	super		5000001d
	constant pool entry 21	5000001d
	constant pool entry 20	5000003f
	constant pool entry 19	50000103
	constant pool entry 17	500000d5
CLS 50000104 (name=java.lang.Terminator$1, trace=300000)
	super		50000112
	constant pool entry 20	50000112
CLS 50000105 (name=java.io.FileOutputStream, trace=300000)
	super		50000013
	static runningFinalize	5000158a
	constant pool entry 93	50000077
	constant pool entry 90	500000a2
	constant pool entry 89	50000043
	constant pool entry 86	50000112
	constant pool entry 83	50000013
	constant pool entry 81	50000105
	constant pool entry 79	50000149
CLS 50000106 (name=java.util.Hashtable$Enumerator, trace=300000)
	super		50000112
	constant pool entry 61	50000106
	constant pool entry 60	500000fa
	constant pool entry 59	500000f1
	constant pool entry 54	50000112
CLS 50000107 (name=sun.misc.Launcher$ExtClassLoader$1, trace=300000)
	super		50000112
	constant pool entry 32	500000ab
	constant pool entry 31	50000107
	constant pool entry 30	5000006f
	constant pool entry 27	50000112
CLS 50000108 (name=sun.misc.Launcher$AppClassLoader$1, trace=300000)
	super		50000112
	constant pool entry 32	50000108
	constant pool entry 31	5000008a
	constant pool entry 30	5000012f
	constant pool entry 27	50000112
CLS 5000010a (name=com.sun.demo.jvmti.hprof.Tracker, trace=300000)
	super		50000112
	constant pool entry 42	5000007a
	constant pool entry 13	5000010a
CLS 5000010b (name=java.util.HashMap$HashIterator, trace=300000)
	super		50000112
	constant pool entry 41	5000010b
	constant pool entry 39	50000094
	constant pool entry 37	50000112
CLS 5000010c (name=sun.util.locale.BaseLocale$Cache, trace=300000)
	super		5000001d
	constant pool entry 41	5000001d
	constant pool entry 40	500000da
	constant pool entry 39	5000010c
	constant pool entry 37	5000001a
	constant pool entry 36	500000de
	constant pool entry 35	50000136
	constant pool entry 34	5000009f
CLS 5000010d (name=java.util.concurrent.locks.AbstractQueuedSynchronizer$Node, trace=300000)
	super		50000112
CLS 5000010e (name=sun.misc.Cleaner, trace=300000)
	super		5000009e
CLS 50000120 (name=sun.util.PreHashedMap, trace=300000)
	super		5000000e
	constant pool entry 94	5000010a
	constant pool entry 49	50000120
	constant pool entry 46	5000000e
	constant pool entry 44	50000136
	constant pool entry 43	50000112
	constant pool entry 42	50000113
CLS 5000010f (name=sun.nio.cs.StandardCharsets$Classes, trace=300000)
	super		50000120
	constant pool entry 192	5000010a
	constant pool entry 181	50000120
	constant pool entry 180	5000010f
	constant pool entry 177	50000112
	constant pool entry 76	500011ab
	constant pool entry 75	500011aa
	constant pool entry 74	500011a9
	constant pool entry 73	500011a8
	constant pool entry 72	500011a7
	constant pool entry 71	500011a6
	constant pool entry 70	500011a5
	constant pool entry 69	500011a4
	constant pool entry 68	500011a3
	constant pool entry 67	500011a2
	constant pool entry 66	500011a1
	constant pool entry 65	500011a0
	constant pool entry 64	5000119f
	constant pool entry 63	5000119e
	constant pool entry 62	5000119d
	constant pool entry 61	5000119c
	constant pool entry 60	5000119b
	constant pool entry 59	5000119a
	constant pool entry 58	50001199
	constant pool entry 57	50001198
	constant pool entry 56	50001197
	constant pool entry 55	50001196
	constant pool entry 54	50001195
	constant pool entry 53	50001194
	constant pool entry 52	50001193
	constant pool entry 51	50001192
	constant pool entry 50	50001191
	constant pool entry 49	50001190
	constant pool entry 48	5000118f
	constant pool entry 47	50001063
	constant pool entry 46	50001062
	constant pool entry 45	50001061
	constant pool entry 44	50001060
	constant pool entry 43	5000105f
	constant pool entry 42	5000105e
	constant pool entry 41	5000105c
	constant pool entry 40	5000105a
	constant pool entry 39	5000118e
	constant pool entry 38	5000118d
	constant pool entry 37	5000100d
	constant pool entry 36	5000100c
	constant pool entry 35	5000100b
	constant pool entry 34	5000100a
	constant pool entry 33	50001009
	constant pool entry 32	5000118c
	constant pool entry 31	50001008
	constant pool entry 30	50001007
	constant pool entry 29	50001006
	constant pool entry 28	5000118b
	constant pool entry 27	5000118a
	constant pool entry 26	50001189
	constant pool entry 25	50001188
	constant pool entry 24	50001187
	constant pool entry 23	50001186
	constant pool entry 22	50001185
	constant pool entry 21	50001184
	constant pool entry 20	50001183
	constant pool entry 19	50001182
	constant pool entry 18	50001181
	constant pool entry 17	50001180
	constant pool entry 16	5000117f
	constant pool entry 15	5000117e
	constant pool entry 14	5000117d
	constant pool entry 13	5000117c
	constant pool entry 12	50000ffd
	constant pool entry 11	5000117b
	constant pool entry 10	5000117a
	constant pool entry 9	50001179
	constant pool entry 8	50001178
	constant pool entry 7	50001177
	constant pool entry 6	50001176
	constant pool entry 5	50001175
	constant pool entry 4	50001174
	constant pool entry 3	50001173
	constant pool entry 2	50001172
	constant pool entry 1	50001171
CLS 50000110 (name=sun.misc.JavaNioAccess, trace=300000)
CLS 50000111 (name=java.lang.Cloneable, trace=300000)
CLS 50000113 (name=java.lang.Object[], trace=300000)
	super		50000112
CLS 50000115 (name=java.lang.VirtualMachineError[], trace=300000)
	super		50000112
CLS 50000116 (name=java.lang.OutOfMemoryError, trace=300000)
	super		50000114
CLS 50000117 (name=java.lang.OutOfMemoryError[], trace=300000)
	super		50000112
CLS 50000118 (name=sun.misc.SignalHandler, trace=300000)
	static SIG_DFL	500015e7
	static SIG_IGN	500015e6
	constant pool entry 16	50000118
	constant pool entry 15	500000f6
CLS 50000119 (name=sun.util.locale.LocaleUtils, trace=300000)
	super		50000112
	constant pool entry 49	50000119
	constant pool entry 45	50000136
CLS 50000163 (name=java.util.concurrent.locks.AbstractQueuedSynchronizer, trace=300000)
	super		500000f7
	static unsafe	50000c85
	constant pool entry 184	5000012b
	constant pool entry 182	5000010d
	constant pool entry 180	50000163
	constant pool entry 179	500000f7
	constant pool entry 164	5000009f
	constant pool entry 11	50000c84
	constant pool entry 10	50000c83
	constant pool entry 9	50000c82
	constant pool entry 7	50000c81
	constant pool entry 6	50000c80
CLS 50000170 (name=java.util.concurrent.locks.ReentrantLock$Sync, trace=300000)
	super		50000163
	constant pool entry 57	50000170
	constant pool entry 54	50000163
	constant pool entry 53	5000007a
CLS 5000011a (name=java.util.concurrent.locks.ReentrantLock$NonfairSync, trace=300000)
	super		50000170
	constant pool entry 30	50000170
CLS 5000011b (name=java.nio.Bits$1, trace=300000)
	super		50000112
	constant pool entry 20	50000112
CLS 5000011d (name=java.util.concurrent.ThreadLocalRandom$1, trace=300000)
	super		500000a2
	constant pool entry 15	5000011d
	constant pool entry 14	500000cb
	constant pool entry 13	500000a2
CLS 5000011f (name=java.lang.ref.Finalizer$FinalizerThread, trace=300000)
	super		5000007a
	constant pool entry 35	50000130
	constant pool entry 34	500000a1
	constant pool entry 32	500000e0
	constant pool entry 31	5000011f
	constant pool entry 30	50000089
	constant pool entry 29	5000007a
	constant pool entry 1	50001766
CLS 50000121 (name=java.lang.Class$ReflectionData, trace=300000)
	super		50000112
	constant pool entry 27	50000112
	constant pool entry 26	50000121
CLS 50000122 (name=java.lang.ArithmeticException, trace=300000)
	super		50000037
CLS 50000123 (name=sun.nio.cs.StandardCharsets$Aliases, trace=300000)
	super		50000120
	constant pool entry 516	5000010a
	constant pool entry 505	50000120
	constant pool entry 504	50000123
	constant pool entry 501	50000112
	constant pool entry 238	500011ab
	constant pool entry 237	5000122f
	constant pool entry 236	500011aa
	constant pool entry 235	5000122e
	constant pool entry 234	500011a9
	constant pool entry 233	5000122d
	constant pool entry 232	5000122c
	constant pool entry 231	500011a8
	constant pool entry 230	500011a7
	constant pool entry 229	50001088
	constant pool entry 228	500011a6
	constant pool entry 227	500011a5
	constant pool entry 226	500011a4
	constant pool entry 225	500011a3
	constant pool entry 224	500011a2
	constant pool entry 223	500011a1
	constant pool entry 222	5000122b
	constant pool entry 221	5000122a
	constant pool entry 220	50001229
	constant pool entry 219	50001228
	constant pool entry 218	50001227
	constant pool entry 217	50001226
	constant pool entry 216	50001225
	constant pool entry 215	50001224
	constant pool entry 214	50001223
	constant pool entry 213	50001222
	constant pool entry 212	50001087
	constant pool entry 211	500011a0
	constant pool entry 210	50001221
	constant pool entry 209	5000119f
	constant pool entry 208	50001220
	constant pool entry 207	5000119e
	constant pool entry 206	5000119d
	constant pool entry 205	5000119c
	constant pool entry 204	5000119b
	constant pool entry 203	5000119a
	constant pool entry 202	50001199
	constant pool entry 201	50000fae
	constant pool entry 200	5000121f
	constant pool entry 199	5000121e
	constant pool entry 198	5000121d
	constant pool entry 197	5000121c
	constant pool entry 196	50001086
	constant pool entry 195	50001085
	constant pool entry 194	50001084
	constant pool entry 193	5000121b
	constant pool entry 192	5000121a
	constant pool entry 191	50001082
	constant pool entry 190	50001081
	constant pool entry 189	50001080
	constant pool entry 188	5000107f
	constant pool entry 187	50001219
	constant pool entry 186	50001218
	constant pool entry 185	5000107e
	constant pool entry 184	5000107d
	constant pool entry 183	5000107c
	constant pool entry 182	5000107b
	constant pool entry 181	5000107a
	constant pool entry 180	50001079
	constant pool entry 179	50001198
	constant pool entry 178	50001197
	constant pool entry 177	50001078
	constant pool entry 176	50001217
	constant pool entry 175	50001216
	constant pool entry 174	50001215
	constant pool entry 173	50001214
	constant pool entry 172	50001213
	constant pool entry 171	50001212
	constant pool entry 170	50001211
	constant pool entry 169	50001210
	constant pool entry 168	5000120f
	constant pool entry 167	5000120e
	constant pool entry 166	5000120d
	constant pool entry 165	5000120c
	constant pool entry 164	5000120b
	constant pool entry 163	50001077
	constant pool entry 162	5000120a
	constant pool entry 161	50001209
	constant pool entry 160	50000fb4
	constant pool entry 159	50001076
	constant pool entry 158	50001075
	constant pool entry 157	50001074
	constant pool entry 156	50001073
	constant pool entry 155	50001072
	constant pool entry 154	50001208
	constant pool entry 153	50001207
	constant pool entry 152	50001071
	constant pool entry 151	50001206
	constant pool entry 150	50001205
	constant pool entry 149	50001070
	constant pool entry 148	50001204
	constant pool entry 147	5000106f
	constant pool entry 146	50001203
	constant pool entry 145	50001202
	constant pool entry 144	50001201
	constant pool entry 143	50001200
	constant pool entry 142	500011ff
	constant pool entry 141	50000fa9
	constant pool entry 140	5000106e
	constant pool entry 139	5000106d
	constant pool entry 138	5000106c
	constant pool entry 137	5000106b
	constant pool entry 136	5000106a
	constant pool entry 135	50001069
	constant pool entry 134	50001196
	constant pool entry 133	50001195
	constant pool entry 132	50001194
	constant pool entry 131	50001193
	constant pool entry 130	50001192
	constant pool entry 129	50001191
	constant pool entry 128	50001190
	constant pool entry 127	5000118f
	constant pool entry 126	500011fe
	constant pool entry 125	500011fd
	constant pool entry 124	50001068
	constant pool entry 123	50001067
	constant pool entry 122	50001066
	constant pool entry 121	50001065
	constant pool entry 120	50001064
	constant pool entry 119	50001063
	constant pool entry 118	50001062
	constant pool entry 117	50001061
	constant pool entry 116	50001060
	constant pool entry 115	5000105f
	constant pool entry 114	5000105e
	constant pool entry 113	500011fc
	constant pool entry 112	5000105d
	constant pool entry 111	5000105c
	constant pool entry 110	5000105b
	constant pool entry 109	5000105a
	constant pool entry 108	500011fb
	constant pool entry 107	5000118e
	constant pool entry 106	500011fa
	constant pool entry 105	50001059
	constant pool entry 104	50001058
	constant pool entry 103	50001057
	constant pool entry 102	50001056
	constant pool entry 101	50001055
	constant pool entry 100	50001054
	constant pool entry 99	50001053
	constant pool entry 98	50001052
	constant pool entry 97	50001051
	constant pool entry 96	50001050
	constant pool entry 95	5000104f
	constant pool entry 94	500011f9
	constant pool entry 93	5000104e
	constant pool entry 92	5000104d
	constant pool entry 91	5000104c
	constant pool entry 90	5000104b
	constant pool entry 89	5000104a
	constant pool entry 88	50001049
	constant pool entry 87	500011f8
	constant pool entry 86	500011f7
	constant pool entry 85	50000fb2
	constant pool entry 84	50001048
	constant pool entry 83	50001047
	constant pool entry 82	500011f6
	constant pool entry 81	50001046
	constant pool entry 80	50001045
	constant pool entry 79	50001044
	constant pool entry 78	50001043
	constant pool entry 77	500011f5
	constant pool entry 76	500011f4
	constant pool entry 75	500011f3
	constant pool entry 74	500011f2
	constant pool entry 73	500011f1
	constant pool entry 72	500011f0
	constant pool entry 71	500011ef
	constant pool entry 70	500011ee
	constant pool entry 69	500011ed
	constant pool entry 68	500011ec
	constant pool entry 67	500011eb
	constant pool entry 66	500011ea
	constant pool entry 65	50001036
	constant pool entry 64	50001035
	constant pool entry 63	50001034
	constant pool entry 62	50001033
	constant pool entry 61	50001032
	constant pool entry 60	50001031
	constant pool entry 59	50001030
	constant pool entry 58	5000102f
	constant pool entry 57	5000102e
	constant pool entry 56	5000102d
	constant pool entry 55	5000102c
	constant pool entry 54	5000102b
	constant pool entry 53	5000102a
	constant pool entry 52	50001029
	constant pool entry 51	50001028
	constant pool entry 50	50001027
	constant pool entry 49	50001026
	constant pool entry 48	50001025
	constant pool entry 47	50001024
	constant pool entry 46	50001023
	constant pool entry 45	50001022
	constant pool entry 44	50001021
	constant pool entry 43	50001020
	constant pool entry 42	5000101f
	constant pool entry 41	50000fb0
	constant pool entry 40	5000101e
	constant pool entry 39	5000101d
	constant pool entry 38	5000101c
	constant pool entry 37	5000101b
	constant pool entry 36	5000101a
	constant pool entry 35	50001019
	constant pool entry 34	50001018
	constant pool entry 33	50001017
	constant pool entry 32	50000fb6
	constant pool entry 31	500011e9
	constant pool entry 30	500011e8
	constant pool entry 29	500011e7
	constant pool entry 28	50001016
	constant pool entry 27	50000fde
	constant pool entry 26	50000fdd
	constant pool entry 25	50000fdc
	constant pool entry 24	50000fdb
	constant pool entry 23	50000fda
	constant pool entry 22	50000fd9
	constant pool entry 21	50000fd8
	constant pool entry 20	50000fd7
	constant pool entry 19	50000fd6
	constant pool entry 18	50000fd5
	constant pool entry 17	50000fd4
	constant pool entry 16	50000fd3
	constant pool entry 15	50000fd2
	constant pool entry 14	50000fd1
	constant pool entry 13	50000fd0
	constant pool entry 12	50000fcf
	constant pool entry 11	50000fce
	constant pool entry 10	50000fcd
	constant pool entry 9	50000fcc
	constant pool entry 8	50000fcb
	constant pool entry 7	50000fca
	constant pool entry 6	50000fc9
	constant pool entry 5	50000fc8
	constant pool entry 4	50000fc7
	constant pool entry 3	50000fc6
	constant pool entry 2	50000fb3
	constant pool entry 1	50000fc5
CLS 50000124 (name=sun.reflect.ReflectionFactory$1, trace=300000)
	super		50000112
	constant pool entry 52	50000124
	constant pool entry 51	500000be
	constant pool entry 49	50000043
	constant pool entry 46	50000112
	constant pool entry 3	50001562
	constant pool entry 2	50001561
CLS 50000125 (name=java.util.Map$Entry, trace=300000)
CLS 50000126 (name=java.util.Map$Entry[], trace=300000)
	super		50000112
CLS 50000127 (name=java.lang.reflect.WeakCache$BiFunction, trace=300000)
CLS 5000015a (name=java.util.LinkedHashMap, trace=300000)
	super		50000094
	constant pool entry 73	500000dd
	constant pool entry 71	5000015a
	constant pool entry 69	50000094
CLS 50000128 (name=java.io.ExpiringCache$1, trace=300000)
	super		5000015a
	constant pool entry 23	5000015a
	constant pool entry 22	50000128
	constant pool entry 21	5000013a
CLS 50000129 (name=java.util.HashMap$EntryIterator, trace=300000)
	super		5000010b
	constant pool entry 22	5000010b
	constant pool entry 21	50000129
CLS 5000012a (name=sun.misc.Signal, trace=300000)
	super		50000112
	static handlers	500015e9
	static signals	500015e8
	constant pool entry 84	50000118
	constant pool entry 82	5000012a
	constant pool entry 81	500000f6
	constant pool entry 80	500000f1
	constant pool entry 74	50000112
	constant pool entry 73	5000012e
CLS 5000012b (name=sun.misc.Unsafe, trace=300000)
	super		50000112
	static theUnsafe	50000c85
	constant pool entry 353	5000010a
	constant pool entry 178	50000022
	constant pool entry 177	5000012b
	constant pool entry 174	50000136
	constant pool entry 172	50000112
	constant pool entry 170	5000009f
	constant pool entry 169	50000177
	constant pool entry 168	5000017b
	constant pool entry 166	50000113
	constant pool entry 165	5000017c
	constant pool entry 164	5000017a
	constant pool entry 163	5000017d
	constant pool entry 162	5000017e
	constant pool entry 161	50000179
	constant pool entry 160	50000178
	constant pool entry 2	50000c86
CLS 5000012d (name=sun.reflect.DelegatingConstructorAccessorImpl, trace=300000)
	super		500000aa
	constant pool entry 20	5000012d
	constant pool entry 19	500000aa
CLS 5000012e (name=java.lang.Integer, trace=300000)
	super		50000035
	static TYPE	50000c0b
	static digits	50000cbe
	static DigitTens	50000cbd
	static DigitOnes	50000cbc
	static sizeTable	50000cbb
	constant pool entry 263	5000010a
	constant pool entry 168	50000043
	constant pool entry 166	50000136
	constant pool entry 164	50000035
	constant pool entry 162	500008d7
	constant pool entry 161	5000012e
	constant pool entry 158	5000009f
	constant pool entry 157	50000047
	constant pool entry 27	50000cba
	constant pool entry 24	50000cb9
	constant pool entry 23	50000cb8
	constant pool entry 22	50000cb7
	constant pool entry 20	50000cb6
	constant pool entry 19	50000cb5
	constant pool entry 18	50000cb4
CLS 5000012f (name=sun.misc.Launcher, trace=300000)
	super		50000112
	static factory	500014a2
	static launcher	500014a1
	static bootClassPath	50000db0
	constant pool entry 214	5000010a
	constant pool entry 120	50000078
	constant pool entry 119	50000144
	constant pool entry 118	5000006f
	constant pool entry 116	5000008a
	constant pool entry 114	5000012f
	constant pool entry 113	500000b9
	constant pool entry 111	5000007a
	constant pool entry 110	50000043
	constant pool entry 108	50000136
	constant pool entry 106	50000112
	constant pool entry 97	500000cd
	constant pool entry 8	500014a0
	constant pool entry 7	5000149f
CLS 50000130 (name=sun.misc.VM, trace=300000)
	super		50000112
	static lock	50000cc8
	static savedProps	50000cc7
	constant pool entry 152	50000130
	constant pool entry 151	500000d9
	constant pool entry 150	50000031
	constant pool entry 145	50000136
	constant pool entry 144	5000002b
	constant pool entry 143	50000112
	constant pool entry 12	50000c39
	constant pool entry 11	50000cc6
	constant pool entry 10	50000cc5
	constant pool entry 9	50000cc4
	constant pool entry 8	50000cc3
	constant pool entry 7	50000cc2
	constant pool entry 6	50000cc1
	constant pool entry 4	50000cbf
	constant pool entry 1	50000cc0
CLS 50000131 (name=java.nio.charset.CharsetDecoder, trace=300000)
	super		50000112
	static stateNames	500013bc
	constant pool entry 276	5000010a
	constant pool entry 142	500000ff
	constant pool entry 141	500000c4
	constant pool entry 139	50000131
	constant pool entry 138	500000ca
	constant pool entry 130	50000136
	constant pool entry 129	50000112
	constant pool entry 126	5000009f
	constant pool entry 15	500013bb
	constant pool entry 12	500013ab
	constant pool entry 7	500013aa
	constant pool entry 4	500013a9
	constant pool entry 3	500013a8
	constant pool entry 2	50001279
CLS 50000132 (name=sun.nio.cs.UTF_8$Decoder, trace=300000)
	super		50000131
	constant pool entry 95	50000132
	constant pool entry 93	50000008
	constant pool entry 90	500000c4
	constant pool entry 89	50000131
	constant pool entry 88	5000008c
	constant pool entry 87	500000ec
	constant pool entry 84	50000030
	constant pool entry 83	5000009f
CLS 50000133 (name=sun.nio.cs.UTF_8$Encoder, trace=300000)
	super		50000065
	constant pool entry 76	50000133
	constant pool entry 74	50000008
	constant pool entry 69	500000c4
	constant pool entry 68	50000065
	constant pool entry 67	5000008c
	constant pool entry 66	500000ec
	constant pool entry 65	50000030
CLS 50000135 (name=java.net.URLClassLoader$7, trace=300000)
	super		50000112
	constant pool entry 15	50000112
CLS 50000136 (name=java.lang.String, trace=300000)
	super		50000112
	static serialPersistentFields	50000c3b
	static CASE_INSENSITIVE_ORDER	50000c3a
	constant pool entry 525	5000010a
	constant pool entry 251	500000d5
	constant pool entry 247	50000017
	constant pool entry 243	50000043
	constant pool entry 241	5000007d
	constant pool entry 238	5000016b
	constant pool entry 236	50000136
	constant pool entry 235	50000112
	constant pool entry 233	50000030
	constant pool entry 224	50000047
	constant pool entry 219	50000169
	constant pool entry 18	50000c39
	constant pool entry 17	50000c38
	constant pool entry 16	50000c19
	constant pool entry 15	50000c37
	constant pool entry 14	50000c36
	constant pool entry 13	50000c35
	constant pool entry 12	50000c34
	constant pool entry 11	50000c33
	constant pool entry 10	50000c32
CLS 50000137 (name=java.lang.String[], trace=300000)
	super		50000112
CLS 50000139 (name=java.lang.ref.WeakReference[], trace=300000)
	super		50000112
CLS 5000013a (name=java.io.ExpiringCache, trace=300000)
	super		50000112
	constant pool entry 62	5000003a
	constant pool entry 60	50000043
	constant pool entry 58	50000112
	constant pool entry 57	50000016
	constant pool entry 56	50000128
	constant pool entry 55	5000013a
CLS 5000013b (name=java.io.File$PathStatus, trace=300000)
	super		50000002
	static INVALID	50000f37
	static CHECKED	50000f36
	static $VALUES	50000f35
	constant pool entry 48	5000010a
	constant pool entry 24	50000002
	constant pool entry 23	5000013b
	constant pool entry 2	50000f34
	constant pool entry 1	50000f33
CLS 5000013c (name=java.io.File$PathStatus[], trace=300000)
	super		50000112
CLS 5000013d (name=sun.misc.Hashing, trace=300000)
	super		50000112
	constant pool entry 68	50000130
	constant pool entry 64	500000cb
CLS 50000140 (name=sun.reflect.DelegatingClassLoader, trace=300000)
	super		50000086
CLS 50000142 (name=java.lang.reflect.Method, trace=300000)
	super		500000e8
	constant pool entry 171	500000be
	constant pool entry 170	50000022
	constant pool entry 169	5000014b
	constant pool entry 161	50000142
	constant pool entry 159	50000865
	constant pool entry 156	500000e8
	constant pool entry 149	50000050
	constant pool entry 148	50000ba9
	constant pool entry 142	500000a0
CLS 50000143 (name=sun.reflect.ConstantPool, trace=300000)
	super		50000112
CLS 50000144 (name=sun.misc.Launcher$Factory, trace=300000)
	super		50000112
	static PREFIX	50000e4d
	constant pool entry 56	50000144
	constant pool entry 52	50000109
	constant pool entry 51	5000016c
	constant pool entry 49	50000112
	constant pool entry 44	5000009f
	constant pool entry 4	50000e4d
	constant pool entry 2	50000e49
	constant pool entry 1	50000e48
CLS 50000145 (name=sun.nio.cs.StandardCharsets$Cache, trace=300000)
	super		50000120
	constant pool entry 116	5000010a
	constant pool entry 105	50000120
	constant pool entry 104	50000145
	constant pool entry 101	50000112
	constant pool entry 38	500011ab
	constant pool entry 37	500011aa
	constant pool entry 36	500011a9
	constant pool entry 35	500011a8
	constant pool entry 34	500011a7
	constant pool entry 33	500011a6
	constant pool entry 32	500011a5
	constant pool entry 31	500011a4
	constant pool entry 30	500011a3
	constant pool entry 29	500011a2
	constant pool entry 28	500011a1
	constant pool entry 27	500011a0
	constant pool entry 26	5000119f
	constant pool entry 25	5000119e
	constant pool entry 24	5000119d
	constant pool entry 23	5000119c
	constant pool entry 22	5000119b
	constant pool entry 21	5000119a
	constant pool entry 20	50001199
	constant pool entry 19	50001198
	constant pool entry 18	50001197
	constant pool entry 17	50001196
	constant pool entry 16	50001195
	constant pool entry 15	50001194
	constant pool entry 14	50001193
	constant pool entry 13	50001192
	constant pool entry 12	50001191
	constant pool entry 11	50001190
	constant pool entry 10	5000118f
	constant pool entry 9	50001063
	constant pool entry 8	50001062
	constant pool entry 7	50001061
	constant pool entry 6	50001060
	constant pool entry 5	5000105f
	constant pool entry 4	5000105e
	constant pool entry 3	5000105c
	constant pool entry 2	5000105a
	constant pool entry 1	5000118e
CLS 50000146 (name=sun.reflect.generics.repository.ClassRepository, trace=300000)
	super		50000024
CLS 50000147 (name=java.lang.reflect.Proxy, trace=300000)
	super		50000112
	static constructorParams	50001571
	static proxyClassCache	50001570
	static key0	5000156f
	constant pool entry 258	5000010a
	constant pool entry 131	500000c1
	constant pool entry 130	500000ee
	constant pool entry 127	500000f8
	constant pool entry 123	50000147
	constant pool entry 121	50000046
	constant pool entry 113	50000112
	constant pool entry 105	5000009f
CLS 50000148 (name=java.lang.NoClassDefFoundError, trace=300000)
	super		50000141
CLS 50000149 (name=java.io.FileDescriptor, trace=300000)
	super		50000112
	static in	50000c9b
	static out	50001483
	static err	50001482
	constant pool entry 40	500000a1
	constant pool entry 39	50000039
	constant pool entry 38	50000112
	constant pool entry 36	500000f4
	constant pool entry 35	50000149
CLS 5000014a (name=java.lang.ClassValue$ClassValueMap, trace=300000)
	super		500000f5
CLS 5000014b (name=sun.reflect.MethodAccessor, trace=300000)
CLS 5000014e (name=java.lang.invoke.VolatileCallSite, trace=300000)
	super		50000097
CLS 5000014f (name=java.lang.reflect.GenericDeclaration, trace=300000)
CLS 50000150 (name=java.lang.reflect.GenericDeclaration[], trace=300000)
	super		50000112
CLS 50000152 (name=java.util.Collections$EmptyMap, trace=300000)
	super		5000000e
	constant pool entry 43	50000152
	constant pool entry 40	5000000e
CLS 50000153 (name=java.lang.ClassLoader$3, trace=300000)
	super		50000112
	constant pool entry 27	50000112
	constant pool entry 26	50000153
	constant pool entry 24	50000019
	constant pool entry 23	500000cd
CLS 50000154 (name=sun.nio.cs.ArrayEncoder, trace=300000)
CLS 50000156 (name=java.lang.RuntimePermission, trace=300000)
	super		50000063
	constant pool entry 15	50000063
CLS 50000157 (name=java.security.cert.Certificate, trace=300000)
	super		50000112
CLS 50000158 (name=java.security.cert.Certificate[], trace=300000)
	super		50000112
CLS 50000159 (name=java.lang.ThreadDeath, trace=300000)
	super		50000005
CLS 5000015b (name=sun.misc.JavaNetAccess, trace=300000)
CLS 5000015c (name=java.util.WeakHashMap$KeySet, trace=300000)
	super		50000032
	constant pool entry 28	5000015c
	constant pool entry 24	50000032
CLS 5000015d (name=java.lang.ClassCastException, trace=300000)
	super		50000037
CLS 5000015e (name=sun.nio.cs.HistoricallyNamedCharset, trace=300000)
CLS 5000015f (name=java.lang.Thread$UncaughtExceptionHandler, trace=300000)
CLS 50000160 (name=java.lang.Thread$UncaughtExceptionHandler[], trace=300000)
	super		50000112
CLS 50000161 (name=java.io.PrintStream, trace=300000)
	super		500000d3
	constant pool entry 112	50000136
	constant pool entry 105	50000161
	constant pool entry 104	50000096
	constant pool entry 103	50000013
	constant pool entry 100	500000d3
	constant pool entry 96	500000c9
	constant pool entry 1	500014b6
CLS 50000162 (name=java.util.StringTokenizer, trace=300000)
	super		50000112
	constant pool entry 64	50000162
	constant pool entry 61	50000136
	constant pool entry 60	50000112
	constant pool entry 58	50000047
CLS 50000164 (name=java.util.concurrent.atomic.AtomicLong, trace=300000)
	super		50000035
	static unsafe	50000c85
	constant pool entry 67	5000012b
	constant pool entry 66	50000164
	constant pool entry 65	50000035
	constant pool entry 61	5000009f
	constant pool entry 1	50000c9d
CLS 50000165 (name=java.lang.Double, trace=300000)
	super		50000035
	static TYPE	50000c0d
	constant pool entry 143	50000165
	constant pool entry 141	5000009f
	constant pool entry 10	50000cae
CLS 50000166 (name=java.lang.reflect.ReflectPermission, trace=300000)
	super		50000063
	constant pool entry 15	50000063
CLS 50000167 (name=java.lang.reflect.Member, trace=300000)
CLS 50000168 (name=java.lang.reflect.Member[], trace=300000)
	super		50000112
CLS 50000169 (name=java.io.ObjectStreamField, trace=300000)
	super		50000112
	constant pool entry 92	5000016c
	constant pool entry 91	50000136
	constant pool entry 90	500000a7
	constant pool entry 89	50000112
	constant pool entry 87	500000a8
	constant pool entry 85	5000012e
	constant pool entry 83	50000176
	constant pool entry 82	50000165
	constant pool entry 80	5000009f
	constant pool entry 79	50000047
	constant pool entry 78	50000074
	constant pool entry 77	50000019
	constant pool entry 76	50000169
CLS 5000016a (name=java.io.ObjectStreamField[], trace=300000)
	super		50000112
CLS 5000016b (name=java.lang.String$CaseInsensitiveComparator, trace=300000)
	super		50000112
	constant pool entry 38	5000016b
	constant pool entry 35	50000112
CLS 5000016c (name=java.lang.StringBuilder, trace=300000)
	super		5000014d
	constant pool entry 88	5000016c
	constant pool entry 86	50000136
	constant pool entry 83	5000014d
CLS 5000016d (name=java.util.concurrent.locks.Lock, trace=300000)
CLS 5000016e (name=java.util.concurrent.locks.Lock[], trace=300000)
	super		50000112
CLS 50000171 (name=java.lang.Class$SecurityManagerHelper, trace=300000)
	super		50000112
CLS 50000173 (name=java.lang.invoke.DirectMethodHandle, trace=300000)
	super		5000002d
CLS 50000175 (name=java.lang.StringCoding$StringDecoder, trace=300000)
	super		50000112
	constant pool entry 146	5000010a
	constant pool entry 74	5000015e
	constant pool entry 73	5000007e
	constant pool entry 72	500000ff
	constant pool entry 70	50000131
	constant pool entry 69	500000ca
	constant pool entry 65	50000175
	constant pool entry 63	5000007d
	constant pool entry 61	50000112
	constant pool entry 59	5000009f
CLS 50000176 (name=java.lang.Float, trace=300000)
	super		50000035
	static TYPE	50000c0c
	constant pool entry 105	50000176
	constant pool entry 102	5000009f
	constant pool entry 7	50000cac
CLS 50000177 (name=boolean[], trace=300000)
	super		50000112
CLS 50000178 (name=byte[], trace=300000)
	super		50000112
CLS 50000179 (name=char[], trace=300000)
	super		50000112
CLS 5000017a (name=int[], trace=300000)
	super		50000112
CLS 5000017b (name=short[], trace=300000)
	super		50000112
CLS 5000017c (name=long[], trace=300000)
	super		50000112
CLS 5000017d (name=float[], trace=300000)
	super		50000112
CLS 5000017e (name=double[], trace=300000)
	super		50000112
CLS 50000195 (name=sun.launcher.LauncherHelper, trace=300000)
	super		50000002
	static INSTANCE	50000196
	static MAIN_CLASS	500013f1
	static outBuf	50000199
	static INDENT	5000178c
	static VM_SETTINGS	50001790
	static PROP_SETTINGS	5000178f
	static LOCALE_SETTINGS	5000178e
	static diagprop	50000cc2
	static defaultBundleName	50001792
	static encprop	50001791
	static encoding	50000c07
	static $VALUES	50000198
	constant pool entry 635	5000010a
	constant pool entry 371	50000130
	constant pool entry 367	50000195
	constant pool entry 349	500000ca
	constant pool entry 348	5000004a
	constant pool entry 347	50000142
	constant pool entry 346	50000892
	constant pool entry 343	50000043
	constant pool entry 342	5000016c
	constant pool entry 341	50000136
	constant pool entry 334	50000002
	constant pool entry 332	50000086
	constant pool entry 331	5000009f
	constant pool entry 324	50000137
	constant pool entry 321	50001792
	constant pool entry 65	50001791
	constant pool entry 64	50000cc2
	constant pool entry 58	500014d6
	constant pool entry 32	50001790
	constant pool entry 31	5000178f
	constant pool entry 29	500013f1
	constant pool entry 28	5000178e
	constant pool entry 26	5000178d
	constant pool entry 3	5000178c
CLS 50000197 (name=sun.launcher.LauncherHelper[], trace=300015)
	super		50000112
CLS 500001a7 (name=java.net.URLClassLoader$1, trace=300026)
	super		50000112
	constant pool entry 46	5000001b
	constant pool entry 43	500001a7
	constant pool entry 42	50000100
	constant pool entry 41	50000136
	constant pool entry 40	50000112
	constant pool entry 38	50000079
	constant pool entry 1	500014a6
CLS 500001ad (name=sun.net.util.URLUtil, trace=300032)
	super		50000112
	constant pool entry 30	500000b9
	constant pool entry 29	5000016c
	constant pool entry 28	50000136
	constant pool entry 2	5000148f
CLS 500001b3 (name=sun.misc.URLClassPath$3, trace=300037)
	super		50000112
	constant pool entry 48	500001b6
	constant pool entry 47	5000065d
	constant pool entry 46	500001b3
	constant pool entry 45	5000001b
	constant pool entry 43	500000b9
	constant pool entry 42	50000136
	constant pool entry 41	50000112
	constant pool entry 2	50000e57
	constant pool entry 1	50000e4a
CLS 500001b5 (name=sun.misc.URLClassPath$Loader, trace=300039)
	super		50000112
	constant pool entry 65	500001b5
	constant pool entry 55	50000112
CLS 500001b6 (name=sun.misc.URLClassPath$JarLoader, trace=300039)
	super		500001b5
	static zipAccess	500001bb
	constant pool entry 211	50000078
	constant pool entry 209	500001b5
	constant pool entry 207	50000728
	constant pool entry 206	5000027a
	constant pool entry 205	500001b6
	constant pool entry 203	500000a1
	constant pool entry 201	500000ab
	constant pool entry 199	50000284
	constant pool entry 196	5000027c
	constant pool entry 195	50000313
	constant pool entry 192	50000283
	constant pool entry 181	5000008d
	constant pool entry 177	500000b9
	constant pool entry 174	50000043
	constant pool entry 173	5000016c
	constant pool entry 172	50000136
	constant pool entry 168	500000cd
	constant pool entry 8	50000f7f
	constant pool entry 7	50000e57
	constant pool entry 2	50001438
	constant pool entry 1	50000c3c
CLS 500001b7 (name=java.util.zip.ZipConstants, trace=300040)
CLS 500001b8 (name=java.util.zip.ZipFile, trace=300040)
	super		50000112
	constant pool entry 250	50000130
	constant pool entry 249	500000a1
	constant pool entry 248	500002ef
	constant pool entry 247	5000034a
	constant pool entry 246	50000396
	constant pool entry 245	500001ba
	constant pool entry 243	500001b8
	constant pool entry 241	50000342
	constant pool entry 239	500002e9
	constant pool entry 238	5000038f
	constant pool entry 237	500000f5
	constant pool entry 234	5000003a
	constant pool entry 231	500002e5
	constant pool entry 230	500002e6
	constant pool entry 229	5000028b
	constant pool entry 226	50000043
	constant pool entry 222	50000112
	constant pool entry 215	500000cd
	constant pool entry 8	50000cc6
CLS 500001b9 (name=sun.misc.JavaUtilZipFileAccess, trace=300041)
CLS 500001ba (name=java.util.zip.ZipFile$2, trace=300041)
	super		50000112
	constant pool entry 14	50000112
CLS 5000025f (name=java.security.PrivilegedActionException, trace=300067)
	super		500000e5
	constant pool entry 36	5000025f
	constant pool entry 31	500000e5
CLS 5000027a (name=sun.misc.URLClassPath$JarLoader$1, trace=300070)
	super		50000112
	constant pool entry 72	5000027a
	constant pool entry 71	500001b6
	constant pool entry 70	5000001b
	constant pool entry 69	5000030d
	constant pool entry 61	50000112
CLS 5000027c (name=sun.misc.FileURLMapper, trace=300072)
	super		50000112
	constant pool entry 38	50000078
	constant pool entry 37	5000027c
	constant pool entry 36	500000b9
	constant pool entry 35	50000136
	constant pool entry 34	50000112
	constant pool entry 33	500000cd
	constant pool entry 1	50000c3c
CLS 50000283 (name=java.util.jar.JarFile, trace=300075)
	super		500001b8
	static MANIFEST_NAME	50000f6e
	static lastOcc	50000288
	static optoSft	50000289
	static src	50000287
	static javaHome	50000d8a
	static jarNames	50000315
	constant pool entry 418	5000010a
	constant pool entry 206	50000790
	constant pool entry 205	5000079a
	constant pool entry 203	5000004e
	constant pool entry 202	500000a1
	constant pool entry 201	5000034e
	constant pool entry 200	500001b8
	constant pool entry 199	50000342
	constant pool entry 198	50000734
	constant pool entry 197	50000285
	constant pool entry 195	50000767
	constant pool entry 194	50000345
	constant pool entry 189	50000283
	constant pool entry 187	50000344
	constant pool entry 186	500000d5
	constant pool entry 182	5000008d
	constant pool entry 181	500000de
	constant pool entry 179	5000016c
	constant pool entry 178	50000136
	constant pool entry 176	50000030
	constant pool entry 175	5000013f
	constant pool entry 173	500000cd
	constant pool entry 172	50000735
	constant pool entry 20	50000f78
	constant pool entry 19	50000f77
	constant pool entry 18	50000f76
	constant pool entry 17	50000f75
	constant pool entry 15	50000f74
	constant pool entry 14	50000f73
	constant pool entry 13	50000f72
	constant pool entry 12	50000f71
	constant pool entry 11	50000f1d
	constant pool entry 8	50000f70
	constant pool entry 6	50000f6f
	constant pool entry 5	50000f6e
CLS 50000284 (name=sun.misc.JavaUtilJarAccess, trace=300076)
CLS 50000285 (name=java.util.jar.JavaUtilJarAccessImpl, trace=300076)
	super		50000112
	constant pool entry 25	50000283
	constant pool entry 24	50000112
CLS 5000028b (name=java.nio.charset.StandardCharsets, trace=300082)
	super		50000112
	static US_ASCII	50000290
	static ISO_8859_1	500002a2
	static UTF_8	50000fa6
	static UTF_16BE	500002b8
	static UTF_16LE	500002ca
	static UTF_16	500002dc
	constant pool entry 35	5000028b
	constant pool entry 34	500000ca
	constant pool entry 7	50000fa5
	constant pool entry 6	50000fa4
	constant pool entry 5	50000fa3
	constant pool entry 4	50000fa2
	constant pool entry 3	50000fa1
	constant pool entry 1	50000fa0
CLS 5000028f (name=sun.nio.cs.US_ASCII, trace=300086)
	super		500000ca
	constant pool entry 27	500000b0
	constant pool entry 25	500000ca
	constant pool entry 2	50000fa1
CLS 5000029a (name=sun.nio.cs.ISO_8859_1, trace=300093)
	super		500000ca
	constant pool entry 33	500000b0
	constant pool entry 27	500000ca
	constant pool entry 1	50000fa0
CLS 500002b0 (name=sun.nio.cs.UTF_16BE, trace=300093)
	super		500000ae
	constant pool entry 26	500000ae
	constant pool entry 22	500000b0
	constant pool entry 1	50000fa3
CLS 500002c2 (name=sun.nio.cs.UTF_16LE, trace=300093)
	super		500000ae
	constant pool entry 26	500000ae
	constant pool entry 22	500000b0
	constant pool entry 1	50000fa4
CLS 500002d4 (name=sun.nio.cs.UTF_16, trace=300093)
	super		500000ae
	constant pool entry 24	500000ae
	constant pool entry 20	500000b0
	constant pool entry 1	50000fa2
CLS 500002e4 (name=java.util.Queue, trace=300111)
CLS 500002e5 (name=java.util.Deque, trace=300111)
CLS 500002e6 (name=java.util.ArrayDeque, trace=300111)
	super		50000071
	constant pool entry 248	5000010a
	constant pool entry 130	500002e6
	constant pool entry 129	50000071
	constant pool entry 126	50000112
	constant pool entry 120	5000009f
	constant pool entry 114	50000113
CLS 500002e9 (name=java.util.zip.ZipCoder, trace=300114)
	super		50000112
	constant pool entry 195	5000010a
	constant pool entry 86	50000154
	constant pool entry 84	500002e9
	constant pool entry 83	50000017
	constant pool entry 82	5000028b
	constant pool entry 81	500000ff
	constant pool entry 79	50000065
	constant pool entry 77	500000ca
	constant pool entry 74	50000136
	constant pool entry 73	50000112
CLS 500002ef (name=sun.misc.PerfCounter, trace=300118)
	super		50000112
	static perf	500002f3
	constant pool entry 80	500002f4
	constant pool entry 79	500002ef
	constant pool entry 78	500002f0
	constant pool entry 77	500002f2
	constant pool entry 76	5000008d
	constant pool entry 75	500002fb
	constant pool entry 74	500000d7
	constant pool entry 73	500000ec
	constant pool entry 72	50000043
	constant pool entry 70	50000112
CLS 500002f0 (name=sun.misc.Perf$GetPerfAction, trace=300119)
	super		50000112
	constant pool entry 17	500002f0
	constant pool entry 16	500002f2
	constant pool entry 14	50000112
CLS 500002f2 (name=sun.misc.Perf, trace=300121)
	super		50000112
	static instance	500002f3
	constant pool entry 78	500002f2
	constant pool entry 75	50000043
	constant pool entry 71	50000112
CLS 500002f4 (name=sun.misc.PerfCounter$CoreCounters, trace=300123)
	super		50000112
	static pdt	500002f5
	static lc	500002fe
	static lct	50000301
	static rcbt	50000304
	static zfc	50000307
	static zfot	5000030a
	constant pool entry 32	500002f4
	constant pool entry 31	500002ef
	constant pool entry 6	50000f8b
	constant pool entry 5	50000f8a
	constant pool entry 4	50000f89
	constant pool entry 3	50000f88
	constant pool entry 2	50000f87
	constant pool entry 1	50000f86
CLS 500002f6 (name=sun.nio.ch.DirectBuffer, trace=300125)
CLS 500002f7 (name=java.nio.MappedByteBuffer, trace=300125)
	super		500000ec
	constant pool entry 44	500002f7
	constant pool entry 43	500000ec
CLS 500002f8 (name=java.nio.DirectByteBuffer, trace=300125)
	super		500002f7
	static unsafe	50000c85
	constant pool entry 238	5000012b
	constant pool entry 235	500002f7
	constant pool entry 228	500002fc
	constant pool entry 215	500002f8
	constant pool entry 198	50000085
	constant pool entry 192	5000009f
	constant pool entry 190	50000178
CLS 500002fb (name=java.nio.LongBuffer, trace=300128)
	super		50000026
	constant pool entry 93	500002fb
	constant pool entry 89	50000026
CLS 500002fc (name=java.nio.DirectLongBufferU, trace=300128)
	super		500002fb
	static unsafe	50000c85
	constant pool entry 87	500002f6
	constant pool entry 86	5000012b
	constant pool entry 85	500002fb
	constant pool entry 84	500002fc
	constant pool entry 79	50000085
	constant pool entry 77	5000009f
	constant pool entry 75	5000017c
CLS 5000030d (name=sun.misc.JarIndex, trace=300135)
	super		50000112
	static INDEX_NAME	50001496
	constant pool entry 145	5000030d
	constant pool entry 142	50000283
	constant pool entry 132	50000043
	constant pool entry 130	50000136
	constant pool entry 10	50000c39
	constant pool entry 9	50001497
	constant pool entry 6	50001496
CLS 50000313 (name=sun.misc.ExtensionDependency, trace=300141)
	super		50000112
	constant pool entry 206	50000313
CLS 50000342 (name=java.util.zip.ZipEntry, trace=300184)
	super		50000112
	constant pool entry 117	50000342
	constant pool entry 114	50000136
	constant pool entry 113	50000112
	constant pool entry 2	50000e4a
CLS 50000344 (name=java.util.jar.JarEntry, trace=300186)
	super		50000342
	constant pool entry 24	50000342
CLS 50000345 (name=java.util.jar.JarFile$JarFileEntry, trace=300186)
	super		50000344
	constant pool entry 37	50000345
	constant pool entry 36	50000283
	constant pool entry 35	50000344
CLS 5000034a (name=java.util.zip.ZipFile$ZipFileInputStream, trace=300191)
	super		5000013f
	constant pool entry 55	5000034a
	constant pool entry 54	500001b8
	constant pool entry 53	5000003a
	constant pool entry 50	5000013f
CLS 5000034e (name=sun.misc.IOUtils, trace=300194)
	super		50000112
	constant pool entry 48	5000010a
	constant pool entry 33	50000017
	constant pool entry 31	50000030
	constant pool entry 30	5000013f
CLS 5000038f (name=java.util.zip.Inflater, trace=300197)
	super		50000112
	static defaultBuf	50000390
	constant pool entry 154	5000010a
	constant pool entry 83	50000393
	constant pool entry 82	5000038f
	constant pool entry 78	50000112
	constant pool entry 76	5000009f
CLS 50000393 (name=java.util.zip.ZStreamRef, trace=300200)
	super		50000112
	constant pool entry 14	50000393
	constant pool entry 13	50000112
CLS 50000395 (name=java.util.zip.InflaterInputStream, trace=300202)
	super		500000f9
	constant pool entry 152	5000010a
	constant pool entry 85	50000395
	constant pool entry 84	5000038f
	constant pool entry 77	5000013f
	constant pool entry 75	500000f9
CLS 50000396 (name=java.util.zip.ZipFile$ZipFileInflaterInputStream, trace=300202)
	super		50000395
	constant pool entry 62	50000396
	constant pool entry 61	500001b8
	constant pool entry 60	50000395
	constant pool entry 59	5000038f
	constant pool entry 58	5000003a
	constant pool entry 55	5000013f
CLS 5000065d (name=sun.misc.URLClassPath$FileLoader, trace=300208)
	super		500001b5
	constant pool entry 65	50000078
	constant pool entry 64	500001b5
	constant pool entry 63	50000b39
	constant pool entry 62	5000065d
	constant pool entry 59	500000b9
	constant pool entry 58	50000136
	constant pool entry 54	500000cd
	constant pool entry 3	50000e57
	constant pool entry 2	50001491
	constant pool entry 1	50000e48
CLS 50000727 (name=sun.misc.Resource, trace=300256)
	super		50000112
	constant pool entry 100	5000010a
	constant pool entry 61	500007b4
	constant pool entry 60	50000727
	constant pool entry 59	50000017
	constant pool entry 57	5000007a
	constant pool entry 56	50000112
	constant pool entry 55	50000030
	constant pool entry 53	5000013f
CLS 50000728 (name=sun.misc.URLClassPath$JarLoader$2, trace=300256)
	super		50000727
	constant pool entry 42	50000728
	constant pool entry 41	500001b6
	constant pool entry 39	50000727
	constant pool entry 38	50000283
	constant pool entry 37	50000344
CLS 50000734 (name=java.util.jar.Manifest, trace=300263)
	super		50000112
	constant pool entry 230	5000010a
	constant pool entry 109	5000073c
	constant pool entry 108	50000734
	constant pool entry 107	50000738
	constant pool entry 104	5000003a
	constant pool entry 102	50000094
	constant pool entry 98	50000112
CLS 50000735 (name=java.io.ByteArrayInputStream, trace=300264)
	super		5000013f
	constant pool entry 43	50000043
	constant pool entry 39	5000013f
	constant pool entry 37	50000735
CLS 50000738 (name=java.util.jar.Attributes, trace=300267)
	super		50000112
	constant pool entry 138	5000073c
	constant pool entry 136	50000744
	constant pool entry 135	50000738
	constant pool entry 132	5000003a
	constant pool entry 130	50000094
	constant pool entry 126	50000136
	constant pool entry 125	50000112
	constant pool entry 6	50001005
CLS 5000073c (name=java.util.jar.Manifest$FastInputStream, trace=300271)
	super		500000f9
	constant pool entry 74	5000010a
	constant pool entry 40	5000073c
	constant pool entry 38	50000043
	constant pool entry 37	5000013f
	constant pool entry 35	500000f9
CLS 50000744 (name=java.util.jar.Attributes$Name, trace=300279)
	super		50000112
	static MANIFEST_VERSION	50000745
	static SIGNATURE_VERSION	50000746
	static CONTENT_TYPE	50000747
	static CLASS_PATH	50000748
	static MAIN_CLASS	50000749
	static SEALED	5000074a
	static EXTENSION_LIST	5000074b
	static EXTENSION_NAME	5000074c
	static EXTENSION_INSTALLATION	5000074d
	static IMPLEMENTATION_TITLE	5000074e
	static IMPLEMENTATION_VERSION	5000074f
	static IMPLEMENTATION_VENDOR	50000750
	static IMPLEMENTATION_VENDOR_ID	50000751
	static IMPLEMENTATION_URL	50000752
	static SPECIFICATION_TITLE	50000753
	static SPECIFICATION_VERSION	50000754
	static SPECIFICATION_VENDOR	50000755
	constant pool entry 100	50000758
	constant pool entry 99	50000744
	constant pool entry 96	50000136
	constant pool entry 95	50000112
	constant pool entry 17	500013f7
	constant pool entry 16	500013f6
	constant pool entry 15	500013f5
	constant pool entry 14	500013f4
	constant pool entry 13	500013f3
	constant pool entry 12	500013f2
	constant pool entry 11	500013f1
	constant pool entry 10	500013f0
	constant pool entry 9	500013ef
	constant pool entry 8	500013ee
	constant pool entry 7	500013ed
	constant pool entry 6	500013ec
	constant pool entry 5	500013eb
	constant pool entry 4	500013ea
	constant pool entry 3	500013e9
	constant pool entry 2	500013e8
	constant pool entry 1	500013e7
CLS 50000758 (name=sun.misc.ASCIICaseInsensitiveComparator, trace=300299)
	super		50000112
	static CASE_INSENSITIVE_ORDER	50000759
	constant pool entry 38	50000758
	constant pool entry 36	50000136
	constant pool entry 35	50000112
	constant pool entry 34	5000009f
CLS 50000767 (name=java.util.jar.JarVerifier, trace=300301)
	super		50000112
	constant pool entry 537	5000010a
	constant pool entry 240	5000079a
	constant pool entry 238	50000023
	constant pool entry 234	5000076f
	constant pool entry 231	50000767
	constant pool entry 229	50000344
	constant pool entry 226	500000d5
	constant pool entry 223	500000f1
	constant pool entry 221	50000094
	constant pool entry 218	50000066
	constant pool entry 211	5000076c
	constant pool entry 208	50000136
	constant pool entry 207	50000112
	constant pool entry 204	50000778
	constant pool entry 11	50000f7f
	constant pool entry 8	50000f6e
	constant pool entry 6	50001409
CLS 5000076c (name=java.security.CodeSigner, trace=300306)
	super		50000112
CLS 5000076d (name=java.security.CodeSigner[], trace=300307)
	super		50000112
CLS 5000076f (name=java.util.jar.JarVerifier$3, trace=300308)
	super		50000112
	constant pool entry 23	5000076f
	constant pool entry 19	50000112
CLS 50000778 (name=java.io.ByteArrayOutputStream, trace=300317)
	super		50000013
	constant pool entry 111	5000010a
	constant pool entry 57	50000013
	constant pool entry 55	50000778
CLS 5000077d (name=java.lang.Package, trace=300322)
	super		50000112
	static pkgs	5000077e
	static urls	5000077f
	static mans	50000780
	constant pool entry 175	5000003a
	constant pool entry 174	50000094
	constant pool entry 167	50000136
	constant pool entry 164	5000077d
	constant pool entry 163	50000112
	constant pool entry 5	50000e4a
CLS 50000790 (name=sun.security.util.SignatureFileVerifier, trace=300336)
	super		50000112
	static ATTR_DIGEST	50000792
	static hexc	50000794
	constant pool entry 563	5000010a
	constant pool entry 291	50000790
	constant pool entry 288	50000023
	constant pool entry 272	500000d5
	constant pool entry 253	50000136
	constant pool entry 36	50000f7f
	constant pool entry 17	50000f7e
	constant pool entry 16	50000f7d
	constant pool entry 15	50000f7c
	constant pool entry 14	50000f7b
	constant pool entry 11	50000f7a
CLS 5000079a (name=sun.security.util.ManifestEntryVerifier, trace=300341)
	super		50000112
	static hexc	5000079b
	constant pool entry 279	5000010a
	constant pool entry 141	5000079a
	constant pool entry 140	50000023
	constant pool entry 139	500007a1
	constant pool entry 128	50000094
	constant pool entry 127	50000066
	constant pool entry 120	50000112
	constant pool entry 9	50000f7f
CLS 500007a0 (name=sun.misc.CharacterDecoder, trace=300347)
	super		50000112
	constant pool entry 44	50000112
CLS 500007a1 (name=sun.misc.BASE64Decoder, trace=300347)
	super		500007a0
	static pem_array	500007a2
	static pem_convert_array	500007a3
	constant pool entry 60	5000010a
	constant pool entry 38	500007a0
	constant pool entry 35	500007a1
CLS 500007b4 (name=sun.nio.ByteBuffered, trace=300359)
CLS 500007ba (name=java.security.PermissionCollection, trace=300363)
	super		50000112
	constant pool entry 45	500007ba
	constant pool entry 42	50000112
CLS 500007bb (name=java.security.Permissions, trace=300363)
	super		500007ba
	static serialPersistentFields	500007bc
	constant pool entry 214	5000010a
	constant pool entry 112	5000003a
	constant pool entry 110	500000f1
	constant pool entry 109	50000094
	constant pool entry 104	50000800
	constant pool entry 101	500007bb
	constant pool entry 100	500007ba
	constant pool entry 99	50000044
	constant pool entry 98	500007ff
	constant pool entry 95	50000112
	constant pool entry 91	50000169
	constant pool entry 3	50001416
	constant pool entry 1	50001415
CLS 500007db (name=java.net.URLConnection, trace=300376)
	super		50000112
	static handlers	500007de
	static contentClassPrefix	50000e65
	static contentPathProp	50000e64
	constant pool entry 304	500000f1
	constant pool entry 297	500007db
	constant pool entry 289	50000112
	constant pool entry 29	50000e65
	constant pool entry 23	50000e64
CLS 500007dc (name=sun.net.www.URLConnection, trace=300376)
	super		500007db
	static proxiedHosts	500007e0
	constant pool entry 113	500007dc
	constant pool entry 112	500007e2
	constant pool entry 111	50000094
	constant pool entry 109	500007db
CLS 500007dd (name=sun.net.www.protocol.file.FileURLConnection, trace=300376)
	super		500007dc
	static CONTENT_LENGTH	50000e5a
	static CONTENT_TYPE	50000e5b
	static TEXT_PLAIN	50000e5e
	static LAST_MODIFIED	50000e5c
	constant pool entry 159	500007dd
	constant pool entry 158	500007dc
	constant pool entry 157	50000078
	constant pool entry 143	500000b9
	constant pool entry 137	500007e6
	constant pool entry 134	500000cd
	constant pool entry 10	50000e5e
	constant pool entry 9	50000e5d
	constant pool entry 8	50000e5c
	constant pool entry 7	50000e5b
	constant pool entry 6	50000e5a
CLS 500007e2 (name=sun.net.www.MessageHeader, trace=300381)
	super		50000112
	constant pool entry 236	5000010a
	constant pool entry 126	500007e2
	constant pool entry 114	50000136
	constant pool entry 113	50000112
CLS 500007e6 (name=java.io.FilePermission, trace=300385)
	super		50000044
	constant pool entry 131	50000044
	constant pool entry 130	5000008d
	constant pool entry 128	50000136
	constant pool entry 120	500007eb
	constant pool entry 119	500007e8
	constant pool entry 118	500007e6
	constant pool entry 117	500000cd
	constant pool entry 8	50000e5d
	constant pool entry 2	50000f46
CLS 500007e8 (name=java.io.FilePermission$1, trace=300387)
	super		50000112
	constant pool entry 44	50000136
	constant pool entry 43	50000112
	constant pool entry 41	500007e8
	constant pool entry 40	500007e6
	constant pool entry 39	500000cd
	constant pool entry 1	50000ca7
CLS 500007eb (name=java.io.FilePermissionCollection, trace=300390)
	super		500007ba
	static serialPersistentFields	500007ec
	constant pool entry 163	5000010a
	constant pool entry 91	5000016f
	constant pool entry 90	5000004d
	constant pool entry 88	50000066
	constant pool entry 87	500007ba
	constant pool entry 78	50000169
	constant pool entry 72	500007eb
	constant pool entry 71	500007e6
	constant pool entry 3	50000caa
CLS 500007ff (name=java.security.AllPermission, trace=300396)
	super		50000044
CLS 50000800 (name=java.security.UnresolvedPermission, trace=300397)
	super		50000044
CLS 50000802 (name=java.security.BasicPermissionCollection, trace=300399)
	super		500007ba
	static serialPersistentFields	50000803
	constant pool entry 225	5000010a
	constant pool entry 120	5000003a
	constant pool entry 119	500000f1
	constant pool entry 118	50000094
	constant pool entry 115	500007ba
	constant pool entry 113	50000802
	constant pool entry 112	50000063
	constant pool entry 109	50000136
	constant pool entry 107	50000112
	constant pool entry 104	5000009f
	constant pool entry 103	50000019
	constant pool entry 101	50000169
	constant pool entry 7	50000caa
	constant pool entry 6	50000ca9
	constant pool entry 3	50000ca8
	constant pool entry 1	50000ca7
CLS 50000843 (name=com.intellij.rt.execution.application.AppMain, trace=300416)
	super		50000112
	loader		50000c0a
	domain		50000828
	static PROPERTY_PORT_NUMBER	500014d4
	static PROPERTY_BINPATH	500014da
	static JAVAFX_LAUNCHER	500014d7
	static LAUNCH_APPLICATION_METHOD_NAME	500014d8
	constant pool entry 257	5000010a
	constant pool entry 177	500000cd
	constant pool entry 170	50000019
	constant pool entry 157	50000043
	constant pool entry 155	5000004a
	constant pool entry 153	50000142
	constant pool entry 135	5000012e
	constant pool entry 69	50000843
	constant pool entry 56	500014de
	constant pool entry 55	500014dd
	constant pool entry 51	50000f93
	constant pool entry 49	500014dc
	constant pool entry 48	50000f95
	constant pool entry 46	500014db
	constant pool entry 41	500014da
	constant pool entry 39	50000070
	constant pool entry 36	500014d9
	constant pool entry 35	500000ea
	constant pool entry 34	500014d8
	constant pool entry 33	500014d7
	constant pool entry 29	50000112
	constant pool entry 18	5000009f
	constant pool entry 17	500014d6
	constant pool entry 15	50000136
	constant pool entry 10	500014d5
	constant pool entry 8	50000a6a
	constant pool entry 7	5000007a
	constant pool entry 4	500014d4
CLS 50000865 (name=java.lang.reflect.InvocationTargetException, trace=300420)
	super		50000155
CLS 50000870 (name=java.lang.NoSuchMethodException, trace=300420)
	super		50000155
CLS 50000885 (name=java.lang.SecurityException, trace=300420)
	super		50000037
CLS 5000088a (name=java.lang.UnsatisfiedLinkError, trace=300420)
	super		50000141
CLS 50000892 (name=java.lang.Void, trace=300422)
	super		50000112
	static TYPE	50000c13
	constant pool entry 19	50000892
	constant pool entry 17	5000009f
	constant pool entry 1	5000179a
CLS 500008d7 (name=java.lang.Integer$IntegerCache, trace=300445)
	super		50000112
	static cache	500008d9
	constant pool entry 58	5000010a
	constant pool entry 38	50000130
	constant pool entry 34	500008d7
	constant pool entry 33	5000012e
	constant pool entry 2	50000cbf
CLS 500008d8 (name=java.lang.Integer[], trace=300446)
	super		50000112
CLS 50000a6a (name=com.intellij.rt.execution.application.AppMain$1, trace=300416)
	super		50000112
	loader		50000c0a
	domain		50000828
	constant pool entry 22	50000112
	constant pool entry 21	50000a6a
	constant pool entry 3	50000aa7
CLS 50000a7f (name=java.io.IOException, trace=300420)
	super		500000e5
CLS 50000aa7 (name=java.net.ServerSocket, trace=300420)
	super		50000112
	constant pool entry 152	50000aaf
	constant pool entry 150	50000aac
	constant pool entry 145	50000aa7
	constant pool entry 143	50000b38
	constant pool entry 136	50000112
CLS 50000aaa (name=java.net.SocksConsts, trace=300464)
CLS 50000aab (name=java.net.SocketOptions, trace=300464)
CLS 50000aac (name=java.net.SocketImpl, trace=300464)
	super		50000112
	constant pool entry 80	50000aac
	constant pool entry 77	50000112
CLS 50000aad (name=java.net.AbstractPlainSocketImpl, trace=300464)
	super		50000aac
	constant pool entry 201	50000ab0
	constant pool entry 197	5000008d
	constant pool entry 193	50000aac
	constant pool entry 185	50000aad
	constant pool entry 181	50000112
	constant pool entry 15	500014bf
CLS 50000aae (name=java.net.PlainSocketImpl, trace=300464)
	super		50000aad
	constant pool entry 55	50000aae
	constant pool entry 54	50000aad
CLS 50000aaf (name=java.net.SocksSocketImpl, trace=300464)
	super		50000aae
	constant pool entry 262	50000aaf
	constant pool entry 251	50000aae
	constant pool entry 238	5000009f
CLS 50000ab0 (name=sun.security.action.LoadLibraryAction, trace=300465)
	super		50000112
	constant pool entry 19	50000ab0
	constant pool entry 17	50000043
	constant pool entry 16	50000112
CLS 50000b36 (name=java.net.SocketAddress, trace=300493)
	super		50000112
	constant pool entry 10	50000112
CLS 50000b38 (name=java.net.InetSocketAddress, trace=300493)
	super		50000b36
	static serialPersistentFields	50000b3a
	static UNSAFE	50000c85
	constant pool entry 242	5000010a
	constant pool entry 126	5000012b
	constant pool entry 124	50000b36
	constant pool entry 123	50000bc3
	constant pool entry 121	50000b38
	constant pool entry 120	50000ba7
	constant pool entry 118	50000136
	constant pool entry 116	5000012e
	constant pool entry 112	5000009f
	constant pool entry 111	50000169
	constant pool entry 8	500014c4
	constant pool entry 5	500014c3
	constant pool entry 4	500014c2
	constant pool entry 3	500014c1
CLS 50000b39 (name=sun.misc.URLClassPath$FileLoader$1, trace=300494)
	super		50000727
	constant pool entry 38	50000b39
	constant pool entry 37	5000065d
	constant pool entry 35	50000727
	constant pool entry 33	5000007c
	constant pool entry 32	500000cd
CLS 50000b8e (name=buhu, trace=300416)
	super		50000112
	loader		50000c0a
	domain		50000b81
	constant pool entry 24	50000161
	constant pool entry 21	50000043
	constant pool entry 3	500014b5
CLS 50000ba7 (name=java.net.InetAddress, trace=300515)
	super		50000112
	static addressCache	50000bef
	static negativeCache	50000bf4
	static lookupTable	50000bf7
	constant pool entry 332	50000ab0
	constant pool entry 330	50000bcb
	constant pool entry 324	50000094
	constant pool entry 321	5000008d
	constant pool entry 315	50000be8
	constant pool entry 314	50000be6
	constant pool entry 311	50000ba7
	constant pool entry 291	5000009f
	constant pool entry 289	50000019
	constant pool entry 26	500014bf
	constant pool entry 24	500014c7
CLS 50000ba9 (name=java.lang.IllegalAccessException, trace=300517)
	super		50000155
CLS 50000bb1 (name=java.lang.annotation.Annotation, trace=300517)
CLS 50000bb8 (name=java.lang.reflect.TypeVariable, trace=300517)
CLS 50000bc3 (name=java.net.InetSocketAddress$InetSocketAddressHolder, trace=300521)
	super		50000112
CLS 50000bc4 (name=sun.reflect.NativeMethodAccessorImpl, trace=300522)
	super		500000f0
	constant pool entry 43	500000be
	constant pool entry 42	50000bc4
	constant pool entry 41	500000f0
CLS 50000bc8 (name=sun.reflect.DelegatingMethodAccessorImpl, trace=300526)
	super		500000f0
	constant pool entry 18	500000f0
	constant pool entry 17	50000bc8
CLS 50000bcb (name=sun.security.action.GetBooleanAction, trace=300529)
	super		50000112
	constant pool entry 21	50000bcb
	constant pool entry 19	50000112
	constant pool entry 18	50000019
CLS 50000be2 (name=java.net.InetAddress$InetAddressHolder, trace=300533)
	super		50000112
CLS 50000be6 (name=java.net.InetAddress$Cache, trace=300534)
	super		50000112
	constant pool entry 54	5000015a
	constant pool entry 50	50000be6
	constant pool entry 46	50000112
CLS 50000be7 (name=java.lang.Shutdown, trace=300000)
	super		50000112
	static hooks	50000be9
	static lock	50000bf0
	static haltLock	50000bf1
	constant pool entry 115	5000010a
	constant pool entry 66	50000bee
	constant pool entry 64	50000be7
	constant pool entry 63	5000008e
CLS 50000be8 (name=java.net.InetAddress$Cache$Type, trace=300535)
	super		50000002
	static Positive	50000bea
	static Negative	50000beb
	static $VALUES	50000bed
	constant pool entry 51	5000010a
	constant pool entry 28	50000be8
	constant pool entry 25	50000002
	constant pool entry 2	500014c8
	constant pool entry 1	500014ca
CLS 50000bec (name=java.net.InetAddress$Cache$Type[], trace=300539)
	super		50000112
CLS 50000bee (name=java.lang.Shutdown$Lock, trace=300540)
	super		50000112
	constant pool entry 14	50000bee
	constant pool entry 11	50000112
CLS 50000bf8 (name=java.lang.Number[], trace=300000)
	super		50000112
CLS 50000bf9 (name=java.security.ProtectionDomain[], trace=300000)
	super		50000112
CLS 50000bfa (name=java.lang.annotation.Annotation[], trace=300000)
	super		50000112
CLS 50000bfb (name=java.lang.annotation.Annotation[][], trace=300000)
	super		50000112
CLS 50000bfc (name=java.lang.reflect.TypeVariable[], trace=300000)
	super		50000112
CLS 50000bfd (name=java.lang.Cloneable[], trace=300000)
	super		50000112
CLS 50000bfe (name=java.lang.Object[][], trace=300000)
	super		50000112
CLS 50000bff (name=java.lang.reflect.Method[], trace=300000)
	super		50000112
HEAP DUMP END
SITES BEGIN (ordered by live bytes) Thu Nov 19 16:20:22 2015
          percent          live          alloc'ed  stack class
 rank   self  accum     bytes objs     bytes  objs trace name
    1 12.74% 12.74%     81912  904     81912   904 300000 char[]
    2  3.98% 16.72%     25568    9     25568     9 300000 byte[]
    3  3.42% 20.14%     21952  891     21952   891 300000 java.lang.String
    4  3.19% 23.32%     20472  129     20472   129 300006 char[]
    5  2.01% 25.34%     12944  302     12944   302 300000 java.lang.Object[]
    6  1.90% 27.24%     12232    6     12232     6 300361 byte[]
    7  1.28% 28.52%      8208    1      8208     1 300273 byte[]
    8  1.08% 29.60%      6944   60      6944    60 300139 byte[]
    9  0.91% 30.50%      5832   32      5832    32 300010 byte[]
   10  0.77% 31.27%      4952   60      4952    60 300138 char[]
   11  0.71% 31.98%      4568   64      4568    64 300011 byte[]
   12  0.66% 32.64%      4240  115      4240   115 300000 java.util.Hashtable$Entry
   13  0.64% 33.28%      4096  256      4096   256 300447 java.lang.Integer
   14  0.59% 33.87%      3792   81      3792    81 300000 java.lang.ref.SoftReference
   15  0.56% 34.43%      3608   28      3608    28 300054 char[]
   16  0.56% 34.99%      3608   28      3608    28 300056 char[]
   17  0.53% 35.52%      3384   26      3384    26 300036 char[]
   18  0.50% 36.02%      3216   25      3216    25 300058 char[]
   19  0.49% 36.51%      3144   60      3144    60 300140 byte[]
   20  0.41% 36.92%      2640    5      2640     5 300205 byte[]
   21  0.39% 37.31%      2520   54      2520    54 300000 java.lang.String[]
   22  0.39% 37.70%      2512   41      2512    41 300000 sun.util.locale.LocaleObjectCache$CacheEntry
   23  0.35% 38.06%      2256   27      2256    27 300000 java.net.URL
   24  0.31% 38.37%      2016   13      2016    13 300116 byte[]
   25  0.31% 38.68%      2016   13      2016    13 300117 byte[]
   26  0.30% 38.98%      1928   11      1928    11 300000 java.lang.Class
   27  0.29% 39.27%      1872   41      1872    41 300000 java.util.concurrent.ConcurrentHashMap$HashEntry
   28  0.29% 39.56%      1848    9      1848     9 300233 char[]
   29  0.28% 39.84%      1792   56      1792    56 300024 java.util.concurrent.ConcurrentHashMap$HashEntry
   30  0.27% 40.11%      1752   30      1752    30 300000 java.util.concurrent.ConcurrentHashMap$Segment
   31  0.27% 40.38%      1704    4      1704     4 300000 int[]
   32  0.26% 40.64%      1672   28      1672    28 300000 java.util.LinkedHashMap$Entry
   33  0.25% 40.89%      1632    2      1632     2 300446 java.lang.Integer[]
   34  0.25% 41.14%      1600   25      1600    25 300059 java.net.URL
   35  0.25% 41.39%      1600   40      1600    40 300106 java.lang.ref.Finalizer
   36  0.25% 41.63%      1576    9      1576     9 300196 byte[]
   37  0.24% 41.87%      1520    6      1520     6 300000 java.util.Hashtable$Entry[]
   38  0.24% 42.11%      1520   30      1520    30 300000 java.util.concurrent.locks.ReentrantLock$NonfairSync
   39  0.22% 42.32%      1392   21      1392    21 300000 sun.util.locale.BaseLocale$Key
   40  0.22% 42.54%      1392   32      1392    32 300013 char[]
   41  0.21% 42.75%      1360   28      1360    28 300000 java.util.concurrent.ConcurrentHashMap$HashEntry[]
   42  0.20% 42.95%      1280   40      1280    40 300065 java.util.HashMap$Entry
   43  0.19% 43.15%      1248   26      1248    26 300034 char[]
   44  0.19% 43.34%      1232   21      1232    21 300000 sun.util.locale.BaseLocale
   45  0.19% 43.53%      1232    9      1232     9 300000 java.util.concurrent.ConcurrentHashMap$Segment[]
   46  0.19% 43.72%      1200   30      1200    30 300022 java.util.concurrent.ConcurrentHashMap$Segment
   47  0.19% 43.90%      1200   25      1200    25 300044 char[]
   48  0.19% 44.09%      1200   25      1200    25 300061 sun.misc.URLClassPath$JarLoader
   49  0.19% 44.27%      1192   26      1192    26 300000 java.io.ExpiringCache$Entry
   50  0.18% 44.45%      1144    6      1144     6 300222 char[]
   51  0.17% 44.63%      1120   12      1120    12 300000 java.util.HashMap
   52  0.17% 44.79%      1072   21      1072    21 300000 java.util.Locale$LocaleKey
   53  0.17% 44.96%      1072   21      1072    21 300000 java.util.Locale
   54  0.16% 45.12%      1040   13      1040    13 300110 java.util.WeakHashMap$Entry[]
   55  0.16% 45.28%      1040   13      1040    13 300113 java.lang.Object[]
   56  0.15% 45.44%       992   11       992    11 300000 java.io.ObjectStreamField
   57  0.15% 45.59%       976    9       976     9 300000 java.util.concurrent.ConcurrentHashMap
   58  0.15% 45.74%       960   30       960    30 300023 java.util.concurrent.locks.ReentrantLock$NonfairSync
   59  0.15% 45.89%       960   12       960    12 300187 java.util.jar.JarFile$JarFileEntry
   60  0.14% 46.03%       928    6       928     6 300000 java.util.HashMap$Entry[]
   61  0.14% 46.18%       928    5       928     5 300235 char[]
   62  0.14% 46.32%       912   11       912    11 300000 java.util.HashMap$Entry
   63  0.14% 46.46%       904    4       904     4 300000 java.lang.Thread
   64  0.13% 46.59%       848    9       848     9 300000 java.lang.OutOfMemoryError
   65  0.13% 46.72%       832   16       832    16 300000 java.lang.Object
   66  0.13% 46.85%       832    4       832     4 300000 java.util.WeakHashMap$Entry[]
   67  0.13% 46.98%       832   13       832    13 300105 java.util.jar.JarFile
   68  0.13% 47.11%       816    8       816     8 300000 java.security.AccessControlContext
   69  0.13% 47.23%       816    8       816     8 300000 java.lang.ref.ReferenceQueue
   70  0.12% 47.36%       800   25       800    25 300062 java.io.File
   71  0.12% 47.48%       792    6       792     6 300000 java.util.WeakHashMap$Entry
   72  0.12% 47.61%       792    6       792     6 300000 java.lang.ref.Finalizer
   73  0.12% 47.73%       784    7       784     7 300000 java.io.File
   74  0.12% 47.85%       784    7       784     7 300000 java.util.Vector
   75  0.12% 47.97%       768   32       768    32 300012 java.lang.String
   76  0.12% 48.09%       768   12       768    12 300185 java.util.zip.ZipEntry
   77  0.12% 48.21%       760    4       760     4 300000 java.util.WeakHashMap
   78  0.12% 48.32%       752   28       752    28 300021 java.util.concurrent.ConcurrentHashMap$HashEntry[]
   79  0.11% 48.44%       736   10       736    10 300000 java.lang.ref.ReferenceQueue$Lock
   80  0.11% 48.55%       736    7       736     7 300000 sun.misc.MetaIndex
   81  0.11% 48.67%       736    4       736     4 300000 java.util.Hashtable
   82  0.11% 48.78%       728   13       728    13 300107 java.util.WeakHashMap
   83  0.11% 48.89%       720    3       720     3 300000 java.io.ExpiringCache$1
   84  0.11% 49.00%       720    6       720     6 300000 java.io.ObjectStreamField[]
   85  0.11% 49.12%       720    9       720     9 300189 byte[]
   86  0.11% 49.23%       712    6       712     6 300000 java.util.ArrayList
   87  0.11% 49.34%       704    3       704     3 300000 java.util.Properties
   88  0.11% 49.45%       704    3       704     3 300000 sun.nio.cs.StreamEncoder
   89  0.11% 49.56%       704    2       704     2 300000 java.lang.ref.Finalizer$FinalizerThread
   90  0.11% 49.66%       696    2       696     2 300000 java.lang.ref.Reference$ReferenceHandler
   91  0.11% 49.77%       688    3       688     3 300000 java.nio.HeapByteBuffer
   92  0.11% 49.88%       688    3       688     3 300000 java.lang.ThreadGroup
   93  0.11% 49.99%       688    3       688     3 300000 java.io.BufferedWriter
   94  0.11% 50.09%       688    4       688     4 300000 java.util.Stack
   95  0.11% 50.20%       688    3       688     3 300000 sun.nio.cs.UTF_8$Encoder
   96  0.11% 50.31%       688    5       688     5 300000 java.io.FileDescriptor
   97  0.10% 50.41%       672    3       672     3 300000 sun.misc.URLClassPath
   98  0.10% 50.52%       672    6       672     6 300000 java.util.concurrent.atomic.AtomicInteger
   99  0.10% 50.62%       672    3       672     3 300000 java.security.ProtectionDomain
  100  0.10% 50.72%       672    2       672     2 300000 sun.misc.Launcher$ExtClassLoader
  101  0.10% 50.83%       672    2       672     2 300000 sun.misc.Launcher$AppClassLoader
  102  0.10% 50.93%       672    6       672     6 300000 java.lang.ThreadLocal
  103  0.10% 51.04%       672    3       672     3 300000 java.io.ExpiringCache
  104  0.10% 51.14%       672   28       672    28 300053 java.lang.StringBuffer
  105  0.10% 51.25%       672   28       672    28 300055 java.lang.String
  106  0.10% 51.35%       672   14       672    14 300137 sun.nio.cs.UTF_8$Encoder
  107  0.10% 51.45%       664    4       664     4 300000 java.util.Collections$SynchronizedSet
  108  0.10% 51.56%       664    4       664     4 300000 sun.misc.Signal
  109  0.10% 51.66%       656    3       656     3 300000 java.lang.Thread[]
  110  0.10% 51.76%       656    3       656     3 300000 java.io.FileInputStream
  111  0.10% 51.86%       656    3       656     3 300000 java.io.OutputStreamWriter
  112  0.10% 51.97%       656    3       656     3 300000 java.lang.ref.ReferenceQueue$Null
  113  0.10% 52.07%       656    3       656     3 300000 java.security.CodeSource
  114  0.10% 52.17%       656    3       656     3 300000 java.io.FileOutputStream
  115  0.10% 52.27%       656    3       656     3 300000 java.lang.VirtualMachineError
  116  0.10% 52.37%       656    3       656     3 300000 java.io.PrintStream
  117  0.10% 52.48%       656    5       656     5 300206 byte[]
  118  0.10% 52.58%       640    3       640     3 300000 java.io.BufferedOutputStream
  119  0.10% 52.68%       640    3       640     3 300000 java.nio.charset.CoderResult
  120  0.10% 52.78%       640    3       640     3 300000 sun.misc.NativeSignalHandler
  121  0.10% 52.88%       640    4       640     4 300000 java.nio.charset.CodingErrorAction
  122  0.10% 52.97%       640    4       640     4 300000 java.lang.Integer
  123  0.10% 53.07%       640    3       640     3 300000 java.io.File$PathStatus
  124  0.10% 53.17%       640    3       640     3 300000 java.lang.RuntimePermission
  125  0.10% 53.27%       640    3       640     3 300000 java.util.concurrent.atomic.AtomicLong
  126  0.10% 53.37%       640    2       640     2 300000 long[]
  127  0.10% 53.47%       632    2       632     2 300000 java.io.BufferedInputStream
  128  0.10% 53.57%       632    3       632     3 300000 java.lang.Class[]
  129  0.10% 53.67%       632    2       632     2 300000 sun.nio.cs.StandardCharsets$Classes
  130  0.10% 53.77%       632    2       632     2 300000 sun.nio.cs.StandardCharsets$Aliases
  131  0.10% 53.86%       632    2       632     2 300000 sun.nio.cs.StandardCharsets$Cache
  132  0.10% 53.96%       624    2       624     2 300000 java.lang.ClassLoader$NativeLibrary
  133  0.10% 54.06%       624    3       624     3 300000 java.lang.Boolean
  134  0.10% 54.16%       624    3       624     3 300000 java.security.Principal[]
  135  0.10% 54.25%       624    3       624     3 300000 java.lang.StackTraceElement[]
  136  0.10% 54.35%       624    3       624     3 300000 java.util.HashSet
  137  0.10% 54.45%       624    2       624     2 300000 java.lang.ThreadGroup[]
  138  0.10% 54.54%       624    2       624     2 300000 sun.nio.cs.StandardCharsets
  139  0.10% 54.64%       624    2       624     2 300000 java.io.UnixFileSystem
  140  0.10% 54.74%       624    2       624     2 300000 java.lang.NullPointerException
  141  0.10% 54.84%       624    2       624     2 300000 java.lang.reflect.WeakCache
  142  0.10% 54.93%       624    2       624     2 300000 java.util.concurrent.atomic.AtomicReferenceFieldUpdater$AtomicReferenceFieldUpdaterImpl
  143  0.10% 55.03%       624    3       624     3 300000 java.security.ProtectionDomain$Key
  144  0.10% 55.13%       624    3       624     3 300000 java.nio.ByteOrder
  145  0.10% 55.22%       624    3       624     3 300000 sun.net.www.protocol.jar.Handler
  146  0.10% 55.32%       624    2       624     2 300000 java.lang.OutOfMemoryError[]
  147  0.10% 55.42%       624    2       624     2 300000 java.lang.ArithmeticException
  148  0.10% 55.52%       624   26       624    26 300033 java.lang.StringBuilder
  149  0.10% 55.61%       624   26       624    26 300035 java.lang.String
  150  0.10% 55.71%       624   26       624    26 300038 sun.misc.URLClassPath$3
  151  0.10% 55.81%       616    2       616     2 300000 sun.nio.cs.UTF_8
  152  0.10% 55.90%       616    2       616     2 300000 java.util.Collections$SetFromMap
  153  0.10% 56.00%       616    2       616     2 300000 java.util.BitSet
  154  0.10% 56.09%       616    2       616     2 300000 java.util.Collections$UnmodifiableRandomAccessList
  155  0.10% 56.19%       616    2       616     2 300000 java.util.Locale$Cache
  156  0.10% 56.28%       616    2       616     2 300000 sun.util.locale.BaseLocale$Cache
  157  0.10% 56.38%       616    2       616     2 300000 java.io.File$PathStatus[]
  158  0.10% 56.48%       616    2       616     2 300000 java.util.Collections$EmptyMap
  159  0.10% 56.57%       616    2       616     2 300000 java.lang.reflect.ReflectPermission
  160  0.10% 56.67%       616    2       616     2 300015 sun.launcher.LauncherHelper[]
  161  0.10% 56.76%       616   11       616    11 300188 char[]
  162  0.10% 56.86%       616   11       616    11 300192 java.util.zip.ZipFile$ZipFileInputStream
  163  0.10% 56.96%       616    2       616     2 300539 java.net.InetAddress$Cache$Type[]
  164  0.10% 57.05%       616    2       616     2 300000 java.security.ProtectionDomain[]
  165  0.09% 57.15%       608    2       608     2 300000 java.lang.Runtime
  166  0.09% 57.24%       608    2       608     2 300000 java.nio.charset.CoderResult$1
  167  0.09% 57.33%       608    2       608     2 300000 java.lang.ref.Reference$Lock
  168  0.09% 57.43%       608    2       608     2 300000 java.lang.System$2
  169  0.09% 57.52%       608    2       608     2 300000 java.util.Hashtable$EntrySet
  170  0.09% 57.62%       608    2       608     2 300000 java.nio.charset.CoderResult$2
  171  0.09% 57.71%       608    2       608     2 300000 java.lang.reflect.ReflectAccess
  172  0.09% 57.81%       608    2       608     2 300000 sun.net.www.protocol.file.Handler
  173  0.09% 57.90%       608    2       608     2 300000 java.security.ProtectionDomain$3
  174  0.09% 58.00%       608    2       608     2 300000 java.security.ProtectionDomain$1
  175  0.09% 58.09%       608    2       608     2 300000 sun.reflect.ReflectionFactory
  176  0.09% 58.19%       608    2       608     2 300000 java.lang.CharacterDataLatin1
  177  0.09% 58.28%       608    2       608     2 300000 java.util.Collections$EmptySet
  178  0.09% 58.38%       608    2       608     2 300000 java.util.Collections$EmptyList
  179  0.09% 58.47%       608    2       608     2 300000 java.lang.Throwable[]
  180  0.09% 58.56%       608    2       608     2 300000 java.lang.reflect.Proxy$ProxyClassFactory
  181  0.09% 58.66%       608    2       608     2 300000 java.io.FileDescriptor$1
  182  0.09% 58.75%       608    2       608     2 300000 java.lang.reflect.Proxy$KeyFactory
  183  0.09% 58.85%       608    2       608     2 300000 java.lang.Terminator$1
  184  0.09% 58.94%       608    2       608     2 300000 java.nio.Bits$1
  185  0.09% 59.04%       608    2       608     2 300000 java.util.concurrent.ThreadLocalRandom$1
  186  0.09% 59.13%       608    2       608     2 300000 sun.misc.Unsafe
  187  0.09% 59.23%       608    2       608     2 300000 sun.misc.Launcher
  188  0.09% 59.32%       608    2       608     2 300000 java.net.URLClassLoader$7
  189  0.09% 59.42%       608    2       608     2 300000 sun.misc.Launcher$Factory
  190  0.09% 59.51%       608    2       608     2 300000 java.security.cert.Certificate[]
  191  0.09% 59.60%       608    2       608     2 300000 java.util.WeakHashMap$KeySet
  192  0.09% 59.70%       608    2       608     2 300000 java.lang.String$CaseInsensitiveComparator
  193  0.09% 59.79%       608    2       608     2 300000 short[]
  194  0.09% 59.89%       608    3       608     3 300225 char[]
  195  0.09% 59.98%       608    2       608     2 300307 java.security.CodeSigner[]
  196  0.09% 60.08%       608   18       608    18 300419 java.util.concurrent.ConcurrentHashMap$HashEntry[]
  197  0.09% 60.17%       600   25       600    25 300043 java.lang.StringBuilder
  198  0.09% 60.26%       600   25       600    25 300057 java.lang.String
  199  0.09% 60.36%       600   25       600    25 300060 java.net.Parts
  200  0.09% 60.45%       592    1       592     1 300000 java.lang.Enum
  201  0.09% 60.54%       592    1       592     1 300000 java.lang.Enum[]
  202  0.09% 60.63%       592    1       592     1 300000 java.io.InputStreamReader
  203  0.09% 60.73%       592    1       592     1 300000 java.lang.Error
  204  0.09% 60.82%       592    1       592     1 300000 java.lang.Error[]
  205  0.09% 60.91%       592    1       592     1 300000 java.lang.Readable
  206  0.09% 61.00%       592    1       592     1 300000 java.lang.reflect.Type
  207  0.09% 61.09%       592    1       592     1 300000 java.lang.reflect.Type[]
  208  0.09% 61.19%       592    1       592     1 300000 java.lang.ref.Reference
  209  0.09% 61.28%       592    1       592     1 300000 java.lang.ref.Reference[]
  210  0.09% 61.37%       592    1       592     1 300000 java.util.AbstractMap
  211  0.09% 61.46%       592    1       592     1 300000 java.lang.StackOverflowError
  212  0.09% 61.56%       592    1       592     1 300000 java.io.Serializable
  213  0.09% 61.65%       592    1       592     1 300000 java.io.Serializable[]
  214  0.09% 61.74%       592    1       592     1 300000 java.util.RandomAccess
  215  0.09% 61.83%       592    1       592     1 300000 java.io.OutputStream
  216  0.09% 61.92%       592    1       592     1 300000 java.util.Set
  217  0.09% 62.02%       592    1       592     1 300000 java.lang.invoke.MethodHandleNatives
  218  0.09% 62.11%       592    1       592     1 300000 java.util.Arrays
  219  0.09% 62.20%       592    1       592     1 300000 sun.reflect.UnsafeStaticFieldAccessorImpl
  220  0.09% 62.29%       592    1       592     1 300000 java.nio.charset.CoderResult$Cache
  221  0.09% 62.38%       592    1       592     1 300000 sun.util.locale.LocaleObjectCache
  222  0.09% 62.48%       592    1       592     1 300000 java.security.Principal
  223  0.09% 62.57%       592    1       592     1 300000 java.util.Objects
  224  0.09% 62.66%       592    1       592     1 300000 sun.reflect.Reflection
  225  0.09% 62.75%       592    1       592     1 300000 sun.security.util.Debug
  226  0.09% 62.84%       592    1       592     1 300000 sun.reflect.generics.repository.GenericDeclRepository
  227  0.09% 62.94%       592    1       592     1 300000 sun.reflect.FieldAccessorImpl
  228  0.09% 63.03%       592    1       592     1 300000 java.nio.Buffer
  229  0.09% 63.12%       592    1       592     1 300000 java.io.Writer
  230  0.09% 63.21%       592    1       592     1 300000 java.lang.SystemClassLoaderAction
  231  0.09% 63.31%       592    1       592     1 300000 java.util.Iterator
  232  0.09% 63.40%       592    1       592     1 300000 java.lang.invoke.ConstantCallSite
  233  0.09% 63.49%       592    1       592     1 300000 java.net.Parts
  234  0.09% 63.58%       592    1       592     1 300000 java.lang.invoke.MethodHandle
  235  0.09% 63.67%       592    1       592     1 300000 sun.reflect.ReflectionFactory$GetReflectionFactoryAction
  236  0.09% 63.77%       592    1       592     1 300000 java.security.PrivilegedAction
  237  0.09% 63.86%       592    1       592     1 300000 java.lang.Math
  238  0.09% 63.95%       592    1       592     1 300000 java.util.AbstractSet
  239  0.09% 64.04%       592    1       592     1 300000 java.lang.ThreadLocal$ThreadLocalMap$Entry
  240  0.09% 64.13%       592    1       592     1 300000 java.lang.ThreadLocal$ThreadLocalMap$Entry[]
  241  0.09% 64.23%       592    1       592     1 300000 java.lang.Number
  242  0.09% 64.32%       592    1       592     1 300000 sun.nio.cs.StreamDecoder
  243  0.09% 64.41%       592    1       592     1 300000 java.lang.RuntimeException
  244  0.09% 64.50%       592    1       592     1 300000 java.util.Hashtable$Holder
  245  0.09% 64.59%       592    1       592     1 300000 java.util.Map
  246  0.09% 64.69%       592    1       592     1 300000 sun.misc.JavaLangAccess
  247  0.09% 64.78%       592    1       592     1 300000 java.util.WeakHashMap$Holder
  248  0.09% 64.87%       592    1       592     1 300000 java.lang.reflect.Array
  249  0.09% 64.96%       592    1       592     1 300000 java.net.URL$1
  250  0.09% 65.06%       592    1       592     1 300000 java.lang.System
  251  0.09% 65.15%       592    1       592     1 300000 java.security.Permission
  252  0.09% 65.24%       592    1       592     1 300000 java.lang.reflect.InvocationHandler
  253  0.09% 65.33%       592    1       592     1 300000 java.lang.Character
  254  0.09% 65.42%       592    1       592     1 300000 java.util.Comparator
  255  0.09% 65.52%       592    1       592     1 300000 java.lang.invoke.MethodType
  256  0.09% 65.61%       592    1       592     1 300000 java.lang.reflect.Modifier
  257  0.09% 65.70%       592    1       592     1 300000 java.lang.StackTraceElement
  258  0.09% 65.79%       592    1       592     1 300000 java.util.List
  259  0.09% 65.88%       592    1       592     1 300000 sun.security.action.GetPropertyAction
  260  0.09% 65.98%       592    1       592     1 300000 java.lang.IllegalArgumentException
  261  0.09% 66.07%       592    1       592     1 300000 java.lang.IncompatibleClassChangeError
  262  0.09% 66.16%       592    1       592     1 300000 sun.reflect.ConstructorAccessor
  263  0.09% 66.25%       592    1       592     1 300000 java.io.FileSystem
  264  0.09% 66.34%       592    1       592     1 300000 java.util.HashMap$EntrySet
  265  0.09% 66.44%       592    1       592     1 300000 sun.reflect.generics.repository.AbstractRepository
  266  0.09% 66.53%       592    1       592     1 300000 java.util.concurrent.locks.ReentrantLock
  267  0.09% 66.62%       592    1       592     1 300000 java.util.concurrent.locks.ReentrantLock[]
  268  0.09% 66.71%       592    1       592     1 300000 java.lang.CharSequence
  269  0.09% 66.81%       592    1       592     1 300000 java.lang.CharSequence[]
  270  0.09% 66.90%       592    1       592     1 300000 java.util.Dictionary
  271  0.09% 66.99%       592    1       592     1 300000 java.lang.Class$3
  272  0.09% 67.08%       592    1       592     1 300000 java.lang.invoke.MutableCallSite
  273  0.09% 67.17%       592    1       592     1 300000 java.lang.Class$1
  274  0.09% 67.27%       592    1       592     1 300000 java.lang.ClassLoader$ParallelLoaders
  275  0.09% 67.36%       592    1       592     1 300000 java.security.BasicPermission
  276  0.09% 67.45%       592    1       592     1 300000 java.nio.charset.CharsetEncoder
  277  0.09% 67.54%       592    1       592     1 300000 java.lang.invoke.MemberName
  278  0.09% 67.63%       592    1       592     1 300000 java.lang.reflect.Field
  279  0.09% 67.73%       592    1       592     1 300000 java.lang.reflect.Field[]
  280  0.09% 67.82%       592    1       592     1 300000 java.lang.Compiler
  281  0.09% 67.91%       592    1       592     1 300000 java.lang.StringBuffer
  282  0.09% 68.00%       592    1       592     1 300000 java.util.AbstractCollection
  283  0.09% 68.09%       592    1       592     1 300000 java.util.Enumeration
  284  0.09% 68.19%       592    1       592     1 300000 java.io.BufferedReader
  285  0.09% 68.28%       592    1       592     1 300000 java.lang.Byte
  286  0.09% 68.37%       592    1       592     1 300000 java.util.Collections$UnmodifiableList
  287  0.09% 68.46%       592    1       592     1 300000 java.lang.ref.FinalReference
  288  0.09% 68.56%       592    1       592     1 300000 sun.misc.IoTrace
  289  0.09% 68.65%       592    1       592     1 300000 sun.net.www.ParseUtil
  290  0.09% 68.74%       592    1       592     1 300000 java.lang.ClassNotFoundException
  291  0.09% 68.83%       592    1       592     1 300000 java.lang.StringCoding
  292  0.09% 68.92%       592    1       592     1 300000 sun.nio.cs.ArrayDecoder
  293  0.09% 69.02%       592    1       592     1 300000 java.lang.reflect.AnnotatedElement
  294  0.09% 69.11%       592    1       592     1 300000 java.lang.reflect.AnnotatedElement[]
  295  0.09% 69.20%       592    1       592     1 300000 java.net.URLStreamHandlerFactory
  296  0.09% 69.29%       592    1       592     1 300000 java.util.concurrent.ConcurrentMap
  297  0.09% 69.38%       592    1       592     1 300000 java.nio.Bits
  298  0.09% 69.48%       592    1       592     1 300000 java.lang.ClassLoader
  299  0.09% 69.57%       592    1       592     1 300000 sun.reflect.MagicAccessorImpl
  300  0.09% 69.66%       592    1       592     1 300000 java.nio.CharBuffer
  301  0.09% 69.75%       592    1       592     1 300000 java.security.AccessController
  302  0.09% 69.84%       592    1       592     1 300000 java.lang.Runnable
  303  0.09% 69.94%       592    1       592     1 300000 java.lang.Runnable[]
  304  0.09% 70.03%       592    1       592     1 300000 java.nio.HeapCharBuffer
  305  0.09% 70.12%       592    1       592     1 300000 sun.reflect.annotation.AnnotationType
  306  0.09% 70.21%       592    1       592     1 300000 java.util.HashMap$Holder
  307  0.09% 70.31%       592    1       592     1 300000 java.lang.invoke.CallSite
  308  0.09% 70.40%       592    1       592     1 300000 java.io.Flushable
  309  0.09% 70.49%       592    1       592     1 300000 java.lang.Comparable
  310  0.09% 70.58%       592    1       592     1 300000 java.lang.Comparable[]
  311  0.09% 70.67%       592    1       592     1 300000 java.lang.ref.PhantomReference
  312  0.09% 70.77%       592    1       592     1 300000 sun.misc.SharedSecrets
  313  0.09% 70.86%       592    1       592     1 300000 sun.misc.PostVMInitHook
  314  0.09% 70.95%       592    1       592     1 300000 java.lang.ArrayStoreException
  315  0.09% 71.04%       592    1       592     1 300000 java.lang.BootstrapMethodError
  316  0.09% 71.13%       592    1       592     1 300000 java.lang.Short
  317  0.09% 71.23%       592    1       592     1 300000 java.lang.Long
  318  0.09% 71.32%       592    1       592     1 300000 java.lang.AutoCloseable
  319  0.09% 71.41%       592    1       592     1 300000 sun.reflect.ConstructorAccessorImpl
  320  0.09% 71.50%       592    1       592     1 300000 sun.nio.cs.Unicode
  321  0.09% 71.59%       592    1       592     1 300000 java.lang.Appendable
  322  0.09% 71.69%       592    1       592     1 300000 java.lang.ThreadLocal$ThreadLocalMap
  323  0.09% 71.78%       592    1       592     1 300000 java.io.FileReader
  324  0.09% 71.87%       592    1       592     1 300000 java.lang.Compiler$1
  325  0.09% 71.96%       592    1       592     1 300000 java.lang.NoSuchMethodError
  326  0.09% 72.06%       592    1       592     1 300000 sun.reflect.FieldAccessor
  327  0.09% 72.15%       592    1       592     1 300000 java.net.URL[]
  328  0.09% 72.24%       592    1       592     1 300000 sun.misc.Version
  329  0.09% 72.33%       592    1       592     1 300000 java.lang.Iterable
  330  0.09% 72.42%       592    1       592     1 300000 sun.reflect.LangReflectAccess
  331  0.09% 72.52%       592    1       592     1 300000 java.util.Collections
  332  0.09% 72.61%       592    1       592     1 300000 java.lang.IllegalMonitorStateException
  333  0.09% 72.70%       592    1       592     1 300000 java.lang.Class$Atomic
  334  0.09% 72.79%       592    1       592     1 300000 sun.misc.JavaSecurityAccess
  335  0.09% 72.88%       592    1       592     1 300000 java.util.concurrent.ConcurrentHashMap$Holder
  336  0.09% 72.98%       592    1       592     1 300000 java.nio.charset.Charset
  337  0.09% 73.07%       592    1       592     1 300000 java.util.concurrent.ThreadLocalRandom
  338  0.09% 73.16%       592    1       592     1 300000 sun.reflect.NativeConstructorAccessorImpl
  339  0.09% 73.25%       592    1       592     1 300000 java.io.File[]
  340  0.09% 73.34%       592    1       592     1 300000 java.security.PrivilegedExceptionAction
  341  0.09% 73.44%       592    1       592     1 300000 java.io.FilterOutputStream
  342  0.09% 73.53%       592    1       592     1 300000 java.lang.StringCoding$StringEncoder
  343  0.09% 73.62%       592    1       592     1 300000 java.lang.invoke.LambdaForm
  344  0.09% 73.71%       592    1       592     1 300000 sun.misc.OSEnvironment
  345  0.09% 73.81%       592    1       592     1 300000 java.lang.Terminator
  346  0.09% 73.90%       592    1       592     1 300000 sun.misc.JavaSecurityProtectionDomainAccess
  347  0.09% 73.99%       592    1       592     1 300000 java.util.AbstractList
  348  0.09% 74.08%       592    1       592     1 300000 java.lang.Exception
  349  0.09% 74.17%       592    1       592     1 300000 java.util.concurrent.atomic.AtomicReferenceFieldUpdater
  350  0.09% 74.27%       592    1       592     1 300000 java.security.Guard
  351  0.09% 74.36%       592    1       592     1 300000 java.lang.reflect.AccessibleObject
  352  0.09% 74.45%       592    1       592     1 300000 java.lang.reflect.AccessibleObject[]
  353  0.09% 74.54%       592    1       592     1 300000 java.lang.Throwable
  354  0.09% 74.63%       592    1       592     1 300000 java.nio.ByteBuffer
  355  0.09% 74.73%       592    1       592     1 300000 sun.misc.JavaIOFileDescriptorAccess
  356  0.09% 74.82%       592    1       592     1 300000 sun.reflect.MethodAccessorImpl
  357  0.09% 74.91%       592    1       592     1 300000 java.util.concurrent.locks.AbstractOwnableSynchronizer
  358  0.09% 75.00%       592    1       592     1 300000 java.io.FilterInputStream
  359  0.09% 75.09%       592    1       592     1 300000 java.lang.reflect.Constructor
  360  0.09% 75.19%       592    1       592     1 300000 java.lang.reflect.Constructor[]
  361  0.09% 75.28%       592    1       592     1 300000 java.util.Collection
  362  0.09% 75.37%       592    1       592     1 300000 java.net.URLClassLoader
  363  0.09% 75.46%       592    1       592     1 300000 sun.reflect.misc.ReflectUtil
  364  0.09% 75.56%       592    1       592     1 300000 java.io.Closeable
  365  0.09% 75.65%       592    1       592     1 300000 java.util.Hashtable$Enumerator
  366  0.09% 75.74%       592    1       592     1 300000 sun.misc.Launcher$ExtClassLoader$1
  367  0.09% 75.83%       592    1       592     1 300000 sun.misc.Launcher$AppClassLoader$1
  368  0.09% 75.92%       592    1       592     1 300000 java.net.URLStreamHandler
  369  0.09% 76.02%       592    1       592     1 300000 com.sun.demo.jvmti.hprof.Tracker
  370  0.09% 76.11%       592    1       592     1 300000 java.util.HashMap$HashIterator
  371  0.09% 76.20%       592    1       592     1 300000 java.util.concurrent.locks.AbstractQueuedSynchronizer$Node
  372  0.09% 76.29%       592    1       592     1 300000 sun.misc.Cleaner
  373  0.09% 76.38%       592    1       592     1 300000 sun.misc.JavaNioAccess
  374  0.09% 76.48%       592    1       592     1 300000 java.lang.Cloneable
  375  0.09% 76.57%       592    1       592     1 300000 java.lang.VirtualMachineError[]
  376  0.09% 76.66%       592    1       592     1 300000 sun.misc.SignalHandler
  377  0.09% 76.75%       592    1       592     1 300000 sun.util.locale.LocaleUtils
  378  0.09% 76.84%       592    1       592     1 300000 java.io.Reader
  379  0.09% 76.94%       592    1       592     1 300000 java.util.Random
  380  0.09% 77.03%       592    1       592     1 300000 sun.util.PreHashedMap
  381  0.09% 77.12%       592    1       592     1 300000 java.lang.Class$ReflectionData
  382  0.09% 77.21%       592    1       592     1 300000 sun.reflect.ReflectionFactory$1
  383  0.09% 77.31%       592    1       592     1 300000 java.util.Map$Entry
  384  0.09% 77.40%       592    1       592     1 300000 java.util.Map$Entry[]
  385  0.09% 77.49%       592    1       592     1 300000 java.lang.reflect.WeakCache$BiFunction
  386  0.09% 77.58%       592    1       592     1 300000 java.util.HashMap$EntryIterator
  387  0.09% 77.67%       592    1       592     1 300000 java.lang.CharacterData
  388  0.09% 77.77%       592    1       592     1 300000 sun.reflect.DelegatingConstructorAccessorImpl
  389  0.09% 77.86%       592    1       592     1 300000 sun.misc.VM
  390  0.09% 77.95%       592    1       592     1 300000 java.nio.charset.CharsetDecoder
  391  0.09% 78.04%       592    1       592     1 300000 sun.nio.cs.UTF_8$Decoder
  392  0.09% 78.13%       592    1       592     1 300000 java.util.Collections$SynchronizedCollection
  393  0.09% 78.23%       592    1       592     1 300000 java.lang.ref.WeakReference
  394  0.09% 78.32%       592    1       592     1 300000 java.lang.ref.WeakReference[]
  395  0.09% 78.41%       592    1       592     1 300000 sun.misc.Hashing
  396  0.09% 78.50%       592    1       592     1 300000 java.security.SecureClassLoader
  397  0.09% 78.59%       592    1       592     1 300000 java.io.InputStream
  398  0.09% 78.69%       592    1       592     1 300000 sun.reflect.DelegatingClassLoader
  399  0.09% 78.78%       592    1       592     1 300000 java.lang.LinkageError
  400  0.09% 78.87%       592    1       592     1 300000 java.lang.reflect.Method
  401  0.09% 78.96%       592    1       592     1 300000 sun.reflect.ConstantPool
  402  0.09% 79.06%       592    1       592     1 300000 sun.reflect.generics.repository.ClassRepository
  403  0.09% 79.15%       592    1       592     1 300000 java.lang.reflect.Proxy
  404  0.09% 79.24%       592    1       592     1 300000 java.lang.NoClassDefFoundError
  405  0.09% 79.33%       592    1       592     1 300000 java.lang.ClassValue$ClassValueMap
  406  0.09% 79.42%       592    1       592     1 300000 sun.reflect.MethodAccessor
  407  0.09% 79.52%       592    1       592     1 300000 java.util.Collections$UnmodifiableCollection
  408  0.09% 79.61%       592    1       592     1 300000 java.lang.AbstractStringBuilder
  409  0.09% 79.70%       592    1       592     1 300000 java.lang.invoke.VolatileCallSite
  410  0.09% 79.79%       592    1       592     1 300000 java.lang.reflect.GenericDeclaration
  411  0.09% 79.88%       592    1       592     1 300000 java.lang.reflect.GenericDeclaration[]
  412  0.09% 79.98%       592    1       592     1 300000 java.nio.charset.spi.CharsetProvider
  413  0.09% 80.07%       592    1       592     1 300000 java.lang.ClassLoader$3
  414  0.09% 80.16%       592    1       592     1 300000 sun.nio.cs.ArrayEncoder
  415  0.09% 80.25%       592    1       592     1 300000 java.lang.ReflectiveOperationException
  416  0.09% 80.34%       592    1       592     1 300000 java.security.cert.Certificate
  417  0.09% 80.44%       592    1       592     1 300000 java.lang.ThreadDeath
  418  0.09% 80.53%       592    1       592     1 300000 java.util.LinkedHashMap
  419  0.09% 80.62%       592    1       592     1 300000 sun.misc.JavaNetAccess
  420  0.09% 80.71%       592    1       592     1 300000 java.lang.ClassCastException
  421  0.09% 80.81%       592    1       592     1 300000 sun.nio.cs.HistoricallyNamedCharset
  422  0.09% 80.90%       592    1       592     1 300000 java.lang.Thread$UncaughtExceptionHandler
  423  0.09% 80.99%       592    1       592     1 300000 java.lang.Thread$UncaughtExceptionHandler[]
  424  0.09% 81.08%       592    1       592     1 300000 java.util.StringTokenizer
  425  0.09% 81.17%       592    1       592     1 300000 java.util.concurrent.locks.AbstractQueuedSynchronizer
  426  0.09% 81.27%       592    1       592     1 300000 java.lang.Double
  427  0.09% 81.36%       592    1       592     1 300000 java.lang.reflect.Member
  428  0.09% 81.45%       592    1       592     1 300000 java.lang.reflect.Member[]
  429  0.09% 81.54%       592    1       592     1 300000 java.lang.StringBuilder
  430  0.09% 81.63%       592    1       592     1 300000 java.util.concurrent.locks.Lock
  431  0.09% 81.73%       592    1       592     1 300000 java.util.concurrent.locks.Lock[]
  432  0.09% 81.82%       592    1       592     1 300000 java.util.concurrent.locks.ReentrantLock$Sync
  433  0.09% 81.91%       592    1       592     1 300000 java.lang.Class$SecurityManagerHelper
  434  0.09% 82.00%       592    1       592     1 300000 sun.nio.cs.FastCharsetProvider
  435  0.09% 82.09%       592    1       592     1 300000 java.lang.invoke.DirectMethodHandle
  436  0.09% 82.19%       592    1       592     1 300000 sun.reflect.UnsafeFieldAccessorImpl
  437  0.09% 82.28%       592    1       592     1 300000 java.lang.StringCoding$StringDecoder
  438  0.09% 82.37%       592    1       592     1 300000 java.lang.Float
  439  0.09% 82.46%       592    1       592     1 300000 boolean[]
  440  0.09% 82.56%       592    1       592     1 300000 float[]
  441  0.09% 82.65%       592    1       592     1 300000 double[]
  442  0.09% 82.74%       592    1       592     1 300000 sun.launcher.LauncherHelper
  443  0.09% 82.83%       592    1       592     1 300026 java.net.URLClassLoader$1
  444  0.09% 82.92%       592    1       592     1 300032 sun.net.util.URLUtil
  445  0.09% 83.02%       592    1       592     1 300037 sun.misc.URLClassPath$3
  446  0.09% 83.11%       592    1       592     1 300039 sun.misc.URLClassPath$Loader
  447  0.09% 83.20%       592    1       592     1 300039 sun.misc.URLClassPath$JarLoader
  448  0.09% 83.29%       592    1       592     1 300040 java.util.zip.ZipConstants
  449  0.09% 83.38%       592    1       592     1 300040 java.util.zip.ZipFile
  450  0.09% 83.48%       592    1       592     1 300041 sun.misc.JavaUtilZipFileAccess
  451  0.09% 83.57%       592    1       592     1 300041 java.util.zip.ZipFile$2
  452  0.09% 83.66%       592    1       592     1 300067 java.security.PrivilegedActionException
  453  0.09% 83.75%       592    1       592     1 300070 sun.misc.URLClassPath$JarLoader$1
  454  0.09% 83.84%       592    1       592     1 300072 sun.misc.FileURLMapper
  455  0.09% 83.94%       592    1       592     1 300075 java.util.jar.JarFile
  456  0.09% 84.03%       592    1       592     1 300076 sun.misc.JavaUtilJarAccess
  457  0.09% 84.12%       592    1       592     1 300076 java.util.jar.JavaUtilJarAccessImpl
  458  0.09% 84.21%       592    1       592     1 300082 java.nio.charset.StandardCharsets
  459  0.09% 84.30%       592    1       592     1 300086 sun.nio.cs.US_ASCII
  460  0.09% 84.40%       592    1       592     1 300093 sun.nio.cs.ISO_8859_1
  461  0.09% 84.49%       592    1       592     1 300093 sun.nio.cs.UTF_16BE
  462  0.09% 84.58%       592    1       592     1 300093 sun.nio.cs.UTF_16LE
  463  0.09% 84.67%       592    1       592     1 300093 sun.nio.cs.UTF_16
  464  0.09% 84.77%       592    1       592     1 300111 java.util.Queue
  465  0.09% 84.86%       592    1       592     1 300111 java.util.Deque
  466  0.09% 84.95%       592    1       592     1 300111 java.util.ArrayDeque
  467  0.09% 85.04%       592    1       592     1 300114 java.util.zip.ZipCoder
  468  0.09% 85.13%       592    1       592     1 300118 sun.misc.PerfCounter
  469  0.09% 85.23%       592    1       592     1 300119 sun.misc.Perf$GetPerfAction
  470  0.09% 85.32%       592    1       592     1 300121 sun.misc.Perf
  471  0.09% 85.41%       592    1       592     1 300123 sun.misc.PerfCounter$CoreCounters
  472  0.09% 85.50%       592    1       592     1 300125 sun.nio.ch.DirectBuffer
  473  0.09% 85.59%       592    1       592     1 300125 java.nio.MappedByteBuffer
  474  0.09% 85.69%       592    1       592     1 300125 java.nio.DirectByteBuffer
  475  0.09% 85.78%       592    1       592     1 300128 java.nio.LongBuffer
  476  0.09% 85.87%       592    1       592     1 300128 java.nio.DirectLongBufferU
  477  0.09% 85.96%       592    1       592     1 300135 sun.misc.JarIndex
  478  0.09% 86.05%       592    1       592     1 300141 sun.misc.ExtensionDependency
  479  0.09% 86.15%       592    1       592     1 300184 java.util.zip.ZipEntry
  480  0.09% 86.24%       592    1       592     1 300186 java.util.jar.JarEntry
  481  0.09% 86.33%       592    1       592     1 300186 java.util.jar.JarFile$JarFileEntry
  482  0.09% 86.42%       592    1       592     1 300191 java.util.zip.ZipFile$ZipFileInputStream
  483  0.09% 86.52%       592    1       592     1 300194 sun.misc.IOUtils
  484  0.09% 86.61%       592    1       592     1 300197 java.util.zip.Inflater
  485  0.09% 86.70%       592    1       592     1 300200 java.util.zip.ZStreamRef
  486  0.09% 86.79%       592    1       592     1 300202 java.util.zip.InflaterInputStream
  487  0.09% 86.88%       592    1       592     1 300202 java.util.zip.ZipFile$ZipFileInflaterInputStream
  488  0.09% 86.98%       592    1       592     1 300208 sun.misc.URLClassPath$FileLoader
  489  0.09% 87.07%       592    1       592     1 300256 sun.misc.Resource
  490  0.09% 87.16%       592    1       592     1 300256 sun.misc.URLClassPath$JarLoader$2
  491  0.09% 87.25%       592    1       592     1 300263 java.util.jar.Manifest
  492  0.09% 87.34%       592    1       592     1 300264 java.io.ByteArrayInputStream
  493  0.09% 87.44%       592    1       592     1 300267 java.util.jar.Attributes
  494  0.09% 87.53%       592    1       592     1 300271 java.util.jar.Manifest$FastInputStream
  495  0.09% 87.62%       592    1       592     1 300279 java.util.jar.Attributes$Name
  496  0.09% 87.71%       592    1       592     1 300299 sun.misc.ASCIICaseInsensitiveComparator
  497  0.09% 87.80%       592    1       592     1 300301 java.util.jar.JarVerifier
  498  0.09% 87.90%       592    1       592     1 300306 java.security.CodeSigner
  499  0.09% 87.99%       592    1       592     1 300308 java.util.jar.JarVerifier$3
  500  0.09% 88.08%       592    1       592     1 300317 java.io.ByteArrayOutputStream
  501  0.09% 88.17%       592    1       592     1 300322 java.lang.Package
  502  0.09% 88.27%       592    1       592     1 300336 sun.security.util.SignatureFileVerifier
  503  0.09% 88.36%       592    1       592     1 300341 sun.security.util.ManifestEntryVerifier
  504  0.09% 88.45%       592    1       592     1 300347 sun.misc.CharacterDecoder
  505  0.09% 88.54%       592    1       592     1 300347 sun.misc.BASE64Decoder
  506  0.09% 88.63%       592    1       592     1 300359 sun.nio.ByteBuffered
  507  0.09% 88.73%       592    1       592     1 300363 java.security.PermissionCollection
  508  0.09% 88.82%       592    1       592     1 300363 java.security.Permissions
  509  0.09% 88.91%       592    1       592     1 300376 java.net.URLConnection
  510  0.09% 89.00%       592    1       592     1 300376 sun.net.www.URLConnection
  511  0.09% 89.09%       592    1       592     1 300376 sun.net.www.protocol.file.FileURLConnection
  512  0.09% 89.19%       592    1       592     1 300381 sun.net.www.MessageHeader
  513  0.09% 89.28%       592    1       592     1 300385 java.io.FilePermission
  514  0.09% 89.37%       592    1       592     1 300387 java.io.FilePermission$1
  515  0.09% 89.46%       592    1       592     1 300390 java.io.FilePermissionCollection
  516  0.09% 89.55%       592    1       592     1 300396 java.security.AllPermission
  517  0.09% 89.65%       592    1       592     1 300397 java.security.UnresolvedPermission
  518  0.09% 89.74%       592    1       592     1 300399 java.security.BasicPermissionCollection
  519  0.09% 89.83%       592    1       592     1 300416 com.intellij.rt.execution.application.AppMain
  520  0.09% 89.92%       592    1       592     1 300420 java.lang.reflect.InvocationTargetException
  521  0.09% 90.02%       592    1       592     1 300420 java.lang.NoSuchMethodException
  522  0.09% 90.11%       592    1       592     1 300420 java.lang.SecurityException
  523  0.09% 90.20%       592    1       592     1 300420 java.lang.UnsatisfiedLinkError
  524  0.09% 90.29%       592    1       592     1 300422 java.lang.Void
  525  0.09% 90.38%       592    1       592     1 300445 java.lang.Integer$IntegerCache
  526  0.09% 90.48%       592    1       592     1 300416 com.intellij.rt.execution.application.AppMain$1
  527  0.09% 90.57%       592    1       592     1 300420 java.io.IOException
  528  0.09% 90.66%       592    1       592     1 300420 java.net.ServerSocket
  529  0.09% 90.75%       592    1       592     1 300464 java.net.SocksConsts
  530  0.09% 90.84%       592    1       592     1 300464 java.net.SocketOptions
  531  0.09% 90.94%       592    1       592     1 300464 java.net.SocketImpl
  532  0.09% 91.03%       592    1       592     1 300464 java.net.AbstractPlainSocketImpl
  533  0.09% 91.12%       592    1       592     1 300464 java.net.PlainSocketImpl
  534  0.09% 91.21%       592    1       592     1 300464 java.net.SocksSocketImpl
  535  0.09% 91.30%       592    1       592     1 300465 sun.security.action.LoadLibraryAction
  536  0.09% 91.40%       592    1       592     1 300493 java.net.SocketAddress
  537  0.09% 91.49%       592    1       592     1 300493 java.net.InetSocketAddress
  538  0.09% 91.58%       592    1       592     1 300494 sun.misc.URLClassPath$FileLoader$1
  539  0.09% 91.67%       592    1       592     1 300416 buhu
  540  0.09% 91.77%       592    1       592     1 300515 java.net.InetAddress
  541  0.09% 91.86%       592    1       592     1 300517 java.lang.IllegalAccessException
  542  0.09% 91.95%       592    1       592     1 300517 java.lang.annotation.Annotation
  543  0.09% 92.04%       592    1       592     1 300517 java.lang.reflect.TypeVariable
  544  0.09% 92.13%       592    1       592     1 300521 java.net.InetSocketAddress$InetSocketAddressHolder
  545  0.09% 92.23%       592    1       592     1 300522 sun.reflect.NativeMethodAccessorImpl
  546  0.09% 92.32%       592    1       592     1 300526 sun.reflect.DelegatingMethodAccessorImpl
  547  0.09% 92.41%       592    1       592     1 300529 sun.security.action.GetBooleanAction
  548  0.09% 92.50%       592    1       592     1 300533 java.net.InetAddress$InetAddressHolder
  549  0.09% 92.59%       592    1       592     1 300534 java.net.InetAddress$Cache
  550  0.09% 92.69%       592    1       592     1 300000 java.lang.Shutdown
  551  0.09% 92.78%       592    1       592     1 300535 java.net.InetAddress$Cache$Type
  552  0.09% 92.87%       592    1       592     1 300540 java.lang.Shutdown$Lock
  553  0.09% 92.96%       592    1       592     1 300000 java.lang.Number[]
  554  0.09% 93.05%       592    1       592     1 300000 java.lang.annotation.Annotation[]
  555  0.09% 93.15%       592    1       592     1 300000 java.lang.annotation.Annotation[][]
  556  0.09% 93.24%       592    1       592     1 300000 java.lang.reflect.TypeVariable[]
  557  0.09% 93.33%       592    1       592     1 300000 java.lang.Cloneable[]
  558  0.09% 93.42%       592    1       592     1 300000 java.lang.Object[][]
  559  0.09% 93.52%       592    1       592     1 300000 java.lang.reflect.Method[]
  560  0.09% 93.60%       576    6       576     6 300030 char[]
  561  0.09% 93.69%       576   12       576    12 300048 char[]
  562  0.09% 93.78%       568   12       568    12 300050 char[]
  563  0.08% 93.87%       528    1       528     1 300079 int[]
  564  0.08% 93.95%       528    1       528     1 300274 byte[]
  565  0.08% 94.03%       520   13       520    13 300193 java.util.WeakHashMap$Entry
  566  0.08% 94.11%       520    2       520     2 300236 char[]
  567  0.08% 94.19%       504    2       504     2 300246 char[]
  568  0.08% 94.27%       504    2       504     2 300255 char[]
  569  0.07% 94.34%       456    3       456     3 300212 char[]
  570  0.07% 94.41%       456    3       456     3 300214 char[]
  571  0.07% 94.48%       456    3       456     3 300216 char[]
  572  0.07% 94.55%       456    3       456     3 300224 char[]
  573  0.07% 94.62%       448   28       448    28 300020 java.lang.Object
  574  0.07% 94.69%       448   28       448    28 300025 java.lang.Object
  575  0.07% 94.76%       448    4       448     4 300028 char[]
  576  0.07% 94.83%       448    7       448     7 300371 char[]
  577  0.07% 94.90%       440   11       440    11 300190 byte[]
  578  0.07% 94.96%       432    4       432     4 300019 char[]
  579  0.07% 95.03%       432    2       432     2 300439 byte[]
  580  0.06% 95.10%       416    4       416     4 300001 java.lang.Thread
  581  0.06% 95.16%       416   13       416    13 300074 java.io.File
  582  0.06% 95.23%       416   13       416    13 300081 java.io.File
  583  0.06% 95.29%       416   13       416    13 300108 java.lang.ref.ReferenceQueue
  584  0.06% 95.35%       416   13       416    13 300115 java.util.zip.ZipCoder
  585  0.06% 95.42%       408    6       408     6 300063 java.lang.Object[]
  586  0.06% 95.48%       400    7       400     7 300368 char[]
  587  0.06% 95.54%       384    6       384     6 300127 java.nio.DirectByteBuffer
  588  0.06% 95.60%       376    2       376     2 300444 byte[]
  589  0.06% 95.65%       360    9       360     9 300096 java.lang.ref.SoftReference
  590  0.05% 95.71%       336    6       336     6 300129 java.nio.DirectLongBufferU
  591  0.05% 95.76%       336   14       336    14 300136 byte[]
  592  0.05% 95.81%       336    7       336     7 300367 char[]
  593  0.05% 95.86%       312   13       312    13 300073 sun.misc.FileURLMapper
  594  0.05% 95.91%       312   13       312    13 300112 java.util.ArrayDeque
  595  0.04% 95.95%       288   12       288    12 300047 java.lang.StringBuilder
  596  0.04% 96.00%       288   12       288    12 300049 java.lang.String
  597  0.04% 96.04%       288    4       288     4 300097 java.lang.reflect.Constructor
  598  0.04% 96.09%       288    6       288     6 300220 char[]
  599  0.04% 96.13%       288    3       288     3 300226 char[]
  600  0.04% 96.18%       288    3       288     3 300228 char[]
  601  0.04% 96.22%       288    2       288     2 300248 char[]
  602  0.04% 96.27%       280    5       280     5 300203 java.util.zip.ZipFile$ZipFileInflaterInputStream
  603  0.04% 96.31%       272    1       272     1 300349 byte[]
  604  0.04% 96.35%       272    1       272     1 300510 java.util.HashMap$Entry[]
  605  0.04% 96.39%       248    2       248     2 300237 char[]
  606  0.04% 96.43%       248    2       248     2 300239 char[]
  607  0.04% 96.47%       248    2       248     2 300250 char[]
  608  0.04% 96.51%       248    1       248     1 300502 byte[]
  609  0.04% 96.54%       248    1       248     1 300503 byte[]
  610  0.04% 96.58%       240    5       240     5 300199 java.util.zip.Inflater
  611  0.04% 96.62%       240    3       240     3 300421 java.lang.reflect.Method
  612  0.04% 96.65%       232    7       232     7 300083 char[]
  613  0.04% 96.69%       232    7       232     7 300085 char[]
  614  0.04% 96.73%       232    4       232     4 300092 char[]
  615  0.03% 96.76%       208    4       208     4 300003 char[]
  616  0.03% 96.79%       208   13       208    13 300071 sun.misc.URLClassPath$JarLoader$1
  617  0.03% 96.82%       208   13       208    13 300109 java.lang.ref.ReferenceQueue$Lock
  618  0.03% 96.86%       208    2       208     2 300380 sun.net.www.protocol.file.FileURLConnection
  619  0.03% 96.89%       208    2       208     2 300438 char[]
  620  0.03% 96.92%       192    4       192     4 300090 char[]
  621  0.03% 96.95%       192    4       192     4 300095 java.lang.Class$ReflectionData
  622  0.03% 96.98%       192    3       192     3 300218 java.net.URL
  623  0.03% 97.01%       192    3       192     3 300229 java.net.URL
  624  0.03% 97.04%       192    2       192     2 300259 char[]
  625  0.03% 97.07%       192    2       192     2 300326 char[]
  626  0.03% 97.10%       192    2       192     2 300328 char[]
  627  0.03% 97.13%       192    2       192     2 300412 char[]
  628  0.03% 97.16%       192    4       192     4 300418 java.lang.Class$ReflectionData
  629  0.03% 97.18%       176    1       176     1 300356 byte[]
  630  0.03% 97.21%       176    1       176     1 300454 byte[]
  631  0.03% 97.24%       168    7       168     7 300084 java.lang.String
  632  0.03% 97.26%       168    7       168     7 300366 java.lang.StringBuilder
  633  0.03% 97.29%       168    7       168     7 300369 java.lang.String
  634  0.03% 97.32%       168    7       168     7 300370 java.lang.String
  635  0.02% 97.34%       160    1       160     1 300008 char[]
  636  0.02% 97.37%       160    2       160     2 300064 java.util.HashMap$Entry[]
  637  0.02% 97.39%       160    3       160     3 300278 char[]
  638  0.02% 97.42%       160    2       160     2 300395 java.util.HashMap$Entry[]
  639  0.02% 97.44%       160    2       160     2 300406 java.util.HashMap$Entry[]
  640  0.02% 97.46%       152    1       152     1 300507 char[]
  641  0.02% 97.49%       152    1       152     1 300512 char[]
  642  0.02% 97.51%       144    6       144     6 300031 java.lang.String
  643  0.02% 97.53%       144    6       144     6 300088 java.lang.Object[]
  644  0.02% 97.56%       144    9       144     9 300195 byte[]
  645  0.02% 97.58%       144    1       144     1 300207 java.util.HashMap$Entry[]
  646  0.02% 97.60%       144    6       144     6 300219 java.lang.StringBuilder
  647  0.02% 97.62%       144    6       144     6 300221 java.lang.String
  648  0.02% 97.65%       144    3       144     3 300232 char[]
  649  0.02% 97.67%       144    1       144     1 300348 char[]
  650  0.02% 97.69%       144    1       144     1 300433 char[]
  651  0.02% 97.71%       128    2       128     2 300240 java.net.URL
  652  0.02% 97.73%       128    1       128     1 300262 byte[]
  653  0.02% 97.75%       128    3       128     3 300276 char[]
  654  0.02% 97.77%       128    1       128     1 300354 byte[]
  655  0.02% 97.79%       128    1       128     1 300453 char[]
  656  0.02% 97.81%       120    3       120     3 300066 java.lang.ClassNotFoundException
  657  0.02% 97.83%       120    3       120     3 300068 java.security.PrivilegedActionException
  658  0.02% 97.85%       120    5       120     5 300201 java.util.zip.ZStreamRef
  659  0.02% 97.86%       120    5       120     5 300204 byte[]
  660  0.02% 97.88%       120    1       120     1 300355 char[]
  661  0.02% 97.90%       120    3       120     3 300442 java.util.LinkedHashMap$Entry
  662  0.02% 97.92%       120    1       120     1 300483 char[]
  663  0.02% 97.94%       120    1       120     1 300487 char[]
  664  0.02% 97.96%       112    1       112     1 300426 char[]
  665  0.02% 97.97%       112    1       112     1 300490 java.net.SocksSocketImpl
  666  0.02% 97.99%       112    2       112     2 300542 java.util.LinkedHashMap
  667  0.02% 98.01%       104    1       104     1 300458 java.lang.Thread
  668  0.01% 98.02%        96    4        96     4 300029 java.lang.String
  669  0.01% 98.04%        96    4        96     4 300089 java.lang.StringBuilder
  670  0.01% 98.05%        96    4        96     4 300091 java.lang.String
  671  0.01% 98.07%        96    4        96     4 300098 java.lang.Class$1
  672  0.01% 98.08%        96    4        96     4 300099 sun.reflect.NativeConstructorAccessorImpl
  673  0.01% 98.10%        96    3        96     3 300230 java.io.File
  674  0.01% 98.11%        96    2        96     2 300244 char[]
  675  0.01% 98.13%        96    2        96     2 300253 char[]
  676  0.01% 98.14%        96    1        96     1 300330 char[]
  677  0.01% 98.16%        96    1        96     1 300332 char[]
  678  0.01% 98.17%        96    3        96     3 300362 java.security.CodeSource
  679  0.01% 98.19%        96    2        96     2 300374 java.util.HashMap
  680  0.01% 98.20%        96    3        96     3 300389 java.io.File
  681  0.01% 98.22%        96    2        96     2 300405 java.util.HashMap
  682  0.01% 98.23%        96    1        96     1 300449 char[]
  683  0.01% 98.25%        96    1        96     1 300451 char[]
  684  0.01% 98.26%        96    2        96     2 300469 char[]
  685  0.01% 98.28%        96    2        96     2 300532 java.nio.HeapCharBuffer
  686  0.01% 98.29%        88    1        88     1 300302 java.util.jar.JarVerifier
  687  0.01% 98.30%        80    1        80     1 300260 byte[]
  688  0.01% 98.31%        80    1        80     1 300298 java.util.HashMap$Entry[]
  689  0.01% 98.33%        80    1        80     1 300335 java.util.HashMap$Entry[]
  690  0.01% 98.34%        80    1        80     1 300337 char[]
  691  0.01% 98.35%        80    1        80     1 300339 char[]
  692  0.01% 98.36%        80    1        80     1 300352 byte[]
  693  0.01% 98.38%        80    2        80     2 300407 java.security.ProtectionDomain
  694  0.01% 98.39%        80    1        80     1 300410 java.util.HashMap$Entry[]
  695  0.01% 98.40%        80    1        80     1 300415 java.util.HashMap$Entry[]
  696  0.01% 98.41%        80    1        80     1 300473 java.lang.ThreadLocal$ThreadLocalMap$Entry[]
  697  0.01% 98.43%        80    2        80     2 300545 java.util.LinkedHashMap$Entry
  698  0.01% 98.44%        72    3        72     3 300027 java.net.URLClassLoader$1
  699  0.01% 98.45%        72    3        72     3 300069 java.net.URLClassLoader$1
  700  0.01% 98.46%        72    3        72     3 300211 java.lang.StringBuffer
  701  0.01% 98.47%        72    3        72     3 300213 java.lang.String
  702  0.01% 98.48%        72    3        72     3 300215 java.lang.String
  703  0.01% 98.49%        72    3        72     3 300223 java.lang.String
  704  0.01% 98.51%        72    3        72     3 300227 java.lang.String
  705  0.01% 98.52%        72    3        72     3 300231 java.lang.StringBuilder
  706  0.01% 98.53%        72    3        72     3 300234 java.lang.String
  707  0.01% 98.54%        72    3        72     3 300275 java.lang.String
  708  0.01% 98.55%        72    3        72     3 300277 java.lang.String
  709  0.01% 98.56%        72    3        72     3 300297 java.util.jar.Attributes$Name
  710  0.01% 98.57%        72    1        72     1 300357 byte[]
  711  0.01% 98.58%        72    1        72     1 300455 byte[]
  712  0.01% 98.59%        72    1        72     1 300523 java.lang.reflect.Field
SITES END
